[0;32m🚀 Starting build and install process...[0m

[1;33m📱 Checking simulator status...[0m
[0;32m✅ Found simulator: iPhone 17 Pro (39C8A1E5-50DD-4918-966E-121FFA1A40D1)[0m
[0;32m✅ Simulator is already booted[0m

[1;33m🔍 Checking for existing app installation...[0m
[0;32m✅ Found existing app with bundle ID: io.element.elementx[0m

[1;33m📦 Building the app...[0m
Command line invocation:
    /Applications/Xcode.app/Contents/Developer/usr/bin/xcodebuild -project Lingugram.xcodeproj -scheme Lingugram -destination "platform=iOS Simulator,id=39C8A1E5-50DD-4918-966E-121FFA1A40D1" -derivedDataPath ./build CODE_SIGN_IDENTITY= CODE_SIGNING_REQUIRED=NO CODE_SIGNING_ALLOWED=NO build

Build settings from command line:
    CODE_SIGN_IDENTITY = 
    CODE_SIGNING_ALLOWED = NO
    CODE_SIGNING_REQUIRED = NO

Resolve Package Graph


Resolved source packages:
  MatrixRustSDK: https://github.com/element-hq/matrix-rust-components-swift @ 25.11.4
  GZIP: https://github.com/nicklockwood/GZIP @ 1.3.2
  SwiftSoup: https://github.com/scinfu/SwiftSoup.git @ 2.8.8
  PostHog: https://github.com/PostHog/posthog-ios @ 3.27.0
  swift-collections: https://github.com/apple/swift-collections @ 1.2.0
  EmbeddedElementCall: https://github.com/element-hq/element-call-swift @ 0.16.0-rc.4
  swift-algorithms: https://github.com/apple/swift-algorithms @ 1.2.1
  SwiftOGG: https://github.com/element-hq/swift-ogg @ 0.0.3
  MapLibre GL Native: https://github.com/maplibre/maplibre-gl-native-distribution @ 5.13.0
  DTFoundation: https://github.com/Cocoanetics/DTFoundation.git @ 1.7.19
  swiftui-introspect: https://github.com/siteline/SwiftUI-Introspect @ 26.0.0
  YbridOpus: https://github.com/vector-im/opus-swift @ 0.8.4
  Compound: /Users/omidchaghaneh/Projects_3/element-x-ios/compound-ios
  WysiwygComposer: https://github.com/element-hq/matrix-rich-text-editor-swift @ 2.37.12
  Kingfisher: https://github.com/onevcat/Kingfisher @ 8.3.3
  SFSafeSymbols: https://github.com/SFSafeSymbols/SFSafeSymbols @ 7.0.0
  YbridOgg: https://github.com/vector-im/ogg-swift.git @ 0.8.3
  SwiftState: https://github.com/ReactKit/SwiftState @ 6.0.1
  swift-syntax: https://github.com/swiftlang/swift-syntax @ 509.0.0
  Sentry: https://github.com/getsentry/sentry-cocoa @ 8.52.1
  swift-numerics: https://github.com/apple/swift-numerics @ 1.0.2
  Version: https://github.com/mxcl/Version @ 2.2.0
  KeychainAccess: https://github.com/kishikawakatsumi/KeychainAccess @ 4.2.2
  KZFileWatchers: https://github.com/krzysztofzablocki/KZFileWatchers @ 1.2.0
  LRUCache: https://github.com/nicklockwood/LRUCache @ 1.0.4
  xctest-dynamic-overlay: https://github.com/pointfreeco/xctest-dynamic-overlay @ 1.5.2
  Mutex: https://github.com/swhitty/swift-mutex @ 0.0.6
  DSWaveformImage: https://github.com/dmrschmidt/DSWaveformImage @ 14.1.1
  swift-snapshot-testing: https://github.com/pointfreeco/swift-snapshot-testing @ 1.18.3
  swift-async-algorithms: https://github.com/apple/swift-async-algorithms @ 1.0.4
  swift-custom-dump: https://github.com/pointfreeco/swift-custom-dump @ 1.3.3
  DTCoreText: https://github.com/Cocoanetics/DTCoreText @ 1.6.26
  AnalyticsEvents: https://github.com/matrix-org/matrix-analytics-events @ 0.29.2
  Emojibase: https://github.com/matrix-org/emojibase-bindings @ 1.4.2
  DeviceKit: https://github.com/devicekit/DeviceKit @ 5.6.0
  CompoundDesignTokens: https://github.com/element-hq/compound-design-tokens @ 6.3.0
  LoremSwiftum: https://github.com/lukaskubanek/LoremSwiftum @ 2.2.2

note: Using codesigning identity override: 
ComputePackagePrebuildTargetDependencyGraph

Prepare packages

CreateBuildRequest

SendProjectDescription

CreateBuildOperation

ComputeTargetDependencyGraph
note: Building targets in dependency order
note: Target dependency graph (86 targets)
    Target 'Lingugram' in project 'Lingugram'
        ➜ Explicit dependency on target 'NSE' in project 'Lingugram'
        ➜ Explicit dependency on target 'ShareExtension' in project 'Lingugram'
        ➜ Explicit dependency on target 'MatrixRustSDK' in project 'MatrixRustSDK'
        ➜ Explicit dependency on target 'Compound' in project 'Compound'
        ➜ Explicit dependency on target 'Algorithms' in project 'swift-algorithms'
        ➜ Explicit dependency on target 'AnalyticsEvents' in project 'AnalyticsEvents'
        ➜ Explicit dependency on target 'Collections' in project 'swift-collections'
        ➜ Explicit dependency on target 'DeviceKit' in project 'DeviceKit'
        ➜ Explicit dependency on target 'EmbeddedElementCall' in project 'EmbeddedElementCall'
        ➜ Explicit dependency on target 'KeychainAccess' in project 'KeychainAccess'
        ➜ Explicit dependency on target 'Kingfisher' in project 'Kingfisher'
        ➜ Explicit dependency on target 'KZFileWatchers' in project 'KZFileWatchers'
        ➜ Explicit dependency on target 'LoremSwiftum' in project 'LoremSwiftum'
        ➜ Explicit dependency on target 'LRUCache' in project 'LRUCache'
        ➜ Explicit dependency on target 'Mapbox' in project 'MapLibre GL Native'
        ➜ Explicit dependency on target 'Mutex' in project 'Mutex'
        ➜ Explicit dependency on target 'PostHog' in project 'PostHog'
        ➜ Explicit dependency on target 'SwiftState' in project 'SwiftState'
        ➜ Explicit dependency on target 'GZIP' in project 'GZIP'
        ➜ Explicit dependency on target 'Sentry' in project 'Sentry'
        ➜ Explicit dependency on target 'SentrySwiftUI' in project 'Sentry'
        ➜ Explicit dependency on target 'Version' in project 'Version'
        ➜ Explicit dependency on target 'Emojibase' in project 'Emojibase'
        ➜ Explicit dependency on target 'WysiwygComposer' in project 'WysiwygComposer'
        ➜ Explicit dependency on target 'SwiftOGG' in project 'SwiftOGG'
        ➜ Explicit dependency on target 'SwiftSoup' in project 'SwiftSoup'
        ➜ Explicit dependency on target 'DSWaveformImageViews' in project 'DSWaveformImage'
    Target 'DSWaveformImageViews' in project 'DSWaveformImage'
        ➜ Explicit dependency on target 'DSWaveformImageViews' in project 'DSWaveformImage'
        ➜ Explicit dependency on target 'DSWaveformImage' in project 'DSWaveformImage'
    Target 'DSWaveformImageViews' in project 'DSWaveformImage'
        ➜ Explicit dependency on target 'DSWaveformImage' in project 'DSWaveformImage'
    Target 'DSWaveformImage' in project 'DSWaveformImage' (no dependencies)
    Target 'SwiftOGG' in project 'SwiftOGG'
        ➜ Explicit dependency on target 'SwiftOGG' in project 'SwiftOGG'
        ➜ Explicit dependency on target 'Copustools' in project 'SwiftOGG'
        ➜ Explicit dependency on target 'YbridOpus' in project 'YbridOpus'
        ➜ Explicit dependency on target 'YbridOgg' in project 'YbridOgg'
    Target 'SwiftOGG' in project 'SwiftOGG'
        ➜ Explicit dependency on target 'Copustools' in project 'SwiftOGG'
        ➜ Explicit dependency on target 'YbridOpus' in project 'YbridOpus'
        ➜ Explicit dependency on target 'YbridOgg' in project 'YbridOgg'
    Target 'YbridOgg' in project 'YbridOgg' (no dependencies)
    Target 'YbridOpus' in project 'YbridOpus' (no dependencies)
    Target 'Copustools' in project 'SwiftOGG' (no dependencies)
    Target 'WysiwygComposer' in project 'WysiwygComposer'
        ➜ Explicit dependency on target 'WysiwygComposer' in project 'WysiwygComposer'
        ➜ Explicit dependency on target 'DTCoreTextExtended' in project 'WysiwygComposer'
        ➜ Explicit dependency on target 'HTMLParser' in project 'WysiwygComposer'
        ➜ Explicit dependency on target 'DTCoreText' in project 'DTCoreText'
    Target 'WysiwygComposer' in project 'WysiwygComposer'
        ➜ Explicit dependency on target 'DTCoreTextExtended' in project 'WysiwygComposer'
        ➜ Explicit dependency on target 'HTMLParser' in project 'WysiwygComposer'
        ➜ Explicit dependency on target 'DTCoreText' in project 'DTCoreText'
    Target 'HTMLParser' in project 'WysiwygComposer'
        ➜ Explicit dependency on target 'DTCoreTextExtended' in project 'WysiwygComposer'
        ➜ Explicit dependency on target 'DTCoreText' in project 'DTCoreText'
    Target 'DTCoreTextExtended' in project 'WysiwygComposer'
        ➜ Explicit dependency on target 'DTCoreText' in project 'DTCoreText'
    Target 'DTCoreText' in project 'DTCoreText'
        ➜ Explicit dependency on target 'DTCoreText' in project 'DTCoreText'
        ➜ Explicit dependency on target 'DTCoreText_DTCoreText' in project 'DTCoreText'
        ➜ Explicit dependency on target 'DTFoundation' in project 'DTFoundation'
    Target 'DTCoreText' in project 'DTCoreText'
        ➜ Explicit dependency on target 'DTCoreText_DTCoreText' in project 'DTCoreText'
        ➜ Explicit dependency on target 'DTFoundation' in project 'DTFoundation'
    Target 'DTFoundation' in project 'DTFoundation'
        ➜ Explicit dependency on target 'DTFoundation' in project 'DTFoundation'
    Target 'DTFoundation' in project 'DTFoundation' (no dependencies)
    Target 'DTCoreText_DTCoreText' in project 'DTCoreText' (no dependencies)
    Target 'Emojibase' in project 'Emojibase'
        ➜ Explicit dependency on target 'Emojibase' in project 'Emojibase'
        ➜ Explicit dependency on target 'Emojibase_Emojibase' in project 'Emojibase'
    Target 'Emojibase' in project 'Emojibase'
        ➜ Explicit dependency on target 'Emojibase_Emojibase' in project 'Emojibase'
    Target 'Emojibase_Emojibase' in project 'Emojibase' (no dependencies)
    Target 'SentrySwiftUI' in project 'Sentry'
        ➜ Explicit dependency on target 'SentrySwiftUI' in project 'Sentry'
        ➜ Explicit dependency on target 'SentryInternal' in project 'Sentry'
    Target 'SentrySwiftUI' in project 'Sentry'
        ➜ Explicit dependency on target 'SentryInternal' in project 'Sentry'
    Target 'SentryInternal' in project 'Sentry' (no dependencies)
    Target 'Sentry' in project 'Sentry' (no dependencies)
    Target 'GZIP' in project 'GZIP'
        ➜ Explicit dependency on target 'GZIP' in project 'GZIP'
    Target 'GZIP' in project 'GZIP' (no dependencies)
    Target 'SwiftState' in project 'SwiftState'
        ➜ Explicit dependency on target 'SwiftState' in project 'SwiftState'
    Target 'SwiftState' in project 'SwiftState' (no dependencies)
    Target 'PostHog' in project 'PostHog'
        ➜ Explicit dependency on target 'PostHog' in project 'PostHog'
        ➜ Explicit dependency on target 'PostHog_PostHog' in project 'PostHog'
        ➜ Explicit dependency on target 'phlibwebp' in project 'PostHog'
    Target 'PostHog' in project 'PostHog'
        ➜ Explicit dependency on target 'PostHog_PostHog' in project 'PostHog'
        ➜ Explicit dependency on target 'phlibwebp' in project 'PostHog'
    Target 'phlibwebp' in project 'PostHog' (no dependencies)
    Target 'PostHog_PostHog' in project 'PostHog' (no dependencies)
    Target 'Mutex' in project 'Mutex'
        ➜ Explicit dependency on target 'Mutex' in project 'Mutex'
    Target 'Mutex' in project 'Mutex' (no dependencies)
    Target 'Mapbox' in project 'MapLibre GL Native' (no dependencies)
    Target 'LoremSwiftum' in project 'LoremSwiftum'
        ➜ Explicit dependency on target 'LoremSwiftum' in project 'LoremSwiftum'
    Target 'LoremSwiftum' in project 'LoremSwiftum' (no dependencies)
    Target 'KZFileWatchers' in project 'KZFileWatchers'
        ➜ Explicit dependency on target 'KZFileWatchers' in project 'KZFileWatchers'
    Target 'KZFileWatchers' in project 'KZFileWatchers' (no dependencies)
    Target 'EmbeddedElementCall' in project 'EmbeddedElementCall'
        ➜ Explicit dependency on target 'EmbeddedElementCall' in project 'EmbeddedElementCall'
        ➜ Explicit dependency on target 'EmbeddedElementCall_EmbeddedElementCall' in project 'EmbeddedElementCall'
    Target 'EmbeddedElementCall' in project 'EmbeddedElementCall'
        ➜ Explicit dependency on target 'EmbeddedElementCall_EmbeddedElementCall' in project 'EmbeddedElementCall'
    Target 'EmbeddedElementCall_EmbeddedElementCall' in project 'EmbeddedElementCall' (no dependencies)
    Target 'AnalyticsEvents' in project 'AnalyticsEvents'
        ➜ Explicit dependency on target 'AnalyticsEvents' in project 'AnalyticsEvents'
    Target 'AnalyticsEvents' in project 'AnalyticsEvents' (no dependencies)
    Target 'Algorithms' in project 'swift-algorithms'
        ➜ Explicit dependency on target 'Algorithms' in project 'swift-algorithms'
        ➜ Explicit dependency on target 'RealModule' in project 'swift-numerics'
    Target 'Algorithms' in project 'swift-algorithms'
        ➜ Explicit dependency on target 'RealModule' in project 'swift-numerics'
    Target 'RealModule' in project 'swift-numerics'
        ➜ Explicit dependency on target 'RealModule' in project 'swift-numerics'
        ➜ Explicit dependency on target '_NumericsShims' in project 'swift-numerics'
    Target 'RealModule' in project 'swift-numerics'
        ➜ Explicit dependency on target '_NumericsShims' in project 'swift-numerics'
    Target '_NumericsShims' in project 'swift-numerics' (no dependencies)
    Target 'ShareExtension' in project 'Lingugram'
        ➜ Explicit dependency on target 'MatrixRustSDK' in project 'MatrixRustSDK'
        ➜ Explicit dependency on target 'Compound' in project 'Compound'
        ➜ Explicit dependency on target 'Collections' in project 'swift-collections'
        ➜ Explicit dependency on target 'KeychainAccess' in project 'KeychainAccess'
    Target 'NSE' in project 'Lingugram'
        ➜ Explicit dependency on target 'MatrixRustSDK' in project 'MatrixRustSDK'
        ➜ Explicit dependency on target 'KeychainAccess' in project 'KeychainAccess'
        ➜ Explicit dependency on target 'Kingfisher' in project 'Kingfisher'
        ➜ Explicit dependency on target 'Collections' in project 'swift-collections'
        ➜ Explicit dependency on target 'Compound' in project 'Compound'
        ➜ Explicit dependency on target 'DeviceKit' in project 'DeviceKit'
        ➜ Explicit dependency on target 'LRUCache' in project 'LRUCache'
        ➜ Explicit dependency on target 'Version' in project 'Version'
        ➜ Explicit dependency on target 'SwiftSoup' in project 'SwiftSoup'
    Target 'SwiftSoup' in project 'SwiftSoup'
        ➜ Explicit dependency on target 'SwiftSoup' in project 'SwiftSoup'
    Target 'SwiftSoup' in project 'SwiftSoup' (no dependencies)
    Target 'Version' in project 'Version'
        ➜ Explicit dependency on target 'Version' in project 'Version'
    Target 'Version' in project 'Version' (no dependencies)
    Target 'LRUCache' in project 'LRUCache'
        ➜ Explicit dependency on target 'LRUCache' in project 'LRUCache'
    Target 'LRUCache' in project 'LRUCache' (no dependencies)
    Target 'DeviceKit' in project 'DeviceKit'
        ➜ Explicit dependency on target 'DeviceKit' in project 'DeviceKit'
        ➜ Explicit dependency on target 'DeviceKit_DeviceKit' in project 'DeviceKit'
    Target 'DeviceKit' in project 'DeviceKit'
        ➜ Explicit dependency on target 'DeviceKit_DeviceKit' in project 'DeviceKit'
    Target 'DeviceKit_DeviceKit' in project 'DeviceKit' (no dependencies)
    Target 'Compound' in project 'Compound'
        ➜ Explicit dependency on target 'Compound' in project 'Compound'
        ➜ Explicit dependency on target 'CompoundDesignTokens' in project 'CompoundDesignTokens'
        ➜ Explicit dependency on target 'SwiftUIIntrospect' in project 'swiftui-introspect'
        ➜ Explicit dependency on target 'SFSafeSymbols' in project 'SFSafeSymbols'
    Target 'Compound' in project 'Compound'
        ➜ Explicit dependency on target 'CompoundDesignTokens' in project 'CompoundDesignTokens'
        ➜ Explicit dependency on target 'SwiftUIIntrospect' in project 'swiftui-introspect'
        ➜ Explicit dependency on target 'SFSafeSymbols' in project 'SFSafeSymbols'
    Target 'SFSafeSymbols' in project 'SFSafeSymbols'
        ➜ Explicit dependency on target 'SFSafeSymbols' in project 'SFSafeSymbols'
    Target 'SFSafeSymbols' in project 'SFSafeSymbols' (no dependencies)
    Target 'SwiftUIIntrospect' in project 'swiftui-introspect'
        ➜ Explicit dependency on target 'SwiftUIIntrospect' in project 'swiftui-introspect'
    Target 'SwiftUIIntrospect' in project 'swiftui-introspect' (no dependencies)
    Target 'CompoundDesignTokens' in project 'CompoundDesignTokens'
        ➜ Explicit dependency on target 'CompoundDesignTokens' in project 'CompoundDesignTokens'
        ➜ Explicit dependency on target 'CompoundDesignTokens_CompoundDesignTokens' in project 'CompoundDesignTokens'
    Target 'CompoundDesignTokens' in project 'CompoundDesignTokens'
        ➜ Explicit dependency on target 'CompoundDesignTokens_CompoundDesignTokens' in project 'CompoundDesignTokens'
    Target 'CompoundDesignTokens_CompoundDesignTokens' in project 'CompoundDesignTokens' (no dependencies)
    Target 'Collections' in project 'swift-collections'
        ➜ Explicit dependency on target 'Collections' in project 'swift-collections'
        ➜ Explicit dependency on target 'InternalCollectionsUtilities' in project 'swift-collections'
        ➜ Explicit dependency on target 'BitCollections' in project 'swift-collections'
        ➜ Explicit dependency on target 'DequeModule' in project 'swift-collections'
        ➜ Explicit dependency on target 'HashTreeCollections' in project 'swift-collections'
        ➜ Explicit dependency on target 'HeapModule' in project 'swift-collections'
        ➜ Explicit dependency on target 'OrderedCollections' in project 'swift-collections'
        ➜ Explicit dependency on target '_RopeModule' in project 'swift-collections'
    Target 'Collections' in project 'swift-collections'
        ➜ Explicit dependency on target 'InternalCollectionsUtilities' in project 'swift-collections'
        ➜ Explicit dependency on target 'BitCollections' in project 'swift-collections'
        ➜ Explicit dependency on target 'DequeModule' in project 'swift-collections'
        ➜ Explicit dependency on target 'HashTreeCollections' in project 'swift-collections'
        ➜ Explicit dependency on target 'HeapModule' in project 'swift-collections'
        ➜ Explicit dependency on target 'OrderedCollections' in project 'swift-collections'
        ➜ Explicit dependency on target '_RopeModule' in project 'swift-collections'
    Target '_RopeModule' in project 'swift-collections'
        ➜ Explicit dependency on target 'InternalCollectionsUtilities' in project 'swift-collections'
    Target 'OrderedCollections' in project 'swift-collections'
        ➜ Explicit dependency on target 'InternalCollectionsUtilities' in project 'swift-collections'
    Target 'HeapModule' in project 'swift-collections'
        ➜ Explicit dependency on target 'InternalCollectionsUtilities' in project 'swift-collections'
    Target 'HashTreeCollections' in project 'swift-collections'
        ➜ Explicit dependency on target 'InternalCollectionsUtilities' in project 'swift-collections'
    Target 'DequeModule' in project 'swift-collections'
        ➜ Explicit dependency on target 'InternalCollectionsUtilities' in project 'swift-collections'
    Target 'BitCollections' in project 'swift-collections'
        ➜ Explicit dependency on target 'InternalCollectionsUtilities' in project 'swift-collections'
    Target 'InternalCollectionsUtilities' in project 'swift-collections' (no dependencies)
    Target 'Kingfisher' in project 'Kingfisher'
        ➜ Explicit dependency on target 'Kingfisher' in project 'Kingfisher'
        ➜ Explicit dependency on target 'Kingfisher_Kingfisher' in project 'Kingfisher'
    Target 'Kingfisher' in project 'Kingfisher'
        ➜ Explicit dependency on target 'Kingfisher_Kingfisher' in project 'Kingfisher'
    Target 'Kingfisher_Kingfisher' in project 'Kingfisher' (no dependencies)
    Target 'KeychainAccess' in project 'KeychainAccess'
        ➜ Explicit dependency on target 'KeychainAccess' in project 'KeychainAccess'
    Target 'KeychainAccess' in project 'KeychainAccess' (no dependencies)
    Target 'MatrixRustSDK' in project 'MatrixRustSDK'
        ➜ Explicit dependency on target 'MatrixRustSDK' in project 'MatrixRustSDK'
    Target 'MatrixRustSDK' in project 'MatrixRustSDK' (no dependencies)

GatherProvisioningInputs

CreateBuildDescription

ClangStatCache /Applications/Xcode.app/Contents/Developer/Toolchains/XcodeDefault.xctoolchain/usr/bin/clang-stat-cache /Applications/Xcode.app/Contents/Developer/Platforms/iPhoneSimulator.platform/Developer/SDKs/iPhoneSimulator26.0.sdk /Users/omidchaghaneh/Projects_3/element-x-ios/build/SDKStatCaches.noindex/iphonesimulator26.0-23A339-3885c01c3e6b6a337905948deab2002e26257891a6c027eb51374368541b8346.sdkstatcache
    cd /Users/omidchaghaneh/Projects_3/element-x-ios/Lingugram.xcodeproj
    /Applications/Xcode.app/Contents/Developer/Toolchains/XcodeDefault.xctoolchain/usr/bin/clang-stat-cache /Applications/Xcode.app/Contents/Developer/Platforms/iPhoneSimulator.platform/Developer/SDKs/iPhoneSimulator26.0.sdk -o /Users/omidchaghaneh/Projects_3/element-x-ios/build/SDKStatCaches.noindex/iphonesimulator26.0-23A339-3885c01c3e6b6a337905948deab2002e26257891a6c027eb51374368541b8346.sdkstatcache

SwiftDriver ShareExtension normal arm64 com.apple.xcode.tools.swift.compiler (in target 'ShareExtension' from project 'Lingugram')
    cd /Users/omidchaghaneh/Projects_3/element-x-ios
    builtin-SwiftDriver -- /Applications/Xcode.app/Contents/Developer/Toolchains/XcodeDefault.xctoolchain/usr/bin/swiftc -module-name ShareExtension -Onone -enforce-exclusivity\=checked @/Users/omidchaghaneh/Projects_3/element-x-ios/build/Build/Intermediates.noindex/Lingugram.build/Debug-iphonesimulator/ShareExtension.build/Objects-normal/arm64/ShareExtension.SwiftFileList -DDEBUG -enable-bare-slash-regex -enable-experimental-feature DebugDescriptionMacro -sdk /Applications/Xcode.app/Contents/Developer/Platforms/iPhoneSimulator.platform/Developer/SDKs/iPhoneSimulator26.0.sdk -target arm64-apple-ios17.5-simulator -g -module-cache-path /Users/omidchaghaneh/Projects_3/element-x-ios/build/ModuleCache.noindex -Xfrontend -serialize-debugging-options -application-extension -profile-coverage-mapping -profile-generate -enable-testing -index-store-path /Users/omidchaghaneh/Projects_3/element-x-ios/build/Index.noindex/DataStore -Xcc -D_LIBCPP_HARDENING_MODE\=_LIBCPP_HARDENING_MODE_DEBUG -swift-version 5 -I /Users/omidchaghaneh/Projects_3/element-x-ios/build/Build/Products/Debug-iphonesimulator -F /Users/omidchaghaneh/Projects_3/element-x-ios/build/Build/Products/Debug-iphonesimulator/PackageFrameworks -F /Users/omidchaghaneh/Projects_3/element-x-ios/build/Build/Products/Debug-iphonesimulator/PackageFrameworks -F /Users/omidchaghaneh/Projects_3/element-x-ios/build/Build/Products/Debug-iphonesimulator/PackageFrameworks -F /Users/omidchaghaneh/Projects_3/element-x-ios/build/Build/Products/Debug-iphonesimulator/PackageFrameworks -F /Users/omidchaghaneh/Projects_3/element-x-ios/build/Build/Products/Debug-iphonesimulator/PackageFrameworks -F /Users/omidchaghaneh/Projects_3/element-x-ios/build/Build/Products/Debug-iphonesimulator/PackageFrameworks -F /Users/omidchaghaneh/Projects_3/element-x-ios/build/Build/Products/Debug-iphonesimulator/PackageFrameworks -F /Users/omidchaghaneh/Projects_3/element-x-ios/build/Build/Products/Debug-iphonesimulator/PackageFrameworks -F /Users/omidchaghaneh/Projects_3/element-x-ios/build/Build/Products/Debug-iphonesimulator/PackageFrameworks -F /Users/omidchaghaneh/Projects_3/element-x-ios/build/Build/Products/Debug-iphonesimulator/PackageFrameworks -F /Users/omidchaghaneh/Projects_3/element-x-ios/build/Build/Products/Debug-iphonesimulator/PackageFrameworks -F /Users/omidchaghaneh/Projects_3/element-x-ios/build/Build/Products/Debug-iphonesimulator/PackageFrameworks -F /Users/omidchaghaneh/Projects_3/element-x-ios/build/Build/Products/Debug-iphonesimulator/PackageFrameworks -F /Users/omidchaghaneh/Projects_3/element-x-ios/build/Build/Products/Debug-iphonesimulator/PackageFrameworks -F /Users/omidchaghaneh/Projects_3/element-x-ios/build/Build/Products/Debug-iphonesimulator -c -j10 -enable-batch-mode -incremental -Xcc -ivfsstatcache -Xcc /Users/omidchaghaneh/Projects_3/element-x-ios/build/SDKStatCaches.noindex/iphonesimulator26.0-23A339-3885c01c3e6b6a337905948deab2002e26257891a6c027eb51374368541b8346.sdkstatcache -output-file-map /Users/omidchaghaneh/Projects_3/element-x-ios/build/Build/Intermediates.noindex/Lingugram.build/Debug-iphonesimulator/ShareExtension.build/Objects-normal/arm64/ShareExtension-OutputFileMap.json -use-frontend-parseable-output -save-temps -no-color-diagnostics -explicit-module-build -module-cache-path /Users/omidchaghaneh/Projects_3/element-x-ios/build/Build/Intermediates.noindex/SwiftExplicitPrecompiledModules -clang-scanner-module-cache-path /Users/omidchaghaneh/Projects_3/element-x-ios/build/ModuleCache.noindex -sdk-module-cache-path /Users/omidchaghaneh/Projects_3/element-x-ios/build/ModuleCache.noindex -serialize-diagnostics -emit-dependencies -emit-module -emit-module-path /Users/omidchaghaneh/Projects_3/element-x-ios/build/Build/Intermediates.noindex/Lingugram.build/Debug-iphonesimulator/ShareExtension.build/Objects-normal/arm64/ShareExtension.swiftmodule -validate-clang-modules-once -clang-build-session-file /Users/omidchaghaneh/Projects_3/element-x-ios/build/ModuleCache.noindex/Session.modulevalidation -Xcc -I/Users/omidchaghaneh/Projects_3/element-x-ios/build/Build/Intermediates.noindex/Lingugram.build/Debug-iphonesimulator/ShareExtension.build/swift-overrides.hmap -emit-const-values -Xfrontend -const-gather-protocols-file -Xfrontend /Users/omidchaghaneh/Projects_3/element-x-ios/build/Build/Intermediates.noindex/Lingugram.build/Debug-iphonesimulator/ShareExtension.build/Objects-normal/arm64/ShareExtension_const_extract_protocols.json -Xcc -iquote -Xcc /Users/omidchaghaneh/Projects_3/element-x-ios/build/Build/Intermediates.noindex/Lingugram.build/Debug-iphonesimulator/ShareExtension.build/ShareExtension-generated-files.hmap -Xcc -I/Users/omidchaghaneh/Projects_3/element-x-ios/build/Build/Intermediates.noindex/Lingugram.build/Debug-iphonesimulator/ShareExtension.build/ShareExtension-own-target-headers.hmap -Xcc -I/Users/omidchaghaneh/Projects_3/element-x-ios/build/Build/Intermediates.noindex/Lingugram.build/Debug-iphonesimulator/ShareExtension.build/ShareExtension-all-non-framework-target-headers.hmap -Xcc -ivfsoverlay -Xcc /Users/omidchaghaneh/Projects_3/element-x-ios/build/Build/Intermediates.noindex/Lingugram.build/Debug-iphonesimulator/Lingugram-7c77e73fb99db34166dc0fb522858b59-VFS-iphonesimulator/all-product-headers.yaml -Xcc -iquote -Xcc /Users/omidchaghaneh/Projects_3/element-x-ios/build/Build/Intermediates.noindex/Lingugram.build/Debug-iphonesimulator/ShareExtension.build/ShareExtension-project-headers.hmap -Xcc -I/Users/omidchaghaneh/Projects_3/element-x-ios/build/Build/Products/Debug-iphonesimulator/include -Xcc -I/Users/omidchaghaneh/Projects_3/element-x-ios/build/Build/Intermediates.noindex/Lingugram.build/Debug-iphonesimulator/ShareExtension.build/DerivedSources-normal/arm64 -Xcc -I/Users/omidchaghaneh/Projects_3/element-x-ios/build/Build/Intermediates.noindex/Lingugram.build/Debug-iphonesimulator/ShareExtension.build/DerivedSources/arm64 -Xcc -I/Users/omidchaghaneh/Projects_3/element-x-ios/build/Build/Intermediates.noindex/Lingugram.build/Debug-iphonesimulator/ShareExtension.build/DerivedSources -Xcc -DDEBUG\=1 -emit-objc-header -emit-objc-header-path /Users/omidchaghaneh/Projects_3/element-x-ios/build/Build/Intermediates.noindex/Lingugram.build/Debug-iphonesimulator/ShareExtension.build/Objects-normal/arm64/ShareExtension-Swift.h -working-directory /Users/omidchaghaneh/Projects_3/element-x-ios -experimental-emit-module-separately -disable-cmo

PhaseScriptExecution Wait\ for\ SwiftGen\ Outputs /Users/omidchaghaneh/Projects_3/element-x-ios/build/Build/Intermediates.noindex/Lingugram.build/Debug-iphonesimulator/NSE.build/Script-D93EA61D104D6FF2BAEB65D0.sh (in target 'NSE' from project 'Lingugram')
    cd /Users/omidchaghaneh/Projects_3/element-x-ios
    export ACTION\=build
    export AD_HOC_CODE_SIGNING_ALLOWED\=YES
    export ALLOW_BUILD_REQUEST_OVERRIDES\=NO
    export ALLOW_TARGET_PLATFORM_SPECIALIZATION\=NO
    export ALTERNATE_GROUP\=staff
    export ALTERNATE_MODE\=u+w,go-w,a+rX
    export ALTERNATE_OWNER\=omidchaghaneh
    export ALTERNATIVE_DISTRIBUTION_WEB\=NO
    export ALWAYS_EMBED_SWIFT_STANDARD_LIBRARIES\=NO
    export ALWAYS_SEARCH_USER_PATHS\=NO
    export ALWAYS_USE_SEPARATE_HEADERMAPS\=NO
    export APPLICATION_EXTENSION_API_ONLY\=YES
    export APPLY_RULES_IN_COPY_FILES\=NO
    export APPLY_RULES_IN_COPY_HEADERS\=NO
    export APP_DISPLAY_NAME\=Lingugram
    export APP_GROUP_IDENTIFIER\=group.io.element
    export APP_NAME\=Lingugram
    export APP_SHORTCUTS_ENABLE_FLEXIBLE_MATCHING\=YES
    export ARCHS\=arm64
    export ARCHS_STANDARD\=arm64\ x86_64
    export ARCHS_STANDARD_32_64_BIT\=arm64\ x86_64
    export ARCHS_STANDARD_64_BIT\=arm64\ x86_64
    export ARCHS_STANDARD_INCLUDING_64_BIT\=arm64\ x86_64
    export ARCHS_UNIVERSAL_IPHONE_OS\=arm64\ x86_64
    export ASSETCATALOG_COMPILER_GLOBAL_ACCENT_COLOR_NAME\=colors/accent-color
    export ASSETCATALOG_COMPILER_STANDALONE_ICON_BEHAVIOR\=all
    export ASSETCATALOG_FILTER_FOR_DEVICE_MODEL\=iPhone18,1
    export ASSETCATALOG_FILTER_FOR_DEVICE_OS_VERSION\=26.0.1
    export ASSETCATALOG_FILTER_FOR_THINNING_DEVICE_CONFIGURATION\=iPhone18,1
    export AUTOMATICALLY_MERGE_DEPENDENCIES\=NO
    export AUTOMATION_APPLE_EVENTS\=NO
    export AVAILABLE_PLATFORMS\=android\ appletvos\ appletvsimulator\ driverkit\ iphoneos\ iphonesimulator\ macosx\ qnx\ watchos\ watchsimulator\ webassembly\ xros\ xrsimulator
    export BASE_BUNDLE_IDENTIFIER\=io.element.elementx
    export BUILD_ACTIVE_RESOURCES_ONLY\=YES
    export BUILD_COMPONENTS\=headers\ build
    export BUILD_DIR\=/Users/omidchaghaneh/Projects_3/element-x-ios/build/Build/Products
    export BUILD_LIBRARY_FOR_DISTRIBUTION\=NO
    export BUILD_ROOT\=/Users/omidchaghaneh/Projects_3/element-x-ios/build/Build/Products
    export BUILD_STYLE\=
    export BUILD_VARIANTS\=normal
    export BUILT_PRODUCTS_DIR\=/Users/omidchaghaneh/Projects_3/element-x-ios/build/Build/Products/Debug-iphonesimulator
    export BUNDLE_CONTENTS_FOLDER_PATH_deep\=Contents/
    export BUNDLE_EXECUTABLE_FOLDER_NAME_deep\=MacOS
    export BUNDLE_EXTENSIONS_FOLDER_PATH\=Extensions
    export BUNDLE_FORMAT\=shallow
    export BUNDLE_FRAMEWORKS_FOLDER_PATH\=Frameworks
    export BUNDLE_PLUGINS_FOLDER_PATH\=PlugIns
    export BUNDLE_PRIVATE_HEADERS_FOLDER_PATH\=PrivateHeaders
    export BUNDLE_PUBLIC_HEADERS_FOLDER_PATH\=Headers
    export CACHE_ROOT\=/var/folders/ww/90lm2s3s09n2l75wqwqbgf_c0000gn/C/com.apple.DeveloperTools/26.0.1-17A400/Xcode
    export CCHROOT\=/var/folders/ww/90lm2s3s09n2l75wqwqbgf_c0000gn/C/com.apple.DeveloperTools/26.0.1-17A400/Xcode
    export CHMOD\=/bin/chmod
    export CHOWN\=/usr/sbin/chown
    export CLANG_ANALYZER_LOCALIZABILITY_NONLOCALIZED\=YES
    export CLANG_ANALYZER_NONNULL\=YES
    export CLANG_ANALYZER_NUMBER_OBJECT_CONVERSION\=YES_AGGRESSIVE
    export CLANG_CACHE_FINE_GRAINED_OUTPUTS\=YES
    export CLANG_COVERAGE_MAPPING\=YES
    export CLANG_CXX_LANGUAGE_STANDARD\=gnu++14
    export CLANG_CXX_LIBRARY\=libc++
    export CLANG_ENABLE_EXPLICIT_MODULES\=YES
    export CLANG_ENABLE_MODULES\=YES
    export CLANG_ENABLE_OBJC_ARC\=YES
    export CLANG_ENABLE_OBJC_WEAK\=YES
    export CLANG_MODULES_BUILD_SESSION_FILE\=/Users/omidchaghaneh/Projects_3/element-x-ios/build/ModuleCache.noindex/Session.modulevalidation
    export CLANG_PROFILE_DATA_DIRECTORY\=/Users/omidchaghaneh/Projects_3/element-x-ios/build/Build/ProfileData
    export CLANG_WARN_BLOCK_CAPTURE_AUTORELEASING\=YES
    export CLANG_WARN_BOOL_CONVERSION\=YES
    export CLANG_WARN_COMMA\=YES
    export CLANG_WARN_CONSTANT_CONVERSION\=YES
    export CLANG_WARN_DEPRECATED_OBJC_IMPLEMENTATIONS\=YES
    export CLANG_WARN_DIRECT_OBJC_ISA_USAGE\=YES_ERROR
    export CLANG_WARN_DOCUMENTATION_COMMENTS\=YES
    export CLANG_WARN_EMPTY_BODY\=YES
    export CLANG_WARN_ENUM_CONVERSION\=YES
    export CLANG_WARN_INFINITE_RECURSION\=YES
    export CLANG_WARN_INT_CONVERSION\=YES
    export CLANG_WARN_NON_LITERAL_NULL_CONVERSION\=YES
    export CLANG_WARN_OBJC_IMPLICIT_RETAIN_SELF\=YES
    export CLANG_WARN_OBJC_LITERAL_CONVERSION\=YES
    export CLANG_WARN_OBJC_ROOT_CLASS\=YES_ERROR
    export CLANG_WARN_QUOTED_INCLUDE_IN_FRAMEWORK_HEADER\=YES
    export CLANG_WARN_RANGE_LOOP_ANALYSIS\=YES
    export CLANG_WARN_STRICT_PROTOTYPES\=YES
    export CLANG_WARN_SUSPICIOUS_MOVE\=YES
    export CLANG_WARN_UNGUARDED_AVAILABILITY\=YES_AGGRESSIVE
    export CLANG_WARN_UNREACHABLE_CODE\=YES
    export CLANG_WARN__DUPLICATE_METHOD_MATCH\=YES
    export CLASS_FILE_DIR\=/Users/omidchaghaneh/Projects_3/element-x-ios/build/Build/Intermediates.noindex/Lingugram.build/Debug-iphonesimulator/NSE.build/JavaClasses
    export CLEAN_PRECOMPS\=YES
    export CLONE_HEADERS\=NO
    export CODESIGNING_FOLDER_PATH\=/Users/omidchaghaneh/Projects_3/element-x-ios/build/Build/Products/Debug-iphonesimulator/NSE.appex
    export CODE_SIGNING_ALLOWED\=NO
    export CODE_SIGNING_REQUIRED\=NO
    export CODE_SIGN_CONTEXT_CLASS\=XCiPhoneSimulatorCodeSignContext
    export CODE_SIGN_ENTITLEMENTS\=NSE/SupportingFiles/NSE.entitlements
    export CODE_SIGN_INJECT_BASE_ENTITLEMENTS\=YES
    export COLOR_DIAGNOSTICS\=NO
    export COMBINE_HIDPI_IMAGES\=NO
    export COMPILATION_CACHE_CAS_PATH\=/Users/omidchaghaneh/Projects_3/element-x-ios/build/CompilationCache.noindex
    export COMPILATION_CACHE_KEEP_CAS_DIRECTORY\=YES
    export COMPILER_INDEX_STORE_ENABLE\=Default
    export COMPOSITE_SDK_DIRS\=/Users/omidchaghaneh/Projects_3/element-x-ios/build/Build/Intermediates.noindex/CompositeSDKs
    export COMPRESS_PNG_FILES\=YES
    export CONFIGURATION\=Debug
    export CONFIGURATION_BUILD_DIR\=/Users/omidchaghaneh/Projects_3/element-x-ios/build/Build/Products/Debug-iphonesimulator
    export CONFIGURATION_TEMP_DIR\=/Users/omidchaghaneh/Projects_3/element-x-ios/build/Build/Intermediates.noindex/Lingugram.build/Debug-iphonesimulator
    export CONTENTS_FOLDER_PATH\=NSE.appex
    export CONTENTS_FOLDER_PATH_SHALLOW_BUNDLE_NO\=NSE.appex/Contents
    export CONTENTS_FOLDER_PATH_SHALLOW_BUNDLE_YES\=NSE.appex
    export COPYING_PRESERVES_HFS_DATA\=NO
    export COPY_HEADERS_RUN_UNIFDEF\=NO
    export COPY_PHASE_STRIP\=NO
    export CORRESPONDING_DEVICE_PLATFORM_DIR\=/Applications/Xcode.app/Contents/Developer/Platforms/iPhoneOS.platform
    export CORRESPONDING_DEVICE_PLATFORM_NAME\=iphoneos
    export CORRESPONDING_DEVICE_SDK_DIR\=/Applications/Xcode.app/Contents/Developer/Platforms/iPhoneOS.platform/Developer/SDKs/iPhoneOS26.0.sdk
    export CORRESPONDING_DEVICE_SDK_NAME\=iphoneos26.0
    export CP\=/bin/cp
    export CREATE_INFOPLIST_SECTION_IN_BINARY\=NO
    export CURRENT_ARCH\=undefined_arch
    export CURRENT_PROJECT_VERSION\=1
    export CURRENT_VARIANT\=normal
    export DEAD_CODE_STRIPPING\=YES
    export DEBUGGING_SYMBOLS\=YES
    export DEBUG_INFORMATION_FORMAT\=dwarf
    export DEBUG_INFORMATION_VERSION\=compiler-default
    export DEFAULT_COMPILER\=com.apple.compilers.llvm.clang.1_0
    export DEFAULT_DEXT_INSTALL_PATH\=/System/Library/DriverExtensions
    export DEFAULT_KEXT_INSTALL_PATH\=/System/Library/Extensions
    export DEFINES_MODULE\=NO
    export DEPLOYMENT_LOCATION\=NO
    export DEPLOYMENT_POSTPROCESSING\=NO
    export DEPLOYMENT_TARGET_SETTING_NAME\=IPHONEOS_DEPLOYMENT_TARGET
    export DEPLOYMENT_TARGET_SUGGESTED_VALUES\=12.0\ 12.1\ 12.2\ 12.3\ 12.4\ 13.0\ 13.1\ 13.2\ 13.3\ 13.4\ 13.5\ 13.6\ 14.0\ 14.1\ 14.2\ 14.3\ 14.4\ 14.5\ 14.6\ 14.7\ 15.0\ 15.1\ 15.2\ 15.3\ 15.4\ 15.5\ 15.6\ 16.0\ 16.1\ 16.2\ 16.3\ 16.4\ 16.5\ 16.6\ 17.0\ 17.1\ 17.2\ 17.3\ 17.4\ 17.5\ 17.6\ 18.0\ 18.1\ 18.2\ 18.3\ 18.4\ 18.5\ 18.6\ 26.0
    export DERIVED_FILES_DIR\=/Users/omidchaghaneh/Projects_3/element-x-ios/build/Build/Intermediates.noindex/Lingugram.build/Debug-iphonesimulator/NSE.build/DerivedSources
    export DERIVED_FILE_DIR\=/Users/omidchaghaneh/Projects_3/element-x-ios/build/Build/Intermediates.noindex/Lingugram.build/Debug-iphonesimulator/NSE.build/DerivedSources
    export DERIVED_SOURCES_DIR\=/Users/omidchaghaneh/Projects_3/element-x-ios/build/Build/Intermediates.noindex/Lingugram.build/Debug-iphonesimulator/NSE.build/DerivedSources
    export DEVELOPER_APPLICATIONS_DIR\=/Applications/Xcode.app/Contents/Developer/Applications
    export DEVELOPER_BIN_DIR\=/Applications/Xcode.app/Contents/Developer/usr/bin
    export DEVELOPER_DIR\=/Applications/Xcode.app/Contents/Developer
    export DEVELOPER_FRAMEWORKS_DIR\=/Applications/Xcode.app/Contents/Developer/Library/Frameworks
    export DEVELOPER_FRAMEWORKS_DIR_QUOTED\=/Applications/Xcode.app/Contents/Developer/Library/Frameworks
    export DEVELOPER_LIBRARY_DIR\=/Applications/Xcode.app/Contents/Developer/Library
    export DEVELOPER_SDK_DIR\=/Applications/Xcode.app/Contents/Developer/Platforms/MacOSX.platform/Developer/SDKs
    export DEVELOPER_TOOLS_DIR\=/Applications/Xcode.app/Contents/Developer/Tools
    export DEVELOPER_USR_DIR\=/Applications/Xcode.app/Contents/Developer/usr
    export DEVELOPMENT_LANGUAGE\=en
    export DEVELOPMENT_TEAM\=7J4U792NQT
    export DIAGNOSE_MISSING_TARGET_DEPENDENCIES\=YES
    export DIFF\=/usr/bin/diff
    export DOCUMENTATION_FOLDER_PATH\=NSE.appex/en.lproj/Documentation
    export DONT_GENERATE_INFOPLIST_FILE\=NO
    export DSTROOT\=/tmp/Lingugram.dst
    export DT_TOOLCHAIN_DIR\=/Applications/Xcode.app/Contents/Developer/Toolchains/XcodeDefault.xctoolchain
    export DWARF_DSYM_FILE_NAME\=NSE.appex.dSYM
    export DWARF_DSYM_FILE_SHOULD_ACCOMPANY_PRODUCT\=NO
    export DWARF_DSYM_FOLDER_PATH\=/Users/omidchaghaneh/Projects_3/element-x-ios/build/Build/Products/Debug-iphonesimulator
    export DYNAMIC_LIBRARY_EXTENSION\=dylib
    export EAGER_COMPILATION_ALLOW_SCRIPTS\=NO
    export EAGER_LINKING\=NO
    export EFFECTIVE_PLATFORM_NAME\=-iphonesimulator
    export EMBEDDED_CONTENT_CONTAINS_SWIFT\=NO
    export EMBED_ASSET_PACKS_IN_PRODUCT_BUNDLE\=NO
    export EMBED_PACKAGE_RESOURCE_BUNDLE_NAMES\=\ DeviceKit_DeviceKit\ CompoundDesignTokens_CompoundDesignTokens\ Kingfisher_Kingfisher
    export ENABLE_APP_SANDBOX\=NO
    export ENABLE_BITCODE\=NO
    export ENABLE_CODE_COVERAGE\=YES
    export ENABLE_CPLUSPLUS_BOUNDS_SAFE_BUFFERS\=NO
    export ENABLE_C_BOUNDS_SAFETY\=NO
    export ENABLE_DEBUG_DYLIB\=YES
    export ENABLE_DEFAULT_HEADER_SEARCH_PATHS\=YES
    export ENABLE_DEFAULT_SEARCH_PATHS\=YES
    export ENABLE_ENHANCED_SECURITY\=NO
    export ENABLE_HARDENED_RUNTIME\=NO
    export ENABLE_HEADER_DEPENDENCIES\=YES
    export ENABLE_INCOMING_NETWORK_CONNECTIONS\=NO
    export ENABLE_ON_DEMAND_RESOURCES\=NO
    export ENABLE_OUTGOING_NETWORK_CONNECTIONS\=NO
    export ENABLE_POINTER_AUTHENTICATION\=NO
    export ENABLE_PREVIEWS\=NO
    export ENABLE_RESOURCE_ACCESS_AUDIO_INPUT\=NO
    export ENABLE_RESOURCE_ACCESS_BLUETOOTH\=NO
    export ENABLE_RESOURCE_ACCESS_CALENDARS\=NO
    export ENABLE_RESOURCE_ACCESS_CAMERA\=NO
    export ENABLE_RESOURCE_ACCESS_CONTACTS\=NO
    export ENABLE_RESOURCE_ACCESS_LOCATION\=NO
    export ENABLE_RESOURCE_ACCESS_PHOTO_LIBRARY\=NO
    export ENABLE_RESOURCE_ACCESS_PRINTING\=NO
    export ENABLE_RESOURCE_ACCESS_USB\=NO
    export ENABLE_SDK_IMPORTS\=NO
    export ENABLE_SECURITY_COMPILER_WARNINGS\=NO
    export ENABLE_STRICT_OBJC_MSGSEND\=YES
    export ENABLE_TESTABILITY\=YES
    export ENABLE_TESTING_SEARCH_PATHS\=NO
    export ENABLE_USER_SCRIPT_SANDBOXING\=NO
    export ENABLE_XOJIT_PREVIEWS\=YES
    export ENFORCE_VALID_ARCHS\=YES
    export ENTITLEMENTS_DESTINATION\=__entitlements
    export ENTITLEMENTS_REQUIRED\=NO
    export EXCLUDED_INSTALLSRC_SUBDIRECTORY_PATTERNS\=.DS_Store\ .svn\ .git\ .hg\ CVS
    export EXCLUDED_RECURSIVE_SEARCH_PATH_SUBDIRECTORIES\=\*.nib\ \*.lproj\ \*.framework\ \*.gch\ \*.xcode\*\ \*.xcassets\ \*.icon\ \(\*\)\ .DS_Store\ CVS\ .svn\ .git\ .hg\ \*.pbproj\ \*.pbxproj
    export EXECUTABLES_FOLDER_PATH\=NSE.appex/Executables
    export EXECUTABLE_BLANK_INJECTION_DYLIB_PATH\=NSE.appex/__preview.dylib
    export EXECUTABLE_DEBUG_DYLIB_INSTALL_NAME\=@rpath/NSE.debug.dylib
    export EXECUTABLE_DEBUG_DYLIB_PATH\=NSE.appex/NSE.debug.dylib
    export EXECUTABLE_FOLDER_PATH\=NSE.appex
    export EXECUTABLE_FOLDER_PATH_SHALLOW_BUNDLE_NO\=NSE.appex/MacOS
    export EXECUTABLE_FOLDER_PATH_SHALLOW_BUNDLE_YES\=NSE.appex
    export EXECUTABLE_NAME\=NSE
    export EXECUTABLE_PATH\=NSE.appex/NSE
    export EXTENSIONS_FOLDER_PATH\=NSE.appex/Extensions
    export FILE_LIST\=/Users/omidchaghaneh/Projects_3/element-x-ios/build/Build/Intermediates.noindex/Lingugram.build/Debug-iphonesimulator/NSE.build/Objects/LinkFileList
    export FIXED_FILES_DIR\=/Users/omidchaghaneh/Projects_3/element-x-ios/build/Build/Intermediates.noindex/Lingugram.build/Debug-iphonesimulator/NSE.build/FixedFiles
    export FRAMEWORKS_FOLDER_PATH\=NSE.appex/Frameworks
    export FRAMEWORK_FLAG_PREFIX\=-framework
    export FRAMEWORK_SEARCH_PATHS\=/Users/omidchaghaneh/Projects_3/element-x-ios/build/Build/Products/Debug-iphonesimulator/PackageFrameworks\ /Users/omidchaghaneh/Projects_3/element-x-ios/build/Build/Products/Debug-iphonesimulator/PackageFrameworks\ /Users/omidchaghaneh/Projects_3/element-x-ios/build/Build/Products/Debug-iphonesimulator/PackageFrameworks\ /Users/omidchaghaneh/Projects_3/element-x-ios/build/Build/Products/Debug-iphonesimulator/PackageFrameworks\ /Users/omidchaghaneh/Projects_3/element-x-ios/build/Build/Products/Debug-iphonesimulator/PackageFrameworks\ /Users/omidchaghaneh/Projects_3/element-x-ios/build/Build/Products/Debug-iphonesimulator/PackageFrameworks\ /Users/omidchaghaneh/Projects_3/element-x-ios/build/Build/Products/Debug-iphonesimulator/PackageFrameworks\ /Users/omidchaghaneh/Projects_3/element-x-ios/build/Build/Products/Debug-iphonesimulator/PackageFrameworks\ /Users/omidchaghaneh/Projects_3/element-x-ios/build/Build/Products/Debug-iphonesimulator/PackageFrameworks\ /Users/omidchaghaneh/Projects_3/element-x-ios/build/Build/Products/Debug-iphonesimulator/PackageFrameworks\ /Users/omidchaghaneh/Projects_3/element-x-ios/build/Build/Products/Debug-iphonesimulator/PackageFrameworks\ /Users/omidchaghaneh/Projects_3/element-x-ios/build/Build/Products/Debug-iphonesimulator/PackageFrameworks\ /Users/omidchaghaneh/Projects_3/element-x-ios/build/Build/Products/Debug-iphonesimulator/PackageFrameworks\ /Users/omidchaghaneh/Projects_3/element-x-ios/build/Build/Products/Debug-iphonesimulator/PackageFrameworks\ /Users/omidchaghaneh/Projects_3/element-x-ios/build/Build/Products/Debug-iphonesimulator/PackageFrameworks\ /Users/omidchaghaneh/Projects_3/element-x-ios/build/Build/Products/Debug-iphonesimulator/PackageFrameworks\ /Users/omidchaghaneh/Projects_3/element-x-ios/build/Build/Products/Debug-iphonesimulator/PackageFrameworks\ /Users/omidchaghaneh/Projects_3/element-x-ios/build/Build/Products/Debug-iphonesimulator/PackageFrameworks\ /Users/omidchaghaneh/Projects_3/element-x-ios/build/Build/Products/Debug-iphonesimulator/PackageFrameworks\ /Users/omidchaghaneh/Projects_3/element-x-ios/build/Build/Products/Debug-iphonesimulator\ 
    export FRAMEWORK_VERSION\=A
    export FULL_PRODUCT_NAME\=NSE.appex
    export FUSE_BUILD_PHASES\=YES
    export FUSE_BUILD_SCRIPT_PHASES\=NO
    export GCC3_VERSION\=3.3
    export GCC_C_LANGUAGE_STANDARD\=gnu11
    export GCC_DYNAMIC_NO_PIC\=NO
    export GCC_INLINES_ARE_PRIVATE_EXTERN\=YES
    export GCC_NO_COMMON_BLOCKS\=YES
    export GCC_OBJC_LEGACY_DISPATCH\=YES
    export GCC_OPTIMIZATION_LEVEL\=0
    export GCC_PFE_FILE_C_DIALECTS\=c\ objective-c\ c++\ objective-c++
    export GCC_PREPROCESSOR_DEFINITIONS\=\ DEBUG\=1
    export GCC_TREAT_WARNINGS_AS_ERRORS\=NO
    export GCC_VERSION\=com.apple.compilers.llvm.clang.1_0
    export GCC_VERSION_IDENTIFIER\=com_apple_compilers_llvm_clang_1_0
    export GCC_WARN_64_TO_32_BIT_CONVERSION\=YES
    export GCC_WARN_ABOUT_RETURN_TYPE\=YES_ERROR
    export GCC_WARN_UNDECLARED_SELECTOR\=YES
    export GCC_WARN_UNINITIALIZED_AUTOS\=YES_AGGRESSIVE
    export GCC_WARN_UNUSED_FUNCTION\=YES
    export GCC_WARN_UNUSED_VARIABLE\=YES
    export GENERATED_MODULEMAP_DIR\=/Users/omidchaghaneh/Projects_3/element-x-ios/build/Build/Intermediates.noindex/GeneratedModuleMaps-iphonesimulator
    export GENERATE_INFOPLIST_FILE\=NO
    export GENERATE_INTERMEDIATE_TEXT_BASED_STUBS\=YES
    export GENERATE_PKGINFO_FILE\=NO
    export GENERATE_PRELINK_OBJECT_FILE\=NO
    export GENERATE_PROFILING_CODE\=NO
    export GENERATE_TEXT_BASED_STUBS\=NO
    export GID\=20
    export GROUP\=staff
    export HEADERMAP_INCLUDES_FLAT_ENTRIES_FOR_TARGET_BEING_BUILT\=YES
    export HEADERMAP_INCLUDES_FRAMEWORK_ENTRIES_FOR_ALL_PRODUCT_TYPES\=YES
    export HEADERMAP_INCLUDES_FRAMEWORK_ENTRIES_FOR_TARGETS_NOT_BEING_BUILT\=YES
    export HEADERMAP_INCLUDES_NONPUBLIC_NONPRIVATE_HEADERS\=YES
    export HEADERMAP_INCLUDES_PROJECT_HEADERS\=YES
    export HEADERMAP_USES_FRAMEWORK_PREFIX_ENTRIES\=YES
    export HEADERMAP_USES_VFS\=NO
    export HEADER_SEARCH_PATHS\=/Users/omidchaghaneh/Projects_3/element-x-ios/build/Build/Products/Debug-iphonesimulator/include\ 
    export HOME\=/Users/omidchaghaneh
    export HOST_ARCH\=arm64
    export HOST_PLATFORM\=macosx
    export ICONV\=/usr/bin/iconv
    export IMPLICIT_DEPENDENCY_DOMAIN\=default
    export INFOPLIST_ENABLE_CFBUNDLEICONS_MERGE\=YES
    export INFOPLIST_EXPAND_BUILD_SETTINGS\=YES
    export INFOPLIST_FILE\=NSE/SupportingFiles/Info.plist
    export INFOPLIST_OUTPUT_FORMAT\=binary
    export INFOPLIST_PATH\=NSE.appex/Info.plist
    export INFOPLIST_PREPROCESS\=NO
    export INFOSTRINGS_PATH\=NSE.appex/en.lproj/InfoPlist.strings
    export INLINE_PRIVATE_FRAMEWORKS\=NO
    export INSTALLAPI_IGNORE_SKIP_INSTALL\=YES
    export INSTALLHDRS_COPY_PHASE\=NO
    export INSTALLHDRS_SCRIPT_PHASE\=NO
    export INSTALL_DIR\=/tmp/Lingugram.dst
    export INSTALL_GROUP\=staff
    export INSTALL_MODE_FLAG\=u+w,go-w,a+rX
    export INSTALL_OWNER\=omidchaghaneh
    export INSTALL_ROOT\=/tmp/Lingugram.dst
    export IPHONEOS_DEPLOYMENT_TARGET\=17.5
    export IS_UNOPTIMIZED_BUILD\=YES
    export JAVAC_DEFAULT_FLAGS\=-J-Xms64m\ -J-XX:NewSize\=4M\ -J-Dfile.encoding\=UTF8
    export JAVA_APP_STUB\=/System/Library/Frameworks/JavaVM.framework/Resources/MacOS/JavaApplicationStub
    export JAVA_ARCHIVE_CLASSES\=YES
    export JAVA_ARCHIVE_TYPE\=JAR
    export JAVA_COMPILER\=/usr/bin/javac
    export JAVA_FOLDER_PATH\=NSE.appex/Java
    export JAVA_FRAMEWORK_RESOURCES_DIRS\=Resources
    export JAVA_JAR_FLAGS\=cv
    export JAVA_SOURCE_SUBDIR\=.
    export JAVA_USE_DEPENDENCIES\=YES
    export JAVA_ZIP_FLAGS\=-urg
    export JIKES_DEFAULT_FLAGS\=+E\ +OLDCSO
    export KEEP_PRIVATE_EXTERNS\=NO
    export KEYCHAIN_ACCESS_GROUP_IDENTIFIER\=7J4U792NQT.io.element.elementx
    export LD_DEPENDENCY_INFO_FILE\=/Users/omidchaghaneh/Projects_3/element-x-ios/build/Build/Intermediates.noindex/Lingugram.build/Debug-iphonesimulator/NSE.build/Objects-normal/undefined_arch/NSE_dependency_info.dat
    export LD_ENTRY_POINT\=_NSExtensionMain
    export LD_EXPORT_SYMBOLS\=YES
    export LD_GENERATE_MAP_FILE\=NO
    export LD_MAP_FILE_PATH\=/Users/omidchaghaneh/Projects_3/element-x-ios/build/Build/Intermediates.noindex/Lingugram.build/Debug-iphonesimulator/NSE.build/NSE-LinkMap-normal-undefined_arch.txt
    export LD_NO_PIE\=NO
    export LD_QUOTE_LINKER_ARGUMENTS_FOR_COMPILER_DRIVER\=YES
    export LD_RUNPATH_SEARCH_PATHS\=/Users/omidchaghaneh/Projects_3/element-x-ios/build/Build/Products/Debug-iphonesimulator/PackageFrameworks\ /Users/omidchaghaneh/Projects_3/element-x-ios/build/Build/Products/Debug-iphonesimulator/PackageFrameworks\ /Users/omidchaghaneh/Projects_3/element-x-ios/build/Build/Products/Debug-iphonesimulator/PackageFrameworks\ /Users/omidchaghaneh/Projects_3/element-x-ios/build/Build/Products/Debug-iphonesimulator/PackageFrameworks\ /Users/omidchaghaneh/Projects_3/element-x-ios/build/Build/Products/Debug-iphonesimulator/PackageFrameworks\ /Users/omidchaghaneh/Projects_3/element-x-ios/build/Build/Products/Debug-iphonesimulator/PackageFrameworks\ /Users/omidchaghaneh/Projects_3/element-x-ios/build/Build/Products/Debug-iphonesimulator/PackageFrameworks\ /Users/omidchaghaneh/Projects_3/element-x-ios/build/Build/Products/Debug-iphonesimulator/PackageFrameworks\ /Users/omidchaghaneh/Projects_3/element-x-ios/build/Build/Products/Debug-iphonesimulator/PackageFrameworks\ /Users/omidchaghaneh/Projects_3/element-x-ios/build/Build/Products/Debug-iphonesimulator/PackageFrameworks\ /Users/omidchaghaneh/Projects_3/element-x-ios/build/Build/Products/Debug-iphonesimulator/PackageFrameworks\ /Users/omidchaghaneh/Projects_3/element-x-ios/build/Build/Products/Debug-iphonesimulator/PackageFrameworks\ /Users/omidchaghaneh/Projects_3/element-x-ios/build/Build/Products/Debug-iphonesimulator/PackageFrameworks\ /Users/omidchaghaneh/Projects_3/element-x-ios/build/Build/Products/Debug-iphonesimulator/PackageFrameworks\ /Users/omidchaghaneh/Projects_3/element-x-ios/build/Build/Products/Debug-iphonesimulator/PackageFrameworks\ /Users/omidchaghaneh/Projects_3/element-x-ios/build/Build/Products/Debug-iphonesimulator/PackageFrameworks\ /Users/omidchaghaneh/Projects_3/element-x-ios/build/Build/Products/Debug-iphonesimulator/PackageFrameworks\ /Users/omidchaghaneh/Projects_3/element-x-ios/build/Build/Products/Debug-iphonesimulator/PackageFrameworks\ /Users/omidchaghaneh/Projects_3/element-x-ios/build/Build/Products/Debug-iphonesimulator/PackageFrameworks\ \ @executable_path/Frameworks\ @executable_path/../../Frameworks
    export LD_RUNPATH_SEARCH_PATHS_YES_NO\=@loader_path/../Frameworks
    export LD_RUNPATH_SEARCH_PATHS_YES_YES\=@loader_path/../Frameworks\ @loader_path/../../../../Frameworks
    export LD_SHARED_CACHE_ELIGIBLE\=Automatic
    export LD_WARN_DUPLICATE_LIBRARIES\=NO
    export LD_WARN_UNUSED_DYLIBS\=NO
    export LEGACY_DEVELOPER_DIR\=/Applications/Xcode.app/Contents/PlugIns/Xcode3Core.ideplugin/Contents/SharedSupport/Developer
    export LEX\=lex
    export LIBRARY_DEXT_INSTALL_PATH\=/Library/DriverExtensions
    export LIBRARY_FLAG_NOSPACE\=YES
    export LIBRARY_FLAG_PREFIX\=-l
    export LIBRARY_KEXT_INSTALL_PATH\=/Library/Extensions
    export LIBRARY_SEARCH_PATHS\=/Users/omidchaghaneh/Projects_3/element-x-ios/build/Build/Products/Debug-iphonesimulator\ 
    export LINKER_DISPLAYS_MANGLED_NAMES\=NO
    export LINK_FILE_LIST_normal_arm64\=/Users/omidchaghaneh/Projects_3/element-x-ios/build/Build/Intermediates.noindex/Lingugram.build/Debug-iphonesimulator/NSE.build/Objects-normal/arm64/NSE.LinkFileList
    export LINK_OBJC_RUNTIME\=YES
    export LINK_WITH_STANDARD_LIBRARIES\=YES
    export LLVM_TARGET_TRIPLE_OS_VERSION\=ios17.5
    export LLVM_TARGET_TRIPLE_SUFFIX\=-simulator
    export LLVM_TARGET_TRIPLE_VENDOR\=apple
    export LM_AUX_CONST_METADATA_LIST_PATH_normal_arm64\=/Users/omidchaghaneh/Projects_3/element-x-ios/build/Build/Intermediates.noindex/Lingugram.build/Debug-iphonesimulator/NSE.build/Objects-normal/arm64/NSE.SwiftConstValuesFileList
    export LOCALIZATION_EXPORT_SUPPORTED\=YES
    export LOCALIZATION_PREFERS_STRING_CATALOGS\=NO
    export LOCALIZED_RESOURCES_FOLDER_PATH\=NSE.appex/en.lproj
    export LOCALIZED_STRING_MACRO_NAMES\=NSLocalizedString\ CFCopyLocalizedString
    export LOCALIZED_STRING_SWIFTUI_SUPPORT\=YES
    export LOCAL_ADMIN_APPS_DIR\=/Applications/Utilities
    export LOCAL_APPS_DIR\=/Applications
    export LOCAL_DEVELOPER_DIR\=/Library/Developer
    export LOCAL_LIBRARY_DIR\=/Library
    export LOCROOT\=/Users/omidchaghaneh/Projects_3/element-x-ios
    export LOCSYMROOT\=/Users/omidchaghaneh/Projects_3/element-x-ios
    export MACH_O_TYPE\=mh_execute
    export MAC_OS_X_PRODUCT_BUILD_VERSION\=25A362
    export MAC_OS_X_VERSION_ACTUAL\=260001
    export MAC_OS_X_VERSION_MAJOR\=260000
    export MAC_OS_X_VERSION_MINOR\=260000
    export MAKE_MERGEABLE\=NO
    export MARKETING_VERSION\=25.11.0
    export MERGEABLE_LIBRARY\=NO
    export MERGED_BINARY_TYPE\=none
    export MERGE_LINKED_LIBRARIES\=NO
    export METAL_LIBRARY_FILE_BASE\=default
    export METAL_LIBRARY_OUTPUT_DIR\=/Users/omidchaghaneh/Projects_3/element-x-ios/build/Build/Products/Debug-iphonesimulator/NSE.appex
    export MODULES_FOLDER_PATH\=NSE.appex/Modules
    export MODULE_CACHE_DIR\=/Users/omidchaghaneh/Projects_3/element-x-ios/build/ModuleCache.noindex
    export MTL_ENABLE_DEBUG_INFO\=INCLUDE_SOURCE
    export MTL_FAST_MATH\=YES
    export NATIVE_ARCH\=arm64
    export NATIVE_ARCH_32_BIT\=arm
    export NATIVE_ARCH_64_BIT\=arm64
    export NATIVE_ARCH_ACTUAL\=arm64
    export NO_COMMON\=YES
    export OBJC_ABI_VERSION\=2
    export OBJECT_FILE_DIR\=/Users/omidchaghaneh/Projects_3/element-x-ios/build/Build/Intermediates.noindex/Lingugram.build/Debug-iphonesimulator/NSE.build/Objects
    export OBJECT_FILE_DIR_normal\=/Users/omidchaghaneh/Projects_3/element-x-ios/build/Build/Intermediates.noindex/Lingugram.build/Debug-iphonesimulator/NSE.build/Objects-normal
    export OBJROOT\=/Users/omidchaghaneh/Projects_3/element-x-ios/build/Build/Intermediates.noindex
    export ONLY_ACTIVE_ARCH\=YES
    export OS\=MACOS
    export OSAC\=/usr/bin/osacompile
    export OTHER_CFLAGS\=-fmodule-map-file\=/Users/omidchaghaneh/Projects_3/element-x-ios/build/Build/Intermediates.noindex/GeneratedModuleMaps-iphonesimulator/MatrixRustSDK.modulemap\ -fmodule-map-file\=/Users/omidchaghaneh/Projects_3/element-x-ios/build/Build/Intermediates.noindex/GeneratedModuleMaps-iphonesimulator/KeychainAccess.modulemap\ -fmodule-map-file\=/Users/omidchaghaneh/Projects_3/element-x-ios/build/Build/Intermediates.noindex/GeneratedModuleMaps-iphonesimulator/Kingfisher.modulemap\ -fmodule-map-file\=/Users/omidchaghaneh/Projects_3/element-x-ios/build/Build/Intermediates.noindex/GeneratedModuleMaps-iphonesimulator/_RopeModule.modulemap\ -fmodule-map-file\=/Users/omidchaghaneh/Projects_3/element-x-ios/build/Build/Intermediates.noindex/GeneratedModuleMaps-iphonesimulator/OrderedCollections.modulemap\ -fmodule-map-file\=/Users/omidchaghaneh/Projects_3/element-x-ios/build/Build/Intermediates.noindex/GeneratedModuleMaps-iphonesimulator/HeapModule.modulemap\ -fmodule-map-file\=/Users/omidchaghaneh/Projects_3/element-x-ios/build/Build/Intermediates.noindex/GeneratedModuleMaps-iphonesimulator/HashTreeCollections.modulemap\ -fmodule-map-file\=/Users/omidchaghaneh/Projects_3/element-x-ios/build/Build/Intermediates.noindex/GeneratedModuleMaps-iphonesimulator/DequeModule.modulemap\ -fmodule-map-file\=/Users/omidchaghaneh/Projects_3/element-x-ios/build/Build/Intermediates.noindex/GeneratedModuleMaps-iphonesimulator/BitCollections.modulemap\ -fmodule-map-file\=/Users/omidchaghaneh/Projects_3/element-x-ios/build/Build/Intermediates.noindex/GeneratedModuleMaps-iphonesimulator/InternalCollectionsUtilities.modulemap\ -fmodule-map-file\=/Users/omidchaghaneh/Projects_3/element-x-ios/build/Build/Intermediates.noindex/GeneratedModuleMaps-iphonesimulator/Collections.modulemap\ -fmodule-map-file\=/Users/omidchaghaneh/Projects_3/element-x-ios/build/Build/Intermediates.noindex/GeneratedModuleMaps-iphonesimulator/CompoundDesignTokens.modulemap\ -fmodule-map-file\=/Users/omidchaghaneh/Projects_3/element-x-ios/build/Build/Intermediates.noindex/GeneratedModuleMaps-iphonesimulator/SwiftUIIntrospect.modulemap\ -fmodule-map-file\=/Users/omidchaghaneh/Projects_3/element-x-ios/build/Build/Intermediates.noindex/GeneratedModuleMaps-iphonesimulator/SFSafeSymbols.modulemap\ -fmodule-map-file\=/Users/omidchaghaneh/Projects_3/element-x-ios/build/Build/Intermediates.noindex/GeneratedModuleMaps-iphonesimulator/Compound.modulemap\ -fmodule-map-file\=/Users/omidchaghaneh/Projects_3/element-x-ios/build/Build/Intermediates.noindex/GeneratedModuleMaps-iphonesimulator/DeviceKit.modulemap\ -fmodule-map-file\=/Users/omidchaghaneh/Projects_3/element-x-ios/build/Build/Intermediates.noindex/GeneratedModuleMaps-iphonesimulator/LRUCache.modulemap\ -fmodule-map-file\=/Users/omidchaghaneh/Projects_3/element-x-ios/build/Build/Intermediates.noindex/GeneratedModuleMaps-iphonesimulator/Version.modulemap\ -fmodule-map-file\=/Users/omidchaghaneh/Projects_3/element-x-ios/build/Build/Intermediates.noindex/GeneratedModuleMaps-iphonesimulator/SwiftSoup.modulemap\ 
    export OTHER_CPLUSPLUSFLAGS\=-fmodule-map-file\=/Users/omidchaghaneh/Projects_3/element-x-ios/build/Build/Intermediates.noindex/GeneratedModuleMaps-iphonesimulator/MatrixRustSDK.modulemap\ -fmodule-map-file\=/Users/omidchaghaneh/Projects_3/element-x-ios/build/Build/Intermediates.noindex/GeneratedModuleMaps-iphonesimulator/KeychainAccess.modulemap\ -fmodule-map-file\=/Users/omidchaghaneh/Projects_3/element-x-ios/build/Build/Intermediates.noindex/GeneratedModuleMaps-iphonesimulator/Kingfisher.modulemap\ -fmodule-map-file\=/Users/omidchaghaneh/Projects_3/element-x-ios/build/Build/Intermediates.noindex/GeneratedModuleMaps-iphonesimulator/_RopeModule.modulemap\ -fmodule-map-file\=/Users/omidchaghaneh/Projects_3/element-x-ios/build/Build/Intermediates.noindex/GeneratedModuleMaps-iphonesimulator/OrderedCollections.modulemap\ -fmodule-map-file\=/Users/omidchaghaneh/Projects_3/element-x-ios/build/Build/Intermediates.noindex/GeneratedModuleMaps-iphonesimulator/HeapModule.modulemap\ -fmodule-map-file\=/Users/omidchaghaneh/Projects_3/element-x-ios/build/Build/Intermediates.noindex/GeneratedModuleMaps-iphonesimulator/HashTreeCollections.modulemap\ -fmodule-map-file\=/Users/omidchaghaneh/Projects_3/element-x-ios/build/Build/Intermediates.noindex/GeneratedModuleMaps-iphonesimulator/DequeModule.modulemap\ -fmodule-map-file\=/Users/omidchaghaneh/Projects_3/element-x-ios/build/Build/Intermediates.noindex/GeneratedModuleMaps-iphonesimulator/BitCollections.modulemap\ -fmodule-map-file\=/Users/omidchaghaneh/Projects_3/element-x-ios/build/Build/Intermediates.noindex/GeneratedModuleMaps-iphonesimulator/InternalCollectionsUtilities.modulemap\ -fmodule-map-file\=/Users/omidchaghaneh/Projects_3/element-x-ios/build/Build/Intermediates.noindex/GeneratedModuleMaps-iphonesimulator/Collections.modulemap\ -fmodule-map-file\=/Users/omidchaghaneh/Projects_3/element-x-ios/build/Build/Intermediates.noindex/GeneratedModuleMaps-iphonesimulator/CompoundDesignTokens.modulemap\ -fmodule-map-file\=/Users/omidchaghaneh/Projects_3/element-x-ios/build/Build/Intermediates.noindex/GeneratedModuleMaps-iphonesimulator/SwiftUIIntrospect.modulemap\ -fmodule-map-file\=/Users/omidchaghaneh/Projects_3/element-x-ios/build/Build/Intermediates.noindex/GeneratedModuleMaps-iphonesimulator/SFSafeSymbols.modulemap\ -fmodule-map-file\=/Users/omidchaghaneh/Projects_3/element-x-ios/build/Build/Intermediates.noindex/GeneratedModuleMaps-iphonesimulator/Compound.modulemap\ -fmodule-map-file\=/Users/omidchaghaneh/Projects_3/element-x-ios/build/Build/Intermediates.noindex/GeneratedModuleMaps-iphonesimulator/DeviceKit.modulemap\ -fmodule-map-file\=/Users/omidchaghaneh/Projects_3/element-x-ios/build/Build/Intermediates.noindex/GeneratedModuleMaps-iphonesimulator/LRUCache.modulemap\ -fmodule-map-file\=/Users/omidchaghaneh/Projects_3/element-x-ios/build/Build/Intermediates.noindex/GeneratedModuleMaps-iphonesimulator/Version.modulemap\ -fmodule-map-file\=/Users/omidchaghaneh/Projects_3/element-x-ios/build/Build/Intermediates.noindex/GeneratedModuleMaps-iphonesimulator/SwiftSoup.modulemap\ 
    export OTHER_LDFLAGS\=-Wl,-no_warn_duplicate_libraries\ -Wl,-no_warn_duplicate_libraries\ -Wl,-no_warn_duplicate_libraries\ -Wl,-no_warn_duplicate_libraries\ -Wl,-no_warn_duplicate_libraries\ -Wl,-no_warn_duplicate_libraries\ -Wl,-no_warn_duplicate_libraries\ -Wl,-no_warn_duplicate_libraries\ -Wl,-no_warn_duplicate_libraries\ -Wl,-no_warn_duplicate_libraries\ -Wl,-no_warn_duplicate_libraries\ -Wl,-no_warn_duplicate_libraries\ -Wl,-no_warn_duplicate_libraries\ -Wl,-no_warn_duplicate_libraries\ -Wl,-no_warn_duplicate_libraries\ -Wl,-no_warn_duplicate_libraries\ -Wl,-no_warn_duplicate_libraries\ -Wl,-no_warn_duplicate_libraries\ -Wl,-no_warn_duplicate_libraries\ 
    export OTHER_SWIFT_FLAGS\=-DIS_NSE
    export PACKAGE_TYPE\=com.apple.package-type.app-extension
    export PASCAL_STRINGS\=YES
    export PATH\=/Applications/Xcode.app/Contents/SharedFrameworks/SwiftBuild.framework/Versions/A/PlugIns/SWBBuildService.bundle/Contents/PlugIns/SWBUniversalPlatformPlugin.bundle/Contents/Frameworks/SWBUniversalPlatform.framework/Resources:/var/run/com.apple.security.cryptexd/mnt/com.apple.MobileAsset.MetalToolchain-v17.1.324.0.PXE1tX/Metal.xctoolchain/usr/bin:/var/run/com.apple.security.cryptexd/mnt/com.apple.MobileAsset.MetalToolchain-v17.1.324.0.PXE1tX/Metal.xctoolchain/usr/local/bin:/var/run/com.apple.security.cryptexd/mnt/com.apple.MobileAsset.MetalToolchain-v17.1.324.0.PXE1tX/Metal.xctoolchain/usr/libexec:/Applications/Xcode.app/Contents/Developer/Toolchains/XcodeDefault.xctoolchain/usr/bin:/Applications/Xcode.app/Contents/Developer/Toolchains/XcodeDefault.xctoolchain/usr/local/bin:/Applications/Xcode.app/Contents/Developer/Toolchains/XcodeDefault.xctoolchain/usr/libexec:/Applications/Xcode.app/Contents/Developer/Platforms/iPhoneSimulator.platform/usr/bin:/Applications/Xcode.app/Contents/Developer/Platforms/iPhoneSimulator.platform/usr/local/bin:/Applications/Xcode.app/Contents/Developer/Platforms/iPhoneSimulator.platform/Developer/usr/bin:/Applications/Xcode.app/Contents/Developer/Platforms/iPhoneSimulator.platform/Developer/usr/local/bin:/Applications/Xcode.app/Contents/Developer/usr/bin:/Applications/Xcode.app/Contents/Developer/usr/local/bin:/opt/homebrew/opt/openjdk@17/bin:/opt/homebrew/bin:/opt/homebrew/sbin:/Library/Frameworks/Python.framework/Versions/3.13/bin:/usr/local/bin:/System/Cryptexes/App/usr/bin:/usr/bin:/bin:/usr/sbin:/sbin:/var/run/com.apple.security.cryptexd/codex.system/bootstrap/usr/local/bin:/var/run/com.apple.security.cryptexd/codex.system/bootstrap/usr/bin:/var/run/com.apple.security.cryptexd/codex.system/bootstrap/usr/appleinternal/bin:/Library/Apple/usr/bin:/Users/omidchaghaneh/.cargo/bin
    export PATH_PREFIXES_EXCLUDED_FROM_HEADER_DEPENDENCIES\=/usr/include\ /usr/local/include\ /System/Library/Frameworks\ /System/Library/PrivateFrameworks\ /Applications/Xcode.app/Contents/Developer/Headers\ /Applications/Xcode.app/Contents/Developer/SDKs\ /Applications/Xcode.app/Contents/Developer/Platforms
    export PBDEVELOPMENTPLIST_PATH\=NSE.appex/pbdevelopment.plist
    export PER_ARCH_MODULE_FILE_DIR\=/Users/omidchaghaneh/Projects_3/element-x-ios/build/Build/Intermediates.noindex/Lingugram.build/Debug-iphonesimulator/NSE.build/Objects-normal/undefined_arch
    export PER_ARCH_OBJECT_FILE_DIR\=/Users/omidchaghaneh/Projects_3/element-x-ios/build/Build/Intermediates.noindex/Lingugram.build/Debug-iphonesimulator/NSE.build/Objects-normal/undefined_arch
    export PER_VARIANT_OBJECT_FILE_DIR\=/Users/omidchaghaneh/Projects_3/element-x-ios/build/Build/Intermediates.noindex/Lingugram.build/Debug-iphonesimulator/NSE.build/Objects-normal
    export PKGINFO_FILE_PATH\=/Users/omidchaghaneh/Projects_3/element-x-ios/build/Build/Intermediates.noindex/Lingugram.build/Debug-iphonesimulator/NSE.build/PkgInfo
    export PKGINFO_PATH\=NSE.appex/PkgInfo
    export PLATFORM_DEVELOPER_APPLICATIONS_DIR\=/Applications/Xcode.app/Contents/Developer/Platforms/iPhoneSimulator.platform/Developer/Applications
    export PLATFORM_DEVELOPER_BIN_DIR\=/Applications/Xcode.app/Contents/Developer/Platforms/iPhoneSimulator.platform/Developer/usr/bin
    export PLATFORM_DEVELOPER_LIBRARY_DIR\=/Applications/Xcode.app/Contents/Developer/Platforms/iPhoneSimulator.platform/Developer/Library
    export PLATFORM_DEVELOPER_SDK_DIR\=/Applications/Xcode.app/Contents/Developer/Platforms/iPhoneSimulator.platform/Developer/SDKs
    export PLATFORM_DEVELOPER_TOOLS_DIR\=/Applications/Xcode.app/Contents/Developer/Platforms/iPhoneSimulator.platform/Developer/Tools
    export PLATFORM_DEVELOPER_USR_DIR\=/Applications/Xcode.app/Contents/Developer/Platforms/iPhoneSimulator.platform/Developer/usr
    export PLATFORM_DIR\=/Applications/Xcode.app/Contents/Developer/Platforms/iPhoneSimulator.platform
    export PLATFORM_DISPLAY_NAME\=iOS\ Simulator
    export PLATFORM_FAMILY_NAME\=iOS
    export PLATFORM_NAME\=iphonesimulator
    export PLATFORM_PREFERRED_ARCH\=x86_64
    export PLATFORM_PRODUCT_BUILD_VERSION\=23A339
    export PLATFORM_REQUIRES_SWIFT_AUTOLINK_EXTRACT\=NO
    export PLATFORM_REQUIRES_SWIFT_MODULEWRAP\=NO
    export PLIST_FILE_OUTPUT_FORMAT\=binary
    export PLUGINS_FOLDER_PATH\=NSE.appex/PlugIns
    export PRECOMPS_INCLUDE_HEADERS_FROM_BUILT_PRODUCTS_DIR\=YES
    export PRECOMP_DESTINATION_DIR\=/Users/omidchaghaneh/Projects_3/element-x-ios/build/Build/Intermediates.noindex/Lingugram.build/Debug-iphonesimulator/NSE.build/PrefixHeaders
    export PRIVATE_HEADERS_FOLDER_PATH\=NSE.appex/PrivateHeaders
    export PROCESSED_INFOPLIST_PATH\=/Users/omidchaghaneh/Projects_3/element-x-ios/build/Build/Intermediates.noindex/Lingugram.build/Debug-iphonesimulator/NSE.build/Objects-normal/undefined_arch/Processed-Info.plist
    export PRODUCTION_APP_NAME\=Element
    export PRODUCT_BUNDLE_IDENTIFIER\=io.element.elementx.nse
    export PRODUCT_BUNDLE_PACKAGE_TYPE\=XPC\!
    export PRODUCT_DISPLAY_NAME\=Lingugram
    export PRODUCT_MODULE_NAME\=NSE
    export PRODUCT_NAME\=NSE
    export PRODUCT_SETTINGS_PATH\=/Users/omidchaghaneh/Projects_3/element-x-ios/NSE/SupportingFiles/Info.plist
    export PRODUCT_TYPE\=com.apple.product-type.app-extension
    export PROFILING_CODE\=NO
    export PROJECT\=Lingugram
    export PROJECT_DERIVED_FILE_DIR\=/Users/omidchaghaneh/Projects_3/element-x-ios/build/Build/Intermediates.noindex/Lingugram.build/DerivedSources
    export PROJECT_DIR\=/Users/omidchaghaneh/Projects_3/element-x-ios
    export PROJECT_FILE_PATH\=/Users/omidchaghaneh/Projects_3/element-x-ios/Lingugram.xcodeproj
    export PROJECT_GUID\=7c77e73fb99db34166dc0fb522858b59
    export PROJECT_NAME\=Lingugram
    export PROJECT_TEMP_DIR\=/Users/omidchaghaneh/Projects_3/element-x-ios/build/Build/Intermediates.noindex/Lingugram.build
    export PROJECT_TEMP_ROOT\=/Users/omidchaghaneh/Projects_3/element-x-ios/build/Build/Intermediates.noindex
    export PROVISIONING_PROFILE_REQUIRED\=YES
    export PROVISIONING_PROFILE_SUPPORTED\=YES
    export PUBLIC_HEADERS_FOLDER_PATH\=NSE.appex/Headers
    export RECOMMENDED_IPHONEOS_DEPLOYMENT_TARGET\=15.0
    export RECURSIVE_SEARCH_PATHS_FOLLOW_SYMLINKS\=YES
    export REMOVE_CVS_FROM_RESOURCES\=YES
    export REMOVE_GIT_FROM_RESOURCES\=YES
    export REMOVE_HEADERS_FROM_EMBEDDED_BUNDLES\=YES
    export REMOVE_HG_FROM_RESOURCES\=YES
    export REMOVE_STATIC_EXECUTABLES_FROM_EMBEDDED_BUNDLES\=YES
    export REMOVE_SVN_FROM_RESOURCES\=YES
    export RESCHEDULE_INDEPENDENT_HEADERS_PHASES\=YES
    export REZ_COLLECTOR_DIR\=/Users/omidchaghaneh/Projects_3/element-x-ios/build/Build/Intermediates.noindex/Lingugram.build/Debug-iphonesimulator/NSE.build/ResourceManagerResources
    export REZ_OBJECTS_DIR\=/Users/omidchaghaneh/Projects_3/element-x-ios/build/Build/Intermediates.noindex/Lingugram.build/Debug-iphonesimulator/NSE.build/ResourceManagerResources/Objects
    export REZ_SEARCH_PATHS\=/Users/omidchaghaneh/Projects_3/element-x-ios/build/Build/Products/Debug-iphonesimulator\ 
    export RUNTIME_EXCEPTION_ALLOW_DYLD_ENVIRONMENT_VARIABLES\=NO
    export RUNTIME_EXCEPTION_ALLOW_JIT\=NO
    export RUNTIME_EXCEPTION_ALLOW_UNSIGNED_EXECUTABLE_MEMORY\=NO
    export RUNTIME_EXCEPTION_DEBUGGING_TOOL\=NO
    export RUNTIME_EXCEPTION_DISABLE_EXECUTABLE_PAGE_PROTECTION\=NO
    export RUNTIME_EXCEPTION_DISABLE_LIBRARY_VALIDATION\=NO
    export SCAN_ALL_SOURCE_FILES_FOR_INCLUDES\=NO
    export SCRIPTS_FOLDER_PATH\=NSE.appex/Scripts
    export SCRIPT_INPUT_FILE_COUNT\=0
    export SCRIPT_INPUT_FILE_LIST_COUNT\=0
    export SCRIPT_OUTPUT_FILE_COUNT\=0
    export SCRIPT_OUTPUT_FILE_LIST_COUNT\=0
    export SDKROOT\=/Applications/Xcode.app/Contents/Developer/Platforms/iPhoneSimulator.platform/Developer/SDKs/iPhoneSimulator26.0.sdk
    export SDK_DIR\=/Applications/Xcode.app/Contents/Developer/Platforms/iPhoneSimulator.platform/Developer/SDKs/iPhoneSimulator26.0.sdk
    export SDK_DIR_iphonesimulator\=/Applications/Xcode.app/Contents/Developer/Platforms/iPhoneSimulator.platform/Developer/SDKs/iPhoneSimulator26.0.sdk
    export SDK_DIR_iphonesimulator26_0\=/Applications/Xcode.app/Contents/Developer/Platforms/iPhoneSimulator.platform/Developer/SDKs/iPhoneSimulator26.0.sdk
    export SDK_NAME\=iphonesimulator26.0
    export SDK_NAMES\=iphonesimulator26.0
    export SDK_PRODUCT_BUILD_VERSION\=23A339
    export SDK_STAT_CACHE_DIR\=/Users/omidchaghaneh/Projects_3/element-x-ios/build
    export SDK_STAT_CACHE_ENABLE\=YES
    export SDK_STAT_CACHE_PATH\=/Users/omidchaghaneh/Projects_3/element-x-ios/build/SDKStatCaches.noindex/iphonesimulator26.0-23A339-3885c01c3e6b6a337905948deab2002e26257891a6c027eb51374368541b8346.sdkstatcache
    export SDK_VERSION\=26.0
    export SDK_VERSION_ACTUAL\=260000
    export SDK_VERSION_MAJOR\=260000
    export SDK_VERSION_MINOR\=260000
    export SED\=/usr/bin/sed
    export SEPARATE_STRIP\=NO
    export SEPARATE_SYMBOL_EDIT\=NO
    export SET_DIR_MODE_OWNER_GROUP\=YES
    export SET_FILE_MODE_OWNER_GROUP\=NO
    export SHALLOW_BUNDLE\=YES
    export SHALLOW_BUNDLE_TRIPLE\=ios-simulator
    export SHALLOW_BUNDLE_ios_macabi\=NO
    export SHALLOW_BUNDLE_macos\=NO
    export SHARED_DERIVED_FILE_DIR\=/Users/omidchaghaneh/Projects_3/element-x-ios/build/Build/Products/Debug-iphonesimulator/DerivedSources
    export SHARED_FRAMEWORKS_FOLDER_PATH\=NSE.appex/SharedFrameworks
    export SHARED_PRECOMPS_DIR\=/Users/omidchaghaneh/Projects_3/element-x-ios/build/Build/Intermediates.noindex/PrecompiledHeaders
    export SHARED_SUPPORT_FOLDER_PATH\=NSE.appex/SharedSupport
    export SKIP_INSTALL\=YES
    export SOURCE_ROOT\=/Users/omidchaghaneh/Projects_3/element-x-ios
    export SRCROOT\=/Users/omidchaghaneh/Projects_3/element-x-ios
    export STRINGSDATA_DIR\=/Users/omidchaghaneh/Projects_3/element-x-ios/build/Build/Intermediates.noindex/Lingugram.build/Debug-iphonesimulator/NSE.build/Objects-normal/undefined_arch
    export STRINGSDATA_ROOT\=/Users/omidchaghaneh/Projects_3/element-x-ios/build/Build/Intermediates.noindex/Lingugram.build/Debug-iphonesimulator/NSE.build
    export STRINGS_FILE_INFOPLIST_RENAME\=YES
    export STRINGS_FILE_OUTPUT_ENCODING\=binary
    export STRING_CATALOG_GENERATE_SYMBOLS\=NO
    export STRIP_BITCODE_FROM_COPIED_FILES\=NO
    export STRIP_INSTALLED_PRODUCT\=NO
    export STRIP_STYLE\=non-global
    export STRIP_SWIFT_SYMBOLS\=YES
    export SUPPORTED_DEVICE_FAMILIES\=1,2
    export SUPPORTED_PLATFORMS\=iphoneos\ iphonesimulator
    export SUPPORTS_MACCATALYST\=NO
    export SUPPORTS_TEXT_BASED_API\=NO
    export SUPPRESS_WARNINGS\=NO
    export SWIFT_ACTIVE_COMPILATION_CONDITIONS\=DEBUG
    export SWIFT_EMIT_CONST_VALUE_PROTOCOLS\=AppIntent\ EntityQuery\ AppEntity\ TransientEntity\ AppEnum\ AppShortcutProviding\ AppShortcutsProvider\ AnyResolverProviding\ AppIntentsPackage\ DynamicOptionsProvider\ _IntentValueRepresentable\ _AssistantIntentsProvider\ _GenerativeFunctionExtractable\ IntentValueQuery\ Resolver\ AppExtension\ ExtensionPointDefining
    export SWIFT_EMIT_LOC_STRINGS\=NO
    export SWIFT_ENABLE_EXPLICIT_MODULES\=YES
    export SWIFT_OBJC_INTERFACE_HEADER_NAME\=GeneratedInterface-Swift.h
    export SWIFT_OPTIMIZATION_LEVEL\=-Onone
    export SWIFT_PLATFORM_TARGET_PREFIX\=ios
    export SWIFT_RESPONSE_FILE_PATH_normal_arm64\=/Users/omidchaghaneh/Projects_3/element-x-ios/build/Build/Intermediates.noindex/Lingugram.build/Debug-iphonesimulator/NSE.build/Objects-normal/arm64/NSE.SwiftFileList
    export SWIFT_VERSION\=5.0
    export SYMROOT\=/Users/omidchaghaneh/Projects_3/element-x-ios/build/Build/Products
    export SYSTEM_ADMIN_APPS_DIR\=/Applications/Utilities
    export SYSTEM_APPS_DIR\=/Applications
    export SYSTEM_CORE_SERVICES_DIR\=/System/Library/CoreServices
    export SYSTEM_DEMOS_DIR\=/Applications/Extras
    export SYSTEM_DEVELOPER_APPS_DIR\=/Applications/Xcode.app/Contents/Developer/Applications
    export SYSTEM_DEVELOPER_BIN_DIR\=/Applications/Xcode.app/Contents/Developer/usr/bin
    export SYSTEM_DEVELOPER_DEMOS_DIR\=/Applications/Xcode.app/Contents/Developer/Applications/Utilities/Built\ Examples
    export SYSTEM_DEVELOPER_DIR\=/Applications/Xcode.app/Contents/Developer
    export SYSTEM_DEVELOPER_DOC_DIR\=/Applications/Xcode.app/Contents/Developer/ADC\ Reference\ Library
    export SYSTEM_DEVELOPER_GRAPHICS_TOOLS_DIR\=/Applications/Xcode.app/Contents/Developer/Applications/Graphics\ Tools
    export SYSTEM_DEVELOPER_JAVA_TOOLS_DIR\=/Applications/Xcode.app/Contents/Developer/Applications/Java\ Tools
    export SYSTEM_DEVELOPER_PERFORMANCE_TOOLS_DIR\=/Applications/Xcode.app/Contents/Developer/Applications/Performance\ Tools
    export SYSTEM_DEVELOPER_RELEASENOTES_DIR\=/Applications/Xcode.app/Contents/Developer/ADC\ Reference\ Library/releasenotes
    export SYSTEM_DEVELOPER_TOOLS\=/Applications/Xcode.app/Contents/Developer/Tools
    export SYSTEM_DEVELOPER_TOOLS_DOC_DIR\=/Applications/Xcode.app/Contents/Developer/ADC\ Reference\ Library/documentation/DeveloperTools
    export SYSTEM_DEVELOPER_TOOLS_RELEASENOTES_DIR\=/Applications/Xcode.app/Contents/Developer/ADC\ Reference\ Library/releasenotes/DeveloperTools
    export SYSTEM_DEVELOPER_USR_DIR\=/Applications/Xcode.app/Contents/Developer/usr
    export SYSTEM_DEVELOPER_UTILITIES_DIR\=/Applications/Xcode.app/Contents/Developer/Applications/Utilities
    export SYSTEM_DEXT_INSTALL_PATH\=/System/Library/DriverExtensions
    export SYSTEM_DOCUMENTATION_DIR\=/Library/Documentation
    export SYSTEM_EXTENSIONS_FOLDER_PATH\=NSE.appex/SystemExtensions
    export SYSTEM_EXTENSIONS_FOLDER_PATH_SHALLOW_BUNDLE_NO\=NSE.appex/Library/SystemExtensions
    export SYSTEM_EXTENSIONS_FOLDER_PATH_SHALLOW_BUNDLE_YES\=NSE.appex/SystemExtensions
    export SYSTEM_KEXT_INSTALL_PATH\=/System/Library/Extensions
    export SYSTEM_LIBRARY_DIR\=/System/Library
    export TAPI_DEMANGLE\=YES
    export TAPI_ENABLE_PROJECT_HEADERS\=NO
    export TAPI_LANGUAGE\=objective-c
    export TAPI_LANGUAGE_STANDARD\=compiler-default
    export TAPI_USE_SRCROOT\=YES
    export TAPI_VERIFY_MODE\=Pedantic
    export TARGETED_DEVICE_FAMILY\=1,2
    export TARGETNAME\=NSE
    export TARGET_BUILD_DIR\=/Users/omidchaghaneh/Projects_3/element-x-ios/build/Build/Products/Debug-iphonesimulator
    export TARGET_DEVICE_IDENTIFIER\=39C8A1E5-50DD-4918-966E-121FFA1A40D1
    export TARGET_DEVICE_MODEL\=iPhone18,1
    export TARGET_DEVICE_OS_VERSION\=26.0.1
    export TARGET_DEVICE_PLATFORM_NAME\=iphonesimulator
    export TARGET_NAME\=NSE
    export TARGET_TEMP_DIR\=/Users/omidchaghaneh/Projects_3/element-x-ios/build/Build/Intermediates.noindex/Lingugram.build/Debug-iphonesimulator/NSE.build
    export TEMP_DIR\=/Users/omidchaghaneh/Projects_3/element-x-ios/build/Build/Intermediates.noindex/Lingugram.build/Debug-iphonesimulator/NSE.build
    export TEMP_FILES_DIR\=/Users/omidchaghaneh/Projects_3/element-x-ios/build/Build/Intermediates.noindex/Lingugram.build/Debug-iphonesimulator/NSE.build
    export TEMP_FILE_DIR\=/Users/omidchaghaneh/Projects_3/element-x-ios/build/Build/Intermediates.noindex/Lingugram.build/Debug-iphonesimulator/NSE.build
    export TEMP_ROOT\=/Users/omidchaghaneh/Projects_3/element-x-ios/build/Build/Intermediates.noindex
    export TEMP_SANDBOX_DIR\=/Users/omidchaghaneh/Projects_3/element-x-ios/build/Build/Intermediates.noindex/TemporaryTaskSandboxes
    export TEST_FRAMEWORK_SEARCH_PATHS\=\ /Applications/Xcode.app/Contents/Developer/Platforms/iPhoneSimulator.platform/Developer/Library/Frameworks\ /Applications/Xcode.app/Contents/Developer/Platforms/iPhoneSimulator.platform/Developer/SDKs/iPhoneSimulator26.0.sdk/Developer/Library/Frameworks
    export TEST_LIBRARY_SEARCH_PATHS\=\ /Applications/Xcode.app/Contents/Developer/Platforms/iPhoneSimulator.platform/Developer/usr/lib
    export TOOLCHAINS\=com.apple.dt.toolchain.Metal.32023\ com.apple.dt.toolchain.XcodeDefault
    export TOOLCHAIN_DIR\=/var/run/com.apple.security.cryptexd/mnt/com.apple.MobileAsset.MetalToolchain-v17.1.324.0.PXE1tX/Metal.xctoolchain
    export TOOLCHAIN_VERSION\=32023
    export TREAT_MISSING_BASELINES_AS_TEST_FAILURES\=NO
    export TREAT_MISSING_SCRIPT_PHASE_OUTPUTS_AS_ERRORS\=NO
    export UID\=501
    export UNINSTALLED_PRODUCTS_DIR\=/Users/omidchaghaneh/Projects_3/element-x-ios/build/Build/Intermediates.noindex/UninstalledProducts
    export UNLOCALIZED_RESOURCES_FOLDER_PATH\=NSE.appex
    export UNLOCALIZED_RESOURCES_FOLDER_PATH_SHALLOW_BUNDLE_NO\=NSE.appex/Resources
    export UNLOCALIZED_RESOURCES_FOLDER_PATH_SHALLOW_BUNDLE_YES\=NSE.appex
    export UNSTRIPPED_PRODUCT\=NO
    export USER\=omidchaghaneh
    export USER_APPS_DIR\=/Users/omidchaghaneh/Applications
    export USER_LIBRARY_DIR\=/Users/omidchaghaneh/Library
    export USE_DYNAMIC_NO_PIC\=YES
    export USE_HEADERMAP\=YES
    export USE_HEADER_SYMLINKS\=NO
    export VALIDATE_DEVELOPMENT_ASSET_PATHS\=YES_ERROR
    export VALIDATE_PRODUCT\=NO
    export VALID_ARCHS\=arm64\ x86_64
    export VERBOSE_PBXCP\=NO
    export VERSIONPLIST_PATH\=NSE.appex/version.plist
    export VERSION_INFO_BUILDER\=omidchaghaneh
    export VERSION_INFO_FILE\=NSE_vers.c
    export VERSION_INFO_STRING\=\"@\(\#\)PROGRAM:NSE\ \ PROJECT:Lingugram-1\"
    export WORKSPACE_DIR\=/Users/omidchaghaneh/Projects_3/element-x-ios/Lingugram.xcodeproj
    export WRAPPER_EXTENSION\=appex
    export WRAPPER_NAME\=NSE.appex
    export WRAPPER_SUFFIX\=.appex
    export WRAP_ASSET_PACKS_IN_SEPARATE_DIRECTORIES\=NO
    export XCODE_APP_SUPPORT_DIR\=/Applications/Xcode.app/Contents/Developer/Library/Xcode
    export XCODE_PRODUCT_BUILD_VERSION\=17A400
    export XCODE_VERSION_ACTUAL\=2601
    export XCODE_VERSION_MAJOR\=2600
    export XCODE_VERSION_MINOR\=2600
    export XPCSERVICES_FOLDER_PATH\=NSE.appex/XPCServices
    export YACC\=yacc
    export _DISCOVER_COMMAND_LINE_LINKER_INPUTS\=YES
    export _DISCOVER_COMMAND_LINE_LINKER_INPUTS_INCLUDE_WL\=YES
    export _LD_MULTIARCH\=YES
    export _WRAPPER_CONTENTS_DIR_SHALLOW_BUNDLE_NO\=/Contents
    export _WRAPPER_PARENT_PATH_SHALLOW_BUNDLE_NO\=/..
    export _WRAPPER_RESOURCES_DIR_SHALLOW_BUNDLE_NO\=/Resources
    export __DIAGNOSE_DEPRECATED_ARCHS\=YES
    export __IS_NOT_MACOS\=YES
    export __IS_NOT_MACOS_macosx\=NO
    export arch\=undefined_arch
    export variant\=normal
    /bin/sh -c /Users/omidchaghaneh/Projects_3/element-x-ios/build/Build/Intermediates.noindex/Lingugram.build/Debug-iphonesimulator/NSE.build/Script-D93EA61D104D6FF2BAEB65D0.sh

SwiftDriver NSE normal arm64 com.apple.xcode.tools.swift.compiler (in target 'NSE' from project 'Lingugram')
    cd /Users/omidchaghaneh/Projects_3/element-x-ios
    builtin-SwiftDriver -- /Applications/Xcode.app/Contents/Developer/Toolchains/XcodeDefault.xctoolchain/usr/bin/swiftc -module-name NSE -Onone -enforce-exclusivity\=checked @/Users/omidchaghaneh/Projects_3/element-x-ios/build/Build/Intermediates.noindex/Lingugram.build/Debug-iphonesimulator/NSE.build/Objects-normal/arm64/NSE.SwiftFileList -DDEBUG -DIS_NSE -enable-bare-slash-regex -enable-experimental-feature DebugDescriptionMacro -sdk /Applications/Xcode.app/Contents/Developer/Platforms/iPhoneSimulator.platform/Developer/SDKs/iPhoneSimulator26.0.sdk -target arm64-apple-ios17.5-simulator -g -module-cache-path /Users/omidchaghaneh/Projects_3/element-x-ios/build/ModuleCache.noindex -Xfrontend -serialize-debugging-options -application-extension -profile-coverage-mapping -profile-generate -enable-testing -index-store-path /Users/omidchaghaneh/Projects_3/element-x-ios/build/Index.noindex/DataStore -Xcc -D_LIBCPP_HARDENING_MODE\=_LIBCPP_HARDENING_MODE_DEBUG -swift-version 5 -I /Users/omidchaghaneh/Projects_3/element-x-ios/build/Build/Products/Debug-iphonesimulator -F /Users/omidchaghaneh/Projects_3/element-x-ios/build/Build/Products/Debug-iphonesimulator/PackageFrameworks -F /Users/omidchaghaneh/Projects_3/element-x-ios/build/Build/Products/Debug-iphonesimulator/PackageFrameworks -F /Users/omidchaghaneh/Projects_3/element-x-ios/build/Build/Products/Debug-iphonesimulator/PackageFrameworks -F /Users/omidchaghaneh/Projects_3/element-x-ios/build/Build/Products/Debug-iphonesimulator/PackageFrameworks -F /Users/omidchaghaneh/Projects_3/element-x-ios/build/Build/Products/Debug-iphonesimulator/PackageFrameworks -F /Users/omidchaghaneh/Projects_3/element-x-ios/build/Build/Products/Debug-iphonesimulator/PackageFrameworks -F /Users/omidchaghaneh/Projects_3/element-x-ios/build/Build/Products/Debug-iphonesimulator/PackageFrameworks -F /Users/omidchaghaneh/Projects_3/element-x-ios/build/Build/Products/Debug-iphonesimulator/PackageFrameworks -F /Users/omidchaghaneh/Projects_3/element-x-ios/build/Build/Products/Debug-iphonesimulator/PackageFrameworks -F /Users/omidchaghaneh/Projects_3/element-x-ios/build/Build/Products/Debug-iphonesimulator/PackageFrameworks -F /Users/omidchaghaneh/Projects_3/element-x-ios/build/Build/Products/Debug-iphonesimulator/PackageFrameworks -F /Users/omidchaghaneh/Projects_3/element-x-ios/build/Build/Products/Debug-iphonesimulator/PackageFrameworks -F /Users/omidchaghaneh/Projects_3/element-x-ios/build/Build/Products/Debug-iphonesimulator/PackageFrameworks -F /Users/omidchaghaneh/Projects_3/element-x-ios/build/Build/Products/Debug-iphonesimulator/PackageFrameworks -F /Users/omidchaghaneh/Projects_3/element-x-ios/build/Build/Products/Debug-iphonesimulator/PackageFrameworks -F /Users/omidchaghaneh/Projects_3/element-x-ios/build/Build/Products/Debug-iphonesimulator/PackageFrameworks -F /Users/omidchaghaneh/Projects_3/element-x-ios/build/Build/Products/Debug-iphonesimulator/PackageFrameworks -F /Users/omidchaghaneh/Projects_3/element-x-ios/build/Build/Products/Debug-iphonesimulator/PackageFrameworks -F /Users/omidchaghaneh/Projects_3/element-x-ios/build/Build/Products/Debug-iphonesimulator/PackageFrameworks -F /Users/omidchaghaneh/Projects_3/element-x-ios/build/Build/Products/Debug-iphonesimulator -c -j10 -enable-batch-mode -incremental -Xcc -ivfsstatcache -Xcc /Users/omidchaghaneh/Projects_3/element-x-ios/build/SDKStatCaches.noindex/iphonesimulator26.0-23A339-3885c01c3e6b6a337905948deab2002e26257891a6c027eb51374368541b8346.sdkstatcache -output-file-map /Users/omidchaghaneh/Projects_3/element-x-ios/build/Build/Intermediates.noindex/Lingugram.build/Debug-iphonesimulator/NSE.build/Objects-normal/arm64/NSE-OutputFileMap.json -use-frontend-parseable-output -save-temps -no-color-diagnostics -explicit-module-build -module-cache-path /Users/omidchaghaneh/Projects_3/element-x-ios/build/Build/Intermediates.noindex/SwiftExplicitPrecompiledModules -clang-scanner-module-cache-path /Users/omidchaghaneh/Projects_3/element-x-ios/build/ModuleCache.noindex -sdk-module-cache-path /Users/omidchaghaneh/Projects_3/element-x-ios/build/ModuleCache.noindex -serialize-diagnostics -emit-dependencies -emit-module -emit-module-path /Users/omidchaghaneh/Projects_3/element-x-ios/build/Build/Intermediates.noindex/Lingugram.build/Debug-iphonesimulator/NSE.build/Objects-normal/arm64/NSE.swiftmodule -validate-clang-modules-once -clang-build-session-file /Users/omidchaghaneh/Projects_3/element-x-ios/build/ModuleCache.noindex/Session.modulevalidation -Xcc -I/Users/omidchaghaneh/Projects_3/element-x-ios/build/Build/Intermediates.noindex/Lingugram.build/Debug-iphonesimulator/NSE.build/swift-overrides.hmap -emit-const-values -Xfrontend -const-gather-protocols-file -Xfrontend /Users/omidchaghaneh/Projects_3/element-x-ios/build/Build/Intermediates.noindex/Lingugram.build/Debug-iphonesimulator/NSE.build/Objects-normal/arm64/NSE_const_extract_protocols.json -Xcc -iquote -Xcc /Users/omidchaghaneh/Projects_3/element-x-ios/build/Build/Intermediates.noindex/Lingugram.build/Debug-iphonesimulator/NSE.build/NSE-generated-files.hmap -Xcc -I/Users/omidchaghaneh/Projects_3/element-x-ios/build/Build/Intermediates.noindex/Lingugram.build/Debug-iphonesimulator/NSE.build/NSE-own-target-headers.hmap -Xcc -I/Users/omidchaghaneh/Projects_3/element-x-ios/build/Build/Intermediates.noindex/Lingugram.build/Debug-iphonesimulator/NSE.build/NSE-all-non-framework-target-headers.hmap -Xcc -ivfsoverlay -Xcc /Users/omidchaghaneh/Projects_3/element-x-ios/build/Build/Intermediates.noindex/Lingugram.build/Debug-iphonesimulator/Lingugram-7c77e73fb99db34166dc0fb522858b59-VFS-iphonesimulator/all-product-headers.yaml -Xcc -iquote -Xcc /Users/omidchaghaneh/Projects_3/element-x-ios/build/Build/Intermediates.noindex/Lingugram.build/Debug-iphonesimulator/NSE.build/NSE-project-headers.hmap -Xcc -I/Users/omidchaghaneh/Projects_3/element-x-ios/build/Build/Products/Debug-iphonesimulator/include -Xcc -I/Users/omidchaghaneh/Projects_3/element-x-ios/build/Build/Intermediates.noindex/Lingugram.build/Debug-iphonesimulator/NSE.build/DerivedSources-normal/arm64 -Xcc -I/Users/omidchaghaneh/Projects_3/element-x-ios/build/Build/Intermediates.noindex/Lingugram.build/Debug-iphonesimulator/NSE.build/DerivedSources/arm64 -Xcc -I/Users/omidchaghaneh/Projects_3/element-x-ios/build/Build/Intermediates.noindex/Lingugram.build/Debug-iphonesimulator/NSE.build/DerivedSources -Xcc -DDEBUG\=1 -emit-objc-header -emit-objc-header-path /Users/omidchaghaneh/Projects_3/element-x-ios/build/Build/Intermediates.noindex/Lingugram.build/Debug-iphonesimulator/NSE.build/Objects-normal/arm64/GeneratedInterface-Swift.h -working-directory /Users/omidchaghaneh/Projects_3/element-x-ios -experimental-emit-module-separately -disable-cmo

SwiftEmitModule normal arm64 Emitting\ module\ for\ ShareExtension (in target 'ShareExtension' from project 'Lingugram')

EmitSwiftModule normal arm64 (in target 'ShareExtension' from project 'Lingugram')
    cd /Users/omidchaghaneh/Projects_3/element-x-ios
    

SwiftCompile normal arm64 Compiling\ UIView.swift /Users/omidchaghaneh/Projects_3/element-x-ios/Lingugram/Sources/Other/Extensions/UIView.swift (in target 'ShareExtension' from project 'Lingugram')

SwiftCompile normal arm64 /Users/omidchaghaneh/Projects_3/element-x-ios/Lingugram/Sources/Other/Extensions/UIView.swift (in target 'ShareExtension' from project 'Lingugram')
    cd /Users/omidchaghaneh/Projects_3/element-x-ios
    

SwiftCompile normal arm64 Compiling\ AppSettings.swift /Users/omidchaghaneh/Projects_3/element-x-ios/Lingugram/Sources/Application/Settings/AppSettings.swift (in target 'ShareExtension' from project 'Lingugram')
SwiftCompile normal arm64 /Users/omidchaghaneh/Projects_3/element-x-ios/Lingugram/Sources/Application/Settings/AppSettings.swift (in target 'ShareExtension' from project 'Lingugram')
    cd /Users/omidchaghaneh/Projects_3/element-x-ios
    

SwiftCompile normal arm64 Compiling\ KeychainController.swift /Users/omidchaghaneh/Projects_3/element-x-ios/Lingugram/Sources/Services/Keychain/KeychainController.swift (in target 'ShareExtension' from project 'Lingugram')

SwiftCompile normal arm64 /Users/omidchaghaneh/Projects_3/element-x-ios/Lingugram/Sources/Services/Keychain/KeychainController.swift (in target 'ShareExtension' from project 'Lingugram')
    cd /Users/omidchaghaneh/Projects_3/element-x-ios
    

SwiftEmitModule normal arm64 Emitting\ module\ for\ NSE (in target 'NSE' from project 'Lingugram')
EmitSwiftModule normal arm64 (in target 'NSE' from project 'Lingugram')
    cd /Users/omidchaghaneh/Projects_3/element-x-ios
    

SwiftCompile normal arm64 Compiling\ AppSettings.swift /Users/omidchaghaneh/Projects_3/element-x-ios/Lingugram/Sources/Application/Settings/AppSettings.swift (in target 'NSE' from project 'Lingugram')

SwiftCompile normal arm64 /Users/omidchaghaneh/Projects_3/element-x-ios/Lingugram/Sources/Application/Settings/AppSettings.swift (in target 'NSE' from project 'Lingugram')
    cd /Users/omidchaghaneh/Projects_3/element-x-ios
    

SwiftCompile normal arm64 Compiling\ KeychainController.swift /Users/omidchaghaneh/Projects_3/element-x-ios/Lingugram/Sources/Services/Keychain/KeychainController.swift (in target 'NSE' from project 'Lingugram')

SwiftCompile normal arm64 /Users/omidchaghaneh/Projects_3/element-x-ios/Lingugram/Sources/Services/Keychain/KeychainController.swift (in target 'NSE' from project 'Lingugram')
    cd /Users/omidchaghaneh/Projects_3/element-x-ios
    

SwiftDriverJobDiscovery normal arm64 Compiling UIView.swift (in target 'ShareExtension' from project 'Lingugram')

SwiftDriverJobDiscovery normal arm64 Compiling KeychainController.swift (in target 'ShareExtension' from project 'Lingugram')

SwiftDriverJobDiscovery normal arm64 Compiling KeychainController.swift (in target 'NSE' from project 'Lingugram')

SwiftDriverJobDiscovery normal arm64 Emitting module for ShareExtension (in target 'ShareExtension' from project 'Lingugram')

SwiftDriver\ Compilation\ Requirements ShareExtension normal arm64 com.apple.xcode.tools.swift.compiler (in target 'ShareExtension' from project 'Lingugram')
    cd /Users/omidchaghaneh/Projects_3/element-x-ios
    builtin-Swift-Compilation-Requirements -- /Applications/Xcode.app/Contents/Developer/Toolchains/XcodeDefault.xctoolchain/usr/bin/swiftc -module-name ShareExtension -Onone -enforce-exclusivity\=checked @/Users/omidchaghaneh/Projects_3/element-x-ios/build/Build/Intermediates.noindex/Lingugram.build/Debug-iphonesimulator/ShareExtension.build/Objects-normal/arm64/ShareExtension.SwiftFileList -DDEBUG -enable-bare-slash-regex -enable-experimental-feature DebugDescriptionMacro -sdk /Applications/Xcode.app/Contents/Developer/Platforms/iPhoneSimulator.platform/Developer/SDKs/iPhoneSimulator26.0.sdk -target arm64-apple-ios17.5-simulator -g -module-cache-path /Users/omidchaghaneh/Projects_3/element-x-ios/build/ModuleCache.noindex -Xfrontend -serialize-debugging-options -application-extension -profile-coverage-mapping -profile-generate -enable-testing -index-store-path /Users/omidchaghaneh/Projects_3/element-x-ios/build/Index.noindex/DataStore -Xcc -D_LIBCPP_HARDENING_MODE\=_LIBCPP_HARDENING_MODE_DEBUG -swift-version 5 -I /Users/omidchaghaneh/Projects_3/element-x-ios/build/Build/Products/Debug-iphonesimulator -F /Users/omidchaghaneh/Projects_3/element-x-ios/build/Build/Products/Debug-iphonesimulator/PackageFrameworks -F /Users/omidchaghaneh/Projects_3/element-x-ios/build/Build/Products/Debug-iphonesimulator/PackageFrameworks -F /Users/omidchaghaneh/Projects_3/element-x-ios/build/Build/Products/Debug-iphonesimulator/PackageFrameworks -F /Users/omidchaghaneh/Projects_3/element-x-ios/build/Build/Products/Debug-iphonesimulator/PackageFrameworks -F /Users/omidchaghaneh/Projects_3/element-x-ios/build/Build/Products/Debug-iphonesimulator/PackageFrameworks -F /Users/omidchaghaneh/Projects_3/element-x-ios/build/Build/Products/Debug-iphonesimulator/PackageFrameworks -F /Users/omidchaghaneh/Projects_3/element-x-ios/build/Build/Products/Debug-iphonesimulator/PackageFrameworks -F /Users/omidchaghaneh/Projects_3/element-x-ios/build/Build/Products/Debug-iphonesimulator/PackageFrameworks -F /Users/omidchaghaneh/Projects_3/element-x-ios/build/Build/Products/Debug-iphonesimulator/PackageFrameworks -F /Users/omidchaghaneh/Projects_3/element-x-ios/build/Build/Products/Debug-iphonesimulator/PackageFrameworks -F /Users/omidchaghaneh/Projects_3/element-x-ios/build/Build/Products/Debug-iphonesimulator/PackageFrameworks -F /Users/omidchaghaneh/Projects_3/element-x-ios/build/Build/Products/Debug-iphonesimulator/PackageFrameworks -F /Users/omidchaghaneh/Projects_3/element-x-ios/build/Build/Products/Debug-iphonesimulator/PackageFrameworks -F /Users/omidchaghaneh/Projects_3/element-x-ios/build/Build/Products/Debug-iphonesimulator/PackageFrameworks -F /Users/omidchaghaneh/Projects_3/element-x-ios/build/Build/Products/Debug-iphonesimulator -c -j10 -enable-batch-mode -incremental -Xcc -ivfsstatcache -Xcc /Users/omidchaghaneh/Projects_3/element-x-ios/build/SDKStatCaches.noindex/iphonesimulator26.0-23A339-3885c01c3e6b6a337905948deab2002e26257891a6c027eb51374368541b8346.sdkstatcache -output-file-map /Users/omidchaghaneh/Projects_3/element-x-ios/build/Build/Intermediates.noindex/Lingugram.build/Debug-iphonesimulator/ShareExtension.build/Objects-normal/arm64/ShareExtension-OutputFileMap.json -use-frontend-parseable-output -save-temps -no-color-diagnostics -explicit-module-build -module-cache-path /Users/omidchaghaneh/Projects_3/element-x-ios/build/Build/Intermediates.noindex/SwiftExplicitPrecompiledModules -clang-scanner-module-cache-path /Users/omidchaghaneh/Projects_3/element-x-ios/build/ModuleCache.noindex -sdk-module-cache-path /Users/omidchaghaneh/Projects_3/element-x-ios/build/ModuleCache.noindex -serialize-diagnostics -emit-dependencies -emit-module -emit-module-path /Users/omidchaghaneh/Projects_3/element-x-ios/build/Build/Intermediates.noindex/Lingugram.build/Debug-iphonesimulator/ShareExtension.build/Objects-normal/arm64/ShareExtension.swiftmodule -validate-clang-modules-once -clang-build-session-file /Users/omidchaghaneh/Projects_3/element-x-ios/build/ModuleCache.noindex/Session.modulevalidation -Xcc -I/Users/omidchaghaneh/Projects_3/element-x-ios/build/Build/Intermediates.noindex/Lingugram.build/Debug-iphonesimulator/ShareExtension.build/swift-overrides.hmap -emit-const-values -Xfrontend -const-gather-protocols-file -Xfrontend /Users/omidchaghaneh/Projects_3/element-x-ios/build/Build/Intermediates.noindex/Lingugram.build/Debug-iphonesimulator/ShareExtension.build/Objects-normal/arm64/ShareExtension_const_extract_protocols.json -Xcc -iquote -Xcc /Users/omidchaghaneh/Projects_3/element-x-ios/build/Build/Intermediates.noindex/Lingugram.build/Debug-iphonesimulator/ShareExtension.build/ShareExtension-generated-files.hmap -Xcc -I/Users/omidchaghaneh/Projects_3/element-x-ios/build/Build/Intermediates.noindex/Lingugram.build/Debug-iphonesimulator/ShareExtension.build/ShareExtension-own-target-headers.hmap -Xcc -I/Users/omidchaghaneh/Projects_3/element-x-ios/build/Build/Intermediates.noindex/Lingugram.build/Debug-iphonesimulator/ShareExtension.build/ShareExtension-all-non-framework-target-headers.hmap -Xcc -ivfsoverlay -Xcc /Users/omidchaghaneh/Projects_3/element-x-ios/build/Build/Intermediates.noindex/Lingugram.build/Debug-iphonesimulator/Lingugram-7c77e73fb99db34166dc0fb522858b59-VFS-iphonesimulator/all-product-headers.yaml -Xcc -iquote -Xcc /Users/omidchaghaneh/Projects_3/element-x-ios/build/Build/Intermediates.noindex/Lingugram.build/Debug-iphonesimulator/ShareExtension.build/ShareExtension-project-headers.hmap -Xcc -I/Users/omidchaghaneh/Projects_3/element-x-ios/build/Build/Products/Debug-iphonesimulator/include -Xcc -I/Users/omidchaghaneh/Projects_3/element-x-ios/build/Build/Intermediates.noindex/Lingugram.build/Debug-iphonesimulator/ShareExtension.build/DerivedSources-normal/arm64 -Xcc -I/Users/omidchaghaneh/Projects_3/element-x-ios/build/Build/Intermediates.noindex/Lingugram.build/Debug-iphonesimulator/ShareExtension.build/DerivedSources/arm64 -Xcc -I/Users/omidchaghaneh/Projects_3/element-x-ios/build/Build/Intermediates.noindex/Lingugram.build/Debug-iphonesimulator/ShareExtension.build/DerivedSources -Xcc -DDEBUG\=1 -emit-objc-header -emit-objc-header-path /Users/omidchaghaneh/Projects_3/element-x-ios/build/Build/Intermediates.noindex/Lingugram.build/Debug-iphonesimulator/ShareExtension.build/Objects-normal/arm64/ShareExtension-Swift.h -working-directory /Users/omidchaghaneh/Projects_3/element-x-ios -experimental-emit-module-separately -disable-cmo

Copy /Users/omidchaghaneh/Projects_3/element-x-ios/build/Build/Products/Debug-iphonesimulator/ShareExtension.swiftmodule/arm64-apple-ios-simulator.swiftmodule /Users/omidchaghaneh/Projects_3/element-x-ios/build/Build/Intermediates.noindex/Lingugram.build/Debug-iphonesimulator/ShareExtension.build/Objects-normal/arm64/ShareExtension.swiftmodule (in target 'ShareExtension' from project 'Lingugram')
    cd /Users/omidchaghaneh/Projects_3/element-x-ios
    builtin-copy -exclude .DS_Store -exclude CVS -exclude .svn -exclude .git -exclude .hg -resolve-src-symlinks -rename /Users/omidchaghaneh/Projects_3/element-x-ios/build/Build/Intermediates.noindex/Lingugram.build/Debug-iphonesimulator/ShareExtension.build/Objects-normal/arm64/ShareExtension.swiftmodule /Users/omidchaghaneh/Projects_3/element-x-ios/build/Build/Products/Debug-iphonesimulator/ShareExtension.swiftmodule/arm64-apple-ios-simulator.swiftmodule

Copy /Users/omidchaghaneh/Projects_3/element-x-ios/build/Build/Products/Debug-iphonesimulator/ShareExtension.swiftmodule/Project/arm64-apple-ios-simulator.swiftsourceinfo /Users/omidchaghaneh/Projects_3/element-x-ios/build/Build/Intermediates.noindex/Lingugram.build/Debug-iphonesimulator/ShareExtension.build/Objects-normal/arm64/ShareExtension.swiftsourceinfo (in target 'ShareExtension' from project 'Lingugram')
    cd /Users/omidchaghaneh/Projects_3/element-x-ios
    builtin-copy -exclude .DS_Store -exclude CVS -exclude .svn -exclude .git -exclude .hg -resolve-src-symlinks -rename /Users/omidchaghaneh/Projects_3/element-x-ios/build/Build/Intermediates.noindex/Lingugram.build/Debug-iphonesimulator/ShareExtension.build/Objects-normal/arm64/ShareExtension.swiftsourceinfo /Users/omidchaghaneh/Projects_3/element-x-ios/build/Build/Products/Debug-iphonesimulator/ShareExtension.swiftmodule/Project/arm64-apple-ios-simulator.swiftsourceinfo

Copy /Users/omidchaghaneh/Projects_3/element-x-ios/build/Build/Products/Debug-iphonesimulator/ShareExtension.swiftmodule/arm64-apple-ios-simulator.swiftdoc /Users/omidchaghaneh/Projects_3/element-x-ios/build/Build/Intermediates.noindex/Lingugram.build/Debug-iphonesimulator/ShareExtension.build/Objects-normal/arm64/ShareExtension.swiftdoc (in target 'ShareExtension' from project 'Lingugram')
    cd /Users/omidchaghaneh/Projects_3/element-x-ios
    builtin-copy -exclude .DS_Store -exclude CVS -exclude .svn -exclude .git -exclude .hg -resolve-src-symlinks -rename /Users/omidchaghaneh/Projects_3/element-x-ios/build/Build/Intermediates.noindex/Lingugram.build/Debug-iphonesimulator/ShareExtension.build/Objects-normal/arm64/ShareExtension.swiftdoc /Users/omidchaghaneh/Projects_3/element-x-ios/build/Build/Products/Debug-iphonesimulator/ShareExtension.swiftmodule/arm64-apple-ios-simulator.swiftdoc

Copy /Users/omidchaghaneh/Projects_3/element-x-ios/build/Build/Products/Debug-iphonesimulator/ShareExtension.swiftmodule/arm64-apple-ios-simulator.abi.json /Users/omidchaghaneh/Projects_3/element-x-ios/build/Build/Intermediates.noindex/Lingugram.build/Debug-iphonesimulator/ShareExtension.build/Objects-normal/arm64/ShareExtension.abi.json (in target 'ShareExtension' from project 'Lingugram')
    cd /Users/omidchaghaneh/Projects_3/element-x-ios
    builtin-copy -exclude .DS_Store -exclude CVS -exclude .svn -exclude .git -exclude .hg -resolve-src-symlinks -rename /Users/omidchaghaneh/Projects_3/element-x-ios/build/Build/Intermediates.noindex/Lingugram.build/Debug-iphonesimulator/ShareExtension.build/Objects-normal/arm64/ShareExtension.abi.json /Users/omidchaghaneh/Projects_3/element-x-ios/build/Build/Products/Debug-iphonesimulator/ShareExtension.swiftmodule/arm64-apple-ios-simulator.abi.json

SwiftDriverJobDiscovery normal arm64 Compiling AppSettings.swift (in target 'ShareExtension' from project 'Lingugram')

SwiftCompile normal arm64 Compiling\ ShareExtensionViewController.swift /Users/omidchaghaneh/Projects_3/element-x-ios/ShareExtension/Sources/ShareExtensionViewController.swift (in target 'ShareExtension' from project 'Lingugram')
SwiftCompile normal arm64 /Users/omidchaghaneh/Projects_3/element-x-ios/ShareExtension/Sources/ShareExtensionViewController.swift (in target 'ShareExtension' from project 'Lingugram')
    cd /Users/omidchaghaneh/Projects_3/element-x-ios
    

SwiftDriverJobDiscovery normal arm64 Compiling AppSettings.swift (in target 'NSE' from project 'Lingugram')

SwiftCompile normal arm64 Compiling\ NotificationServiceExtension.swift /Users/omidchaghaneh/Projects_3/element-x-ios/NSE/Sources/NotificationServiceExtension.swift (in target 'NSE' from project 'Lingugram')

SwiftCompile normal arm64 /Users/omidchaghaneh/Projects_3/element-x-ios/NSE/Sources/NotificationServiceExtension.swift (in target 'NSE' from project 'Lingugram')
    cd /Users/omidchaghaneh/Projects_3/element-x-ios
    

SwiftCompile normal arm64 Compiling\ NotificationContentBuilder.swift /Users/omidchaghaneh/Projects_3/element-x-ios/NSE/Sources/NotificationContentBuilder.swift (in target 'NSE' from project 'Lingugram')
SwiftCompile normal arm64 /Users/omidchaghaneh/Projects_3/element-x-ios/NSE/Sources/NotificationContentBuilder.swift (in target 'NSE' from project 'Lingugram')
    cd /Users/omidchaghaneh/Projects_3/element-x-ios
    

SwiftDriverJobDiscovery normal arm64 Emitting module for NSE (in target 'NSE' from project 'Lingugram')

SwiftDriver\ Compilation\ Requirements NSE normal arm64 com.apple.xcode.tools.swift.compiler (in target 'NSE' from project 'Lingugram')
    cd /Users/omidchaghaneh/Projects_3/element-x-ios
    builtin-Swift-Compilation-Requirements -- /Applications/Xcode.app/Contents/Developer/Toolchains/XcodeDefault.xctoolchain/usr/bin/swiftc -module-name NSE -Onone -enforce-exclusivity\=checked @/Users/omidchaghaneh/Projects_3/element-x-ios/build/Build/Intermediates.noindex/Lingugram.build/Debug-iphonesimulator/NSE.build/Objects-normal/arm64/NSE.SwiftFileList -DDEBUG -DIS_NSE -enable-bare-slash-regex -enable-experimental-feature DebugDescriptionMacro -sdk /Applications/Xcode.app/Contents/Developer/Platforms/iPhoneSimulator.platform/Developer/SDKs/iPhoneSimulator26.0.sdk -target arm64-apple-ios17.5-simulator -g -module-cache-path /Users/omidchaghaneh/Projects_3/element-x-ios/build/ModuleCache.noindex -Xfrontend -serialize-debugging-options -application-extension -profile-coverage-mapping -profile-generate -enable-testing -index-store-path /Users/omidchaghaneh/Projects_3/element-x-ios/build/Index.noindex/DataStore -Xcc -D_LIBCPP_HARDENING_MODE\=_LIBCPP_HARDENING_MODE_DEBUG -swift-version 5 -I /Users/omidchaghaneh/Projects_3/element-x-ios/build/Build/Products/Debug-iphonesimulator -F /Users/omidchaghaneh/Projects_3/element-x-ios/build/Build/Products/Debug-iphonesimulator/PackageFrameworks -F /Users/omidchaghaneh/Projects_3/element-x-ios/build/Build/Products/Debug-iphonesimulator/PackageFrameworks -F /Users/omidchaghaneh/Projects_3/element-x-ios/build/Build/Products/Debug-iphonesimulator/PackageFrameworks -F /Users/omidchaghaneh/Projects_3/element-x-ios/build/Build/Products/Debug-iphonesimulator/PackageFrameworks -F /Users/omidchaghaneh/Projects_3/element-x-ios/build/Build/Products/Debug-iphonesimulator/PackageFrameworks -F /Users/omidchaghaneh/Projects_3/element-x-ios/build/Build/Products/Debug-iphonesimulator/PackageFrameworks -F /Users/omidchaghaneh/Projects_3/element-x-ios/build/Build/Products/Debug-iphonesimulator/PackageFrameworks -F /Users/omidchaghaneh/Projects_3/element-x-ios/build/Build/Products/Debug-iphonesimulator/PackageFrameworks -F /Users/omidchaghaneh/Projects_3/element-x-ios/build/Build/Products/Debug-iphonesimulator/PackageFrameworks -F /Users/omidchaghaneh/Projects_3/element-x-ios/build/Build/Products/Debug-iphonesimulator/PackageFrameworks -F /Users/omidchaghaneh/Projects_3/element-x-ios/build/Build/Products/Debug-iphonesimulator/PackageFrameworks -F /Users/omidchaghaneh/Projects_3/element-x-ios/build/Build/Products/Debug-iphonesimulator/PackageFrameworks -F /Users/omidchaghaneh/Projects_3/element-x-ios/build/Build/Products/Debug-iphonesimulator/PackageFrameworks -F /Users/omidchaghaneh/Projects_3/element-x-ios/build/Build/Products/Debug-iphonesimulator/PackageFrameworks -F /Users/omidchaghaneh/Projects_3/element-x-ios/build/Build/Products/Debug-iphonesimulator/PackageFrameworks -F /Users/omidchaghaneh/Projects_3/element-x-ios/build/Build/Products/Debug-iphonesimulator/PackageFrameworks -F /Users/omidchaghaneh/Projects_3/element-x-ios/build/Build/Products/Debug-iphonesimulator/PackageFrameworks -F /Users/omidchaghaneh/Projects_3/element-x-ios/build/Build/Products/Debug-iphonesimulator/PackageFrameworks -F /Users/omidchaghaneh/Projects_3/element-x-ios/build/Build/Products/Debug-iphonesimulator/PackageFrameworks -F /Users/omidchaghaneh/Projects_3/element-x-ios/build/Build/Products/Debug-iphonesimulator -c -j10 -enable-batch-mode -incremental -Xcc -ivfsstatcache -Xcc /Users/omidchaghaneh/Projects_3/element-x-ios/build/SDKStatCaches.noindex/iphonesimulator26.0-23A339-3885c01c3e6b6a337905948deab2002e26257891a6c027eb51374368541b8346.sdkstatcache -output-file-map /Users/omidchaghaneh/Projects_3/element-x-ios/build/Build/Intermediates.noindex/Lingugram.build/Debug-iphonesimulator/NSE.build/Objects-normal/arm64/NSE-OutputFileMap.json -use-frontend-parseable-output -save-temps -no-color-diagnostics -explicit-module-build -module-cache-path /Users/omidchaghaneh/Projects_3/element-x-ios/build/Build/Intermediates.noindex/SwiftExplicitPrecompiledModules -clang-scanner-module-cache-path /Users/omidchaghaneh/Projects_3/element-x-ios/build/ModuleCache.noindex -sdk-module-cache-path /Users/omidchaghaneh/Projects_3/element-x-ios/build/ModuleCache.noindex -serialize-diagnostics -emit-dependencies -emit-module -emit-module-path /Users/omidchaghaneh/Projects_3/element-x-ios/build/Build/Intermediates.noindex/Lingugram.build/Debug-iphonesimulator/NSE.build/Objects-normal/arm64/NSE.swiftmodule -validate-clang-modules-once -clang-build-session-file /Users/omidchaghaneh/Projects_3/element-x-ios/build/ModuleCache.noindex/Session.modulevalidation -Xcc -I/Users/omidchaghaneh/Projects_3/element-x-ios/build/Build/Intermediates.noindex/Lingugram.build/Debug-iphonesimulator/NSE.build/swift-overrides.hmap -emit-const-values -Xfrontend -const-gather-protocols-file -Xfrontend /Users/omidchaghaneh/Projects_3/element-x-ios/build/Build/Intermediates.noindex/Lingugram.build/Debug-iphonesimulator/NSE.build/Objects-normal/arm64/NSE_const_extract_protocols.json -Xcc -iquote -Xcc /Users/omidchaghaneh/Projects_3/element-x-ios/build/Build/Intermediates.noindex/Lingugram.build/Debug-iphonesimulator/NSE.build/NSE-generated-files.hmap -Xcc -I/Users/omidchaghaneh/Projects_3/element-x-ios/build/Build/Intermediates.noindex/Lingugram.build/Debug-iphonesimulator/NSE.build/NSE-own-target-headers.hmap -Xcc -I/Users/omidchaghaneh/Projects_3/element-x-ios/build/Build/Intermediates.noindex/Lingugram.build/Debug-iphonesimulator/NSE.build/NSE-all-non-framework-target-headers.hmap -Xcc -ivfsoverlay -Xcc /Users/omidchaghaneh/Projects_3/element-x-ios/build/Build/Intermediates.noindex/Lingugram.build/Debug-iphonesimulator/Lingugram-7c77e73fb99db34166dc0fb522858b59-VFS-iphonesimulator/all-product-headers.yaml -Xcc -iquote -Xcc /Users/omidchaghaneh/Projects_3/element-x-ios/build/Build/Intermediates.noindex/Lingugram.build/Debug-iphonesimulator/NSE.build/NSE-project-headers.hmap -Xcc -I/Users/omidchaghaneh/Projects_3/element-x-ios/build/Build/Products/Debug-iphonesimulator/include -Xcc -I/Users/omidchaghaneh/Projects_3/element-x-ios/build/Build/Intermediates.noindex/Lingugram.build/Debug-iphonesimulator/NSE.build/DerivedSources-normal/arm64 -Xcc -I/Users/omidchaghaneh/Projects_3/element-x-ios/build/Build/Intermediates.noindex/Lingugram.build/Debug-iphonesimulator/NSE.build/DerivedSources/arm64 -Xcc -I/Users/omidchaghaneh/Projects_3/element-x-ios/build/Build/Intermediates.noindex/Lingugram.build/Debug-iphonesimulator/NSE.build/DerivedSources -Xcc -DDEBUG\=1 -emit-objc-header -emit-objc-header-path /Users/omidchaghaneh/Projects_3/element-x-ios/build/Build/Intermediates.noindex/Lingugram.build/Debug-iphonesimulator/NSE.build/Objects-normal/arm64/GeneratedInterface-Swift.h -working-directory /Users/omidchaghaneh/Projects_3/element-x-ios -experimental-emit-module-separately -disable-cmo

Copy /Users/omidchaghaneh/Projects_3/element-x-ios/build/Build/Products/Debug-iphonesimulator/NSE.swiftmodule/Project/arm64-apple-ios-simulator.swiftsourceinfo /Users/omidchaghaneh/Projects_3/element-x-ios/build/Build/Intermediates.noindex/Lingugram.build/Debug-iphonesimulator/NSE.build/Objects-normal/arm64/NSE.swiftsourceinfo (in target 'NSE' from project 'Lingugram')
    cd /Users/omidchaghaneh/Projects_3/element-x-ios
    builtin-copy -exclude .DS_Store -exclude CVS -exclude .svn -exclude .git -exclude .hg -resolve-src-symlinks -rename /Users/omidchaghaneh/Projects_3/element-x-ios/build/Build/Intermediates.noindex/Lingugram.build/Debug-iphonesimulator/NSE.build/Objects-normal/arm64/NSE.swiftsourceinfo /Users/omidchaghaneh/Projects_3/element-x-ios/build/Build/Products/Debug-iphonesimulator/NSE.swiftmodule/Project/arm64-apple-ios-simulator.swiftsourceinfo

Copy /Users/omidchaghaneh/Projects_3/element-x-ios/build/Build/Products/Debug-iphonesimulator/NSE.swiftmodule/arm64-apple-ios-simulator.swiftmodule /Users/omidchaghaneh/Projects_3/element-x-ios/build/Build/Intermediates.noindex/Lingugram.build/Debug-iphonesimulator/NSE.build/Objects-normal/arm64/NSE.swiftmodule (in target 'NSE' from project 'Lingugram')
    cd /Users/omidchaghaneh/Projects_3/element-x-ios
    builtin-copy -exclude .DS_Store -exclude CVS -exclude .svn -exclude .git -exclude .hg -resolve-src-symlinks -rename /Users/omidchaghaneh/Projects_3/element-x-ios/build/Build/Intermediates.noindex/Lingugram.build/Debug-iphonesimulator/NSE.build/Objects-normal/arm64/NSE.swiftmodule /Users/omidchaghaneh/Projects_3/element-x-ios/build/Build/Products/Debug-iphonesimulator/NSE.swiftmodule/arm64-apple-ios-simulator.swiftmodule

Copy /Users/omidchaghaneh/Projects_3/element-x-ios/build/Build/Products/Debug-iphonesimulator/NSE.swiftmodule/arm64-apple-ios-simulator.abi.json /Users/omidchaghaneh/Projects_3/element-x-ios/build/Build/Intermediates.noindex/Lingugram.build/Debug-iphonesimulator/NSE.build/Objects-normal/arm64/NSE.abi.json (in target 'NSE' from project 'Lingugram')
    cd /Users/omidchaghaneh/Projects_3/element-x-ios
    builtin-copy -exclude .DS_Store -exclude CVS -exclude .svn -exclude .git -exclude .hg -resolve-src-symlinks -rename /Users/omidchaghaneh/Projects_3/element-x-ios/build/Build/Intermediates.noindex/Lingugram.build/Debug-iphonesimulator/NSE.build/Objects-normal/arm64/NSE.abi.json /Users/omidchaghaneh/Projects_3/element-x-ios/build/Build/Products/Debug-iphonesimulator/NSE.swiftmodule/arm64-apple-ios-simulator.abi.json

SwiftDriverJobDiscovery normal arm64 Compiling NotificationServiceExtension.swift (in target 'NSE' from project 'Lingugram')

SwiftDriverJobDiscovery normal arm64 Compiling ShareExtensionViewController.swift (in target 'ShareExtension' from project 'Lingugram')

SwiftDriver\ Compilation ShareExtension normal arm64 com.apple.xcode.tools.swift.compiler (in target 'ShareExtension' from project 'Lingugram')
    cd /Users/omidchaghaneh/Projects_3/element-x-ios
    builtin-Swift-Compilation -- /Applications/Xcode.app/Contents/Developer/Toolchains/XcodeDefault.xctoolchain/usr/bin/swiftc -module-name ShareExtension -Onone -enforce-exclusivity\=checked @/Users/omidchaghaneh/Projects_3/element-x-ios/build/Build/Intermediates.noindex/Lingugram.build/Debug-iphonesimulator/ShareExtension.build/Objects-normal/arm64/ShareExtension.SwiftFileList -DDEBUG -enable-bare-slash-regex -enable-experimental-feature DebugDescriptionMacro -sdk /Applications/Xcode.app/Contents/Developer/Platforms/iPhoneSimulator.platform/Developer/SDKs/iPhoneSimulator26.0.sdk -target arm64-apple-ios17.5-simulator -g -module-cache-path /Users/omidchaghaneh/Projects_3/element-x-ios/build/ModuleCache.noindex -Xfrontend -serialize-debugging-options -application-extension -profile-coverage-mapping -profile-generate -enable-testing -index-store-path /Users/omidchaghaneh/Projects_3/element-x-ios/build/Index.noindex/DataStore -Xcc -D_LIBCPP_HARDENING_MODE\=_LIBCPP_HARDENING_MODE_DEBUG -swift-version 5 -I /Users/omidchaghaneh/Projects_3/element-x-ios/build/Build/Products/Debug-iphonesimulator -F /Users/omidchaghaneh/Projects_3/element-x-ios/build/Build/Products/Debug-iphonesimulator/PackageFrameworks -F /Users/omidchaghaneh/Projects_3/element-x-ios/build/Build/Products/Debug-iphonesimulator/PackageFrameworks -F /Users/omidchaghaneh/Projects_3/element-x-ios/build/Build/Products/Debug-iphonesimulator/PackageFrameworks -F /Users/omidchaghaneh/Projects_3/element-x-ios/build/Build/Products/Debug-iphonesimulator/PackageFrameworks -F /Users/omidchaghaneh/Projects_3/element-x-ios/build/Build/Products/Debug-iphonesimulator/PackageFrameworks -F /Users/omidchaghaneh/Projects_3/element-x-ios/build/Build/Products/Debug-iphonesimulator/PackageFrameworks -F /Users/omidchaghaneh/Projects_3/element-x-ios/build/Build/Products/Debug-iphonesimulator/PackageFrameworks -F /Users/omidchaghaneh/Projects_3/element-x-ios/build/Build/Products/Debug-iphonesimulator/PackageFrameworks -F /Users/omidchaghaneh/Projects_3/element-x-ios/build/Build/Products/Debug-iphonesimulator/PackageFrameworks -F /Users/omidchaghaneh/Projects_3/element-x-ios/build/Build/Products/Debug-iphonesimulator/PackageFrameworks -F /Users/omidchaghaneh/Projects_3/element-x-ios/build/Build/Products/Debug-iphonesimulator/PackageFrameworks -F /Users/omidchaghaneh/Projects_3/element-x-ios/build/Build/Products/Debug-iphonesimulator/PackageFrameworks -F /Users/omidchaghaneh/Projects_3/element-x-ios/build/Build/Products/Debug-iphonesimulator/PackageFrameworks -F /Users/omidchaghaneh/Projects_3/element-x-ios/build/Build/Products/Debug-iphonesimulator/PackageFrameworks -F /Users/omidchaghaneh/Projects_3/element-x-ios/build/Build/Products/Debug-iphonesimulator -c -j10 -enable-batch-mode -incremental -Xcc -ivfsstatcache -Xcc /Users/omidchaghaneh/Projects_3/element-x-ios/build/SDKStatCaches.noindex/iphonesimulator26.0-23A339-3885c01c3e6b6a337905948deab2002e26257891a6c027eb51374368541b8346.sdkstatcache -output-file-map /Users/omidchaghaneh/Projects_3/element-x-ios/build/Build/Intermediates.noindex/Lingugram.build/Debug-iphonesimulator/ShareExtension.build/Objects-normal/arm64/ShareExtension-OutputFileMap.json -use-frontend-parseable-output -save-temps -no-color-diagnostics -explicit-module-build -module-cache-path /Users/omidchaghaneh/Projects_3/element-x-ios/build/Build/Intermediates.noindex/SwiftExplicitPrecompiledModules -clang-scanner-module-cache-path /Users/omidchaghaneh/Projects_3/element-x-ios/build/ModuleCache.noindex -sdk-module-cache-path /Users/omidchaghaneh/Projects_3/element-x-ios/build/ModuleCache.noindex -serialize-diagnostics -emit-dependencies -emit-module -emit-module-path /Users/omidchaghaneh/Projects_3/element-x-ios/build/Build/Intermediates.noindex/Lingugram.build/Debug-iphonesimulator/ShareExtension.build/Objects-normal/arm64/ShareExtension.swiftmodule -validate-clang-modules-once -clang-build-session-file /Users/omidchaghaneh/Projects_3/element-x-ios/build/ModuleCache.noindex/Session.modulevalidation -Xcc -I/Users/omidchaghaneh/Projects_3/element-x-ios/build/Build/Intermediates.noindex/Lingugram.build/Debug-iphonesimulator/ShareExtension.build/swift-overrides.hmap -emit-const-values -Xfrontend -const-gather-protocols-file -Xfrontend /Users/omidchaghaneh/Projects_3/element-x-ios/build/Build/Intermediates.noindex/Lingugram.build/Debug-iphonesimulator/ShareExtension.build/Objects-normal/arm64/ShareExtension_const_extract_protocols.json -Xcc -iquote -Xcc /Users/omidchaghaneh/Projects_3/element-x-ios/build/Build/Intermediates.noindex/Lingugram.build/Debug-iphonesimulator/ShareExtension.build/ShareExtension-generated-files.hmap -Xcc -I/Users/omidchaghaneh/Projects_3/element-x-ios/build/Build/Intermediates.noindex/Lingugram.build/Debug-iphonesimulator/ShareExtension.build/ShareExtension-own-target-headers.hmap -Xcc -I/Users/omidchaghaneh/Projects_3/element-x-ios/build/Build/Intermediates.noindex/Lingugram.build/Debug-iphonesimulator/ShareExtension.build/ShareExtension-all-non-framework-target-headers.hmap -Xcc -ivfsoverlay -Xcc /Users/omidchaghaneh/Projects_3/element-x-ios/build/Build/Intermediates.noindex/Lingugram.build/Debug-iphonesimulator/Lingugram-7c77e73fb99db34166dc0fb522858b59-VFS-iphonesimulator/all-product-headers.yaml -Xcc -iquote -Xcc /Users/omidchaghaneh/Projects_3/element-x-ios/build/Build/Intermediates.noindex/Lingugram.build/Debug-iphonesimulator/ShareExtension.build/ShareExtension-project-headers.hmap -Xcc -I/Users/omidchaghaneh/Projects_3/element-x-ios/build/Build/Products/Debug-iphonesimulator/include -Xcc -I/Users/omidchaghaneh/Projects_3/element-x-ios/build/Build/Intermediates.noindex/Lingugram.build/Debug-iphonesimulator/ShareExtension.build/DerivedSources-normal/arm64 -Xcc -I/Users/omidchaghaneh/Projects_3/element-x-ios/build/Build/Intermediates.noindex/Lingugram.build/Debug-iphonesimulator/ShareExtension.build/DerivedSources/arm64 -Xcc -I/Users/omidchaghaneh/Projects_3/element-x-ios/build/Build/Intermediates.noindex/Lingugram.build/Debug-iphonesimulator/ShareExtension.build/DerivedSources -Xcc -DDEBUG\=1 -emit-objc-header -emit-objc-header-path /Users/omidchaghaneh/Projects_3/element-x-ios/build/Build/Intermediates.noindex/Lingugram.build/Debug-iphonesimulator/ShareExtension.build/Objects-normal/arm64/ShareExtension-Swift.h -working-directory /Users/omidchaghaneh/Projects_3/element-x-ios -experimental-emit-module-separately -disable-cmo

Ld /Users/omidchaghaneh/Projects_3/element-x-ios/build/Build/Products/Debug-iphonesimulator/ShareExtension.appex/ShareExtension.debug.dylib normal (in target 'ShareExtension' from project 'Lingugram')
    cd /Users/omidchaghaneh/Projects_3/element-x-ios
    /Applications/Xcode.app/Contents/Developer/Toolchains/XcodeDefault.xctoolchain/usr/bin/clang -Xlinker -reproducible -target arm64-apple-ios17.5-simulator -dynamiclib -isysroot /Applications/Xcode.app/Contents/Developer/Platforms/iPhoneSimulator.platform/Developer/SDKs/iPhoneSimulator26.0.sdk -O0 -L/Users/omidchaghaneh/Projects_3/element-x-ios/build/Build/Intermediates.noindex/EagerLinkingTBDs/Debug-iphonesimulator -L/Users/omidchaghaneh/Projects_3/element-x-ios/build/Build/Products/Debug-iphonesimulator -F/Users/omidchaghaneh/Projects_3/element-x-ios/build/Build/Intermediates.noindex/EagerLinkingTBDs/Debug-iphonesimulator -F/Users/omidchaghaneh/Projects_3/element-x-ios/build/Build/Products/Debug-iphonesimulator/PackageFrameworks -F/Users/omidchaghaneh/Projects_3/element-x-ios/build/Build/Products/Debug-iphonesimulator/PackageFrameworks -F/Users/omidchaghaneh/Projects_3/element-x-ios/build/Build/Products/Debug-iphonesimulator/PackageFrameworks -F/Users/omidchaghaneh/Projects_3/element-x-ios/build/Build/Products/Debug-iphonesimulator/PackageFrameworks -F/Users/omidchaghaneh/Projects_3/element-x-ios/build/Build/Products/Debug-iphonesimulator/PackageFrameworks -F/Users/omidchaghaneh/Projects_3/element-x-ios/build/Build/Products/Debug-iphonesimulator/PackageFrameworks -F/Users/omidchaghaneh/Projects_3/element-x-ios/build/Build/Products/Debug-iphonesimulator/PackageFrameworks -F/Users/omidchaghaneh/Projects_3/element-x-ios/build/Build/Products/Debug-iphonesimulator/PackageFrameworks -F/Users/omidchaghaneh/Projects_3/element-x-ios/build/Build/Products/Debug-iphonesimulator/PackageFrameworks -F/Users/omidchaghaneh/Projects_3/element-x-ios/build/Build/Products/Debug-iphonesimulator/PackageFrameworks -F/Users/omidchaghaneh/Projects_3/element-x-ios/build/Build/Products/Debug-iphonesimulator/PackageFrameworks -F/Users/omidchaghaneh/Projects_3/element-x-ios/build/Build/Products/Debug-iphonesimulator/PackageFrameworks -F/Users/omidchaghaneh/Projects_3/element-x-ios/build/Build/Products/Debug-iphonesimulator/PackageFrameworks -F/Users/omidchaghaneh/Projects_3/element-x-ios/build/Build/Products/Debug-iphonesimulator/PackageFrameworks -F/Users/omidchaghaneh/Projects_3/element-x-ios/build/Build/Products/Debug-iphonesimulator -filelist /Users/omidchaghaneh/Projects_3/element-x-ios/build/Build/Intermediates.noindex/Lingugram.build/Debug-iphonesimulator/ShareExtension.build/Objects-normal/arm64/ShareExtension.LinkFileList -install_name @rpath/ShareExtension.debug.dylib -Xlinker -rpath -Xlinker /usr/lib/swift -Xlinker -rpath -Xlinker /Users/omidchaghaneh/Projects_3/element-x-ios/build/Build/Products/Debug-iphonesimulator/PackageFrameworks -Xlinker -rpath -Xlinker @executable_path/Frameworks -Xlinker -rpath -Xlinker @executable_path/../../Frameworks -dead_strip -Xlinker -object_path_lto -Xlinker /Users/omidchaghaneh/Projects_3/element-x-ios/build/Build/Intermediates.noindex/Lingugram.build/Debug-iphonesimulator/ShareExtension.build/Objects-normal/arm64/ShareExtension_lto.o -rdynamic -Xlinker -no_deduplicate -Xlinker -objc_abi_version -Xlinker 2 -Xlinker -debug_variant -Xlinker -dependency_info -Xlinker /Users/omidchaghaneh/Projects_3/element-x-ios/build/Build/Intermediates.noindex/Lingugram.build/Debug-iphonesimulator/ShareExtension.build/Objects-normal/arm64/ShareExtension_dependency_info.dat -fapplication-extension -fobjc-link-runtime -fprofile-instr-generate -L/Applications/Xcode.app/Contents/Developer/Toolchains/XcodeDefault.xctoolchain/usr/lib/swift/iphonesimulator -L/usr/lib/swift -Xlinker -add_ast_path -Xlinker /Users/omidchaghaneh/Projects_3/element-x-ios/build/Build/Intermediates.noindex/Lingugram.build/Debug-iphonesimulator/ShareExtension.build/Objects-normal/arm64/ShareExtension.swiftmodule @/Users/omidchaghaneh/Projects_3/element-x-ios/build/Build/Intermediates.noindex/Lingugram.build/Debug-iphonesimulator/ShareExtension.build/Objects-normal/arm64/ShareExtension-linker-args.resp -Wl,-no_warn_duplicate_libraries -Wl,-no_warn_duplicate_libraries -Wl,-no_warn_duplicate_libraries -Wl,-no_warn_duplicate_libraries -Wl,-no_warn_duplicate_libraries -Wl,-no_warn_duplicate_libraries -Wl,-no_warn_duplicate_libraries -Wl,-no_warn_duplicate_libraries -Wl,-no_warn_duplicate_libraries -Wl,-no_warn_duplicate_libraries -Wl,-no_warn_duplicate_libraries -Wl,-no_warn_duplicate_libraries -Wl,-no_warn_duplicate_libraries -Wl,-no_warn_duplicate_libraries -Xlinker -alias -Xlinker _NSExtensionMain -Xlinker ___debug_main_executable_dylib_entry_point /Users/omidchaghaneh/Projects_3/element-x-ios/build/Build/Products/Debug-iphonesimulator/PackageFrameworks/MatrixRustSDK.framework/MatrixRustSDK -o /Users/omidchaghaneh/Projects_3/element-x-ios/build/Build/Products/Debug-iphonesimulator/ShareExtension.appex/ShareExtension.debug.dylib -Xlinker -add_ast_path -Xlinker /Users/omidchaghaneh/Projects_3/element-x-ios/build/Build/Intermediates.noindex/Compound.build/Debug-iphonesimulator/Compound.build/Objects-normal/arm64/Compound.swiftmodule @/Users/omidchaghaneh/Projects_3/element-x-ios/build/Build/Intermediates.noindex/Compound.build/Debug-iphonesimulator/Compound.build/Objects-normal/arm64/Compound-linker-args.resp -Xlinker -add_ast_path -Xlinker /Users/omidchaghaneh/Projects_3/element-x-ios/build/Build/Intermediates.noindex/CompoundDesignTokens.build/Debug-iphonesimulator/CompoundDesignTokens.build/Objects-normal/arm64/CompoundDesignTokens.swiftmodule @/Users/omidchaghaneh/Projects_3/element-x-ios/build/Build/Intermediates.noindex/CompoundDesignTokens.build/Debug-iphonesimulator/CompoundDesignTokens.build/Objects-normal/arm64/CompoundDesignTokens-linker-args.resp -Xlinker -add_ast_path -Xlinker /Users/omidchaghaneh/Projects_3/element-x-ios/build/Build/Intermediates.noindex/swiftui-introspect.build/Debug-iphonesimulator/SwiftUIIntrospect.build/Objects-normal/arm64/SwiftUIIntrospect.swiftmodule @/Users/omidchaghaneh/Projects_3/element-x-ios/build/Build/Intermediates.noindex/swiftui-introspect.build/Debug-iphonesimulator/SwiftUIIntrospect.build/Objects-normal/arm64/SwiftUIIntrospect-linker-args.resp -Xlinker -add_ast_path -Xlinker /Users/omidchaghaneh/Projects_3/element-x-ios/build/Build/Intermediates.noindex/SFSafeSymbols.build/Debug-iphonesimulator/SFSafeSymbols.build/Objects-normal/arm64/SFSafeSymbols.swiftmodule @/Users/omidchaghaneh/Projects_3/element-x-ios/build/Build/Intermediates.noindex/SFSafeSymbols.build/Debug-iphonesimulator/SFSafeSymbols.build/Objects-normal/arm64/SFSafeSymbols-linker-args.resp -Xlinker -add_ast_path -Xlinker /Users/omidchaghaneh/Projects_3/element-x-ios/build/Build/Intermediates.noindex/swift-collections.build/Debug-iphonesimulator/Collections.build/Objects-normal/arm64/Collections.swiftmodule @/Users/omidchaghaneh/Projects_3/element-x-ios/build/Build/Intermediates.noindex/swift-collections.build/Debug-iphonesimulator/Collections.build/Objects-normal/arm64/Collections-linker-args.resp -Xlinker -add_ast_path -Xlinker /Users/omidchaghaneh/Projects_3/element-x-ios/build/Build/Intermediates.noindex/swift-collections.build/Debug-iphonesimulator/InternalCollectionsUtilities.build/Objects-normal/arm64/InternalCollectionsUtilities.swiftmodule @/Users/omidchaghaneh/Projects_3/element-x-ios/build/Build/Intermediates.noindex/swift-collections.build/Debug-iphonesimulator/InternalCollectionsUtilities.build/Objects-normal/arm64/InternalCollectionsUtilities-linker-args.resp -Xlinker -add_ast_path -Xlinker /Users/omidchaghaneh/Projects_3/element-x-ios/build/Build/Intermediates.noindex/swift-collections.build/Debug-iphonesimulator/BitCollections.build/Objects-normal/arm64/BitCollections.swiftmodule @/Users/omidchaghaneh/Projects_3/element-x-ios/build/Build/Intermediates.noindex/swift-collections.build/Debug-iphonesimulator/BitCollections.build/Objects-normal/arm64/BitCollections-linker-args.resp -Xlinker -add_ast_path -Xlinker /Users/omidchaghaneh/Projects_3/element-x-ios/build/Build/Intermediates.noindex/swift-collections.build/Debug-iphonesimulator/DequeModule.build/Objects-normal/arm64/DequeModule.swiftmodule @/Users/omidchaghaneh/Projects_3/element-x-ios/build/Build/Intermediates.noindex/swift-collections.build/Debug-iphonesimulator/DequeModule.build/Objects-normal/arm64/DequeModule-linker-args.resp -Xlinker -add_ast_path -Xlinker /Users/omidchaghaneh/Projects_3/element-x-ios/build/Build/Intermediates.noindex/swift-collections.build/Debug-iphonesimulator/HashTreeCollections.build/Objects-normal/arm64/HashTreeCollections.swiftmodule @/Users/omidchaghaneh/Projects_3/element-x-ios/build/Build/Intermediates.noindex/swift-collections.build/Debug-iphonesimulator/HashTreeCollections.build/Objects-normal/arm64/HashTreeCollections-linker-args.resp -Xlinker -add_ast_path -Xlinker /Users/omidchaghaneh/Projects_3/element-x-ios/build/Build/Intermediates.noindex/swift-collections.build/Debug-iphonesimulator/HeapModule.build/Objects-normal/arm64/HeapModule.swiftmodule @/Users/omidchaghaneh/Projects_3/element-x-ios/build/Build/Intermediates.noindex/swift-collections.build/Debug-iphonesimulator/HeapModule.build/Objects-normal/arm64/HeapModule-linker-args.resp -Xlinker -add_ast_path -Xlinker /Users/omidchaghaneh/Projects_3/element-x-ios/build/Build/Intermediates.noindex/swift-collections.build/Debug-iphonesimulator/OrderedCollections.build/Objects-normal/arm64/OrderedCollections.swiftmodule @/Users/omidchaghaneh/Projects_3/element-x-ios/build/Build/Intermediates.noindex/swift-collections.build/Debug-iphonesimulator/OrderedCollections.build/Objects-normal/arm64/OrderedCollections-linker-args.resp -Xlinker -add_ast_path -Xlinker /Users/omidchaghaneh/Projects_3/element-x-ios/build/Build/Intermediates.noindex/swift-collections.build/Debug-iphonesimulator/_RopeModule.build/Objects-normal/arm64/_RopeModule.swiftmodule @/Users/omidchaghaneh/Projects_3/element-x-ios/build/Build/Intermediates.noindex/swift-collections.build/Debug-iphonesimulator/_RopeModule.build/Objects-normal/arm64/_RopeModule-linker-args.resp -Xlinker -add_ast_path -Xlinker /Users/omidchaghaneh/Projects_3/element-x-ios/build/Build/Intermediates.noindex/KeychainAccess.build/Debug-iphonesimulator/KeychainAccess.build/Objects-normal/arm64/KeychainAccess.swiftmodule @/Users/omidchaghaneh/Projects_3/element-x-ios/build/Build/Intermediates.noindex/KeychainAccess.build/Debug-iphonesimulator/KeychainAccess.build/Objects-normal/arm64/KeychainAccess-linker-args.resp

SwiftDriverJobDiscovery normal arm64 Compiling NotificationContentBuilder.swift (in target 'NSE' from project 'Lingugram')

SwiftDriver\ Compilation NSE normal arm64 com.apple.xcode.tools.swift.compiler (in target 'NSE' from project 'Lingugram')
    cd /Users/omidchaghaneh/Projects_3/element-x-ios
    builtin-Swift-Compilation -- /Applications/Xcode.app/Contents/Developer/Toolchains/XcodeDefault.xctoolchain/usr/bin/swiftc -module-name NSE -Onone -enforce-exclusivity\=checked @/Users/omidchaghaneh/Projects_3/element-x-ios/build/Build/Intermediates.noindex/Lingugram.build/Debug-iphonesimulator/NSE.build/Objects-normal/arm64/NSE.SwiftFileList -DDEBUG -DIS_NSE -enable-bare-slash-regex -enable-experimental-feature DebugDescriptionMacro -sdk /Applications/Xcode.app/Contents/Developer/Platforms/iPhoneSimulator.platform/Developer/SDKs/iPhoneSimulator26.0.sdk -target arm64-apple-ios17.5-simulator -g -module-cache-path /Users/omidchaghaneh/Projects_3/element-x-ios/build/ModuleCache.noindex -Xfrontend -serialize-debugging-options -application-extension -profile-coverage-mapping -profile-generate -enable-testing -index-store-path /Users/omidchaghaneh/Projects_3/element-x-ios/build/Index.noindex/DataStore -Xcc -D_LIBCPP_HARDENING_MODE\=_LIBCPP_HARDENING_MODE_DEBUG -swift-version 5 -I /Users/omidchaghaneh/Projects_3/element-x-ios/build/Build/Products/Debug-iphonesimulator -F /Users/omidchaghaneh/Projects_3/element-x-ios/build/Build/Products/Debug-iphonesimulator/PackageFrameworks -F /Users/omidchaghaneh/Projects_3/element-x-ios/build/Build/Products/Debug-iphonesimulator/PackageFrameworks -F /Users/omidchaghaneh/Projects_3/element-x-ios/build/Build/Products/Debug-iphonesimulator/PackageFrameworks -F /Users/omidchaghaneh/Projects_3/element-x-ios/build/Build/Products/Debug-iphonesimulator/PackageFrameworks -F /Users/omidchaghaneh/Projects_3/element-x-ios/build/Build/Products/Debug-iphonesimulator/PackageFrameworks -F /Users/omidchaghaneh/Projects_3/element-x-ios/build/Build/Products/Debug-iphonesimulator/PackageFrameworks -F /Users/omidchaghaneh/Projects_3/element-x-ios/build/Build/Products/Debug-iphonesimulator/PackageFrameworks -F /Users/omidchaghaneh/Projects_3/element-x-ios/build/Build/Products/Debug-iphonesimulator/PackageFrameworks -F /Users/omidchaghaneh/Projects_3/element-x-ios/build/Build/Products/Debug-iphonesimulator/PackageFrameworks -F /Users/omidchaghaneh/Projects_3/element-x-ios/build/Build/Products/Debug-iphonesimulator/PackageFrameworks -F /Users/omidchaghaneh/Projects_3/element-x-ios/build/Build/Products/Debug-iphonesimulator/PackageFrameworks -F /Users/omidchaghaneh/Projects_3/element-x-ios/build/Build/Products/Debug-iphonesimulator/PackageFrameworks -F /Users/omidchaghaneh/Projects_3/element-x-ios/build/Build/Products/Debug-iphonesimulator/PackageFrameworks -F /Users/omidchaghaneh/Projects_3/element-x-ios/build/Build/Products/Debug-iphonesimulator/PackageFrameworks -F /Users/omidchaghaneh/Projects_3/element-x-ios/build/Build/Products/Debug-iphonesimulator/PackageFrameworks -F /Users/omidchaghaneh/Projects_3/element-x-ios/build/Build/Products/Debug-iphonesimulator/PackageFrameworks -F /Users/omidchaghaneh/Projects_3/element-x-ios/build/Build/Products/Debug-iphonesimulator/PackageFrameworks -F /Users/omidchaghaneh/Projects_3/element-x-ios/build/Build/Products/Debug-iphonesimulator/PackageFrameworks -F /Users/omidchaghaneh/Projects_3/element-x-ios/build/Build/Products/Debug-iphonesimulator/PackageFrameworks -F /Users/omidchaghaneh/Projects_3/element-x-ios/build/Build/Products/Debug-iphonesimulator -c -j10 -enable-batch-mode -incremental -Xcc -ivfsstatcache -Xcc /Users/omidchaghaneh/Projects_3/element-x-ios/build/SDKStatCaches.noindex/iphonesimulator26.0-23A339-3885c01c3e6b6a337905948deab2002e26257891a6c027eb51374368541b8346.sdkstatcache -output-file-map /Users/omidchaghaneh/Projects_3/element-x-ios/build/Build/Intermediates.noindex/Lingugram.build/Debug-iphonesimulator/NSE.build/Objects-normal/arm64/NSE-OutputFileMap.json -use-frontend-parseable-output -save-temps -no-color-diagnostics -explicit-module-build -module-cache-path /Users/omidchaghaneh/Projects_3/element-x-ios/build/Build/Intermediates.noindex/SwiftExplicitPrecompiledModules -clang-scanner-module-cache-path /Users/omidchaghaneh/Projects_3/element-x-ios/build/ModuleCache.noindex -sdk-module-cache-path /Users/omidchaghaneh/Projects_3/element-x-ios/build/ModuleCache.noindex -serialize-diagnostics -emit-dependencies -emit-module -emit-module-path /Users/omidchaghaneh/Projects_3/element-x-ios/build/Build/Intermediates.noindex/Lingugram.build/Debug-iphonesimulator/NSE.build/Objects-normal/arm64/NSE.swiftmodule -validate-clang-modules-once -clang-build-session-file /Users/omidchaghaneh/Projects_3/element-x-ios/build/ModuleCache.noindex/Session.modulevalidation -Xcc -I/Users/omidchaghaneh/Projects_3/element-x-ios/build/Build/Intermediates.noindex/Lingugram.build/Debug-iphonesimulator/NSE.build/swift-overrides.hmap -emit-const-values -Xfrontend -const-gather-protocols-file -Xfrontend /Users/omidchaghaneh/Projects_3/element-x-ios/build/Build/Intermediates.noindex/Lingugram.build/Debug-iphonesimulator/NSE.build/Objects-normal/arm64/NSE_const_extract_protocols.json -Xcc -iquote -Xcc /Users/omidchaghaneh/Projects_3/element-x-ios/build/Build/Intermediates.noindex/Lingugram.build/Debug-iphonesimulator/NSE.build/NSE-generated-files.hmap -Xcc -I/Users/omidchaghaneh/Projects_3/element-x-ios/build/Build/Intermediates.noindex/Lingugram.build/Debug-iphonesimulator/NSE.build/NSE-own-target-headers.hmap -Xcc -I/Users/omidchaghaneh/Projects_3/element-x-ios/build/Build/Intermediates.noindex/Lingugram.build/Debug-iphonesimulator/NSE.build/NSE-all-non-framework-target-headers.hmap -Xcc -ivfsoverlay -Xcc /Users/omidchaghaneh/Projects_3/element-x-ios/build/Build/Intermediates.noindex/Lingugram.build/Debug-iphonesimulator/Lingugram-7c77e73fb99db34166dc0fb522858b59-VFS-iphonesimulator/all-product-headers.yaml -Xcc -iquote -Xcc /Users/omidchaghaneh/Projects_3/element-x-ios/build/Build/Intermediates.noindex/Lingugram.build/Debug-iphonesimulator/NSE.build/NSE-project-headers.hmap -Xcc -I/Users/omidchaghaneh/Projects_3/element-x-ios/build/Build/Products/Debug-iphonesimulator/include -Xcc -I/Users/omidchaghaneh/Projects_3/element-x-ios/build/Build/Intermediates.noindex/Lingugram.build/Debug-iphonesimulator/NSE.build/DerivedSources-normal/arm64 -Xcc -I/Users/omidchaghaneh/Projects_3/element-x-ios/build/Build/Intermediates.noindex/Lingugram.build/Debug-iphonesimulator/NSE.build/DerivedSources/arm64 -Xcc -I/Users/omidchaghaneh/Projects_3/element-x-ios/build/Build/Intermediates.noindex/Lingugram.build/Debug-iphonesimulator/NSE.build/DerivedSources -Xcc -DDEBUG\=1 -emit-objc-header -emit-objc-header-path /Users/omidchaghaneh/Projects_3/element-x-ios/build/Build/Intermediates.noindex/Lingugram.build/Debug-iphonesimulator/NSE.build/Objects-normal/arm64/GeneratedInterface-Swift.h -working-directory /Users/omidchaghaneh/Projects_3/element-x-ios -experimental-emit-module-separately -disable-cmo

Ld /Users/omidchaghaneh/Projects_3/element-x-ios/build/Build/Products/Debug-iphonesimulator/NSE.appex/NSE.debug.dylib normal (in target 'NSE' from project 'Lingugram')
    cd /Users/omidchaghaneh/Projects_3/element-x-ios
    /Applications/Xcode.app/Contents/Developer/Toolchains/XcodeDefault.xctoolchain/usr/bin/clang -Xlinker -reproducible -target arm64-apple-ios17.5-simulator -dynamiclib -isysroot /Applications/Xcode.app/Contents/Developer/Platforms/iPhoneSimulator.platform/Developer/SDKs/iPhoneSimulator26.0.sdk -O0 -L/Users/omidchaghaneh/Projects_3/element-x-ios/build/Build/Intermediates.noindex/EagerLinkingTBDs/Debug-iphonesimulator -L/Users/omidchaghaneh/Projects_3/element-x-ios/build/Build/Products/Debug-iphonesimulator -F/Users/omidchaghaneh/Projects_3/element-x-ios/build/Build/Intermediates.noindex/EagerLinkingTBDs/Debug-iphonesimulator -F/Users/omidchaghaneh/Projects_3/element-x-ios/build/Build/Products/Debug-iphonesimulator/PackageFrameworks -F/Users/omidchaghaneh/Projects_3/element-x-ios/build/Build/Products/Debug-iphonesimulator/PackageFrameworks -F/Users/omidchaghaneh/Projects_3/element-x-ios/build/Build/Products/Debug-iphonesimulator/PackageFrameworks -F/Users/omidchaghaneh/Projects_3/element-x-ios/build/Build/Products/Debug-iphonesimulator/PackageFrameworks -F/Users/omidchaghaneh/Projects_3/element-x-ios/build/Build/Products/Debug-iphonesimulator/PackageFrameworks -F/Users/omidchaghaneh/Projects_3/element-x-ios/build/Build/Products/Debug-iphonesimulator/PackageFrameworks -F/Users/omidchaghaneh/Projects_3/element-x-ios/build/Build/Products/Debug-iphonesimulator/PackageFrameworks -F/Users/omidchaghaneh/Projects_3/element-x-ios/build/Build/Products/Debug-iphonesimulator/PackageFrameworks -F/Users/omidchaghaneh/Projects_3/element-x-ios/build/Build/Products/Debug-iphonesimulator/PackageFrameworks -F/Users/omidchaghaneh/Projects_3/element-x-ios/build/Build/Products/Debug-iphonesimulator/PackageFrameworks -F/Users/omidchaghaneh/Projects_3/element-x-ios/build/Build/Products/Debug-iphonesimulator/PackageFrameworks -F/Users/omidchaghaneh/Projects_3/element-x-ios/build/Build/Products/Debug-iphonesimulator/PackageFrameworks -F/Users/omidchaghaneh/Projects_3/element-x-ios/build/Build/Products/Debug-iphonesimulator/PackageFrameworks -F/Users/omidchaghaneh/Projects_3/element-x-ios/build/Build/Products/Debug-iphonesimulator/PackageFrameworks -F/Users/omidchaghaneh/Projects_3/element-x-ios/build/Build/Products/Debug-iphonesimulator/PackageFrameworks -F/Users/omidchaghaneh/Projects_3/element-x-ios/build/Build/Products/Debug-iphonesimulator/PackageFrameworks -F/Users/omidchaghaneh/Projects_3/element-x-ios/build/Build/Products/Debug-iphonesimulator/PackageFrameworks -F/Users/omidchaghaneh/Projects_3/element-x-ios/build/Build/Products/Debug-iphonesimulator/PackageFrameworks -F/Users/omidchaghaneh/Projects_3/element-x-ios/build/Build/Products/Debug-iphonesimulator/PackageFrameworks -F/Users/omidchaghaneh/Projects_3/element-x-ios/build/Build/Products/Debug-iphonesimulator -filelist /Users/omidchaghaneh/Projects_3/element-x-ios/build/Build/Intermediates.noindex/Lingugram.build/Debug-iphonesimulator/NSE.build/Objects-normal/arm64/NSE.LinkFileList -install_name @rpath/NSE.debug.dylib -Xlinker -rpath -Xlinker /usr/lib/swift -Xlinker -rpath -Xlinker /Users/omidchaghaneh/Projects_3/element-x-ios/build/Build/Products/Debug-iphonesimulator/PackageFrameworks -Xlinker -rpath -Xlinker @executable_path/Frameworks -Xlinker -rpath -Xlinker @executable_path/../../Frameworks -dead_strip -Xlinker -object_path_lto -Xlinker /Users/omidchaghaneh/Projects_3/element-x-ios/build/Build/Intermediates.noindex/Lingugram.build/Debug-iphonesimulator/NSE.build/Objects-normal/arm64/NSE_lto.o -rdynamic -Xlinker -no_deduplicate -Xlinker -objc_abi_version -Xlinker 2 -Xlinker -debug_variant -Xlinker -dependency_info -Xlinker /Users/omidchaghaneh/Projects_3/element-x-ios/build/Build/Intermediates.noindex/Lingugram.build/Debug-iphonesimulator/NSE.build/Objects-normal/arm64/NSE_dependency_info.dat -fobjc-arc -fobjc-link-runtime -fapplication-extension -fprofile-instr-generate -L/Applications/Xcode.app/Contents/Developer/Toolchains/XcodeDefault.xctoolchain/usr/lib/swift/iphonesimulator -L/usr/lib/swift -Xlinker -add_ast_path -Xlinker /Users/omidchaghaneh/Projects_3/element-x-ios/build/Build/Intermediates.noindex/Lingugram.build/Debug-iphonesimulator/NSE.build/Objects-normal/arm64/NSE.swiftmodule @/Users/omidchaghaneh/Projects_3/element-x-ios/build/Build/Intermediates.noindex/Lingugram.build/Debug-iphonesimulator/NSE.build/Objects-normal/arm64/NSE-linker-args.resp -Wl,-no_warn_duplicate_libraries -Wl,-no_warn_duplicate_libraries -Wl,-no_warn_duplicate_libraries -Wl,-no_warn_duplicate_libraries -Wl,-no_warn_duplicate_libraries -Wl,-no_warn_duplicate_libraries -Wl,-no_warn_duplicate_libraries -Wl,-no_warn_duplicate_libraries -Wl,-no_warn_duplicate_libraries -Wl,-no_warn_duplicate_libraries -Wl,-no_warn_duplicate_libraries -Wl,-no_warn_duplicate_libraries -Wl,-no_warn_duplicate_libraries -Wl,-no_warn_duplicate_libraries -Wl,-no_warn_duplicate_libraries -Wl,-no_warn_duplicate_libraries -Wl,-no_warn_duplicate_libraries -Wl,-no_warn_duplicate_libraries -Wl,-no_warn_duplicate_libraries -Xlinker -alias -Xlinker _NSExtensionMain -Xlinker ___debug_main_executable_dylib_entry_point /Users/omidchaghaneh/Projects_3/element-x-ios/build/Build/Products/Debug-iphonesimulator/PackageFrameworks/MatrixRustSDK.framework/MatrixRustSDK -o /Users/omidchaghaneh/Projects_3/element-x-ios/build/Build/Products/Debug-iphonesimulator/NSE.appex/NSE.debug.dylib -Xlinker -add_ast_path -Xlinker /Users/omidchaghaneh/Projects_3/element-x-ios/build/Build/Intermediates.noindex/KeychainAccess.build/Debug-iphonesimulator/KeychainAccess.build/Objects-normal/arm64/KeychainAccess.swiftmodule @/Users/omidchaghaneh/Projects_3/element-x-ios/build/Build/Intermediates.noindex/KeychainAccess.build/Debug-iphonesimulator/KeychainAccess.build/Objects-normal/arm64/KeychainAccess-linker-args.resp -Xlinker -add_ast_path -Xlinker /Users/omidchaghaneh/Projects_3/element-x-ios/build/Build/Intermediates.noindex/Kingfisher.build/Debug-iphonesimulator/Kingfisher.build/Objects-normal/arm64/Kingfisher.swiftmodule @/Users/omidchaghaneh/Projects_3/element-x-ios/build/Build/Intermediates.noindex/Kingfisher.build/Debug-iphonesimulator/Kingfisher.build/Objects-normal/arm64/Kingfisher-linker-args.resp -Xlinker -add_ast_path -Xlinker /Users/omidchaghaneh/Projects_3/element-x-ios/build/Build/Intermediates.noindex/swift-collections.build/Debug-iphonesimulator/Collections.build/Objects-normal/arm64/Collections.swiftmodule @/Users/omidchaghaneh/Projects_3/element-x-ios/build/Build/Intermediates.noindex/swift-collections.build/Debug-iphonesimulator/Collections.build/Objects-normal/arm64/Collections-linker-args.resp -Xlinker -add_ast_path -Xlinker /Users/omidchaghaneh/Projects_3/element-x-ios/build/Build/Intermediates.noindex/swift-collections.build/Debug-iphonesimulator/InternalCollectionsUtilities.build/Objects-normal/arm64/InternalCollectionsUtilities.swiftmodule @/Users/omidchaghaneh/Projects_3/element-x-ios/build/Build/Intermediates.noindex/swift-collections.build/Debug-iphonesimulator/InternalCollectionsUtilities.build/Objects-normal/arm64/InternalCollectionsUtilities-linker-args.resp -Xlinker -add_ast_path -Xlinker /Users/omidchaghaneh/Projects_3/element-x-ios/build/Build/Intermediates.noindex/swift-collections.build/Debug-iphonesimulator/BitCollections.build/Objects-normal/arm64/BitCollections.swiftmodule @/Users/omidchaghaneh/Projects_3/element-x-ios/build/Build/Intermediates.noindex/swift-collections.build/Debug-iphonesimulator/BitCollections.build/Objects-normal/arm64/BitCollections-linker-args.resp -Xlinker -add_ast_path -Xlinker /Users/omidchaghaneh/Projects_3/element-x-ios/build/Build/Intermediates.noindex/swift-collections.build/Debug-iphonesimulator/DequeModule.build/Objects-normal/arm64/DequeModule.swiftmodule @/Users/omidchaghaneh/Projects_3/element-x-ios/build/Build/Intermediates.noindex/swift-collections.build/Debug-iphonesimulator/DequeModule.build/Objects-normal/arm64/DequeModule-linker-args.resp -Xlinker -add_ast_path -Xlinker /Users/omidchaghaneh/Projects_3/element-x-ios/build/Build/Intermediates.noindex/swift-collections.build/Debug-iphonesimulator/HashTreeCollections.build/Objects-normal/arm64/HashTreeCollections.swiftmodule @/Users/omidchaghaneh/Projects_3/element-x-ios/build/Build/Intermediates.noindex/swift-collections.build/Debug-iphonesimulator/HashTreeCollections.build/Objects-normal/arm64/HashTreeCollections-linker-args.resp -Xlinker -add_ast_path -Xlinker /Users/omidchaghaneh/Projects_3/element-x-ios/build/Build/Intermediates.noindex/swift-collections.build/Debug-iphonesimulator/HeapModule.build/Objects-normal/arm64/HeapModule.swiftmodule @/Users/omidchaghaneh/Projects_3/element-x-ios/build/Build/Intermediates.noindex/swift-collections.build/Debug-iphonesimulator/HeapModule.build/Objects-normal/arm64/HeapModule-linker-args.resp -Xlinker -add_ast_path -Xlinker /Users/omidchaghaneh/Projects_3/element-x-ios/build/Build/Intermediates.noindex/swift-collections.build/Debug-iphonesimulator/OrderedCollections.build/Objects-normal/arm64/OrderedCollections.swiftmodule @/Users/omidchaghaneh/Projects_3/element-x-ios/build/Build/Intermediates.noindex/swift-collections.build/Debug-iphonesimulator/OrderedCollections.build/Objects-normal/arm64/OrderedCollections-linker-args.resp -Xlinker -add_ast_path -Xlinker /Users/omidchaghaneh/Projects_3/element-x-ios/build/Build/Intermediates.noindex/swift-collections.build/Debug-iphonesimulator/_RopeModule.build/Objects-normal/arm64/_RopeModule.swiftmodule @/Users/omidchaghaneh/Projects_3/element-x-ios/build/Build/Intermediates.noindex/swift-collections.build/Debug-iphonesimulator/_RopeModule.build/Objects-normal/arm64/_RopeModule-linker-args.resp -Xlinker -add_ast_path -Xlinker /Users/omidchaghaneh/Projects_3/element-x-ios/build/Build/Intermediates.noindex/Compound.build/Debug-iphonesimulator/Compound.build/Objects-normal/arm64/Compound.swiftmodule @/Users/omidchaghaneh/Projects_3/element-x-ios/build/Build/Intermediates.noindex/Compound.build/Debug-iphonesimulator/Compound.build/Objects-normal/arm64/Compound-linker-args.resp -Xlinker -add_ast_path -Xlinker /Users/omidchaghaneh/Projects_3/element-x-ios/build/Build/Intermediates.noindex/CompoundDesignTokens.build/Debug-iphonesimulator/CompoundDesignTokens.build/Objects-normal/arm64/CompoundDesignTokens.swiftmodule @/Users/omidchaghaneh/Projects_3/element-x-ios/build/Build/Intermediates.noindex/CompoundDesignTokens.build/Debug-iphonesimulator/CompoundDesignTokens.build/Objects-normal/arm64/CompoundDesignTokens-linker-args.resp -Xlinker -add_ast_path -Xlinker /Users/omidchaghaneh/Projects_3/element-x-ios/build/Build/Intermediates.noindex/swiftui-introspect.build/Debug-iphonesimulator/SwiftUIIntrospect.build/Objects-normal/arm64/SwiftUIIntrospect.swiftmodule @/Users/omidchaghaneh/Projects_3/element-x-ios/build/Build/Intermediates.noindex/swiftui-introspect.build/Debug-iphonesimulator/SwiftUIIntrospect.build/Objects-normal/arm64/SwiftUIIntrospect-linker-args.resp -Xlinker -add_ast_path -Xlinker /Users/omidchaghaneh/Projects_3/element-x-ios/build/Build/Intermediates.noindex/SFSafeSymbols.build/Debug-iphonesimulator/SFSafeSymbols.build/Objects-normal/arm64/SFSafeSymbols.swiftmodule @/Users/omidchaghaneh/Projects_3/element-x-ios/build/Build/Intermediates.noindex/SFSafeSymbols.build/Debug-iphonesimulator/SFSafeSymbols.build/Objects-normal/arm64/SFSafeSymbols-linker-args.resp -Xlinker -add_ast_path -Xlinker /Users/omidchaghaneh/Projects_3/element-x-ios/build/Build/Intermediates.noindex/DeviceKit.build/Debug-iphonesimulator/DeviceKit.build/Objects-normal/arm64/DeviceKit.swiftmodule @/Users/omidchaghaneh/Projects_3/element-x-ios/build/Build/Intermediates.noindex/DeviceKit.build/Debug-iphonesimulator/DeviceKit.build/Objects-normal/arm64/DeviceKit-linker-args.resp -Xlinker -add_ast_path -Xlinker /Users/omidchaghaneh/Projects_3/element-x-ios/build/Build/Intermediates.noindex/LRUCache.build/Debug-iphonesimulator/LRUCache.build/Objects-normal/arm64/LRUCache.swiftmodule @/Users/omidchaghaneh/Projects_3/element-x-ios/build/Build/Intermediates.noindex/LRUCache.build/Debug-iphonesimulator/LRUCache.build/Objects-normal/arm64/LRUCache-linker-args.resp -Xlinker -add_ast_path -Xlinker /Users/omidchaghaneh/Projects_3/element-x-ios/build/Build/Intermediates.noindex/Version.build/Debug-iphonesimulator/Version.build/Objects-normal/arm64/Version.swiftmodule @/Users/omidchaghaneh/Projects_3/element-x-ios/build/Build/Intermediates.noindex/Version.build/Debug-iphonesimulator/Version.build/Objects-normal/arm64/Version-linker-args.resp -Xlinker -add_ast_path -Xlinker /Users/omidchaghaneh/Projects_3/element-x-ios/build/Build/Intermediates.noindex/SwiftSoup.build/Debug-iphonesimulator/SwiftSoup.build/Objects-normal/arm64/SwiftSoup.swiftmodule @/Users/omidchaghaneh/Projects_3/element-x-ios/build/Build/Intermediates.noindex/SwiftSoup.build/Debug-iphonesimulator/SwiftSoup.build/Objects-normal/arm64/SwiftSoup-linker-args.resp

ConstructStubExecutorLinkFileList /Users/omidchaghaneh/Projects_3/element-x-ios/build/Build/Intermediates.noindex/Lingugram.build/Debug-iphonesimulator/ShareExtension.build/ShareExtension-ExecutorLinkFileList-normal-arm64.txt (in target 'ShareExtension' from project 'Lingugram')
    cd /Users/omidchaghaneh/Projects_3/element-x-ios
    construct-stub-executor-link-file-list /Users/omidchaghaneh/Projects_3/element-x-ios/build/Build/Products/Debug-iphonesimulator/ShareExtension.appex/ShareExtension.debug.dylib /Applications/Xcode.app/Contents/Developer/Platforms/iPhoneSimulator.platform/Developer/usr/lib/libPreviewsJITStubExecutor_no_swift_entry_point.a /Applications/Xcode.app/Contents/Developer/Platforms/iPhoneSimulator.platform/Developer/usr/lib/libPreviewsJITStubExecutor.a --output /Users/omidchaghaneh/Projects_3/element-x-ios/build/Build/Intermediates.noindex/Lingugram.build/Debug-iphonesimulator/ShareExtension.build/ShareExtension-ExecutorLinkFileList-normal-arm64.txt
note: Using stub executor library without Swift entry point. (in target 'ShareExtension' from project 'Lingugram')

Ld /Users/omidchaghaneh/Projects_3/element-x-ios/build/Build/Products/Debug-iphonesimulator/ShareExtension.appex/ShareExtension normal (in target 'ShareExtension' from project 'Lingugram')
    cd /Users/omidchaghaneh/Projects_3/element-x-ios
    /Applications/Xcode.app/Contents/Developer/Toolchains/XcodeDefault.xctoolchain/usr/bin/clang -Xlinker -reproducible -target arm64-apple-ios17.5-simulator -isysroot /Applications/Xcode.app/Contents/Developer/Platforms/iPhoneSimulator.platform/Developer/SDKs/iPhoneSimulator26.0.sdk -O0 -L/Users/omidchaghaneh/Projects_3/element-x-ios/build/Build/Products/Debug-iphonesimulator -F/Users/omidchaghaneh/Projects_3/element-x-ios/build/Build/Products/Debug-iphonesimulator/PackageFrameworks -F/Users/omidchaghaneh/Projects_3/element-x-ios/build/Build/Products/Debug-iphonesimulator/PackageFrameworks -F/Users/omidchaghaneh/Projects_3/element-x-ios/build/Build/Products/Debug-iphonesimulator/PackageFrameworks -F/Users/omidchaghaneh/Projects_3/element-x-ios/build/Build/Products/Debug-iphonesimulator/PackageFrameworks -F/Users/omidchaghaneh/Projects_3/element-x-ios/build/Build/Products/Debug-iphonesimulator/PackageFrameworks -F/Users/omidchaghaneh/Projects_3/element-x-ios/build/Build/Products/Debug-iphonesimulator/PackageFrameworks -F/Users/omidchaghaneh/Projects_3/element-x-ios/build/Build/Products/Debug-iphonesimulator/PackageFrameworks -F/Users/omidchaghaneh/Projects_3/element-x-ios/build/Build/Products/Debug-iphonesimulator/PackageFrameworks -F/Users/omidchaghaneh/Projects_3/element-x-ios/build/Build/Products/Debug-iphonesimulator/PackageFrameworks -F/Users/omidchaghaneh/Projects_3/element-x-ios/build/Build/Products/Debug-iphonesimulator/PackageFrameworks -F/Users/omidchaghaneh/Projects_3/element-x-ios/build/Build/Products/Debug-iphonesimulator/PackageFrameworks -F/Users/omidchaghaneh/Projects_3/element-x-ios/build/Build/Products/Debug-iphonesimulator/PackageFrameworks -F/Users/omidchaghaneh/Projects_3/element-x-ios/build/Build/Products/Debug-iphonesimulator/PackageFrameworks -F/Users/omidchaghaneh/Projects_3/element-x-ios/build/Build/Products/Debug-iphonesimulator/PackageFrameworks -F/Users/omidchaghaneh/Projects_3/element-x-ios/build/Build/Products/Debug-iphonesimulator -Xlinker -rpath -Xlinker @executable_path -Xlinker -rpath -Xlinker /Users/omidchaghaneh/Projects_3/element-x-ios/build/Build/Products/Debug-iphonesimulator/PackageFrameworks -Xlinker -rpath -Xlinker @executable_path/Frameworks -Xlinker -rpath -Xlinker @executable_path/../../Frameworks -rdynamic -Xlinker -no_deduplicate -Xlinker -objc_abi_version -Xlinker 2 -Xlinker -debug_variant -e ___debug_blank_executor_main -Xlinker -sectcreate -Xlinker __TEXT -Xlinker __debug_dylib -Xlinker /Users/omidchaghaneh/Projects_3/element-x-ios/build/Build/Intermediates.noindex/Lingugram.build/Debug-iphonesimulator/ShareExtension.build/ShareExtension-DebugDylibPath-normal-arm64.txt -Xlinker -sectcreate -Xlinker __TEXT -Xlinker __debug_entry -Xlinker /Users/omidchaghaneh/Projects_3/element-x-ios/build/Build/Intermediates.noindex/Lingugram.build/Debug-iphonesimulator/ShareExtension.build/ShareExtension-DebugEntryPoint-normal-arm64.txt -Xlinker -sectcreate -Xlinker __TEXT -Xlinker __debug_instlnm -Xlinker /Users/omidchaghaneh/Projects_3/element-x-ios/build/Build/Intermediates.noindex/Lingugram.build/Debug-iphonesimulator/ShareExtension.build/ShareExtension-DebugDylibInstallName-normal-arm64.txt -Xlinker -filelist -Xlinker /Users/omidchaghaneh/Projects_3/element-x-ios/build/Build/Intermediates.noindex/Lingugram.build/Debug-iphonesimulator/ShareExtension.build/ShareExtension-ExecutorLinkFileList-normal-arm64.txt /Users/omidchaghaneh/Projects_3/element-x-ios/build/Build/Products/Debug-iphonesimulator/ShareExtension.appex/ShareExtension.debug.dylib -o /Users/omidchaghaneh/Projects_3/element-x-ios/build/Build/Products/Debug-iphonesimulator/ShareExtension.appex/ShareExtension

ConstructStubExecutorLinkFileList /Users/omidchaghaneh/Projects_3/element-x-ios/build/Build/Intermediates.noindex/Lingugram.build/Debug-iphonesimulator/NSE.build/NSE-ExecutorLinkFileList-normal-arm64.txt (in target 'NSE' from project 'Lingugram')
    cd /Users/omidchaghaneh/Projects_3/element-x-ios
    construct-stub-executor-link-file-list /Users/omidchaghaneh/Projects_3/element-x-ios/build/Build/Products/Debug-iphonesimulator/NSE.appex/NSE.debug.dylib /Applications/Xcode.app/Contents/Developer/Platforms/iPhoneSimulator.platform/Developer/usr/lib/libPreviewsJITStubExecutor_no_swift_entry_point.a /Applications/Xcode.app/Contents/Developer/Platforms/iPhoneSimulator.platform/Developer/usr/lib/libPreviewsJITStubExecutor.a --output /Users/omidchaghaneh/Projects_3/element-x-ios/build/Build/Intermediates.noindex/Lingugram.build/Debug-iphonesimulator/NSE.build/NSE-ExecutorLinkFileList-normal-arm64.txt
note: Using stub executor library without Swift entry point. (in target 'NSE' from project 'Lingugram')

ExtractAppIntentsMetadata (in target 'ShareExtension' from project 'Lingugram')
    cd /Users/omidchaghaneh/Projects_3/element-x-ios
    /Applications/Xcode.app/Contents/Developer/Toolchains/XcodeDefault.xctoolchain/usr/bin/appintentsmetadataprocessor --toolchain-dir /var/run/com.apple.security.cryptexd/mnt/com.apple.MobileAsset.MetalToolchain-v17.1.324.0.PXE1tX/Metal.xctoolchain --module-name ShareExtension --sdk-root /Applications/Xcode.app/Contents/Developer/Platforms/iPhoneSimulator.platform/Developer/SDKs/iPhoneSimulator26.0.sdk --xcode-version 17A400 --platform-family iOS --deployment-target 17.5 --bundle-identifier io.element.elementx.shareextension --output /Users/omidchaghaneh/Projects_3/element-x-ios/build/Build/Products/Debug-iphonesimulator/ShareExtension.appex --target-triple arm64-apple-ios17.5-simulator --binary-file /Users/omidchaghaneh/Projects_3/element-x-ios/build/Build/Products/Debug-iphonesimulator/ShareExtension.appex/ShareExtension --dependency-file /Users/omidchaghaneh/Projects_3/element-x-ios/build/Build/Intermediates.noindex/Lingugram.build/Debug-iphonesimulator/ShareExtension.build/Objects-normal/arm64/ShareExtension_dependency_info.dat --stringsdata-file /Users/omidchaghaneh/Projects_3/element-x-ios/build/Build/Intermediates.noindex/Lingugram.build/Debug-iphonesimulator/ShareExtension.build/Objects-normal/arm64/ExtractedAppShortcutsMetadata.stringsdata --source-file-list /Users/omidchaghaneh/Projects_3/element-x-ios/build/Build/Intermediates.noindex/Lingugram.build/Debug-iphonesimulator/ShareExtension.build/Objects-normal/arm64/ShareExtension.SwiftFileList --metadata-file-list /Users/omidchaghaneh/Projects_3/element-x-ios/build/Build/Intermediates.noindex/Lingugram.build/Debug-iphonesimulator/ShareExtension.build/ShareExtension.DependencyMetadataFileList --static-metadata-file-list /Users/omidchaghaneh/Projects_3/element-x-ios/build/Build/Intermediates.noindex/Lingugram.build/Debug-iphonesimulator/ShareExtension.build/ShareExtension.DependencyStaticMetadataFileList --swift-const-vals-list /Users/omidchaghaneh/Projects_3/element-x-ios/build/Build/Intermediates.noindex/Lingugram.build/Debug-iphonesimulator/ShareExtension.build/Objects-normal/arm64/ShareExtension.SwiftConstValuesFileList --compile-time-extraction --deployment-aware-processing --validate-assistant-intents --no-app-shortcuts-localization
2025-11-08 20:11:12.656 appintentsmetadataprocessor[10295:124095] Starting appintentsmetadataprocessor export
2025-11-08 20:11:12.789 appintentsmetadataprocessor[10295:124095] Extracted no relevant App Intents symbols, skipping writing output

Ld /Users/omidchaghaneh/Projects_3/element-x-ios/build/Build/Products/Debug-iphonesimulator/NSE.appex/NSE normal (in target 'NSE' from project 'Lingugram')
    cd /Users/omidchaghaneh/Projects_3/element-x-ios
    /Applications/Xcode.app/Contents/Developer/Toolchains/XcodeDefault.xctoolchain/usr/bin/clang -Xlinker -reproducible -target arm64-apple-ios17.5-simulator -isysroot /Applications/Xcode.app/Contents/Developer/Platforms/iPhoneSimulator.platform/Developer/SDKs/iPhoneSimulator26.0.sdk -O0 -L/Users/omidchaghaneh/Projects_3/element-x-ios/build/Build/Products/Debug-iphonesimulator -F/Users/omidchaghaneh/Projects_3/element-x-ios/build/Build/Products/Debug-iphonesimulator/PackageFrameworks -F/Users/omidchaghaneh/Projects_3/element-x-ios/build/Build/Products/Debug-iphonesimulator/PackageFrameworks -F/Users/omidchaghaneh/Projects_3/element-x-ios/build/Build/Products/Debug-iphonesimulator/PackageFrameworks -F/Users/omidchaghaneh/Projects_3/element-x-ios/build/Build/Products/Debug-iphonesimulator/PackageFrameworks -F/Users/omidchaghaneh/Projects_3/element-x-ios/build/Build/Products/Debug-iphonesimulator/PackageFrameworks -F/Users/omidchaghaneh/Projects_3/element-x-ios/build/Build/Products/Debug-iphonesimulator/PackageFrameworks -F/Users/omidchaghaneh/Projects_3/element-x-ios/build/Build/Products/Debug-iphonesimulator/PackageFrameworks -F/Users/omidchaghaneh/Projects_3/element-x-ios/build/Build/Products/Debug-iphonesimulator/PackageFrameworks -F/Users/omidchaghaneh/Projects_3/element-x-ios/build/Build/Products/Debug-iphonesimulator/PackageFrameworks -F/Users/omidchaghaneh/Projects_3/element-x-ios/build/Build/Products/Debug-iphonesimulator/PackageFrameworks -F/Users/omidchaghaneh/Projects_3/element-x-ios/build/Build/Products/Debug-iphonesimulator/PackageFrameworks -F/Users/omidchaghaneh/Projects_3/element-x-ios/build/Build/Products/Debug-iphonesimulator/PackageFrameworks -F/Users/omidchaghaneh/Projects_3/element-x-ios/build/Build/Products/Debug-iphonesimulator/PackageFrameworks -F/Users/omidchaghaneh/Projects_3/element-x-ios/build/Build/Products/Debug-iphonesimulator/PackageFrameworks -F/Users/omidchaghaneh/Projects_3/element-x-ios/build/Build/Products/Debug-iphonesimulator/PackageFrameworks -F/Users/omidchaghaneh/Projects_3/element-x-ios/build/Build/Products/Debug-iphonesimulator/PackageFrameworks -F/Users/omidchaghaneh/Projects_3/element-x-ios/build/Build/Products/Debug-iphonesimulator/PackageFrameworks -F/Users/omidchaghaneh/Projects_3/element-x-ios/build/Build/Products/Debug-iphonesimulator/PackageFrameworks -F/Users/omidchaghaneh/Projects_3/element-x-ios/build/Build/Products/Debug-iphonesimulator/PackageFrameworks -F/Users/omidchaghaneh/Projects_3/element-x-ios/build/Build/Products/Debug-iphonesimulator -Xlinker -rpath -Xlinker @executable_path -Xlinker -rpath -Xlinker /Users/omidchaghaneh/Projects_3/element-x-ios/build/Build/Products/Debug-iphonesimulator/PackageFrameworks -Xlinker -rpath -Xlinker @executable_path/Frameworks -Xlinker -rpath -Xlinker @executable_path/../../Frameworks -rdynamic -Xlinker -no_deduplicate -Xlinker -objc_abi_version -Xlinker 2 -Xlinker -debug_variant -e ___debug_blank_executor_main -Xlinker -sectcreate -Xlinker __TEXT -Xlinker __debug_dylib -Xlinker /Users/omidchaghaneh/Projects_3/element-x-ios/build/Build/Intermediates.noindex/Lingugram.build/Debug-iphonesimulator/NSE.build/NSE-DebugDylibPath-normal-arm64.txt -Xlinker -sectcreate -Xlinker __TEXT -Xlinker __debug_entry -Xlinker /Users/omidchaghaneh/Projects_3/element-x-ios/build/Build/Intermediates.noindex/Lingugram.build/Debug-iphonesimulator/NSE.build/NSE-DebugEntryPoint-normal-arm64.txt -Xlinker -sectcreate -Xlinker __TEXT -Xlinker __debug_instlnm -Xlinker /Users/omidchaghaneh/Projects_3/element-x-ios/build/Build/Intermediates.noindex/Lingugram.build/Debug-iphonesimulator/NSE.build/NSE-DebugDylibInstallName-normal-arm64.txt -Xlinker -filelist -Xlinker /Users/omidchaghaneh/Projects_3/element-x-ios/build/Build/Intermediates.noindex/Lingugram.build/Debug-iphonesimulator/NSE.build/NSE-ExecutorLinkFileList-normal-arm64.txt /Users/omidchaghaneh/Projects_3/element-x-ios/build/Build/Products/Debug-iphonesimulator/NSE.appex/NSE.debug.dylib -o /Users/omidchaghaneh/Projects_3/element-x-ios/build/Build/Products/Debug-iphonesimulator/NSE.appex/NSE

ExtractAppIntentsMetadata (in target 'NSE' from project 'Lingugram')
    cd /Users/omidchaghaneh/Projects_3/element-x-ios
    /Applications/Xcode.app/Contents/Developer/Toolchains/XcodeDefault.xctoolchain/usr/bin/appintentsmetadataprocessor --toolchain-dir /var/run/com.apple.security.cryptexd/mnt/com.apple.MobileAsset.MetalToolchain-v17.1.324.0.PXE1tX/Metal.xctoolchain --module-name NSE --sdk-root /Applications/Xcode.app/Contents/Developer/Platforms/iPhoneSimulator.platform/Developer/SDKs/iPhoneSimulator26.0.sdk --xcode-version 17A400 --platform-family iOS --deployment-target 17.5 --bundle-identifier io.element.elementx.nse --output /Users/omidchaghaneh/Projects_3/element-x-ios/build/Build/Products/Debug-iphonesimulator/NSE.appex --target-triple arm64-apple-ios17.5-simulator --binary-file /Users/omidchaghaneh/Projects_3/element-x-ios/build/Build/Products/Debug-iphonesimulator/NSE.appex/NSE --dependency-file /Users/omidchaghaneh/Projects_3/element-x-ios/build/Build/Intermediates.noindex/Lingugram.build/Debug-iphonesimulator/NSE.build/Objects-normal/arm64/NSE_dependency_info.dat --stringsdata-file /Users/omidchaghaneh/Projects_3/element-x-ios/build/Build/Intermediates.noindex/Lingugram.build/Debug-iphonesimulator/NSE.build/Objects-normal/arm64/ExtractedAppShortcutsMetadata.stringsdata --source-file-list /Users/omidchaghaneh/Projects_3/element-x-ios/build/Build/Intermediates.noindex/Lingugram.build/Debug-iphonesimulator/NSE.build/Objects-normal/arm64/NSE.SwiftFileList --metadata-file-list /Users/omidchaghaneh/Projects_3/element-x-ios/build/Build/Intermediates.noindex/Lingugram.build/Debug-iphonesimulator/NSE.build/NSE.DependencyMetadataFileList --static-metadata-file-list /Users/omidchaghaneh/Projects_3/element-x-ios/build/Build/Intermediates.noindex/Lingugram.build/Debug-iphonesimulator/NSE.build/NSE.DependencyStaticMetadataFileList --swift-const-vals-list /Users/omidchaghaneh/Projects_3/element-x-ios/build/Build/Intermediates.noindex/Lingugram.build/Debug-iphonesimulator/NSE.build/Objects-normal/arm64/NSE.SwiftConstValuesFileList --compile-time-extraction --deployment-aware-processing --validate-assistant-intents --no-app-shortcuts-localization
2025-11-08 20:11:12.701 appintentsmetadataprocessor[10298:124112] Starting appintentsmetadataprocessor export
2025-11-08 20:11:12.846 appintentsmetadataprocessor[10298:124112] Extracted no relevant App Intents symbols, skipping writing output

note: Run script build phase '⚠️ SwiftLint' will be run during every build because the option to run the script phase "Based on dependency analysis" is unchecked. (in target 'Lingugram' from project 'Lingugram')
note: Run script build phase '🛠 SwiftGen' will be run during every build because the option to run the script phase "Based on dependency analysis" is unchecked. (in target 'Lingugram' from project 'Lingugram')
note: Run script build phase '🧙 Sourcery - Generate Accessibility Tests' will be run during every build because the option to run the script phase "Based on dependency analysis" is unchecked. (in target 'Lingugram' from project 'Lingugram')
note: Run script build phase '🧙 Sourcery - Generate mocks' will be run during every build because the option to run the script phase "Based on dependency analysis" is unchecked. (in target 'Lingugram' from project 'Lingugram')
note: Run script build phase '🧙 Sourcery - Generate preview tests' will be run during every build because the option to run the script phase "Based on dependency analysis" is unchecked. (in target 'Lingugram' from project 'Lingugram')
note: Run script build phase '🧹 SwiftFormat' will be run during every build because the option to run the script phase "Based on dependency analysis" is unchecked. (in target 'Lingugram' from project 'Lingugram')
PhaseScriptExecution 🛠\ SwiftGen /Users/omidchaghaneh/Projects_3/element-x-ios/build/Build/Intermediates.noindex/Lingugram.build/Debug-iphonesimulator/Lingugram.build/Script-54B966EB5AB623B9561816E2.sh (in target 'Lingugram' from project 'Lingugram')
    cd /Users/omidchaghaneh/Projects_3/element-x-ios
    export ACTION\=build
    export AD_HOC_CODE_SIGNING_ALLOWED\=YES
    export AGGREGATE_TRACKED_DOMAINS\=YES
    export ALLOW_BUILD_REQUEST_OVERRIDES\=NO
    export ALLOW_TARGET_PLATFORM_SPECIALIZATION\=NO
    export ALTERNATE_GROUP\=staff
    export ALTERNATE_MODE\=u+w,go-w,a+rX
    export ALTERNATE_OWNER\=omidchaghaneh
    export ALTERNATIVE_DISTRIBUTION_WEB\=NO
    export ALWAYS_EMBED_SWIFT_STANDARD_LIBRARIES\=NO
    export ALWAYS_SEARCH_USER_PATHS\=NO
    export ALWAYS_USE_SEPARATE_HEADERMAPS\=NO
    export APPLICATION_EXTENSION_API_ONLY\=NO
    export APPLY_RULES_IN_COPY_FILES\=NO
    export APPLY_RULES_IN_COPY_HEADERS\=NO
    export APP_DISPLAY_NAME\=Lingugram
    export APP_GROUP_IDENTIFIER\=group.io.element
    export APP_NAME\=Lingugram
    export APP_SHORTCUTS_ENABLE_FLEXIBLE_MATCHING\=YES
    export ARCHS\=arm64
    export ARCHS_STANDARD\=arm64\ x86_64
    export ARCHS_STANDARD_32_64_BIT\=arm64\ x86_64
    export ARCHS_STANDARD_64_BIT\=arm64\ x86_64
    export ARCHS_STANDARD_INCLUDING_64_BIT\=arm64\ x86_64
    export ARCHS_UNIVERSAL_IPHONE_OS\=arm64\ x86_64
    export ASSETCATALOG_COMPILER_APPICON_NAME\=AppIcon
    export ASSETCATALOG_COMPILER_GLOBAL_ACCENT_COLOR_NAME\=colors/accent-color
    export ASSETCATALOG_FILTER_FOR_DEVICE_MODEL\=iPhone18,1
    export ASSETCATALOG_FILTER_FOR_DEVICE_OS_VERSION\=26.0.1
    export ASSETCATALOG_FILTER_FOR_THINNING_DEVICE_CONFIGURATION\=iPhone18,1
    export AUTOMATICALLY_MERGE_DEPENDENCIES\=NO
    export AUTOMATION_APPLE_EVENTS\=NO
    export AVAILABLE_PLATFORMS\=android\ appletvos\ appletvsimulator\ driverkit\ iphoneos\ iphonesimulator\ macosx\ qnx\ watchos\ watchsimulator\ webassembly\ xros\ xrsimulator
    export BASE_BUNDLE_IDENTIFIER\=io.element.elementx
    export BUILD_ACTIVE_RESOURCES_ONLY\=YES
    export BUILD_COMPONENTS\=headers\ build
    export BUILD_DIR\=/Users/omidchaghaneh/Projects_3/element-x-ios/build/Build/Products
    export BUILD_LIBRARY_FOR_DISTRIBUTION\=NO
    export BUILD_ROOT\=/Users/omidchaghaneh/Projects_3/element-x-ios/build/Build/Products
    export BUILD_STYLE\=
    export BUILD_VARIANTS\=normal
    export BUILT_PRODUCTS_DIR\=/Users/omidchaghaneh/Projects_3/element-x-ios/build/Build/Products/Debug-iphonesimulator
    export BUNDLE_CONTENTS_FOLDER_PATH_deep\=Contents/
    export BUNDLE_EXECUTABLE_FOLDER_NAME_deep\=MacOS
    export BUNDLE_EXTENSIONS_FOLDER_PATH\=Extensions
    export BUNDLE_FORMAT\=shallow
    export BUNDLE_FRAMEWORKS_FOLDER_PATH\=Frameworks
    export BUNDLE_PLUGINS_FOLDER_PATH\=PlugIns
    export BUNDLE_PRIVATE_HEADERS_FOLDER_PATH\=PrivateHeaders
    export BUNDLE_PUBLIC_HEADERS_FOLDER_PATH\=Headers
    export CACHE_ROOT\=/var/folders/ww/90lm2s3s09n2l75wqwqbgf_c0000gn/C/com.apple.DeveloperTools/26.0.1-17A400/Xcode
    export CCHROOT\=/var/folders/ww/90lm2s3s09n2l75wqwqbgf_c0000gn/C/com.apple.DeveloperTools/26.0.1-17A400/Xcode
    export CHMOD\=/bin/chmod
    export CHOWN\=/usr/sbin/chown
    export CLANG_ANALYZER_LOCALIZABILITY_NONLOCALIZED\=YES
    export CLANG_ANALYZER_NONNULL\=YES
    export CLANG_ANALYZER_NUMBER_OBJECT_CONVERSION\=YES_AGGRESSIVE
    export CLANG_CACHE_FINE_GRAINED_OUTPUTS\=YES
    export CLANG_COVERAGE_MAPPING\=YES
    export CLANG_CXX_LANGUAGE_STANDARD\=gnu++14
    export CLANG_CXX_LIBRARY\=libc++
    export CLANG_ENABLE_EXPLICIT_MODULES\=YES
    export CLANG_ENABLE_MODULES\=YES
    export CLANG_ENABLE_OBJC_ARC\=YES
    export CLANG_ENABLE_OBJC_WEAK\=YES
    export CLANG_MODULES_BUILD_SESSION_FILE\=/Users/omidchaghaneh/Projects_3/element-x-ios/build/ModuleCache.noindex/Session.modulevalidation
    export CLANG_PROFILE_DATA_DIRECTORY\=/Users/omidchaghaneh/Projects_3/element-x-ios/build/Build/ProfileData
    export CLANG_WARN_BLOCK_CAPTURE_AUTORELEASING\=YES
    export CLANG_WARN_BOOL_CONVERSION\=YES
    export CLANG_WARN_COMMA\=YES
    export CLANG_WARN_CONSTANT_CONVERSION\=YES
    export CLANG_WARN_DEPRECATED_OBJC_IMPLEMENTATIONS\=YES
    export CLANG_WARN_DIRECT_OBJC_ISA_USAGE\=YES_ERROR
    export CLANG_WARN_DOCUMENTATION_COMMENTS\=YES
    export CLANG_WARN_EMPTY_BODY\=YES
    export CLANG_WARN_ENUM_CONVERSION\=YES
    export CLANG_WARN_INFINITE_RECURSION\=YES
    export CLANG_WARN_INT_CONVERSION\=YES
    export CLANG_WARN_NON_LITERAL_NULL_CONVERSION\=YES
    export CLANG_WARN_OBJC_IMPLICIT_RETAIN_SELF\=YES
    export CLANG_WARN_OBJC_LITERAL_CONVERSION\=YES
    export CLANG_WARN_OBJC_ROOT_CLASS\=YES_ERROR
    export CLANG_WARN_QUOTED_INCLUDE_IN_FRAMEWORK_HEADER\=YES
    export CLANG_WARN_RANGE_LOOP_ANALYSIS\=YES
    export CLANG_WARN_STRICT_PROTOTYPES\=YES
    export CLANG_WARN_SUSPICIOUS_MOVE\=YES
    export CLANG_WARN_UNGUARDED_AVAILABILITY\=YES_AGGRESSIVE
    export CLANG_WARN_UNREACHABLE_CODE\=YES
    export CLANG_WARN__DUPLICATE_METHOD_MATCH\=YES
    export CLASS_FILE_DIR\=/Users/omidchaghaneh/Projects_3/element-x-ios/build/Build/Intermediates.noindex/Lingugram.build/Debug-iphonesimulator/Lingugram.build/JavaClasses
    export CLEAN_PRECOMPS\=YES
    export CLONE_HEADERS\=NO
    export CODESIGNING_FOLDER_PATH\=/Users/omidchaghaneh/Projects_3/element-x-ios/build/Build/Products/Debug-iphonesimulator/Lingugram.app
    export CODE_SIGNING_ALLOWED\=NO
    export CODE_SIGNING_REQUIRED\=NO
    export CODE_SIGN_CONTEXT_CLASS\=XCiPhoneSimulatorCodeSignContext
    export CODE_SIGN_ENTITLEMENTS\=Lingugram/SupportingFiles/Lingugram.entitlements
    export CODE_SIGN_INJECT_BASE_ENTITLEMENTS\=YES
    export COLOR_DIAGNOSTICS\=NO
    export COMBINE_HIDPI_IMAGES\=NO
    export COMPILATION_CACHE_CAS_PATH\=/Users/omidchaghaneh/Projects_3/element-x-ios/build/CompilationCache.noindex
    export COMPILATION_CACHE_KEEP_CAS_DIRECTORY\=YES
    export COMPILER_INDEX_STORE_ENABLE\=Default
    export COMPOSITE_SDK_DIRS\=/Users/omidchaghaneh/Projects_3/element-x-ios/build/Build/Intermediates.noindex/CompositeSDKs
    export COMPRESS_PNG_FILES\=YES
    export CONFIGURATION\=Debug
    export CONFIGURATION_BUILD_DIR\=/Users/omidchaghaneh/Projects_3/element-x-ios/build/Build/Products/Debug-iphonesimulator
    export CONFIGURATION_TEMP_DIR\=/Users/omidchaghaneh/Projects_3/element-x-ios/build/Build/Intermediates.noindex/Lingugram.build/Debug-iphonesimulator
    export CONTENTS_FOLDER_PATH\=Lingugram.app
    export CONTENTS_FOLDER_PATH_SHALLOW_BUNDLE_NO\=Lingugram.app/Contents
    export CONTENTS_FOLDER_PATH_SHALLOW_BUNDLE_YES\=Lingugram.app
    export COPYING_PRESERVES_HFS_DATA\=NO
    export COPY_HEADERS_RUN_UNIFDEF\=NO
    export COPY_PHASE_STRIP\=NO
    export CORRESPONDING_DEVICE_PLATFORM_DIR\=/Applications/Xcode.app/Contents/Developer/Platforms/iPhoneOS.platform
    export CORRESPONDING_DEVICE_PLATFORM_NAME\=iphoneos
    export CORRESPONDING_DEVICE_SDK_DIR\=/Applications/Xcode.app/Contents/Developer/Platforms/iPhoneOS.platform/Developer/SDKs/iPhoneOS26.0.sdk
    export CORRESPONDING_DEVICE_SDK_NAME\=iphoneos26.0
    export CP\=/bin/cp
    export CREATE_INFOPLIST_SECTION_IN_BINARY\=NO
    export CURRENT_ARCH\=undefined_arch
    export CURRENT_PROJECT_VERSION\=1
    export CURRENT_VARIANT\=normal
    export DEAD_CODE_STRIPPING\=YES
    export DEBUGGING_SYMBOLS\=YES
    export DEBUG_INFORMATION_FORMAT\=dwarf
    export DEBUG_INFORMATION_VERSION\=compiler-default
    export DEFAULT_COMPILER\=com.apple.compilers.llvm.clang.1_0
    export DEFAULT_DEXT_INSTALL_PATH\=/System/Library/DriverExtensions
    export DEFAULT_KEXT_INSTALL_PATH\=/System/Library/Extensions
    export DEFINES_MODULE\=NO
    export DEPLOYMENT_LOCATION\=NO
    export DEPLOYMENT_POSTPROCESSING\=NO
    export DEPLOYMENT_TARGET_SETTING_NAME\=IPHONEOS_DEPLOYMENT_TARGET
    export DEPLOYMENT_TARGET_SUGGESTED_VALUES\=12.0\ 12.1\ 12.2\ 12.3\ 12.4\ 13.0\ 13.1\ 13.2\ 13.3\ 13.4\ 13.5\ 13.6\ 14.0\ 14.1\ 14.2\ 14.3\ 14.4\ 14.5\ 14.6\ 14.7\ 15.0\ 15.1\ 15.2\ 15.3\ 15.4\ 15.5\ 15.6\ 16.0\ 16.1\ 16.2\ 16.3\ 16.4\ 16.5\ 16.6\ 17.0\ 17.1\ 17.2\ 17.3\ 17.4\ 17.5\ 17.6\ 18.0\ 18.1\ 18.2\ 18.3\ 18.4\ 18.5\ 18.6\ 26.0
    export DERIVED_FILES_DIR\=/Users/omidchaghaneh/Projects_3/element-x-ios/build/Build/Intermediates.noindex/Lingugram.build/Debug-iphonesimulator/Lingugram.build/DerivedSources
    export DERIVED_FILE_DIR\=/Users/omidchaghaneh/Projects_3/element-x-ios/build/Build/Intermediates.noindex/Lingugram.build/Debug-iphonesimulator/Lingugram.build/DerivedSources
    export DERIVED_SOURCES_DIR\=/Users/omidchaghaneh/Projects_3/element-x-ios/build/Build/Intermediates.noindex/Lingugram.build/Debug-iphonesimulator/Lingugram.build/DerivedSources
    export DEVELOPER_APPLICATIONS_DIR\=/Applications/Xcode.app/Contents/Developer/Applications
    export DEVELOPER_BIN_DIR\=/Applications/Xcode.app/Contents/Developer/usr/bin
    export DEVELOPER_DIR\=/Applications/Xcode.app/Contents/Developer
    export DEVELOPER_FRAMEWORKS_DIR\=/Applications/Xcode.app/Contents/Developer/Library/Frameworks
    export DEVELOPER_FRAMEWORKS_DIR_QUOTED\=/Applications/Xcode.app/Contents/Developer/Library/Frameworks
    export DEVELOPER_LIBRARY_DIR\=/Applications/Xcode.app/Contents/Developer/Library
    export DEVELOPER_SDK_DIR\=/Applications/Xcode.app/Contents/Developer/Platforms/MacOSX.platform/Developer/SDKs
    export DEVELOPER_TOOLS_DIR\=/Applications/Xcode.app/Contents/Developer/Tools
    export DEVELOPER_USR_DIR\=/Applications/Xcode.app/Contents/Developer/usr
    export DEVELOPMENT_ASSET_PATHS\=DevelopmentAssets/Media
    export DEVELOPMENT_LANGUAGE\=en
    export DEVELOPMENT_TEAM\=7J4U792NQT
    export DIAGNOSE_MISSING_TARGET_DEPENDENCIES\=YES
    export DIFF\=/usr/bin/diff
    export DOCUMENTATION_FOLDER_PATH\=Lingugram.app/en.lproj/Documentation
    export DONT_GENERATE_INFOPLIST_FILE\=NO
    export DSTROOT\=/tmp/Lingugram.dst
    export DT_TOOLCHAIN_DIR\=/Applications/Xcode.app/Contents/Developer/Toolchains/XcodeDefault.xctoolchain
    export DWARF_DSYM_FILE_NAME\=Lingugram.app.dSYM
    export DWARF_DSYM_FILE_SHOULD_ACCOMPANY_PRODUCT\=NO
    export DWARF_DSYM_FOLDER_PATH\=/Users/omidchaghaneh/Projects_3/element-x-ios/build/Build/Products/Debug-iphonesimulator
    export DYNAMIC_LIBRARY_EXTENSION\=dylib
    export EAGER_COMPILATION_ALLOW_SCRIPTS\=NO
    export EAGER_LINKING\=NO
    export EFFECTIVE_PLATFORM_NAME\=-iphonesimulator
    export EMBEDDED_CONTENT_CONTAINS_SWIFT\=NO
    export EMBED_ASSET_PACKS_IN_PRODUCT_BUNDLE\=NO
    export EMBED_PACKAGE_RESOURCE_BUNDLE_NAMES\=\ DTCoreText_DTCoreText\ Emojibase_Emojibase\ PostHog_PostHog\ Kingfisher_Kingfisher\ EmbeddedElementCall_EmbeddedElementCall\ DeviceKit_DeviceKit\ CompoundDesignTokens_CompoundDesignTokens
    export ENABLE_APP_SANDBOX\=NO
    export ENABLE_BITCODE\=NO
    export ENABLE_CODE_COVERAGE\=YES
    export ENABLE_CPLUSPLUS_BOUNDS_SAFE_BUFFERS\=NO
    export ENABLE_C_BOUNDS_SAFETY\=NO
    export ENABLE_DEBUG_DYLIB\=YES
    export ENABLE_DEFAULT_HEADER_SEARCH_PATHS\=YES
    export ENABLE_DEFAULT_SEARCH_PATHS\=YES
    export ENABLE_ENHANCED_SECURITY\=NO
    export ENABLE_HARDENED_RUNTIME\=NO
    export ENABLE_HEADER_DEPENDENCIES\=YES
    export ENABLE_INCOMING_NETWORK_CONNECTIONS\=NO
    export ENABLE_ON_DEMAND_RESOURCES\=YES
    export ENABLE_OUTGOING_NETWORK_CONNECTIONS\=NO
    export ENABLE_POINTER_AUTHENTICATION\=NO
    export ENABLE_PREVIEWS\=NO
    export ENABLE_RESOURCE_ACCESS_AUDIO_INPUT\=NO
    export ENABLE_RESOURCE_ACCESS_BLUETOOTH\=NO
    export ENABLE_RESOURCE_ACCESS_CALENDARS\=NO
    export ENABLE_RESOURCE_ACCESS_CAMERA\=NO
    export ENABLE_RESOURCE_ACCESS_CONTACTS\=NO
    export ENABLE_RESOURCE_ACCESS_LOCATION\=NO
    export ENABLE_RESOURCE_ACCESS_PHOTO_LIBRARY\=NO
    export ENABLE_RESOURCE_ACCESS_PRINTING\=NO
    export ENABLE_RESOURCE_ACCESS_USB\=NO
    export ENABLE_SDK_IMPORTS\=NO
    export ENABLE_SECURITY_COMPILER_WARNINGS\=NO
    export ENABLE_STRICT_OBJC_MSGSEND\=YES
    export ENABLE_TESTABILITY\=YES
    export ENABLE_TESTING_SEARCH_PATHS\=NO
    export ENABLE_USER_SCRIPT_SANDBOXING\=NO
    export ENABLE_XOJIT_PREVIEWS\=YES
    export ENFORCE_VALID_ARCHS\=YES
    export ENTITLEMENTS_ALLOWED\=NO
    export ENTITLEMENTS_DESTINATION\=__entitlements
    export ENTITLEMENTS_REQUIRED\=NO
    export EXCLUDED_INSTALLSRC_SUBDIRECTORY_PATTERNS\=.DS_Store\ .svn\ .git\ .hg\ CVS
    export EXCLUDED_RECURSIVE_SEARCH_PATH_SUBDIRECTORIES\=\*.nib\ \*.lproj\ \*.framework\ \*.gch\ \*.xcode\*\ \*.xcassets\ \*.icon\ \(\*\)\ .DS_Store\ CVS\ .svn\ .git\ .hg\ \*.pbproj\ \*.pbxproj
    export EXECUTABLES_FOLDER_PATH\=Lingugram.app/Executables
    export EXECUTABLE_BLANK_INJECTION_DYLIB_PATH\=Lingugram.app/__preview.dylib
    export EXECUTABLE_DEBUG_DYLIB_INSTALL_NAME\=@rpath/Lingugram.debug.dylib
    export EXECUTABLE_DEBUG_DYLIB_PATH\=Lingugram.app/Lingugram.debug.dylib
    export EXECUTABLE_FOLDER_PATH\=Lingugram.app
    export EXECUTABLE_FOLDER_PATH_SHALLOW_BUNDLE_NO\=Lingugram.app/MacOS
    export EXECUTABLE_FOLDER_PATH_SHALLOW_BUNDLE_YES\=Lingugram.app
    export EXECUTABLE_NAME\=Lingugram
    export EXECUTABLE_PATH\=Lingugram.app/Lingugram
    export EXTENSIONS_FOLDER_PATH\=Lingugram.app/Extensions
    export FILE_LIST\=/Users/omidchaghaneh/Projects_3/element-x-ios/build/Build/Intermediates.noindex/Lingugram.build/Debug-iphonesimulator/Lingugram.build/Objects/LinkFileList
    export FIXED_FILES_DIR\=/Users/omidchaghaneh/Projects_3/element-x-ios/build/Build/Intermediates.noindex/Lingugram.build/Debug-iphonesimulator/Lingugram.build/FixedFiles
    export FRAMEWORKS_FOLDER_PATH\=Lingugram.app/Frameworks
    export FRAMEWORK_FLAG_PREFIX\=-framework
    export FRAMEWORK_SEARCH_PATHS\=/Users/omidchaghaneh/Projects_3/element-x-ios/build/Build/Products/Debug-iphonesimulator/PackageFrameworks\ /Users/omidchaghaneh/Projects_3/element-x-ios/build/Build/Products/Debug-iphonesimulator/PackageFrameworks\ /Users/omidchaghaneh/Projects_3/element-x-ios/build/Build/Products/Debug-iphonesimulator/PackageFrameworks\ /Users/omidchaghaneh/Projects_3/element-x-ios/build/Build/Products/Debug-iphonesimulator/PackageFrameworks\ /Users/omidchaghaneh/Projects_3/element-x-ios/build/Build/Products/Debug-iphonesimulator/PackageFrameworks\ /Users/omidchaghaneh/Projects_3/element-x-ios/build/Build/Products/Debug-iphonesimulator/PackageFrameworks\ /Users/omidchaghaneh/Projects_3/element-x-ios/build/Build/Products/Debug-iphonesimulator/PackageFrameworks\ /Users/omidchaghaneh/Projects_3/element-x-ios/build/Build/Products/Debug-iphonesimulator/PackageFrameworks\ /Users/omidchaghaneh/Projects_3/element-x-ios/build/Build/Products/Debug-iphonesimulator/PackageFrameworks\ /Users/omidchaghaneh/Projects_3/element-x-ios/build/Build/Products/Debug-iphonesimulator/PackageFrameworks\ /Users/omidchaghaneh/Projects_3/element-x-ios/build/Build/Products/Debug-iphonesimulator/PackageFrameworks\ /Users/omidchaghaneh/Projects_3/element-x-ios/build/Build/Products/Debug-iphonesimulator/PackageFrameworks\ /Users/omidchaghaneh/Projects_3/element-x-ios/build/Build/Products/Debug-iphonesimulator/PackageFrameworks\ /Users/omidchaghaneh/Projects_3/element-x-ios/build/Build/Products/Debug-iphonesimulator/PackageFrameworks\ /Users/omidchaghaneh/Projects_3/element-x-ios/build/Build/Products/Debug-iphonesimulator/PackageFrameworks\ /Users/omidchaghaneh/Projects_3/element-x-ios/build/Build/Products/Debug-iphonesimulator/PackageFrameworks\ /Users/omidchaghaneh/Projects_3/element-x-ios/build/Build/Products/Debug-iphonesimulator/PackageFrameworks\ /Users/omidchaghaneh/Projects_3/element-x-ios/build/Build/Products/Debug-iphonesimulator/PackageFrameworks\ /Users/omidchaghaneh/Projects_3/element-x-ios/build/Build/Products/Debug-iphonesimulator/PackageFrameworks\ /Users/omidchaghaneh/Projects_3/element-x-ios/build/Build/Products/Debug-iphonesimulator/PackageFrameworks\ /Users/omidchaghaneh/Projects_3/element-x-ios/build/Build/Products/Debug-iphonesimulator/PackageFrameworks\ /Users/omidchaghaneh/Projects_3/element-x-ios/build/Build/Products/Debug-iphonesimulator/PackageFrameworks\ /Users/omidchaghaneh/Projects_3/element-x-ios/build/Build/Products/Debug-iphonesimulator/PackageFrameworks\ /Users/omidchaghaneh/Projects_3/element-x-ios/build/Build/Products/Debug-iphonesimulator/PackageFrameworks\ /Users/omidchaghaneh/Projects_3/element-x-ios/build/Build/Products/Debug-iphonesimulator/PackageFrameworks\ /Users/omidchaghaneh/Projects_3/element-x-ios/build/Build/Products/Debug-iphonesimulator/PackageFrameworks\ /Users/omidchaghaneh/Projects_3/element-x-ios/build/Build/Products/Debug-iphonesimulator/PackageFrameworks\ /Users/omidchaghaneh/Projects_3/element-x-ios/build/Build/Products/Debug-iphonesimulator/PackageFrameworks\ /Users/omidchaghaneh/Projects_3/element-x-ios/build/Build/Products/Debug-iphonesimulator/PackageFrameworks\ /Users/omidchaghaneh/Projects_3/element-x-ios/build/Build/Products/Debug-iphonesimulator/PackageFrameworks\ /Users/omidchaghaneh/Projects_3/element-x-ios/build/Build/Products/Debug-iphonesimulator/PackageFrameworks\ /Users/omidchaghaneh/Projects_3/element-x-ios/build/Build/Products/Debug-iphonesimulator/PackageFrameworks\ /Users/omidchaghaneh/Projects_3/element-x-ios/build/Build/Products/Debug-iphonesimulator/PackageFrameworks\ /Users/omidchaghaneh/Projects_3/element-x-ios/build/Build/Products/Debug-iphonesimulator/PackageFrameworks\ /Users/omidchaghaneh/Projects_3/element-x-ios/build/Build/Products/Debug-iphonesimulator/PackageFrameworks\ /Users/omidchaghaneh/Projects_3/element-x-ios/build/Build/Products/Debug-iphonesimulator/PackageFrameworks\ /Users/omidchaghaneh/Projects_3/element-x-ios/build/Build/Products/Debug-iphonesimulator/PackageFrameworks\ /Users/omidchaghaneh/Projects_3/element-x-ios/build/Build/Products/Debug-iphonesimulator/PackageFrameworks\ /Users/omidchaghaneh/Projects_3/element-x-ios/build/Build/Products/Debug-iphonesimulator/PackageFrameworks\ /Users/omidchaghaneh/Projects_3/element-x-ios/build/Build/Products/Debug-iphonesimulator/PackageFrameworks\ /Users/omidchaghaneh/Projects_3/element-x-ios/build/Build/Products/Debug-iphonesimulator/PackageFrameworks\ /Users/omidchaghaneh/Projects_3/element-x-ios/build/Build/Products/Debug-iphonesimulator/PackageFrameworks\ /Users/omidchaghaneh/Projects_3/element-x-ios/build/Build/Products/Debug-iphonesimulator/PackageFrameworks\ /Users/omidchaghaneh/Projects_3/element-x-ios/build/Build/Products/Debug-iphonesimulator\ 
    export FRAMEWORK_VERSION\=A
    export FULL_PRODUCT_NAME\=Lingugram.app
    export FUSE_BUILD_PHASES\=YES
    export FUSE_BUILD_SCRIPT_PHASES\=NO
    export GCC3_VERSION\=3.3
    export GCC_C_LANGUAGE_STANDARD\=gnu11
    export GCC_DYNAMIC_NO_PIC\=NO
    export GCC_INLINES_ARE_PRIVATE_EXTERN\=YES
    export GCC_NO_COMMON_BLOCKS\=YES
    export GCC_OBJC_LEGACY_DISPATCH\=YES
    export GCC_OPTIMIZATION_LEVEL\=0
    export GCC_PFE_FILE_C_DIALECTS\=c\ objective-c\ c++\ objective-c++
    export GCC_PREPROCESSOR_DEFINITIONS\=\ DEBUG\=1
    export GCC_SYMBOLS_PRIVATE_EXTERN\=NO
    export GCC_TREAT_WARNINGS_AS_ERRORS\=NO
    export GCC_VERSION\=com.apple.compilers.llvm.clang.1_0
    export GCC_VERSION_IDENTIFIER\=com_apple_compilers_llvm_clang_1_0
    export GCC_WARN_64_TO_32_BIT_CONVERSION\=YES
    export GCC_WARN_ABOUT_RETURN_TYPE\=YES_ERROR
    export GCC_WARN_UNDECLARED_SELECTOR\=YES
    export GCC_WARN_UNINITIALIZED_AUTOS\=YES_AGGRESSIVE
    export GCC_WARN_UNUSED_FUNCTION\=YES
    export GCC_WARN_UNUSED_VARIABLE\=YES
    export GENERATED_MODULEMAP_DIR\=/Users/omidchaghaneh/Projects_3/element-x-ios/build/Build/Intermediates.noindex/GeneratedModuleMaps-iphonesimulator
    export GENERATE_INFOPLIST_FILE\=NO
    export GENERATE_INTERMEDIATE_TEXT_BASED_STUBS\=YES
    export GENERATE_PKGINFO_FILE\=YES
    export GENERATE_PRELINK_OBJECT_FILE\=NO
    export GENERATE_PROFILING_CODE\=NO
    export GENERATE_TEXT_BASED_STUBS\=NO
    export GID\=20
    export GROUP\=staff
    export HEADERMAP_INCLUDES_FLAT_ENTRIES_FOR_TARGET_BEING_BUILT\=YES
    export HEADERMAP_INCLUDES_FRAMEWORK_ENTRIES_FOR_ALL_PRODUCT_TYPES\=YES
    export HEADERMAP_INCLUDES_FRAMEWORK_ENTRIES_FOR_TARGETS_NOT_BEING_BUILT\=YES
    export HEADERMAP_INCLUDES_NONPUBLIC_NONPRIVATE_HEADERS\=YES
    export HEADERMAP_INCLUDES_PROJECT_HEADERS\=YES
    export HEADERMAP_USES_FRAMEWORK_PREFIX_ENTRIES\=YES
    export HEADERMAP_USES_VFS\=NO
    export HEADER_SEARCH_PATHS\=/Users/omidchaghaneh/Projects_3/element-x-ios/build/SourcePackages/checkouts/swift-numerics/Sources/_NumericsShims/include\ /Users/omidchaghaneh/Projects_3/element-x-ios/build/SourcePackages/checkouts/posthog-ios/vendor/libwebp/.\ /Users/omidchaghaneh/Projects_3/element-x-ios/build/SourcePackages/checkouts/GZIP/GZIP/Sources\ /Users/omidchaghaneh/Projects_3/element-x-ios/build/SourcePackages/checkouts/sentry-cocoa/Sources/SentrySwiftUI/SentryInternal\ /Users/omidchaghaneh/Projects_3/element-x-ios/build/SourcePackages/checkouts/DTFoundation/Core/include\ /Users/omidchaghaneh/Projects_3/element-x-ios/build/SourcePackages/checkouts/DTCoreText/Core/include\ /Users/omidchaghaneh/Projects_3/element-x-ios/build/SourcePackages/checkouts/matrix-rich-text-editor-swift/Sources/DTCoreTextExtended/include\ /Users/omidchaghaneh/Projects_3/element-x-ios/build/SourcePackages/checkouts/swift-ogg/Sources/SupportingFiles/Dependencies/Copustools/include\ /Users/omidchaghaneh/Projects_3/element-x-ios/build/Build/Products/Debug-iphonesimulator/include\ 
    export HOME\=/Users/omidchaghaneh
    export HOST_ARCH\=arm64
    export HOST_PLATFORM\=macosx
    export ICONV\=/usr/bin/iconv
    export IMPLICIT_DEPENDENCY_DOMAIN\=default
    export INFOPLIST_ENABLE_CFBUNDLEICONS_MERGE\=YES
    export INFOPLIST_EXPAND_BUILD_SETTINGS\=YES
    export INFOPLIST_FILE\=Lingugram/SupportingFiles/Info.plist
    export INFOPLIST_OUTPUT_FORMAT\=binary
    export INFOPLIST_PATH\=Lingugram.app/Info.plist
    export INFOPLIST_PREPROCESS\=NO
    export INFOSTRINGS_PATH\=Lingugram.app/en.lproj/InfoPlist.strings
    export INLINE_PRIVATE_FRAMEWORKS\=NO
    export INSTALLAPI_IGNORE_SKIP_INSTALL\=YES
    export INSTALLHDRS_COPY_PHASE\=NO
    export INSTALLHDRS_SCRIPT_PHASE\=NO
    export INSTALL_DIR\=/tmp/Lingugram.dst/Applications
    export INSTALL_GROUP\=staff
    export INSTALL_MODE_FLAG\=u+w,go-w,a+rX
    export INSTALL_OWNER\=omidchaghaneh
    export INSTALL_PATH\=/Applications
    export INSTALL_ROOT\=/tmp/Lingugram.dst
    export IPHONEOS_DEPLOYMENT_TARGET\=17.5
    export IS_UNOPTIMIZED_BUILD\=YES
    export JAVAC_DEFAULT_FLAGS\=-J-Xms64m\ -J-XX:NewSize\=4M\ -J-Dfile.encoding\=UTF8
    export JAVA_APP_STUB\=/System/Library/Frameworks/JavaVM.framework/Resources/MacOS/JavaApplicationStub
    export JAVA_ARCHIVE_CLASSES\=YES
    export JAVA_ARCHIVE_TYPE\=JAR
    export JAVA_COMPILER\=/usr/bin/javac
    export JAVA_FOLDER_PATH\=Lingugram.app/Java
    export JAVA_FRAMEWORK_RESOURCES_DIRS\=Resources
    export JAVA_JAR_FLAGS\=cv
    export JAVA_SOURCE_SUBDIR\=.
    export JAVA_USE_DEPENDENCIES\=YES
    export JAVA_ZIP_FLAGS\=-urg
    export JIKES_DEFAULT_FLAGS\=+E\ +OLDCSO
    export KEEP_PRIVATE_EXTERNS\=NO
    export KEYCHAIN_ACCESS_GROUP_IDENTIFIER\=7J4U792NQT.io.element.elementx
    export LD_DEPENDENCY_INFO_FILE\=/Users/omidchaghaneh/Projects_3/element-x-ios/build/Build/Intermediates.noindex/Lingugram.build/Debug-iphonesimulator/Lingugram.build/Objects-normal/undefined_arch/Lingugram_dependency_info.dat
    export LD_EXPORT_SYMBOLS\=YES
    export LD_GENERATE_MAP_FILE\=NO
    export LD_MAP_FILE_PATH\=/Users/omidchaghaneh/Projects_3/element-x-ios/build/Build/Intermediates.noindex/Lingugram.build/Debug-iphonesimulator/Lingugram.build/Lingugram-LinkMap-normal-undefined_arch.txt
    export LD_NO_PIE\=NO
    export LD_QUOTE_LINKER_ARGUMENTS_FOR_COMPILER_DRIVER\=YES
    export LD_RUNPATH_SEARCH_PATHS\=/Users/omidchaghaneh/Projects_3/element-x-ios/build/Build/Products/Debug-iphonesimulator/PackageFrameworks\ /Users/omidchaghaneh/Projects_3/element-x-ios/build/Build/Products/Debug-iphonesimulator/PackageFrameworks\ /Users/omidchaghaneh/Projects_3/element-x-ios/build/Build/Products/Debug-iphonesimulator/PackageFrameworks\ /Users/omidchaghaneh/Projects_3/element-x-ios/build/Build/Products/Debug-iphonesimulator/PackageFrameworks\ /Users/omidchaghaneh/Projects_3/element-x-ios/build/Build/Products/Debug-iphonesimulator/PackageFrameworks\ /Users/omidchaghaneh/Projects_3/element-x-ios/build/Build/Products/Debug-iphonesimulator/PackageFrameworks\ /Users/omidchaghaneh/Projects_3/element-x-ios/build/Build/Products/Debug-iphonesimulator/PackageFrameworks\ /Users/omidchaghaneh/Projects_3/element-x-ios/build/Build/Products/Debug-iphonesimulator/PackageFrameworks\ /Users/omidchaghaneh/Projects_3/element-x-ios/build/Build/Products/Debug-iphonesimulator/PackageFrameworks\ /Users/omidchaghaneh/Projects_3/element-x-ios/build/Build/Products/Debug-iphonesimulator/PackageFrameworks\ /Users/omidchaghaneh/Projects_3/element-x-ios/build/Build/Products/Debug-iphonesimulator/PackageFrameworks\ /Users/omidchaghaneh/Projects_3/element-x-ios/build/Build/Products/Debug-iphonesimulator/PackageFrameworks\ /Users/omidchaghaneh/Projects_3/element-x-ios/build/Build/Products/Debug-iphonesimulator/PackageFrameworks\ /Users/omidchaghaneh/Projects_3/element-x-ios/build/Build/Products/Debug-iphonesimulator/PackageFrameworks\ /Users/omidchaghaneh/Projects_3/element-x-ios/build/Build/Products/Debug-iphonesimulator/PackageFrameworks\ /Users/omidchaghaneh/Projects_3/element-x-ios/build/Build/Products/Debug-iphonesimulator/PackageFrameworks\ /Users/omidchaghaneh/Projects_3/element-x-ios/build/Build/Products/Debug-iphonesimulator/PackageFrameworks\ /Users/omidchaghaneh/Projects_3/element-x-ios/build/Build/Products/Debug-iphonesimulator/PackageFrameworks\ /Users/omidchaghaneh/Projects_3/element-x-ios/build/Build/Products/Debug-iphonesimulator/PackageFrameworks\ /Users/omidchaghaneh/Projects_3/element-x-ios/build/Build/Products/Debug-iphonesimulator/PackageFrameworks\ /Users/omidchaghaneh/Projects_3/element-x-ios/build/Build/Products/Debug-iphonesimulator/PackageFrameworks\ /Users/omidchaghaneh/Projects_3/element-x-ios/build/Build/Products/Debug-iphonesimulator/PackageFrameworks\ /Users/omidchaghaneh/Projects_3/element-x-ios/build/Build/Products/Debug-iphonesimulator/PackageFrameworks\ /Users/omidchaghaneh/Projects_3/element-x-ios/build/Build/Products/Debug-iphonesimulator/PackageFrameworks\ /Users/omidchaghaneh/Projects_3/element-x-ios/build/Build/Products/Debug-iphonesimulator/PackageFrameworks\ /Users/omidchaghaneh/Projects_3/element-x-ios/build/Build/Products/Debug-iphonesimulator/PackageFrameworks\ /Users/omidchaghaneh/Projects_3/element-x-ios/build/Build/Products/Debug-iphonesimulator/PackageFrameworks\ /Users/omidchaghaneh/Projects_3/element-x-ios/build/Build/Products/Debug-iphonesimulator/PackageFrameworks\ /Users/omidchaghaneh/Projects_3/element-x-ios/build/Build/Products/Debug-iphonesimulator/PackageFrameworks\ /Users/omidchaghaneh/Projects_3/element-x-ios/build/Build/Products/Debug-iphonesimulator/PackageFrameworks\ /Users/omidchaghaneh/Projects_3/element-x-ios/build/Build/Products/Debug-iphonesimulator/PackageFrameworks\ /Users/omidchaghaneh/Projects_3/element-x-ios/build/Build/Products/Debug-iphonesimulator/PackageFrameworks\ /Users/omidchaghaneh/Projects_3/element-x-ios/build/Build/Products/Debug-iphonesimulator/PackageFrameworks\ /Users/omidchaghaneh/Projects_3/element-x-ios/build/Build/Products/Debug-iphonesimulator/PackageFrameworks\ /Users/omidchaghaneh/Projects_3/element-x-ios/build/Build/Products/Debug-iphonesimulator/PackageFrameworks\ /Users/omidchaghaneh/Projects_3/element-x-ios/build/Build/Products/Debug-iphonesimulator/PackageFrameworks\ /Users/omidchaghaneh/Projects_3/element-x-ios/build/Build/Products/Debug-iphonesimulator/PackageFrameworks\ /Users/omidchaghaneh/Projects_3/element-x-ios/build/Build/Products/Debug-iphonesimulator/PackageFrameworks\ /Users/omidchaghaneh/Projects_3/element-x-ios/build/Build/Products/Debug-iphonesimulator/PackageFrameworks\ /Users/omidchaghaneh/Projects_3/element-x-ios/build/Build/Products/Debug-iphonesimulator/PackageFrameworks\ /Users/omidchaghaneh/Projects_3/element-x-ios/build/Build/Products/Debug-iphonesimulator/PackageFrameworks\ /Users/omidchaghaneh/Projects_3/element-x-ios/build/Build/Products/Debug-iphonesimulator/PackageFrameworks\ /Users/omidchaghaneh/Projects_3/element-x-ios/build/Build/Products/Debug-iphonesimulator/PackageFrameworks\ \ @executable_path/Frameworks
    export LD_RUNPATH_SEARCH_PATHS_YES\=@loader_path/../Frameworks
    export LD_SHARED_CACHE_ELIGIBLE\=Automatic
    export LD_WARN_DUPLICATE_LIBRARIES\=NO
    export LD_WARN_UNUSED_DYLIBS\=NO
    export LEGACY_DEVELOPER_DIR\=/Applications/Xcode.app/Contents/PlugIns/Xcode3Core.ideplugin/Contents/SharedSupport/Developer
    export LEX\=lex
    export LIBRARY_DEXT_INSTALL_PATH\=/Library/DriverExtensions
    export LIBRARY_FLAG_NOSPACE\=YES
    export LIBRARY_FLAG_PREFIX\=-l
    export LIBRARY_KEXT_INSTALL_PATH\=/Library/Extensions
    export LIBRARY_SEARCH_PATHS\=/Users/omidchaghaneh/Projects_3/element-x-ios/build/Build/Products/Debug-iphonesimulator\ 
    export LINKER_DISPLAYS_MANGLED_NAMES\=NO
    export LINK_FILE_LIST_normal_arm64\=/Users/omidchaghaneh/Projects_3/element-x-ios/build/Build/Intermediates.noindex/Lingugram.build/Debug-iphonesimulator/Lingugram.build/Objects-normal/arm64/Lingugram.LinkFileList
    export LINK_OBJC_RUNTIME\=YES
    export LINK_WITH_STANDARD_LIBRARIES\=YES
    export LLVM_TARGET_TRIPLE_OS_VERSION\=ios17.5
    export LLVM_TARGET_TRIPLE_SUFFIX\=-simulator
    export LLVM_TARGET_TRIPLE_VENDOR\=apple
    export LM_AUX_CONST_METADATA_LIST_PATH_normal_arm64\=/Users/omidchaghaneh/Projects_3/element-x-ios/build/Build/Intermediates.noindex/Lingugram.build/Debug-iphonesimulator/Lingugram.build/Objects-normal/arm64/Lingugram.SwiftConstValuesFileList
    export LOCALIZATION_EXPORT_SUPPORTED\=YES
    export LOCALIZATION_PREFERS_STRING_CATALOGS\=NO
    export LOCALIZED_RESOURCES_FOLDER_PATH\=Lingugram.app/en.lproj
    export LOCALIZED_STRING_MACRO_NAMES\=NSLocalizedString\ CFCopyLocalizedString
    export LOCALIZED_STRING_SWIFTUI_SUPPORT\=YES
    export LOCAL_ADMIN_APPS_DIR\=/Applications/Utilities
    export LOCAL_APPS_DIR\=/Applications
    export LOCAL_DEVELOPER_DIR\=/Library/Developer
    export LOCAL_LIBRARY_DIR\=/Library
    export LOCROOT\=/Users/omidchaghaneh/Projects_3/element-x-ios
    export LOCSYMROOT\=/Users/omidchaghaneh/Projects_3/element-x-ios
    export MACH_O_TYPE\=mh_execute
    export MAC_OS_X_PRODUCT_BUILD_VERSION\=25A362
    export MAC_OS_X_VERSION_ACTUAL\=260001
    export MAC_OS_X_VERSION_MAJOR\=260000
    export MAC_OS_X_VERSION_MINOR\=260000
    export MAKE_MERGEABLE\=NO
    export MARKETING_VERSION\=25.11.0
    export MERGEABLE_LIBRARY\=NO
    export MERGED_BINARY_TYPE\=none
    export MERGE_LINKED_LIBRARIES\=NO
    export METAL_LIBRARY_FILE_BASE\=default
    export METAL_LIBRARY_OUTPUT_DIR\=/Users/omidchaghaneh/Projects_3/element-x-ios/build/Build/Products/Debug-iphonesimulator/Lingugram.app
    export MODULES_FOLDER_PATH\=Lingugram.app/Modules
    export MODULE_CACHE_DIR\=/Users/omidchaghaneh/Projects_3/element-x-ios/build/ModuleCache.noindex
    export MTL_ENABLE_DEBUG_INFO\=INCLUDE_SOURCE
    export MTL_FAST_MATH\=YES
    export NATIVE_ARCH\=arm64
    export NATIVE_ARCH_32_BIT\=arm
    export NATIVE_ARCH_64_BIT\=arm64
    export NATIVE_ARCH_ACTUAL\=arm64
    export NO_COMMON\=YES
    export OBJC_ABI_VERSION\=2
    export OBJECT_FILE_DIR\=/Users/omidchaghaneh/Projects_3/element-x-ios/build/Build/Intermediates.noindex/Lingugram.build/Debug-iphonesimulator/Lingugram.build/Objects
    export OBJECT_FILE_DIR_normal\=/Users/omidchaghaneh/Projects_3/element-x-ios/build/Build/Intermediates.noindex/Lingugram.build/Debug-iphonesimulator/Lingugram.build/Objects-normal
    export OBJROOT\=/Users/omidchaghaneh/Projects_3/element-x-ios/build/Build/Intermediates.noindex
    export ONLY_ACTIVE_ARCH\=YES
    export OS\=MACOS
    export OSAC\=/usr/bin/osacompile
    export OTHER_CFLAGS\=-fmodule-map-file\=/Users/omidchaghaneh/Projects_3/element-x-ios/build/Build/Intermediates.noindex/GeneratedModuleMaps-iphonesimulator/MatrixRustSDK.modulemap\ -fmodule-map-file\=/Users/omidchaghaneh/Projects_3/element-x-ios/build/Build/Intermediates.noindex/GeneratedModuleMaps-iphonesimulator/CompoundDesignTokens.modulemap\ -fmodule-map-file\=/Users/omidchaghaneh/Projects_3/element-x-ios/build/Build/Intermediates.noindex/GeneratedModuleMaps-iphonesimulator/SwiftUIIntrospect.modulemap\ -fmodule-map-file\=/Users/omidchaghaneh/Projects_3/element-x-ios/build/Build/Intermediates.noindex/GeneratedModuleMaps-iphonesimulator/SFSafeSymbols.modulemap\ -fmodule-map-file\=/Users/omidchaghaneh/Projects_3/element-x-ios/build/Build/Intermediates.noindex/GeneratedModuleMaps-iphonesimulator/Compound.modulemap\ -fmodule-map-file\=/Users/omidchaghaneh/Projects_3/element-x-ios/build/Build/Intermediates.noindex/GeneratedModuleMaps-iphonesimulator/RealModule.modulemap\ -fmodule-map-file\=/Users/omidchaghaneh/Projects_3/element-x-ios/build/Build/Intermediates.noindex/GeneratedModuleMaps-iphonesimulator/Algorithms.modulemap\ -fmodule-map-file\=/Users/omidchaghaneh/Projects_3/element-x-ios/build/Build/Intermediates.noindex/GeneratedModuleMaps-iphonesimulator/AnalyticsEvents.modulemap\ -fmodule-map-file\=/Users/omidchaghaneh/Projects_3/element-x-ios/build/Build/Intermediates.noindex/GeneratedModuleMaps-iphonesimulator/_RopeModule.modulemap\ -fmodule-map-file\=/Users/omidchaghaneh/Projects_3/element-x-ios/build/Build/Intermediates.noindex/GeneratedModuleMaps-iphonesimulator/OrderedCollections.modulemap\ -fmodule-map-file\=/Users/omidchaghaneh/Projects_3/element-x-ios/build/Build/Intermediates.noindex/GeneratedModuleMaps-iphonesimulator/HeapModule.modulemap\ -fmodule-map-file\=/Users/omidchaghaneh/Projects_3/element-x-ios/build/Build/Intermediates.noindex/GeneratedModuleMaps-iphonesimulator/HashTreeCollections.modulemap\ -fmodule-map-file\=/Users/omidchaghaneh/Projects_3/element-x-ios/build/Build/Intermediates.noindex/GeneratedModuleMaps-iphonesimulator/DequeModule.modulemap\ -fmodule-map-file\=/Users/omidchaghaneh/Projects_3/element-x-ios/build/Build/Intermediates.noindex/GeneratedModuleMaps-iphonesimulator/BitCollections.modulemap\ -fmodule-map-file\=/Users/omidchaghaneh/Projects_3/element-x-ios/build/Build/Intermediates.noindex/GeneratedModuleMaps-iphonesimulator/InternalCollectionsUtilities.modulemap\ -fmodule-map-file\=/Users/omidchaghaneh/Projects_3/element-x-ios/build/Build/Intermediates.noindex/GeneratedModuleMaps-iphonesimulator/Collections.modulemap\ -fmodule-map-file\=/Users/omidchaghaneh/Projects_3/element-x-ios/build/Build/Intermediates.noindex/GeneratedModuleMaps-iphonesimulator/DeviceKit.modulemap\ -fmodule-map-file\=/Users/omidchaghaneh/Projects_3/element-x-ios/build/Build/Intermediates.noindex/GeneratedModuleMaps-iphonesimulator/EmbeddedElementCall.modulemap\ -fmodule-map-file\=/Users/omidchaghaneh/Projects_3/element-x-ios/build/Build/Intermediates.noindex/GeneratedModuleMaps-iphonesimulator/KeychainAccess.modulemap\ -fmodule-map-file\=/Users/omidchaghaneh/Projects_3/element-x-ios/build/Build/Intermediates.noindex/GeneratedModuleMaps-iphonesimulator/Kingfisher.modulemap\ -fmodule-map-file\=/Users/omidchaghaneh/Projects_3/element-x-ios/build/Build/Intermediates.noindex/GeneratedModuleMaps-iphonesimulator/KZFileWatchers.modulemap\ -fmodule-map-file\=/Users/omidchaghaneh/Projects_3/element-x-ios/build/Build/Intermediates.noindex/GeneratedModuleMaps-iphonesimulator/LoremSwiftum.modulemap\ -fmodule-map-file\=/Users/omidchaghaneh/Projects_3/element-x-ios/build/Build/Intermediates.noindex/GeneratedModuleMaps-iphonesimulator/LRUCache.modulemap\ -fmodule-map-file\=/Users/omidchaghaneh/Projects_3/element-x-ios/build/Build/Intermediates.noindex/GeneratedModuleMaps-iphonesimulator/Mutex.modulemap\ -fmodule-map-file\=/Users/omidchaghaneh/Projects_3/element-x-ios/build/Build/Intermediates.noindex/GeneratedModuleMaps-iphonesimulator/phlibwebp.modulemap\ -fmodule-map-file\=/Users/omidchaghaneh/Projects_3/element-x-ios/build/Build/Intermediates.noindex/GeneratedModuleMaps-iphonesimulator/PostHog.modulemap\ -fmodule-map-file\=/Users/omidchaghaneh/Projects_3/element-x-ios/build/Build/Intermediates.noindex/GeneratedModuleMaps-iphonesimulator/SwiftState.modulemap\ -fmodule-map-file\=/Users/omidchaghaneh/Projects_3/element-x-ios/build/Build/Intermediates.noindex/GeneratedModuleMaps-iphonesimulator/GZIP.modulemap\ -fmodule-map-file\=/Users/omidchaghaneh/Projects_3/element-x-ios/build/Build/Intermediates.noindex/GeneratedModuleMaps-iphonesimulator/SentryInternal.modulemap\ -fmodule-map-file\=/Users/omidchaghaneh/Projects_3/element-x-ios/build/Build/Intermediates.noindex/GeneratedModuleMaps-iphonesimulator/SentrySwiftUI.modulemap\ -fmodule-map-file\=/Users/omidchaghaneh/Projects_3/element-x-ios/build/Build/Intermediates.noindex/GeneratedModuleMaps-iphonesimulator/Version.modulemap\ -fmodule-map-file\=/Users/omidchaghaneh/Projects_3/element-x-ios/build/Build/Intermediates.noindex/GeneratedModuleMaps-iphonesimulator/Emojibase.modulemap\ -fmodule-map-file\=/Users/omidchaghaneh/Projects_3/element-x-ios/build/Build/Intermediates.noindex/GeneratedModuleMaps-iphonesimulator/DTFoundation.modulemap\ -fmodule-map-file\=/Users/omidchaghaneh/Projects_3/element-x-ios/build/Build/Intermediates.noindex/GeneratedModuleMaps-iphonesimulator/DTCoreText.modulemap\ -fmodule-map-file\=/Users/omidchaghaneh/Projects_3/element-x-ios/build/Build/Intermediates.noindex/GeneratedModuleMaps-iphonesimulator/HTMLParser.modulemap\ -fmodule-map-file\=/Users/omidchaghaneh/Projects_3/element-x-ios/build/Build/Intermediates.noindex/GeneratedModuleMaps-iphonesimulator/DTCoreTextExtended.modulemap\ -fmodule-map-file\=/Users/omidchaghaneh/Projects_3/element-x-ios/build/Build/Intermediates.noindex/GeneratedModuleMaps-iphonesimulator/WysiwygComposer.modulemap\ -fmodule-map-file\=/Users/omidchaghaneh/Projects_3/element-x-ios/build/Build/Intermediates.noindex/GeneratedModuleMaps-iphonesimulator/SwiftOGG.modulemap\ -fmodule-map-file\=/Users/omidchaghaneh/Projects_3/element-x-ios/build/Build/Intermediates.noindex/GeneratedModuleMaps-iphonesimulator/SwiftSoup.modulemap\ -fmodule-map-file\=/Users/omidchaghaneh/Projects_3/element-x-ios/build/Build/Intermediates.noindex/GeneratedModuleMaps-iphonesimulator/DSWaveformImage.modulemap\ -fmodule-map-file\=/Users/omidchaghaneh/Projects_3/element-x-ios/build/Build/Intermediates.noindex/GeneratedModuleMaps-iphonesimulator/DSWaveformImageViews.modulemap\ 
    export OTHER_CPLUSPLUSFLAGS\=-fmodule-map-file\=/Users/omidchaghaneh/Projects_3/element-x-ios/build/Build/Intermediates.noindex/GeneratedModuleMaps-iphonesimulator/MatrixRustSDK.modulemap\ -fmodule-map-file\=/Users/omidchaghaneh/Projects_3/element-x-ios/build/Build/Intermediates.noindex/GeneratedModuleMaps-iphonesimulator/CompoundDesignTokens.modulemap\ -fmodule-map-file\=/Users/omidchaghaneh/Projects_3/element-x-ios/build/Build/Intermediates.noindex/GeneratedModuleMaps-iphonesimulator/SwiftUIIntrospect.modulemap\ -fmodule-map-file\=/Users/omidchaghaneh/Projects_3/element-x-ios/build/Build/Intermediates.noindex/GeneratedModuleMaps-iphonesimulator/SFSafeSymbols.modulemap\ -fmodule-map-file\=/Users/omidchaghaneh/Projects_3/element-x-ios/build/Build/Intermediates.noindex/GeneratedModuleMaps-iphonesimulator/Compound.modulemap\ -fmodule-map-file\=/Users/omidchaghaneh/Projects_3/element-x-ios/build/Build/Intermediates.noindex/GeneratedModuleMaps-iphonesimulator/RealModule.modulemap\ -fmodule-map-file\=/Users/omidchaghaneh/Projects_3/element-x-ios/build/Build/Intermediates.noindex/GeneratedModuleMaps-iphonesimulator/Algorithms.modulemap\ -fmodule-map-file\=/Users/omidchaghaneh/Projects_3/element-x-ios/build/Build/Intermediates.noindex/GeneratedModuleMaps-iphonesimulator/AnalyticsEvents.modulemap\ -fmodule-map-file\=/Users/omidchaghaneh/Projects_3/element-x-ios/build/Build/Intermediates.noindex/GeneratedModuleMaps-iphonesimulator/_RopeModule.modulemap\ -fmodule-map-file\=/Users/omidchaghaneh/Projects_3/element-x-ios/build/Build/Intermediates.noindex/GeneratedModuleMaps-iphonesimulator/OrderedCollections.modulemap\ -fmodule-map-file\=/Users/omidchaghaneh/Projects_3/element-x-ios/build/Build/Intermediates.noindex/GeneratedModuleMaps-iphonesimulator/HeapModule.modulemap\ -fmodule-map-file\=/Users/omidchaghaneh/Projects_3/element-x-ios/build/Build/Intermediates.noindex/GeneratedModuleMaps-iphonesimulator/HashTreeCollections.modulemap\ -fmodule-map-file\=/Users/omidchaghaneh/Projects_3/element-x-ios/build/Build/Intermediates.noindex/GeneratedModuleMaps-iphonesimulator/DequeModule.modulemap\ -fmodule-map-file\=/Users/omidchaghaneh/Projects_3/element-x-ios/build/Build/Intermediates.noindex/GeneratedModuleMaps-iphonesimulator/BitCollections.modulemap\ -fmodule-map-file\=/Users/omidchaghaneh/Projects_3/element-x-ios/build/Build/Intermediates.noindex/GeneratedModuleMaps-iphonesimulator/InternalCollectionsUtilities.modulemap\ -fmodule-map-file\=/Users/omidchaghaneh/Projects_3/element-x-ios/build/Build/Intermediates.noindex/GeneratedModuleMaps-iphonesimulator/Collections.modulemap\ -fmodule-map-file\=/Users/omidchaghaneh/Projects_3/element-x-ios/build/Build/Intermediates.noindex/GeneratedModuleMaps-iphonesimulator/DeviceKit.modulemap\ -fmodule-map-file\=/Users/omidchaghaneh/Projects_3/element-x-ios/build/Build/Intermediates.noindex/GeneratedModuleMaps-iphonesimulator/EmbeddedElementCall.modulemap\ -fmodule-map-file\=/Users/omidchaghaneh/Projects_3/element-x-ios/build/Build/Intermediates.noindex/GeneratedModuleMaps-iphonesimulator/KeychainAccess.modulemap\ -fmodule-map-file\=/Users/omidchaghaneh/Projects_3/element-x-ios/build/Build/Intermediates.noindex/GeneratedModuleMaps-iphonesimulator/Kingfisher.modulemap\ -fmodule-map-file\=/Users/omidchaghaneh/Projects_3/element-x-ios/build/Build/Intermediates.noindex/GeneratedModuleMaps-iphonesimulator/KZFileWatchers.modulemap\ -fmodule-map-file\=/Users/omidchaghaneh/Projects_3/element-x-ios/build/Build/Intermediates.noindex/GeneratedModuleMaps-iphonesimulator/LoremSwiftum.modulemap\ -fmodule-map-file\=/Users/omidchaghaneh/Projects_3/element-x-ios/build/Build/Intermediates.noindex/GeneratedModuleMaps-iphonesimulator/LRUCache.modulemap\ -fmodule-map-file\=/Users/omidchaghaneh/Projects_3/element-x-ios/build/Build/Intermediates.noindex/GeneratedModuleMaps-iphonesimulator/Mutex.modulemap\ -fmodule-map-file\=/Users/omidchaghaneh/Projects_3/element-x-ios/build/Build/Intermediates.noindex/GeneratedModuleMaps-iphonesimulator/phlibwebp.modulemap\ -fmodule-map-file\=/Users/omidchaghaneh/Projects_3/element-x-ios/build/Build/Intermediates.noindex/GeneratedModuleMaps-iphonesimulator/PostHog.modulemap\ -fmodule-map-file\=/Users/omidchaghaneh/Projects_3/element-x-ios/build/Build/Intermediates.noindex/GeneratedModuleMaps-iphonesimulator/SwiftState.modulemap\ -fmodule-map-file\=/Users/omidchaghaneh/Projects_3/element-x-ios/build/Build/Intermediates.noindex/GeneratedModuleMaps-iphonesimulator/GZIP.modulemap\ -fmodule-map-file\=/Users/omidchaghaneh/Projects_3/element-x-ios/build/Build/Intermediates.noindex/GeneratedModuleMaps-iphonesimulator/SentryInternal.modulemap\ -fmodule-map-file\=/Users/omidchaghaneh/Projects_3/element-x-ios/build/Build/Intermediates.noindex/GeneratedModuleMaps-iphonesimulator/SentrySwiftUI.modulemap\ -fmodule-map-file\=/Users/omidchaghaneh/Projects_3/element-x-ios/build/Build/Intermediates.noindex/GeneratedModuleMaps-iphonesimulator/Version.modulemap\ -fmodule-map-file\=/Users/omidchaghaneh/Projects_3/element-x-ios/build/Build/Intermediates.noindex/GeneratedModuleMaps-iphonesimulator/Emojibase.modulemap\ -fmodule-map-file\=/Users/omidchaghaneh/Projects_3/element-x-ios/build/Build/Intermediates.noindex/GeneratedModuleMaps-iphonesimulator/DTFoundation.modulemap\ -fmodule-map-file\=/Users/omidchaghaneh/Projects_3/element-x-ios/build/Build/Intermediates.noindex/GeneratedModuleMaps-iphonesimulator/DTCoreText.modulemap\ -fmodule-map-file\=/Users/omidchaghaneh/Projects_3/element-x-ios/build/Build/Intermediates.noindex/GeneratedModuleMaps-iphonesimulator/HTMLParser.modulemap\ -fmodule-map-file\=/Users/omidchaghaneh/Projects_3/element-x-ios/build/Build/Intermediates.noindex/GeneratedModuleMaps-iphonesimulator/DTCoreTextExtended.modulemap\ -fmodule-map-file\=/Users/omidchaghaneh/Projects_3/element-x-ios/build/Build/Intermediates.noindex/GeneratedModuleMaps-iphonesimulator/WysiwygComposer.modulemap\ -fmodule-map-file\=/Users/omidchaghaneh/Projects_3/element-x-ios/build/Build/Intermediates.noindex/GeneratedModuleMaps-iphonesimulator/SwiftOGG.modulemap\ -fmodule-map-file\=/Users/omidchaghaneh/Projects_3/element-x-ios/build/Build/Intermediates.noindex/GeneratedModuleMaps-iphonesimulator/SwiftSoup.modulemap\ -fmodule-map-file\=/Users/omidchaghaneh/Projects_3/element-x-ios/build/Build/Intermediates.noindex/GeneratedModuleMaps-iphonesimulator/DSWaveformImage.modulemap\ -fmodule-map-file\=/Users/omidchaghaneh/Projects_3/element-x-ios/build/Build/Intermediates.noindex/GeneratedModuleMaps-iphonesimulator/DSWaveformImageViews.modulemap\ 
    export OTHER_LDFLAGS\=-Wl,-no_warn_duplicate_libraries\ -Wl,-no_warn_duplicate_libraries\ -Wl,-no_warn_duplicate_libraries\ -Wl,-no_warn_duplicate_libraries\ -Wl,-no_warn_duplicate_libraries\ -Wl,-no_warn_duplicate_libraries\ -Wl,-no_warn_duplicate_libraries\ -Wl,-no_warn_duplicate_libraries\ -Wl,-no_warn_duplicate_libraries\ -Wl,-no_warn_duplicate_libraries\ -Wl,-no_warn_duplicate_libraries\ -Wl,-no_warn_duplicate_libraries\ -Wl,-no_warn_duplicate_libraries\ -Wl,-no_warn_duplicate_libraries\ -Wl,-no_warn_duplicate_libraries\ -Wl,-no_warn_duplicate_libraries\ -Wl,-no_warn_duplicate_libraries\ -Wl,-no_warn_duplicate_libraries\ -Wl,-no_warn_duplicate_libraries\ -Wl,-no_warn_duplicate_libraries\ -Wl,-no_warn_duplicate_libraries\ -Wl,-no_warn_duplicate_libraries\ -Wl,-no_warn_duplicate_libraries\ -Wl,-no_warn_duplicate_libraries\ -Wl,-no_warn_duplicate_libraries\ -Wl,-no_warn_duplicate_libraries\ -Wl,-no_warn_duplicate_libraries\ -Wl,-no_warn_duplicate_libraries\ -Wl,-no_warn_duplicate_libraries\ -Wl,-no_warn_duplicate_libraries\ -Wl,-no_warn_duplicate_libraries\ -Wl,-no_warn_duplicate_libraries\ -Wl,-no_warn_duplicate_libraries\ -Wl,-no_warn_duplicate_libraries\ -Wl,-no_warn_duplicate_libraries\ -Wl,-no_warn_duplicate_libraries\ -Wl,-no_warn_duplicate_libraries\ -Wl,-no_warn_duplicate_libraries\ -Wl,-no_warn_duplicate_libraries\ -Wl,-no_warn_duplicate_libraries\ -Wl,-no_warn_duplicate_libraries\ -Wl,-no_warn_duplicate_libraries\ -Wl,-no_warn_duplicate_libraries\ \ -framework\ Sentry
    export OTHER_SWIFT_FLAGS\=-Xcc\ -fmodule-map-file\=/Users/omidchaghaneh/Projects_3/element-x-ios/build/Build/Intermediates.noindex/GeneratedModuleMaps-iphonesimulator/phlibwebp.modulemap\ -Xcc\ -fmodule-map-file\=/Users/omidchaghaneh/Projects_3/element-x-ios/build/Build/Intermediates.noindex/GeneratedModuleMaps-iphonesimulator/GZIP.modulemap\ -Xcc\ -fmodule-map-file\=/Users/omidchaghaneh/Projects_3/element-x-ios/build/Build/Intermediates.noindex/GeneratedModuleMaps-iphonesimulator/SentryInternal.modulemap\ -Xcc\ -fmodule-map-file\=/Users/omidchaghaneh/Projects_3/element-x-ios/build/Build/Intermediates.noindex/GeneratedModuleMaps-iphonesimulator/DTFoundation.modulemap\ -Xcc\ -fmodule-map-file\=/Users/omidchaghaneh/Projects_3/element-x-ios/build/Build/Intermediates.noindex/GeneratedModuleMaps-iphonesimulator/DTCoreText.modulemap\ -Xcc\ -fmodule-map-file\=/Users/omidchaghaneh/Projects_3/element-x-ios/build/Build/Intermediates.noindex/GeneratedModuleMaps-iphonesimulator/DTCoreTextExtended.modulemap\ -DIS_MAIN_APP
    export PACKAGE_TYPE\=com.apple.package-type.wrapper.application
    export PASCAL_STRINGS\=YES
    export PATH\=/Applications/Xcode.app/Contents/SharedFrameworks/SwiftBuild.framework/Versions/A/PlugIns/SWBBuildService.bundle/Contents/PlugIns/SWBUniversalPlatformPlugin.bundle/Contents/Frameworks/SWBUniversalPlatform.framework/Resources:/var/run/com.apple.security.cryptexd/mnt/com.apple.MobileAsset.MetalToolchain-v17.1.324.0.PXE1tX/Metal.xctoolchain/usr/bin:/var/run/com.apple.security.cryptexd/mnt/com.apple.MobileAsset.MetalToolchain-v17.1.324.0.PXE1tX/Metal.xctoolchain/usr/local/bin:/var/run/com.apple.security.cryptexd/mnt/com.apple.MobileAsset.MetalToolchain-v17.1.324.0.PXE1tX/Metal.xctoolchain/usr/libexec:/Applications/Xcode.app/Contents/Developer/Toolchains/XcodeDefault.xctoolchain/usr/bin:/Applications/Xcode.app/Contents/Developer/Toolchains/XcodeDefault.xctoolchain/usr/local/bin:/Applications/Xcode.app/Contents/Developer/Toolchains/XcodeDefault.xctoolchain/usr/libexec:/Applications/Xcode.app/Contents/Developer/Platforms/iPhoneSimulator.platform/usr/bin:/Applications/Xcode.app/Contents/Developer/Platforms/iPhoneSimulator.platform/usr/local/bin:/Applications/Xcode.app/Contents/Developer/Platforms/iPhoneSimulator.platform/Developer/usr/bin:/Applications/Xcode.app/Contents/Developer/Platforms/iPhoneSimulator.platform/Developer/usr/local/bin:/Applications/Xcode.app/Contents/Developer/usr/bin:/Applications/Xcode.app/Contents/Developer/usr/local/bin:/opt/homebrew/opt/openjdk@17/bin:/opt/homebrew/bin:/opt/homebrew/sbin:/Library/Frameworks/Python.framework/Versions/3.13/bin:/usr/local/bin:/System/Cryptexes/App/usr/bin:/usr/bin:/bin:/usr/sbin:/sbin:/var/run/com.apple.security.cryptexd/codex.system/bootstrap/usr/local/bin:/var/run/com.apple.security.cryptexd/codex.system/bootstrap/usr/bin:/var/run/com.apple.security.cryptexd/codex.system/bootstrap/usr/appleinternal/bin:/Library/Apple/usr/bin:/Users/omidchaghaneh/.cargo/bin
    export PATH_PREFIXES_EXCLUDED_FROM_HEADER_DEPENDENCIES\=/usr/include\ /usr/local/include\ /System/Library/Frameworks\ /System/Library/PrivateFrameworks\ /Applications/Xcode.app/Contents/Developer/Headers\ /Applications/Xcode.app/Contents/Developer/SDKs\ /Applications/Xcode.app/Contents/Developer/Platforms
    export PBDEVELOPMENTPLIST_PATH\=Lingugram.app/pbdevelopment.plist
    export PER_ARCH_MODULE_FILE_DIR\=/Users/omidchaghaneh/Projects_3/element-x-ios/build/Build/Intermediates.noindex/Lingugram.build/Debug-iphonesimulator/Lingugram.build/Objects-normal/undefined_arch
    export PER_ARCH_OBJECT_FILE_DIR\=/Users/omidchaghaneh/Projects_3/element-x-ios/build/Build/Intermediates.noindex/Lingugram.build/Debug-iphonesimulator/Lingugram.build/Objects-normal/undefined_arch
    export PER_VARIANT_OBJECT_FILE_DIR\=/Users/omidchaghaneh/Projects_3/element-x-ios/build/Build/Intermediates.noindex/Lingugram.build/Debug-iphonesimulator/Lingugram.build/Objects-normal
    export PILLS_UT_TYPE_IDENTIFIER\=io.element.elementx.pills
    export PKGINFO_FILE_PATH\=/Users/omidchaghaneh/Projects_3/element-x-ios/build/Build/Intermediates.noindex/Lingugram.build/Debug-iphonesimulator/Lingugram.build/PkgInfo
    export PKGINFO_PATH\=Lingugram.app/PkgInfo
    export PLATFORM_DEVELOPER_APPLICATIONS_DIR\=/Applications/Xcode.app/Contents/Developer/Platforms/iPhoneSimulator.platform/Developer/Applications
    export PLATFORM_DEVELOPER_BIN_DIR\=/Applications/Xcode.app/Contents/Developer/Platforms/iPhoneSimulator.platform/Developer/usr/bin
    export PLATFORM_DEVELOPER_LIBRARY_DIR\=/Applications/Xcode.app/Contents/Developer/Platforms/iPhoneSimulator.platform/Developer/Library
    export PLATFORM_DEVELOPER_SDK_DIR\=/Applications/Xcode.app/Contents/Developer/Platforms/iPhoneSimulator.platform/Developer/SDKs
    export PLATFORM_DEVELOPER_TOOLS_DIR\=/Applications/Xcode.app/Contents/Developer/Platforms/iPhoneSimulator.platform/Developer/Tools
    export PLATFORM_DEVELOPER_USR_DIR\=/Applications/Xcode.app/Contents/Developer/Platforms/iPhoneSimulator.platform/Developer/usr
    export PLATFORM_DIR\=/Applications/Xcode.app/Contents/Developer/Platforms/iPhoneSimulator.platform
    export PLATFORM_DISPLAY_NAME\=iOS\ Simulator
    export PLATFORM_FAMILY_NAME\=iOS
    export PLATFORM_NAME\=iphonesimulator
    export PLATFORM_PREFERRED_ARCH\=x86_64
    export PLATFORM_PRODUCT_BUILD_VERSION\=23A339
    export PLATFORM_REQUIRES_SWIFT_AUTOLINK_EXTRACT\=NO
    export PLATFORM_REQUIRES_SWIFT_MODULEWRAP\=NO
    export PLIST_FILE_OUTPUT_FORMAT\=binary
    export PLUGINS_FOLDER_PATH\=Lingugram.app/PlugIns
    export PRECOMPS_INCLUDE_HEADERS_FROM_BUILT_PRODUCTS_DIR\=YES
    export PRECOMP_DESTINATION_DIR\=/Users/omidchaghaneh/Projects_3/element-x-ios/build/Build/Intermediates.noindex/Lingugram.build/Debug-iphonesimulator/Lingugram.build/PrefixHeaders
    export PRIVATE_HEADERS_FOLDER_PATH\=Lingugram.app/PrivateHeaders
    export PROCESSED_INFOPLIST_PATH\=/Users/omidchaghaneh/Projects_3/element-x-ios/build/Build/Intermediates.noindex/Lingugram.build/Debug-iphonesimulator/Lingugram.build/Objects-normal/undefined_arch/Processed-Info.plist
    export PRODUCTION_APP_NAME\=Element
    export PRODUCT_BUNDLE_IDENTIFIER\=io.element.elementx
    export PRODUCT_BUNDLE_PACKAGE_TYPE\=APPL
    export PRODUCT_MODULE_NAME\=Lingugram
    export PRODUCT_NAME\=Lingugram
    export PRODUCT_SETTINGS_PATH\=/Users/omidchaghaneh/Projects_3/element-x-ios/Lingugram/SupportingFiles/Info.plist
    export PRODUCT_TYPE\=com.apple.product-type.application
    export PROFILING_CODE\=NO
    export PROJECT\=Lingugram
    export PROJECT_DERIVED_FILE_DIR\=/Users/omidchaghaneh/Projects_3/element-x-ios/build/Build/Intermediates.noindex/Lingugram.build/DerivedSources
    export PROJECT_DIR\=/Users/omidchaghaneh/Projects_3/element-x-ios
    export PROJECT_FILE_PATH\=/Users/omidchaghaneh/Projects_3/element-x-ios/Lingugram.xcodeproj
    export PROJECT_GUID\=7c77e73fb99db34166dc0fb522858b59
    export PROJECT_NAME\=Lingugram
    export PROJECT_TEMP_DIR\=/Users/omidchaghaneh/Projects_3/element-x-ios/build/Build/Intermediates.noindex/Lingugram.build
    export PROJECT_TEMP_ROOT\=/Users/omidchaghaneh/Projects_3/element-x-ios/build/Build/Intermediates.noindex
    export PROVISIONING_PROFILE_REQUIRED\=NO
    export PROVISIONING_PROFILE_REQUIRED_YES_YES\=YES
    export PROVISIONING_PROFILE_SUPPORTED\=YES
    export PUBLIC_HEADERS_FOLDER_PATH\=Lingugram.app/Headers
    export RECOMMENDED_IPHONEOS_DEPLOYMENT_TARGET\=15.0
    export RECURSIVE_SEARCH_PATHS_FOLLOW_SYMLINKS\=YES
    export REMOVE_CVS_FROM_RESOURCES\=YES
    export REMOVE_GIT_FROM_RESOURCES\=YES
    export REMOVE_HEADERS_FROM_EMBEDDED_BUNDLES\=YES
    export REMOVE_HG_FROM_RESOURCES\=YES
    export REMOVE_STATIC_EXECUTABLES_FROM_EMBEDDED_BUNDLES\=YES
    export REMOVE_SVN_FROM_RESOURCES\=YES
    export RESCHEDULE_INDEPENDENT_HEADERS_PHASES\=YES
    export REZ_COLLECTOR_DIR\=/Users/omidchaghaneh/Projects_3/element-x-ios/build/Build/Intermediates.noindex/Lingugram.build/Debug-iphonesimulator/Lingugram.build/ResourceManagerResources
    export REZ_OBJECTS_DIR\=/Users/omidchaghaneh/Projects_3/element-x-ios/build/Build/Intermediates.noindex/Lingugram.build/Debug-iphonesimulator/Lingugram.build/ResourceManagerResources/Objects
    export REZ_SEARCH_PATHS\=/Users/omidchaghaneh/Projects_3/element-x-ios/build/Build/Products/Debug-iphonesimulator\ 
    export RUNTIME_EXCEPTION_ALLOW_DYLD_ENVIRONMENT_VARIABLES\=NO
    export RUNTIME_EXCEPTION_ALLOW_JIT\=NO
    export RUNTIME_EXCEPTION_ALLOW_UNSIGNED_EXECUTABLE_MEMORY\=NO
    export RUNTIME_EXCEPTION_DEBUGGING_TOOL\=NO
    export RUNTIME_EXCEPTION_DISABLE_EXECUTABLE_PAGE_PROTECTION\=NO
    export RUNTIME_EXCEPTION_DISABLE_LIBRARY_VALIDATION\=NO
    export SCAN_ALL_SOURCE_FILES_FOR_INCLUDES\=NO
    export SCRIPTS_FOLDER_PATH\=Lingugram.app/Scripts
    export SCRIPT_INPUT_FILE_COUNT\=0
    export SCRIPT_INPUT_FILE_LIST_COUNT\=0
    export SCRIPT_OUTPUT_FILE_COUNT\=0
    export SCRIPT_OUTPUT_FILE_LIST_COUNT\=0
    export SDKROOT\=/Applications/Xcode.app/Contents/Developer/Platforms/iPhoneSimulator.platform/Developer/SDKs/iPhoneSimulator26.0.sdk
    export SDK_DIR\=/Applications/Xcode.app/Contents/Developer/Platforms/iPhoneSimulator.platform/Developer/SDKs/iPhoneSimulator26.0.sdk
    export SDK_DIR_iphonesimulator\=/Applications/Xcode.app/Contents/Developer/Platforms/iPhoneSimulator.platform/Developer/SDKs/iPhoneSimulator26.0.sdk
    export SDK_DIR_iphonesimulator26_0\=/Applications/Xcode.app/Contents/Developer/Platforms/iPhoneSimulator.platform/Developer/SDKs/iPhoneSimulator26.0.sdk
    export SDK_NAME\=iphonesimulator26.0
    export SDK_NAMES\=iphonesimulator26.0
    export SDK_PRODUCT_BUILD_VERSION\=23A339
    export SDK_STAT_CACHE_DIR\=/Users/omidchaghaneh/Projects_3/element-x-ios/build
    export SDK_STAT_CACHE_ENABLE\=YES
    export SDK_STAT_CACHE_PATH\=/Users/omidchaghaneh/Projects_3/element-x-ios/build/SDKStatCaches.noindex/iphonesimulator26.0-23A339-3885c01c3e6b6a337905948deab2002e26257891a6c027eb51374368541b8346.sdkstatcache
    export SDK_VERSION\=26.0
    export SDK_VERSION_ACTUAL\=260000
    export SDK_VERSION_MAJOR\=260000
    export SDK_VERSION_MINOR\=260000
    export SED\=/usr/bin/sed
    export SEPARATE_STRIP\=NO
    export SEPARATE_SYMBOL_EDIT\=NO
    export SET_DIR_MODE_OWNER_GROUP\=YES
    export SET_FILE_MODE_OWNER_GROUP\=NO
    export SHALLOW_BUNDLE\=YES
    export SHALLOW_BUNDLE_TRIPLE\=ios-simulator
    export SHALLOW_BUNDLE_ios_macabi\=NO
    export SHALLOW_BUNDLE_macos\=NO
    export SHARED_DERIVED_FILE_DIR\=/Users/omidchaghaneh/Projects_3/element-x-ios/build/Build/Products/Debug-iphonesimulator/DerivedSources
    export SHARED_FRAMEWORKS_FOLDER_PATH\=Lingugram.app/SharedFrameworks
    export SHARED_PRECOMPS_DIR\=/Users/omidchaghaneh/Projects_3/element-x-ios/build/Build/Intermediates.noindex/PrecompiledHeaders
    export SHARED_SUPPORT_FOLDER_PATH\=Lingugram.app/SharedSupport
    export SKIP_INSTALL\=NO
    export SOURCE_ROOT\=/Users/omidchaghaneh/Projects_3/element-x-ios
    export SRCROOT\=/Users/omidchaghaneh/Projects_3/element-x-ios
    export STRINGSDATA_DIR\=/Users/omidchaghaneh/Projects_3/element-x-ios/build/Build/Intermediates.noindex/Lingugram.build/Debug-iphonesimulator/Lingugram.build/Objects-normal/undefined_arch
    export STRINGSDATA_ROOT\=/Users/omidchaghaneh/Projects_3/element-x-ios/build/Build/Intermediates.noindex/Lingugram.build/Debug-iphonesimulator/Lingugram.build
    export STRINGS_FILE_INFOPLIST_RENAME\=YES
    export STRINGS_FILE_OUTPUT_ENCODING\=binary
    export STRING_CATALOG_GENERATE_SYMBOLS\=NO
    export STRIP_BITCODE_FROM_COPIED_FILES\=NO
    export STRIP_INSTALLED_PRODUCT\=NO
    export STRIP_STYLE\=all
    export STRIP_SWIFT_SYMBOLS\=YES
    export SUPPORTED_DEVICE_FAMILIES\=1,2
    export SUPPORTED_PLATFORMS\=iphoneos\ iphonesimulator
    export SUPPORTS_MACCATALYST\=NO
    export SUPPORTS_ON_DEMAND_RESOURCES\=YES
    export SUPPORTS_TEXT_BASED_API\=NO
    export SUPPRESS_WARNINGS\=NO
    export SWIFT_ACTIVE_COMPILATION_CONDITIONS\=DEBUG
    export SWIFT_EMIT_CONST_VALUE_PROTOCOLS\=AppIntent\ EntityQuery\ AppEntity\ TransientEntity\ AppEnum\ AppShortcutProviding\ AppShortcutsProvider\ AnyResolverProviding\ AppIntentsPackage\ DynamicOptionsProvider\ _IntentValueRepresentable\ _AssistantIntentsProvider\ _GenerativeFunctionExtractable\ IntentValueQuery\ Resolver\ AppExtension\ ExtensionPointDefining
    export SWIFT_EMIT_LOC_STRINGS\=NO
    export SWIFT_ENABLE_EXPLICIT_MODULES\=YES
    export SWIFT_OBJC_BRIDGING_HEADER\=Lingugram/SupportingFiles/Lingugram-Bridging-Header.h
    export SWIFT_OBJC_INTERFACE_HEADER_NAME\=GeneratedInterface-Swift.h
    export SWIFT_OPTIMIZATION_LEVEL\=-Onone
    export SWIFT_PLATFORM_TARGET_PREFIX\=ios
    export SWIFT_RESPONSE_FILE_PATH_normal_arm64\=/Users/omidchaghaneh/Projects_3/element-x-ios/build/Build/Intermediates.noindex/Lingugram.build/Debug-iphonesimulator/Lingugram.build/Objects-normal/arm64/Lingugram.SwiftFileList
    export SWIFT_VERSION\=5.0
    export SYMROOT\=/Users/omidchaghaneh/Projects_3/element-x-ios/build/Build/Products
    export SYSTEM_ADMIN_APPS_DIR\=/Applications/Utilities
    export SYSTEM_APPS_DIR\=/Applications
    export SYSTEM_CORE_SERVICES_DIR\=/System/Library/CoreServices
    export SYSTEM_DEMOS_DIR\=/Applications/Extras
    export SYSTEM_DEVELOPER_APPS_DIR\=/Applications/Xcode.app/Contents/Developer/Applications
    export SYSTEM_DEVELOPER_BIN_DIR\=/Applications/Xcode.app/Contents/Developer/usr/bin
    export SYSTEM_DEVELOPER_DEMOS_DIR\=/Applications/Xcode.app/Contents/Developer/Applications/Utilities/Built\ Examples
    export SYSTEM_DEVELOPER_DIR\=/Applications/Xcode.app/Contents/Developer
    export SYSTEM_DEVELOPER_DOC_DIR\=/Applications/Xcode.app/Contents/Developer/ADC\ Reference\ Library
    export SYSTEM_DEVELOPER_GRAPHICS_TOOLS_DIR\=/Applications/Xcode.app/Contents/Developer/Applications/Graphics\ Tools
    export SYSTEM_DEVELOPER_JAVA_TOOLS_DIR\=/Applications/Xcode.app/Contents/Developer/Applications/Java\ Tools
    export SYSTEM_DEVELOPER_PERFORMANCE_TOOLS_DIR\=/Applications/Xcode.app/Contents/Developer/Applications/Performance\ Tools
    export SYSTEM_DEVELOPER_RELEASENOTES_DIR\=/Applications/Xcode.app/Contents/Developer/ADC\ Reference\ Library/releasenotes
    export SYSTEM_DEVELOPER_TOOLS\=/Applications/Xcode.app/Contents/Developer/Tools
    export SYSTEM_DEVELOPER_TOOLS_DOC_DIR\=/Applications/Xcode.app/Contents/Developer/ADC\ Reference\ Library/documentation/DeveloperTools
    export SYSTEM_DEVELOPER_TOOLS_RELEASENOTES_DIR\=/Applications/Xcode.app/Contents/Developer/ADC\ Reference\ Library/releasenotes/DeveloperTools
    export SYSTEM_DEVELOPER_USR_DIR\=/Applications/Xcode.app/Contents/Developer/usr
    export SYSTEM_DEVELOPER_UTILITIES_DIR\=/Applications/Xcode.app/Contents/Developer/Applications/Utilities
    export SYSTEM_DEXT_INSTALL_PATH\=/System/Library/DriverExtensions
    export SYSTEM_DOCUMENTATION_DIR\=/Library/Documentation
    export SYSTEM_EXTENSIONS_FOLDER_PATH\=Lingugram.app/SystemExtensions
    export SYSTEM_EXTENSIONS_FOLDER_PATH_SHALLOW_BUNDLE_NO\=Lingugram.app/Library/SystemExtensions
    export SYSTEM_EXTENSIONS_FOLDER_PATH_SHALLOW_BUNDLE_YES\=Lingugram.app/SystemExtensions
    export SYSTEM_KEXT_INSTALL_PATH\=/System/Library/Extensions
    export SYSTEM_LIBRARY_DIR\=/System/Library
    export TAPI_DEMANGLE\=YES
    export TAPI_ENABLE_PROJECT_HEADERS\=NO
    export TAPI_LANGUAGE\=objective-c
    export TAPI_LANGUAGE_STANDARD\=compiler-default
    export TAPI_USE_SRCROOT\=YES
    export TAPI_VERIFY_MODE\=Pedantic
    export TARGETED_DEVICE_FAMILY\=1,2
    export TARGETNAME\=Lingugram
    export TARGET_BUILD_DIR\=/Users/omidchaghaneh/Projects_3/element-x-ios/build/Build/Products/Debug-iphonesimulator
    export TARGET_DEVICE_IDENTIFIER\=39C8A1E5-50DD-4918-966E-121FFA1A40D1
    export TARGET_DEVICE_MODEL\=iPhone18,1
    export TARGET_DEVICE_OS_VERSION\=26.0.1
    export TARGET_DEVICE_PLATFORM_NAME\=iphonesimulator
    export TARGET_NAME\=Lingugram
    export TARGET_TEMP_DIR\=/Users/omidchaghaneh/Projects_3/element-x-ios/build/Build/Intermediates.noindex/Lingugram.build/Debug-iphonesimulator/Lingugram.build
    export TEMP_DIR\=/Users/omidchaghaneh/Projects_3/element-x-ios/build/Build/Intermediates.noindex/Lingugram.build/Debug-iphonesimulator/Lingugram.build
    export TEMP_FILES_DIR\=/Users/omidchaghaneh/Projects_3/element-x-ios/build/Build/Intermediates.noindex/Lingugram.build/Debug-iphonesimulator/Lingugram.build
    export TEMP_FILE_DIR\=/Users/omidchaghaneh/Projects_3/element-x-ios/build/Build/Intermediates.noindex/Lingugram.build/Debug-iphonesimulator/Lingugram.build
    export TEMP_ROOT\=/Users/omidchaghaneh/Projects_3/element-x-ios/build/Build/Intermediates.noindex
    export TEMP_SANDBOX_DIR\=/Users/omidchaghaneh/Projects_3/element-x-ios/build/Build/Intermediates.noindex/TemporaryTaskSandboxes
    export TEST_FRAMEWORK_SEARCH_PATHS\=\ /Applications/Xcode.app/Contents/Developer/Platforms/iPhoneSimulator.platform/Developer/Library/Frameworks\ /Applications/Xcode.app/Contents/Developer/Platforms/iPhoneSimulator.platform/Developer/SDKs/iPhoneSimulator26.0.sdk/Developer/Library/Frameworks
    export TEST_LIBRARY_SEARCH_PATHS\=\ /Applications/Xcode.app/Contents/Developer/Platforms/iPhoneSimulator.platform/Developer/usr/lib
    export TOOLCHAINS\=com.apple.dt.toolchain.Metal.32023\ com.apple.dt.toolchain.XcodeDefault
    export TOOLCHAIN_DIR\=/var/run/com.apple.security.cryptexd/mnt/com.apple.MobileAsset.MetalToolchain-v17.1.324.0.PXE1tX/Metal.xctoolchain
    export TOOLCHAIN_VERSION\=32023
    export TREAT_MISSING_BASELINES_AS_TEST_FAILURES\=NO
    export TREAT_MISSING_SCRIPT_PHASE_OUTPUTS_AS_ERRORS\=NO
    export UID\=501
    export UNINSTALLED_PRODUCTS_DIR\=/Users/omidchaghaneh/Projects_3/element-x-ios/build/Build/Intermediates.noindex/UninstalledProducts
    export UNLOCALIZED_RESOURCES_FOLDER_PATH\=Lingugram.app
    export UNLOCALIZED_RESOURCES_FOLDER_PATH_SHALLOW_BUNDLE_NO\=Lingugram.app/Resources
    export UNLOCALIZED_RESOURCES_FOLDER_PATH_SHALLOW_BUNDLE_YES\=Lingugram.app
    export UNSTRIPPED_PRODUCT\=NO
    export USER\=omidchaghaneh
    export USER_APPS_DIR\=/Users/omidchaghaneh/Applications
    export USER_LIBRARY_DIR\=/Users/omidchaghaneh/Library
    export USE_DYNAMIC_NO_PIC\=YES
    export USE_HEADERMAP\=YES
    export USE_HEADER_SYMLINKS\=NO
    export VALIDATE_DEVELOPMENT_ASSET_PATHS\=YES_ERROR
    export VALIDATE_PRODUCT\=NO
    export VALID_ARCHS\=arm64\ x86_64
    export VERBOSE_PBXCP\=NO
    export VERSIONPLIST_PATH\=Lingugram.app/version.plist
    export VERSION_INFO_BUILDER\=omidchaghaneh
    export VERSION_INFO_FILE\=Lingugram_vers.c
    export VERSION_INFO_STRING\=\"@\(\#\)PROGRAM:Lingugram\ \ PROJECT:Lingugram-1\"
    export WORKSPACE_DIR\=/Users/omidchaghaneh/Projects_3/element-x-ios/Lingugram.xcodeproj
    export WRAPPER_EXTENSION\=app
    export WRAPPER_NAME\=Lingugram.app
    export WRAPPER_SUFFIX\=.app
    export WRAP_ASSET_PACKS_IN_SEPARATE_DIRECTORIES\=NO
    export XCODE_APP_SUPPORT_DIR\=/Applications/Xcode.app/Contents/Developer/Library/Xcode
    export XCODE_PRODUCT_BUILD_VERSION\=17A400
    export XCODE_VERSION_ACTUAL\=2601
    export XCODE_VERSION_MAJOR\=2600
    export XCODE_VERSION_MINOR\=2600
    export XPCSERVICES_FOLDER_PATH\=Lingugram.app/XPCServices
    export YACC\=yacc
    export _DISCOVER_COMMAND_LINE_LINKER_INPUTS\=YES
    export _DISCOVER_COMMAND_LINE_LINKER_INPUTS_INCLUDE_WL\=YES
    export _LD_MULTIARCH\=YES
    export _WRAPPER_CONTENTS_DIR_SHALLOW_BUNDLE_NO\=/Contents
    export _WRAPPER_PARENT_PATH_SHALLOW_BUNDLE_NO\=/..
    export _WRAPPER_RESOURCES_DIR_SHALLOW_BUNDLE_NO\=/Resources
    export __DIAGNOSE_DEPRECATED_ARCHS\=YES
    export __IS_NOT_MACOS\=YES
    export __IS_NOT_MACOS_macosx\=NO
    export __IS_NOT_SIMULATOR\=NO
    export __IS_NOT_SIMULATOR_simulator\=NO
    export arch\=undefined_arch
    export variant\=normal
    /bin/sh -c /Users/omidchaghaneh/Projects_3/element-x-ios/build/Build/Intermediates.noindex/Lingugram.build/Debug-iphonesimulator/Lingugram.build/Script-54B966EB5AB623B9561816E2.sh
Executing configuration file /Users/omidchaghaneh/Projects_3/element-x-ios/Tools/SwiftGen/swiftgen-config.yml
Not writing the file as content is unchanged
Not writing the file as content is unchanged
Not writing the file as content is unchanged

PhaseScriptExecution 🧙\ Sourcery\ -\ Generate\ mocks /Users/omidchaghaneh/Projects_3/element-x-ios/build/Build/Intermediates.noindex/Lingugram.build/Debug-iphonesimulator/Lingugram.build/Script-B763D6966A30CF746F541C98.sh (in target 'Lingugram' from project 'Lingugram')
    cd /Users/omidchaghaneh/Projects_3/element-x-ios
    export ACTION\=build
    export AD_HOC_CODE_SIGNING_ALLOWED\=YES
    export AGGREGATE_TRACKED_DOMAINS\=YES
    export ALLOW_BUILD_REQUEST_OVERRIDES\=NO
    export ALLOW_TARGET_PLATFORM_SPECIALIZATION\=NO
    export ALTERNATE_GROUP\=staff
    export ALTERNATE_MODE\=u+w,go-w,a+rX
    export ALTERNATE_OWNER\=omidchaghaneh
    export ALTERNATIVE_DISTRIBUTION_WEB\=NO
    export ALWAYS_EMBED_SWIFT_STANDARD_LIBRARIES\=NO
    export ALWAYS_SEARCH_USER_PATHS\=NO
    export ALWAYS_USE_SEPARATE_HEADERMAPS\=NO
    export APPLICATION_EXTENSION_API_ONLY\=NO
    export APPLY_RULES_IN_COPY_FILES\=NO
    export APPLY_RULES_IN_COPY_HEADERS\=NO
    export APP_DISPLAY_NAME\=Lingugram
    export APP_GROUP_IDENTIFIER\=group.io.element
    export APP_NAME\=Lingugram
    export APP_SHORTCUTS_ENABLE_FLEXIBLE_MATCHING\=YES
    export ARCHS\=arm64
    export ARCHS_STANDARD\=arm64\ x86_64
    export ARCHS_STANDARD_32_64_BIT\=arm64\ x86_64
    export ARCHS_STANDARD_64_BIT\=arm64\ x86_64
    export ARCHS_STANDARD_INCLUDING_64_BIT\=arm64\ x86_64
    export ARCHS_UNIVERSAL_IPHONE_OS\=arm64\ x86_64
    export ASSETCATALOG_COMPILER_APPICON_NAME\=AppIcon
    export ASSETCATALOG_COMPILER_GLOBAL_ACCENT_COLOR_NAME\=colors/accent-color
    export ASSETCATALOG_FILTER_FOR_DEVICE_MODEL\=iPhone18,1
    export ASSETCATALOG_FILTER_FOR_DEVICE_OS_VERSION\=26.0.1
    export ASSETCATALOG_FILTER_FOR_THINNING_DEVICE_CONFIGURATION\=iPhone18,1
    export AUTOMATICALLY_MERGE_DEPENDENCIES\=NO
    export AUTOMATION_APPLE_EVENTS\=NO
    export AVAILABLE_PLATFORMS\=android\ appletvos\ appletvsimulator\ driverkit\ iphoneos\ iphonesimulator\ macosx\ qnx\ watchos\ watchsimulator\ webassembly\ xros\ xrsimulator
    export BASE_BUNDLE_IDENTIFIER\=io.element.elementx
    export BUILD_ACTIVE_RESOURCES_ONLY\=YES
    export BUILD_COMPONENTS\=headers\ build
    export BUILD_DIR\=/Users/omidchaghaneh/Projects_3/element-x-ios/build/Build/Products
    export BUILD_LIBRARY_FOR_DISTRIBUTION\=NO
    export BUILD_ROOT\=/Users/omidchaghaneh/Projects_3/element-x-ios/build/Build/Products
    export BUILD_STYLE\=
    export BUILD_VARIANTS\=normal
    export BUILT_PRODUCTS_DIR\=/Users/omidchaghaneh/Projects_3/element-x-ios/build/Build/Products/Debug-iphonesimulator
    export BUNDLE_CONTENTS_FOLDER_PATH_deep\=Contents/
    export BUNDLE_EXECUTABLE_FOLDER_NAME_deep\=MacOS
    export BUNDLE_EXTENSIONS_FOLDER_PATH\=Extensions
    export BUNDLE_FORMAT\=shallow
    export BUNDLE_FRAMEWORKS_FOLDER_PATH\=Frameworks
    export BUNDLE_PLUGINS_FOLDER_PATH\=PlugIns
    export BUNDLE_PRIVATE_HEADERS_FOLDER_PATH\=PrivateHeaders
    export BUNDLE_PUBLIC_HEADERS_FOLDER_PATH\=Headers
    export CACHE_ROOT\=/var/folders/ww/90lm2s3s09n2l75wqwqbgf_c0000gn/C/com.apple.DeveloperTools/26.0.1-17A400/Xcode
    export CCHROOT\=/var/folders/ww/90lm2s3s09n2l75wqwqbgf_c0000gn/C/com.apple.DeveloperTools/26.0.1-17A400/Xcode
    export CHMOD\=/bin/chmod
    export CHOWN\=/usr/sbin/chown
    export CLANG_ANALYZER_LOCALIZABILITY_NONLOCALIZED\=YES
    export CLANG_ANALYZER_NONNULL\=YES
    export CLANG_ANALYZER_NUMBER_OBJECT_CONVERSION\=YES_AGGRESSIVE
    export CLANG_CACHE_FINE_GRAINED_OUTPUTS\=YES
    export CLANG_COVERAGE_MAPPING\=YES
    export CLANG_CXX_LANGUAGE_STANDARD\=gnu++14
    export CLANG_CXX_LIBRARY\=libc++
    export CLANG_ENABLE_EXPLICIT_MODULES\=YES
    export CLANG_ENABLE_MODULES\=YES
    export CLANG_ENABLE_OBJC_ARC\=YES
    export CLANG_ENABLE_OBJC_WEAK\=YES
    export CLANG_MODULES_BUILD_SESSION_FILE\=/Users/omidchaghaneh/Projects_3/element-x-ios/build/ModuleCache.noindex/Session.modulevalidation
    export CLANG_PROFILE_DATA_DIRECTORY\=/Users/omidchaghaneh/Projects_3/element-x-ios/build/Build/ProfileData
    export CLANG_WARN_BLOCK_CAPTURE_AUTORELEASING\=YES
    export CLANG_WARN_BOOL_CONVERSION\=YES
    export CLANG_WARN_COMMA\=YES
    export CLANG_WARN_CONSTANT_CONVERSION\=YES
    export CLANG_WARN_DEPRECATED_OBJC_IMPLEMENTATIONS\=YES
    export CLANG_WARN_DIRECT_OBJC_ISA_USAGE\=YES_ERROR
    export CLANG_WARN_DOCUMENTATION_COMMENTS\=YES
    export CLANG_WARN_EMPTY_BODY\=YES
    export CLANG_WARN_ENUM_CONVERSION\=YES
    export CLANG_WARN_INFINITE_RECURSION\=YES
    export CLANG_WARN_INT_CONVERSION\=YES
    export CLANG_WARN_NON_LITERAL_NULL_CONVERSION\=YES
    export CLANG_WARN_OBJC_IMPLICIT_RETAIN_SELF\=YES
    export CLANG_WARN_OBJC_LITERAL_CONVERSION\=YES
    export CLANG_WARN_OBJC_ROOT_CLASS\=YES_ERROR
    export CLANG_WARN_QUOTED_INCLUDE_IN_FRAMEWORK_HEADER\=YES
    export CLANG_WARN_RANGE_LOOP_ANALYSIS\=YES
    export CLANG_WARN_STRICT_PROTOTYPES\=YES
    export CLANG_WARN_SUSPICIOUS_MOVE\=YES
    export CLANG_WARN_UNGUARDED_AVAILABILITY\=YES_AGGRESSIVE
    export CLANG_WARN_UNREACHABLE_CODE\=YES
    export CLANG_WARN__DUPLICATE_METHOD_MATCH\=YES
    export CLASS_FILE_DIR\=/Users/omidchaghaneh/Projects_3/element-x-ios/build/Build/Intermediates.noindex/Lingugram.build/Debug-iphonesimulator/Lingugram.build/JavaClasses
    export CLEAN_PRECOMPS\=YES
    export CLONE_HEADERS\=NO
    export CODESIGNING_FOLDER_PATH\=/Users/omidchaghaneh/Projects_3/element-x-ios/build/Build/Products/Debug-iphonesimulator/Lingugram.app
    export CODE_SIGNING_ALLOWED\=NO
    export CODE_SIGNING_REQUIRED\=NO
    export CODE_SIGN_CONTEXT_CLASS\=XCiPhoneSimulatorCodeSignContext
    export CODE_SIGN_ENTITLEMENTS\=Lingugram/SupportingFiles/Lingugram.entitlements
    export CODE_SIGN_INJECT_BASE_ENTITLEMENTS\=YES
    export COLOR_DIAGNOSTICS\=NO
    export COMBINE_HIDPI_IMAGES\=NO
    export COMPILATION_CACHE_CAS_PATH\=/Users/omidchaghaneh/Projects_3/element-x-ios/build/CompilationCache.noindex
    export COMPILATION_CACHE_KEEP_CAS_DIRECTORY\=YES
    export COMPILER_INDEX_STORE_ENABLE\=Default
    export COMPOSITE_SDK_DIRS\=/Users/omidchaghaneh/Projects_3/element-x-ios/build/Build/Intermediates.noindex/CompositeSDKs
    export COMPRESS_PNG_FILES\=YES
    export CONFIGURATION\=Debug
    export CONFIGURATION_BUILD_DIR\=/Users/omidchaghaneh/Projects_3/element-x-ios/build/Build/Products/Debug-iphonesimulator
    export CONFIGURATION_TEMP_DIR\=/Users/omidchaghaneh/Projects_3/element-x-ios/build/Build/Intermediates.noindex/Lingugram.build/Debug-iphonesimulator
    export CONTENTS_FOLDER_PATH\=Lingugram.app
    export CONTENTS_FOLDER_PATH_SHALLOW_BUNDLE_NO\=Lingugram.app/Contents
    export CONTENTS_FOLDER_PATH_SHALLOW_BUNDLE_YES\=Lingugram.app
    export COPYING_PRESERVES_HFS_DATA\=NO
    export COPY_HEADERS_RUN_UNIFDEF\=NO
    export COPY_PHASE_STRIP\=NO
    export CORRESPONDING_DEVICE_PLATFORM_DIR\=/Applications/Xcode.app/Contents/Developer/Platforms/iPhoneOS.platform
    export CORRESPONDING_DEVICE_PLATFORM_NAME\=iphoneos
    export CORRESPONDING_DEVICE_SDK_DIR\=/Applications/Xcode.app/Contents/Developer/Platforms/iPhoneOS.platform/Developer/SDKs/iPhoneOS26.0.sdk
    export CORRESPONDING_DEVICE_SDK_NAME\=iphoneos26.0
    export CP\=/bin/cp
    export CREATE_INFOPLIST_SECTION_IN_BINARY\=NO
    export CURRENT_ARCH\=undefined_arch
    export CURRENT_PROJECT_VERSION\=1
    export CURRENT_VARIANT\=normal
    export DEAD_CODE_STRIPPING\=YES
    export DEBUGGING_SYMBOLS\=YES
    export DEBUG_INFORMATION_FORMAT\=dwarf
    export DEBUG_INFORMATION_VERSION\=compiler-default
    export DEFAULT_COMPILER\=com.apple.compilers.llvm.clang.1_0
    export DEFAULT_DEXT_INSTALL_PATH\=/System/Library/DriverExtensions
    export DEFAULT_KEXT_INSTALL_PATH\=/System/Library/Extensions
    export DEFINES_MODULE\=NO
    export DEPLOYMENT_LOCATION\=NO
    export DEPLOYMENT_POSTPROCESSING\=NO
    export DEPLOYMENT_TARGET_SETTING_NAME\=IPHONEOS_DEPLOYMENT_TARGET
    export DEPLOYMENT_TARGET_SUGGESTED_VALUES\=12.0\ 12.1\ 12.2\ 12.3\ 12.4\ 13.0\ 13.1\ 13.2\ 13.3\ 13.4\ 13.5\ 13.6\ 14.0\ 14.1\ 14.2\ 14.3\ 14.4\ 14.5\ 14.6\ 14.7\ 15.0\ 15.1\ 15.2\ 15.3\ 15.4\ 15.5\ 15.6\ 16.0\ 16.1\ 16.2\ 16.3\ 16.4\ 16.5\ 16.6\ 17.0\ 17.1\ 17.2\ 17.3\ 17.4\ 17.5\ 17.6\ 18.0\ 18.1\ 18.2\ 18.3\ 18.4\ 18.5\ 18.6\ 26.0
    export DERIVED_FILES_DIR\=/Users/omidchaghaneh/Projects_3/element-x-ios/build/Build/Intermediates.noindex/Lingugram.build/Debug-iphonesimulator/Lingugram.build/DerivedSources
    export DERIVED_FILE_DIR\=/Users/omidchaghaneh/Projects_3/element-x-ios/build/Build/Intermediates.noindex/Lingugram.build/Debug-iphonesimulator/Lingugram.build/DerivedSources
    export DERIVED_SOURCES_DIR\=/Users/omidchaghaneh/Projects_3/element-x-ios/build/Build/Intermediates.noindex/Lingugram.build/Debug-iphonesimulator/Lingugram.build/DerivedSources
    export DEVELOPER_APPLICATIONS_DIR\=/Applications/Xcode.app/Contents/Developer/Applications
    export DEVELOPER_BIN_DIR\=/Applications/Xcode.app/Contents/Developer/usr/bin
    export DEVELOPER_DIR\=/Applications/Xcode.app/Contents/Developer
    export DEVELOPER_FRAMEWORKS_DIR\=/Applications/Xcode.app/Contents/Developer/Library/Frameworks
    export DEVELOPER_FRAMEWORKS_DIR_QUOTED\=/Applications/Xcode.app/Contents/Developer/Library/Frameworks
    export DEVELOPER_LIBRARY_DIR\=/Applications/Xcode.app/Contents/Developer/Library
    export DEVELOPER_SDK_DIR\=/Applications/Xcode.app/Contents/Developer/Platforms/MacOSX.platform/Developer/SDKs
    export DEVELOPER_TOOLS_DIR\=/Applications/Xcode.app/Contents/Developer/Tools
    export DEVELOPER_USR_DIR\=/Applications/Xcode.app/Contents/Developer/usr
    export DEVELOPMENT_ASSET_PATHS\=DevelopmentAssets/Media
    export DEVELOPMENT_LANGUAGE\=en
    export DEVELOPMENT_TEAM\=7J4U792NQT
    export DIAGNOSE_MISSING_TARGET_DEPENDENCIES\=YES
    export DIFF\=/usr/bin/diff
    export DOCUMENTATION_FOLDER_PATH\=Lingugram.app/en.lproj/Documentation
    export DONT_GENERATE_INFOPLIST_FILE\=NO
    export DSTROOT\=/tmp/Lingugram.dst
    export DT_TOOLCHAIN_DIR\=/Applications/Xcode.app/Contents/Developer/Toolchains/XcodeDefault.xctoolchain
    export DWARF_DSYM_FILE_NAME\=Lingugram.app.dSYM
    export DWARF_DSYM_FILE_SHOULD_ACCOMPANY_PRODUCT\=NO
    export DWARF_DSYM_FOLDER_PATH\=/Users/omidchaghaneh/Projects_3/element-x-ios/build/Build/Products/Debug-iphonesimulator
    export DYNAMIC_LIBRARY_EXTENSION\=dylib
    export EAGER_COMPILATION_ALLOW_SCRIPTS\=NO
    export EAGER_LINKING\=NO
    export EFFECTIVE_PLATFORM_NAME\=-iphonesimulator
    export EMBEDDED_CONTENT_CONTAINS_SWIFT\=NO
    export EMBED_ASSET_PACKS_IN_PRODUCT_BUNDLE\=NO
    export EMBED_PACKAGE_RESOURCE_BUNDLE_NAMES\=\ DTCoreText_DTCoreText\ Emojibase_Emojibase\ PostHog_PostHog\ Kingfisher_Kingfisher\ EmbeddedElementCall_EmbeddedElementCall\ DeviceKit_DeviceKit\ CompoundDesignTokens_CompoundDesignTokens
    export ENABLE_APP_SANDBOX\=NO
    export ENABLE_BITCODE\=NO
    export ENABLE_CODE_COVERAGE\=YES
    export ENABLE_CPLUSPLUS_BOUNDS_SAFE_BUFFERS\=NO
    export ENABLE_C_BOUNDS_SAFETY\=NO
    export ENABLE_DEBUG_DYLIB\=YES
    export ENABLE_DEFAULT_HEADER_SEARCH_PATHS\=YES
    export ENABLE_DEFAULT_SEARCH_PATHS\=YES
    export ENABLE_ENHANCED_SECURITY\=NO
    export ENABLE_HARDENED_RUNTIME\=NO
    export ENABLE_HEADER_DEPENDENCIES\=YES
    export ENABLE_INCOMING_NETWORK_CONNECTIONS\=NO
    export ENABLE_ON_DEMAND_RESOURCES\=YES
    export ENABLE_OUTGOING_NETWORK_CONNECTIONS\=NO
    export ENABLE_POINTER_AUTHENTICATION\=NO
    export ENABLE_PREVIEWS\=NO
    export ENABLE_RESOURCE_ACCESS_AUDIO_INPUT\=NO
    export ENABLE_RESOURCE_ACCESS_BLUETOOTH\=NO
    export ENABLE_RESOURCE_ACCESS_CALENDARS\=NO
    export ENABLE_RESOURCE_ACCESS_CAMERA\=NO
    export ENABLE_RESOURCE_ACCESS_CONTACTS\=NO
    export ENABLE_RESOURCE_ACCESS_LOCATION\=NO
    export ENABLE_RESOURCE_ACCESS_PHOTO_LIBRARY\=NO
    export ENABLE_RESOURCE_ACCESS_PRINTING\=NO
    export ENABLE_RESOURCE_ACCESS_USB\=NO
    export ENABLE_SDK_IMPORTS\=NO
    export ENABLE_SECURITY_COMPILER_WARNINGS\=NO
    export ENABLE_STRICT_OBJC_MSGSEND\=YES
    export ENABLE_TESTABILITY\=YES
    export ENABLE_TESTING_SEARCH_PATHS\=NO
    export ENABLE_USER_SCRIPT_SANDBOXING\=NO
    export ENABLE_XOJIT_PREVIEWS\=YES
    export ENFORCE_VALID_ARCHS\=YES
    export ENTITLEMENTS_ALLOWED\=NO
    export ENTITLEMENTS_DESTINATION\=__entitlements
    export ENTITLEMENTS_REQUIRED\=NO
    export EXCLUDED_INSTALLSRC_SUBDIRECTORY_PATTERNS\=.DS_Store\ .svn\ .git\ .hg\ CVS
    export EXCLUDED_RECURSIVE_SEARCH_PATH_SUBDIRECTORIES\=\*.nib\ \*.lproj\ \*.framework\ \*.gch\ \*.xcode\*\ \*.xcassets\ \*.icon\ \(\*\)\ .DS_Store\ CVS\ .svn\ .git\ .hg\ \*.pbproj\ \*.pbxproj
    export EXECUTABLES_FOLDER_PATH\=Lingugram.app/Executables
    export EXECUTABLE_BLANK_INJECTION_DYLIB_PATH\=Lingugram.app/__preview.dylib
    export EXECUTABLE_DEBUG_DYLIB_INSTALL_NAME\=@rpath/Lingugram.debug.dylib
    export EXECUTABLE_DEBUG_DYLIB_PATH\=Lingugram.app/Lingugram.debug.dylib
    export EXECUTABLE_FOLDER_PATH\=Lingugram.app
    export EXECUTABLE_FOLDER_PATH_SHALLOW_BUNDLE_NO\=Lingugram.app/MacOS
    export EXECUTABLE_FOLDER_PATH_SHALLOW_BUNDLE_YES\=Lingugram.app
    export EXECUTABLE_NAME\=Lingugram
    export EXECUTABLE_PATH\=Lingugram.app/Lingugram
    export EXTENSIONS_FOLDER_PATH\=Lingugram.app/Extensions
    export FILE_LIST\=/Users/omidchaghaneh/Projects_3/element-x-ios/build/Build/Intermediates.noindex/Lingugram.build/Debug-iphonesimulator/Lingugram.build/Objects/LinkFileList
    export FIXED_FILES_DIR\=/Users/omidchaghaneh/Projects_3/element-x-ios/build/Build/Intermediates.noindex/Lingugram.build/Debug-iphonesimulator/Lingugram.build/FixedFiles
    export FRAMEWORKS_FOLDER_PATH\=Lingugram.app/Frameworks
    export FRAMEWORK_FLAG_PREFIX\=-framework
    export FRAMEWORK_SEARCH_PATHS\=/Users/omidchaghaneh/Projects_3/element-x-ios/build/Build/Products/Debug-iphonesimulator/PackageFrameworks\ /Users/omidchaghaneh/Projects_3/element-x-ios/build/Build/Products/Debug-iphonesimulator/PackageFrameworks\ /Users/omidchaghaneh/Projects_3/element-x-ios/build/Build/Products/Debug-iphonesimulator/PackageFrameworks\ /Users/omidchaghaneh/Projects_3/element-x-ios/build/Build/Products/Debug-iphonesimulator/PackageFrameworks\ /Users/omidchaghaneh/Projects_3/element-x-ios/build/Build/Products/Debug-iphonesimulator/PackageFrameworks\ /Users/omidchaghaneh/Projects_3/element-x-ios/build/Build/Products/Debug-iphonesimulator/PackageFrameworks\ /Users/omidchaghaneh/Projects_3/element-x-ios/build/Build/Products/Debug-iphonesimulator/PackageFrameworks\ /Users/omidchaghaneh/Projects_3/element-x-ios/build/Build/Products/Debug-iphonesimulator/PackageFrameworks\ /Users/omidchaghaneh/Projects_3/element-x-ios/build/Build/Products/Debug-iphonesimulator/PackageFrameworks\ /Users/omidchaghaneh/Projects_3/element-x-ios/build/Build/Products/Debug-iphonesimulator/PackageFrameworks\ /Users/omidchaghaneh/Projects_3/element-x-ios/build/Build/Products/Debug-iphonesimulator/PackageFrameworks\ /Users/omidchaghaneh/Projects_3/element-x-ios/build/Build/Products/Debug-iphonesimulator/PackageFrameworks\ /Users/omidchaghaneh/Projects_3/element-x-ios/build/Build/Products/Debug-iphonesimulator/PackageFrameworks\ /Users/omidchaghaneh/Projects_3/element-x-ios/build/Build/Products/Debug-iphonesimulator/PackageFrameworks\ /Users/omidchaghaneh/Projects_3/element-x-ios/build/Build/Products/Debug-iphonesimulator/PackageFrameworks\ /Users/omidchaghaneh/Projects_3/element-x-ios/build/Build/Products/Debug-iphonesimulator/PackageFrameworks\ /Users/omidchaghaneh/Projects_3/element-x-ios/build/Build/Products/Debug-iphonesimulator/PackageFrameworks\ /Users/omidchaghaneh/Projects_3/element-x-ios/build/Build/Products/Debug-iphonesimulator/PackageFrameworks\ /Users/omidchaghaneh/Projects_3/element-x-ios/build/Build/Products/Debug-iphonesimulator/PackageFrameworks\ /Users/omidchaghaneh/Projects_3/element-x-ios/build/Build/Products/Debug-iphonesimulator/PackageFrameworks\ /Users/omidchaghaneh/Projects_3/element-x-ios/build/Build/Products/Debug-iphonesimulator/PackageFrameworks\ /Users/omidchaghaneh/Projects_3/element-x-ios/build/Build/Products/Debug-iphonesimulator/PackageFrameworks\ /Users/omidchaghaneh/Projects_3/element-x-ios/build/Build/Products/Debug-iphonesimulator/PackageFrameworks\ /Users/omidchaghaneh/Projects_3/element-x-ios/build/Build/Products/Debug-iphonesimulator/PackageFrameworks\ /Users/omidchaghaneh/Projects_3/element-x-ios/build/Build/Products/Debug-iphonesimulator/PackageFrameworks\ /Users/omidchaghaneh/Projects_3/element-x-ios/build/Build/Products/Debug-iphonesimulator/PackageFrameworks\ /Users/omidchaghaneh/Projects_3/element-x-ios/build/Build/Products/Debug-iphonesimulator/PackageFrameworks\ /Users/omidchaghaneh/Projects_3/element-x-ios/build/Build/Products/Debug-iphonesimulator/PackageFrameworks\ /Users/omidchaghaneh/Projects_3/element-x-ios/build/Build/Products/Debug-iphonesimulator/PackageFrameworks\ /Users/omidchaghaneh/Projects_3/element-x-ios/build/Build/Products/Debug-iphonesimulator/PackageFrameworks\ /Users/omidchaghaneh/Projects_3/element-x-ios/build/Build/Products/Debug-iphonesimulator/PackageFrameworks\ /Users/omidchaghaneh/Projects_3/element-x-ios/build/Build/Products/Debug-iphonesimulator/PackageFrameworks\ /Users/omidchaghaneh/Projects_3/element-x-ios/build/Build/Products/Debug-iphonesimulator/PackageFrameworks\ /Users/omidchaghaneh/Projects_3/element-x-ios/build/Build/Products/Debug-iphonesimulator/PackageFrameworks\ /Users/omidchaghaneh/Projects_3/element-x-ios/build/Build/Products/Debug-iphonesimulator/PackageFrameworks\ /Users/omidchaghaneh/Projects_3/element-x-ios/build/Build/Products/Debug-iphonesimulator/PackageFrameworks\ /Users/omidchaghaneh/Projects_3/element-x-ios/build/Build/Products/Debug-iphonesimulator/PackageFrameworks\ /Users/omidchaghaneh/Projects_3/element-x-ios/build/Build/Products/Debug-iphonesimulator/PackageFrameworks\ /Users/omidchaghaneh/Projects_3/element-x-ios/build/Build/Products/Debug-iphonesimulator/PackageFrameworks\ /Users/omidchaghaneh/Projects_3/element-x-ios/build/Build/Products/Debug-iphonesimulator/PackageFrameworks\ /Users/omidchaghaneh/Projects_3/element-x-ios/build/Build/Products/Debug-iphonesimulator/PackageFrameworks\ /Users/omidchaghaneh/Projects_3/element-x-ios/build/Build/Products/Debug-iphonesimulator/PackageFrameworks\ /Users/omidchaghaneh/Projects_3/element-x-ios/build/Build/Products/Debug-iphonesimulator/PackageFrameworks\ /Users/omidchaghaneh/Projects_3/element-x-ios/build/Build/Products/Debug-iphonesimulator\ 
    export FRAMEWORK_VERSION\=A
    export FULL_PRODUCT_NAME\=Lingugram.app
    export FUSE_BUILD_PHASES\=YES
    export FUSE_BUILD_SCRIPT_PHASES\=NO
    export GCC3_VERSION\=3.3
    export GCC_C_LANGUAGE_STANDARD\=gnu11
    export GCC_DYNAMIC_NO_PIC\=NO
    export GCC_INLINES_ARE_PRIVATE_EXTERN\=YES
    export GCC_NO_COMMON_BLOCKS\=YES
    export GCC_OBJC_LEGACY_DISPATCH\=YES
    export GCC_OPTIMIZATION_LEVEL\=0
    export GCC_PFE_FILE_C_DIALECTS\=c\ objective-c\ c++\ objective-c++
    export GCC_PREPROCESSOR_DEFINITIONS\=\ DEBUG\=1
    export GCC_SYMBOLS_PRIVATE_EXTERN\=NO
    export GCC_TREAT_WARNINGS_AS_ERRORS\=NO
    export GCC_VERSION\=com.apple.compilers.llvm.clang.1_0
    export GCC_VERSION_IDENTIFIER\=com_apple_compilers_llvm_clang_1_0
    export GCC_WARN_64_TO_32_BIT_CONVERSION\=YES
    export GCC_WARN_ABOUT_RETURN_TYPE\=YES_ERROR
    export GCC_WARN_UNDECLARED_SELECTOR\=YES
    export GCC_WARN_UNINITIALIZED_AUTOS\=YES_AGGRESSIVE
    export GCC_WARN_UNUSED_FUNCTION\=YES
    export GCC_WARN_UNUSED_VARIABLE\=YES
    export GENERATED_MODULEMAP_DIR\=/Users/omidchaghaneh/Projects_3/element-x-ios/build/Build/Intermediates.noindex/GeneratedModuleMaps-iphonesimulator
    export GENERATE_INFOPLIST_FILE\=NO
    export GENERATE_INTERMEDIATE_TEXT_BASED_STUBS\=YES
    export GENERATE_PKGINFO_FILE\=YES
    export GENERATE_PRELINK_OBJECT_FILE\=NO
    export GENERATE_PROFILING_CODE\=NO
    export GENERATE_TEXT_BASED_STUBS\=NO
    export GID\=20
    export GROUP\=staff
    export HEADERMAP_INCLUDES_FLAT_ENTRIES_FOR_TARGET_BEING_BUILT\=YES
    export HEADERMAP_INCLUDES_FRAMEWORK_ENTRIES_FOR_ALL_PRODUCT_TYPES\=YES
    export HEADERMAP_INCLUDES_FRAMEWORK_ENTRIES_FOR_TARGETS_NOT_BEING_BUILT\=YES
    export HEADERMAP_INCLUDES_NONPUBLIC_NONPRIVATE_HEADERS\=YES
    export HEADERMAP_INCLUDES_PROJECT_HEADERS\=YES
    export HEADERMAP_USES_FRAMEWORK_PREFIX_ENTRIES\=YES
    export HEADERMAP_USES_VFS\=NO
    export HEADER_SEARCH_PATHS\=/Users/omidchaghaneh/Projects_3/element-x-ios/build/SourcePackages/checkouts/swift-numerics/Sources/_NumericsShims/include\ /Users/omidchaghaneh/Projects_3/element-x-ios/build/SourcePackages/checkouts/posthog-ios/vendor/libwebp/.\ /Users/omidchaghaneh/Projects_3/element-x-ios/build/SourcePackages/checkouts/GZIP/GZIP/Sources\ /Users/omidchaghaneh/Projects_3/element-x-ios/build/SourcePackages/checkouts/sentry-cocoa/Sources/SentrySwiftUI/SentryInternal\ /Users/omidchaghaneh/Projects_3/element-x-ios/build/SourcePackages/checkouts/DTFoundation/Core/include\ /Users/omidchaghaneh/Projects_3/element-x-ios/build/SourcePackages/checkouts/DTCoreText/Core/include\ /Users/omidchaghaneh/Projects_3/element-x-ios/build/SourcePackages/checkouts/matrix-rich-text-editor-swift/Sources/DTCoreTextExtended/include\ /Users/omidchaghaneh/Projects_3/element-x-ios/build/SourcePackages/checkouts/swift-ogg/Sources/SupportingFiles/Dependencies/Copustools/include\ /Users/omidchaghaneh/Projects_3/element-x-ios/build/Build/Products/Debug-iphonesimulator/include\ 
    export HOME\=/Users/omidchaghaneh
    export HOST_ARCH\=arm64
    export HOST_PLATFORM\=macosx
    export ICONV\=/usr/bin/iconv
    export IMPLICIT_DEPENDENCY_DOMAIN\=default
    export INFOPLIST_ENABLE_CFBUNDLEICONS_MERGE\=YES
    export INFOPLIST_EXPAND_BUILD_SETTINGS\=YES
    export INFOPLIST_FILE\=Lingugram/SupportingFiles/Info.plist
    export INFOPLIST_OUTPUT_FORMAT\=binary
    export INFOPLIST_PATH\=Lingugram.app/Info.plist
    export INFOPLIST_PREPROCESS\=NO
    export INFOSTRINGS_PATH\=Lingugram.app/en.lproj/InfoPlist.strings
    export INLINE_PRIVATE_FRAMEWORKS\=NO
    export INSTALLAPI_IGNORE_SKIP_INSTALL\=YES
    export INSTALLHDRS_COPY_PHASE\=NO
    export INSTALLHDRS_SCRIPT_PHASE\=NO
    export INSTALL_DIR\=/tmp/Lingugram.dst/Applications
    export INSTALL_GROUP\=staff
    export INSTALL_MODE_FLAG\=u+w,go-w,a+rX
    export INSTALL_OWNER\=omidchaghaneh
    export INSTALL_PATH\=/Applications
    export INSTALL_ROOT\=/tmp/Lingugram.dst
    export IPHONEOS_DEPLOYMENT_TARGET\=17.5
    export IS_UNOPTIMIZED_BUILD\=YES
    export JAVAC_DEFAULT_FLAGS\=-J-Xms64m\ -J-XX:NewSize\=4M\ -J-Dfile.encoding\=UTF8
    export JAVA_APP_STUB\=/System/Library/Frameworks/JavaVM.framework/Resources/MacOS/JavaApplicationStub
    export JAVA_ARCHIVE_CLASSES\=YES
    export JAVA_ARCHIVE_TYPE\=JAR
    export JAVA_COMPILER\=/usr/bin/javac
    export JAVA_FOLDER_PATH\=Lingugram.app/Java
    export JAVA_FRAMEWORK_RESOURCES_DIRS\=Resources
    export JAVA_JAR_FLAGS\=cv
    export JAVA_SOURCE_SUBDIR\=.
    export JAVA_USE_DEPENDENCIES\=YES
    export JAVA_ZIP_FLAGS\=-urg
    export JIKES_DEFAULT_FLAGS\=+E\ +OLDCSO
    export KEEP_PRIVATE_EXTERNS\=NO
    export KEYCHAIN_ACCESS_GROUP_IDENTIFIER\=7J4U792NQT.io.element.elementx
    export LD_DEPENDENCY_INFO_FILE\=/Users/omidchaghaneh/Projects_3/element-x-ios/build/Build/Intermediates.noindex/Lingugram.build/Debug-iphonesimulator/Lingugram.build/Objects-normal/undefined_arch/Lingugram_dependency_info.dat
    export LD_EXPORT_SYMBOLS\=YES
    export LD_GENERATE_MAP_FILE\=NO
    export LD_MAP_FILE_PATH\=/Users/omidchaghaneh/Projects_3/element-x-ios/build/Build/Intermediates.noindex/Lingugram.build/Debug-iphonesimulator/Lingugram.build/Lingugram-LinkMap-normal-undefined_arch.txt
    export LD_NO_PIE\=NO
    export LD_QUOTE_LINKER_ARGUMENTS_FOR_COMPILER_DRIVER\=YES
    export LD_RUNPATH_SEARCH_PATHS\=/Users/omidchaghaneh/Projects_3/element-x-ios/build/Build/Products/Debug-iphonesimulator/PackageFrameworks\ /Users/omidchaghaneh/Projects_3/element-x-ios/build/Build/Products/Debug-iphonesimulator/PackageFrameworks\ /Users/omidchaghaneh/Projects_3/element-x-ios/build/Build/Products/Debug-iphonesimulator/PackageFrameworks\ /Users/omidchaghaneh/Projects_3/element-x-ios/build/Build/Products/Debug-iphonesimulator/PackageFrameworks\ /Users/omidchaghaneh/Projects_3/element-x-ios/build/Build/Products/Debug-iphonesimulator/PackageFrameworks\ /Users/omidchaghaneh/Projects_3/element-x-ios/build/Build/Products/Debug-iphonesimulator/PackageFrameworks\ /Users/omidchaghaneh/Projects_3/element-x-ios/build/Build/Products/Debug-iphonesimulator/PackageFrameworks\ /Users/omidchaghaneh/Projects_3/element-x-ios/build/Build/Products/Debug-iphonesimulator/PackageFrameworks\ /Users/omidchaghaneh/Projects_3/element-x-ios/build/Build/Products/Debug-iphonesimulator/PackageFrameworks\ /Users/omidchaghaneh/Projects_3/element-x-ios/build/Build/Products/Debug-iphonesimulator/PackageFrameworks\ /Users/omidchaghaneh/Projects_3/element-x-ios/build/Build/Products/Debug-iphonesimulator/PackageFrameworks\ /Users/omidchaghaneh/Projects_3/element-x-ios/build/Build/Products/Debug-iphonesimulator/PackageFrameworks\ /Users/omidchaghaneh/Projects_3/element-x-ios/build/Build/Products/Debug-iphonesimulator/PackageFrameworks\ /Users/omidchaghaneh/Projects_3/element-x-ios/build/Build/Products/Debug-iphonesimulator/PackageFrameworks\ /Users/omidchaghaneh/Projects_3/element-x-ios/build/Build/Products/Debug-iphonesimulator/PackageFrameworks\ /Users/omidchaghaneh/Projects_3/element-x-ios/build/Build/Products/Debug-iphonesimulator/PackageFrameworks\ /Users/omidchaghaneh/Projects_3/element-x-ios/build/Build/Products/Debug-iphonesimulator/PackageFrameworks\ /Users/omidchaghaneh/Projects_3/element-x-ios/build/Build/Products/Debug-iphonesimulator/PackageFrameworks\ /Users/omidchaghaneh/Projects_3/element-x-ios/build/Build/Products/Debug-iphonesimulator/PackageFrameworks\ /Users/omidchaghaneh/Projects_3/element-x-ios/build/Build/Products/Debug-iphonesimulator/PackageFrameworks\ /Users/omidchaghaneh/Projects_3/element-x-ios/build/Build/Products/Debug-iphonesimulator/PackageFrameworks\ /Users/omidchaghaneh/Projects_3/element-x-ios/build/Build/Products/Debug-iphonesimulator/PackageFrameworks\ /Users/omidchaghaneh/Projects_3/element-x-ios/build/Build/Products/Debug-iphonesimulator/PackageFrameworks\ /Users/omidchaghaneh/Projects_3/element-x-ios/build/Build/Products/Debug-iphonesimulator/PackageFrameworks\ /Users/omidchaghaneh/Projects_3/element-x-ios/build/Build/Products/Debug-iphonesimulator/PackageFrameworks\ /Users/omidchaghaneh/Projects_3/element-x-ios/build/Build/Products/Debug-iphonesimulator/PackageFrameworks\ /Users/omidchaghaneh/Projects_3/element-x-ios/build/Build/Products/Debug-iphonesimulator/PackageFrameworks\ /Users/omidchaghaneh/Projects_3/element-x-ios/build/Build/Products/Debug-iphonesimulator/PackageFrameworks\ /Users/omidchaghaneh/Projects_3/element-x-ios/build/Build/Products/Debug-iphonesimulator/PackageFrameworks\ /Users/omidchaghaneh/Projects_3/element-x-ios/build/Build/Products/Debug-iphonesimulator/PackageFrameworks\ /Users/omidchaghaneh/Projects_3/element-x-ios/build/Build/Products/Debug-iphonesimulator/PackageFrameworks\ /Users/omidchaghaneh/Projects_3/element-x-ios/build/Build/Products/Debug-iphonesimulator/PackageFrameworks\ /Users/omidchaghaneh/Projects_3/element-x-ios/build/Build/Products/Debug-iphonesimulator/PackageFrameworks\ /Users/omidchaghaneh/Projects_3/element-x-ios/build/Build/Products/Debug-iphonesimulator/PackageFrameworks\ /Users/omidchaghaneh/Projects_3/element-x-ios/build/Build/Products/Debug-iphonesimulator/PackageFrameworks\ /Users/omidchaghaneh/Projects_3/element-x-ios/build/Build/Products/Debug-iphonesimulator/PackageFrameworks\ /Users/omidchaghaneh/Projects_3/element-x-ios/build/Build/Products/Debug-iphonesimulator/PackageFrameworks\ /Users/omidchaghaneh/Projects_3/element-x-ios/build/Build/Products/Debug-iphonesimulator/PackageFrameworks\ /Users/omidchaghaneh/Projects_3/element-x-ios/build/Build/Products/Debug-iphonesimulator/PackageFrameworks\ /Users/omidchaghaneh/Projects_3/element-x-ios/build/Build/Products/Debug-iphonesimulator/PackageFrameworks\ /Users/omidchaghaneh/Projects_3/element-x-ios/build/Build/Products/Debug-iphonesimulator/PackageFrameworks\ /Users/omidchaghaneh/Projects_3/element-x-ios/build/Build/Products/Debug-iphonesimulator/PackageFrameworks\ /Users/omidchaghaneh/Projects_3/element-x-ios/build/Build/Products/Debug-iphonesimulator/PackageFrameworks\ \ @executable_path/Frameworks
    export LD_RUNPATH_SEARCH_PATHS_YES\=@loader_path/../Frameworks
    export LD_SHARED_CACHE_ELIGIBLE\=Automatic
    export LD_WARN_DUPLICATE_LIBRARIES\=NO
    export LD_WARN_UNUSED_DYLIBS\=NO
    export LEGACY_DEVELOPER_DIR\=/Applications/Xcode.app/Contents/PlugIns/Xcode3Core.ideplugin/Contents/SharedSupport/Developer
    export LEX\=lex
    export LIBRARY_DEXT_INSTALL_PATH\=/Library/DriverExtensions
    export LIBRARY_FLAG_NOSPACE\=YES
    export LIBRARY_FLAG_PREFIX\=-l
    export LIBRARY_KEXT_INSTALL_PATH\=/Library/Extensions
    export LIBRARY_SEARCH_PATHS\=/Users/omidchaghaneh/Projects_3/element-x-ios/build/Build/Products/Debug-iphonesimulator\ 
    export LINKER_DISPLAYS_MANGLED_NAMES\=NO
    export LINK_FILE_LIST_normal_arm64\=/Users/omidchaghaneh/Projects_3/element-x-ios/build/Build/Intermediates.noindex/Lingugram.build/Debug-iphonesimulator/Lingugram.build/Objects-normal/arm64/Lingugram.LinkFileList
    export LINK_OBJC_RUNTIME\=YES
    export LINK_WITH_STANDARD_LIBRARIES\=YES
    export LLVM_TARGET_TRIPLE_OS_VERSION\=ios17.5
    export LLVM_TARGET_TRIPLE_SUFFIX\=-simulator
    export LLVM_TARGET_TRIPLE_VENDOR\=apple
    export LM_AUX_CONST_METADATA_LIST_PATH_normal_arm64\=/Users/omidchaghaneh/Projects_3/element-x-ios/build/Build/Intermediates.noindex/Lingugram.build/Debug-iphonesimulator/Lingugram.build/Objects-normal/arm64/Lingugram.SwiftConstValuesFileList
    export LOCALIZATION_EXPORT_SUPPORTED\=YES
    export LOCALIZATION_PREFERS_STRING_CATALOGS\=NO
    export LOCALIZED_RESOURCES_FOLDER_PATH\=Lingugram.app/en.lproj
    export LOCALIZED_STRING_MACRO_NAMES\=NSLocalizedString\ CFCopyLocalizedString
    export LOCALIZED_STRING_SWIFTUI_SUPPORT\=YES
    export LOCAL_ADMIN_APPS_DIR\=/Applications/Utilities
    export LOCAL_APPS_DIR\=/Applications
    export LOCAL_DEVELOPER_DIR\=/Library/Developer
    export LOCAL_LIBRARY_DIR\=/Library
    export LOCROOT\=/Users/omidchaghaneh/Projects_3/element-x-ios
    export LOCSYMROOT\=/Users/omidchaghaneh/Projects_3/element-x-ios
    export MACH_O_TYPE\=mh_execute
    export MAC_OS_X_PRODUCT_BUILD_VERSION\=25A362
    export MAC_OS_X_VERSION_ACTUAL\=260001
    export MAC_OS_X_VERSION_MAJOR\=260000
    export MAC_OS_X_VERSION_MINOR\=260000
    export MAKE_MERGEABLE\=NO
    export MARKETING_VERSION\=25.11.0
    export MERGEABLE_LIBRARY\=NO
    export MERGED_BINARY_TYPE\=none
    export MERGE_LINKED_LIBRARIES\=NO
    export METAL_LIBRARY_FILE_BASE\=default
    export METAL_LIBRARY_OUTPUT_DIR\=/Users/omidchaghaneh/Projects_3/element-x-ios/build/Build/Products/Debug-iphonesimulator/Lingugram.app
    export MODULES_FOLDER_PATH\=Lingugram.app/Modules
    export MODULE_CACHE_DIR\=/Users/omidchaghaneh/Projects_3/element-x-ios/build/ModuleCache.noindex
    export MTL_ENABLE_DEBUG_INFO\=INCLUDE_SOURCE
    export MTL_FAST_MATH\=YES
    export NATIVE_ARCH\=arm64
    export NATIVE_ARCH_32_BIT\=arm
    export NATIVE_ARCH_64_BIT\=arm64
    export NATIVE_ARCH_ACTUAL\=arm64
    export NO_COMMON\=YES
    export OBJC_ABI_VERSION\=2
    export OBJECT_FILE_DIR\=/Users/omidchaghaneh/Projects_3/element-x-ios/build/Build/Intermediates.noindex/Lingugram.build/Debug-iphonesimulator/Lingugram.build/Objects
    export OBJECT_FILE_DIR_normal\=/Users/omidchaghaneh/Projects_3/element-x-ios/build/Build/Intermediates.noindex/Lingugram.build/Debug-iphonesimulator/Lingugram.build/Objects-normal
    export OBJROOT\=/Users/omidchaghaneh/Projects_3/element-x-ios/build/Build/Intermediates.noindex
    export ONLY_ACTIVE_ARCH\=YES
    export OS\=MACOS
    export OSAC\=/usr/bin/osacompile
    export OTHER_CFLAGS\=-fmodule-map-file\=/Users/omidchaghaneh/Projects_3/element-x-ios/build/Build/Intermediates.noindex/GeneratedModuleMaps-iphonesimulator/MatrixRustSDK.modulemap\ -fmodule-map-file\=/Users/omidchaghaneh/Projects_3/element-x-ios/build/Build/Intermediates.noindex/GeneratedModuleMaps-iphonesimulator/CompoundDesignTokens.modulemap\ -fmodule-map-file\=/Users/omidchaghaneh/Projects_3/element-x-ios/build/Build/Intermediates.noindex/GeneratedModuleMaps-iphonesimulator/SwiftUIIntrospect.modulemap\ -fmodule-map-file\=/Users/omidchaghaneh/Projects_3/element-x-ios/build/Build/Intermediates.noindex/GeneratedModuleMaps-iphonesimulator/SFSafeSymbols.modulemap\ -fmodule-map-file\=/Users/omidchaghaneh/Projects_3/element-x-ios/build/Build/Intermediates.noindex/GeneratedModuleMaps-iphonesimulator/Compound.modulemap\ -fmodule-map-file\=/Users/omidchaghaneh/Projects_3/element-x-ios/build/Build/Intermediates.noindex/GeneratedModuleMaps-iphonesimulator/RealModule.modulemap\ -fmodule-map-file\=/Users/omidchaghaneh/Projects_3/element-x-ios/build/Build/Intermediates.noindex/GeneratedModuleMaps-iphonesimulator/Algorithms.modulemap\ -fmodule-map-file\=/Users/omidchaghaneh/Projects_3/element-x-ios/build/Build/Intermediates.noindex/GeneratedModuleMaps-iphonesimulator/AnalyticsEvents.modulemap\ -fmodule-map-file\=/Users/omidchaghaneh/Projects_3/element-x-ios/build/Build/Intermediates.noindex/GeneratedModuleMaps-iphonesimulator/_RopeModule.modulemap\ -fmodule-map-file\=/Users/omidchaghaneh/Projects_3/element-x-ios/build/Build/Intermediates.noindex/GeneratedModuleMaps-iphonesimulator/OrderedCollections.modulemap\ -fmodule-map-file\=/Users/omidchaghaneh/Projects_3/element-x-ios/build/Build/Intermediates.noindex/GeneratedModuleMaps-iphonesimulator/HeapModule.modulemap\ -fmodule-map-file\=/Users/omidchaghaneh/Projects_3/element-x-ios/build/Build/Intermediates.noindex/GeneratedModuleMaps-iphonesimulator/HashTreeCollections.modulemap\ -fmodule-map-file\=/Users/omidchaghaneh/Projects_3/element-x-ios/build/Build/Intermediates.noindex/GeneratedModuleMaps-iphonesimulator/DequeModule.modulemap\ -fmodule-map-file\=/Users/omidchaghaneh/Projects_3/element-x-ios/build/Build/Intermediates.noindex/GeneratedModuleMaps-iphonesimulator/BitCollections.modulemap\ -fmodule-map-file\=/Users/omidchaghaneh/Projects_3/element-x-ios/build/Build/Intermediates.noindex/GeneratedModuleMaps-iphonesimulator/InternalCollectionsUtilities.modulemap\ -fmodule-map-file\=/Users/omidchaghaneh/Projects_3/element-x-ios/build/Build/Intermediates.noindex/GeneratedModuleMaps-iphonesimulator/Collections.modulemap\ -fmodule-map-file\=/Users/omidchaghaneh/Projects_3/element-x-ios/build/Build/Intermediates.noindex/GeneratedModuleMaps-iphonesimulator/DeviceKit.modulemap\ -fmodule-map-file\=/Users/omidchaghaneh/Projects_3/element-x-ios/build/Build/Intermediates.noindex/GeneratedModuleMaps-iphonesimulator/EmbeddedElementCall.modulemap\ -fmodule-map-file\=/Users/omidchaghaneh/Projects_3/element-x-ios/build/Build/Intermediates.noindex/GeneratedModuleMaps-iphonesimulator/KeychainAccess.modulemap\ -fmodule-map-file\=/Users/omidchaghaneh/Projects_3/element-x-ios/build/Build/Intermediates.noindex/GeneratedModuleMaps-iphonesimulator/Kingfisher.modulemap\ -fmodule-map-file\=/Users/omidchaghaneh/Projects_3/element-x-ios/build/Build/Intermediates.noindex/GeneratedModuleMaps-iphonesimulator/KZFileWatchers.modulemap\ -fmodule-map-file\=/Users/omidchaghaneh/Projects_3/element-x-ios/build/Build/Intermediates.noindex/GeneratedModuleMaps-iphonesimulator/LoremSwiftum.modulemap\ -fmodule-map-file\=/Users/omidchaghaneh/Projects_3/element-x-ios/build/Build/Intermediates.noindex/GeneratedModuleMaps-iphonesimulator/LRUCache.modulemap\ -fmodule-map-file\=/Users/omidchaghaneh/Projects_3/element-x-ios/build/Build/Intermediates.noindex/GeneratedModuleMaps-iphonesimulator/Mutex.modulemap\ -fmodule-map-file\=/Users/omidchaghaneh/Projects_3/element-x-ios/build/Build/Intermediates.noindex/GeneratedModuleMaps-iphonesimulator/phlibwebp.modulemap\ -fmodule-map-file\=/Users/omidchaghaneh/Projects_3/element-x-ios/build/Build/Intermediates.noindex/GeneratedModuleMaps-iphonesimulator/PostHog.modulemap\ -fmodule-map-file\=/Users/omidchaghaneh/Projects_3/element-x-ios/build/Build/Intermediates.noindex/GeneratedModuleMaps-iphonesimulator/SwiftState.modulemap\ -fmodule-map-file\=/Users/omidchaghaneh/Projects_3/element-x-ios/build/Build/Intermediates.noindex/GeneratedModuleMaps-iphonesimulator/GZIP.modulemap\ -fmodule-map-file\=/Users/omidchaghaneh/Projects_3/element-x-ios/build/Build/Intermediates.noindex/GeneratedModuleMaps-iphonesimulator/SentryInternal.modulemap\ -fmodule-map-file\=/Users/omidchaghaneh/Projects_3/element-x-ios/build/Build/Intermediates.noindex/GeneratedModuleMaps-iphonesimulator/SentrySwiftUI.modulemap\ -fmodule-map-file\=/Users/omidchaghaneh/Projects_3/element-x-ios/build/Build/Intermediates.noindex/GeneratedModuleMaps-iphonesimulator/Version.modulemap\ -fmodule-map-file\=/Users/omidchaghaneh/Projects_3/element-x-ios/build/Build/Intermediates.noindex/GeneratedModuleMaps-iphonesimulator/Emojibase.modulemap\ -fmodule-map-file\=/Users/omidchaghaneh/Projects_3/element-x-ios/build/Build/Intermediates.noindex/GeneratedModuleMaps-iphonesimulator/DTFoundation.modulemap\ -fmodule-map-file\=/Users/omidchaghaneh/Projects_3/element-x-ios/build/Build/Intermediates.noindex/GeneratedModuleMaps-iphonesimulator/DTCoreText.modulemap\ -fmodule-map-file\=/Users/omidchaghaneh/Projects_3/element-x-ios/build/Build/Intermediates.noindex/GeneratedModuleMaps-iphonesimulator/HTMLParser.modulemap\ -fmodule-map-file\=/Users/omidchaghaneh/Projects_3/element-x-ios/build/Build/Intermediates.noindex/GeneratedModuleMaps-iphonesimulator/DTCoreTextExtended.modulemap\ -fmodule-map-file\=/Users/omidchaghaneh/Projects_3/element-x-ios/build/Build/Intermediates.noindex/GeneratedModuleMaps-iphonesimulator/WysiwygComposer.modulemap\ -fmodule-map-file\=/Users/omidchaghaneh/Projects_3/element-x-ios/build/Build/Intermediates.noindex/GeneratedModuleMaps-iphonesimulator/SwiftOGG.modulemap\ -fmodule-map-file\=/Users/omidchaghaneh/Projects_3/element-x-ios/build/Build/Intermediates.noindex/GeneratedModuleMaps-iphonesimulator/SwiftSoup.modulemap\ -fmodule-map-file\=/Users/omidchaghaneh/Projects_3/element-x-ios/build/Build/Intermediates.noindex/GeneratedModuleMaps-iphonesimulator/DSWaveformImage.modulemap\ -fmodule-map-file\=/Users/omidchaghaneh/Projects_3/element-x-ios/build/Build/Intermediates.noindex/GeneratedModuleMaps-iphonesimulator/DSWaveformImageViews.modulemap\ 
    export OTHER_CPLUSPLUSFLAGS\=-fmodule-map-file\=/Users/omidchaghaneh/Projects_3/element-x-ios/build/Build/Intermediates.noindex/GeneratedModuleMaps-iphonesimulator/MatrixRustSDK.modulemap\ -fmodule-map-file\=/Users/omidchaghaneh/Projects_3/element-x-ios/build/Build/Intermediates.noindex/GeneratedModuleMaps-iphonesimulator/CompoundDesignTokens.modulemap\ -fmodule-map-file\=/Users/omidchaghaneh/Projects_3/element-x-ios/build/Build/Intermediates.noindex/GeneratedModuleMaps-iphonesimulator/SwiftUIIntrospect.modulemap\ -fmodule-map-file\=/Users/omidchaghaneh/Projects_3/element-x-ios/build/Build/Intermediates.noindex/GeneratedModuleMaps-iphonesimulator/SFSafeSymbols.modulemap\ -fmodule-map-file\=/Users/omidchaghaneh/Projects_3/element-x-ios/build/Build/Intermediates.noindex/GeneratedModuleMaps-iphonesimulator/Compound.modulemap\ -fmodule-map-file\=/Users/omidchaghaneh/Projects_3/element-x-ios/build/Build/Intermediates.noindex/GeneratedModuleMaps-iphonesimulator/RealModule.modulemap\ -fmodule-map-file\=/Users/omidchaghaneh/Projects_3/element-x-ios/build/Build/Intermediates.noindex/GeneratedModuleMaps-iphonesimulator/Algorithms.modulemap\ -fmodule-map-file\=/Users/omidchaghaneh/Projects_3/element-x-ios/build/Build/Intermediates.noindex/GeneratedModuleMaps-iphonesimulator/AnalyticsEvents.modulemap\ -fmodule-map-file\=/Users/omidchaghaneh/Projects_3/element-x-ios/build/Build/Intermediates.noindex/GeneratedModuleMaps-iphonesimulator/_RopeModule.modulemap\ -fmodule-map-file\=/Users/omidchaghaneh/Projects_3/element-x-ios/build/Build/Intermediates.noindex/GeneratedModuleMaps-iphonesimulator/OrderedCollections.modulemap\ -fmodule-map-file\=/Users/omidchaghaneh/Projects_3/element-x-ios/build/Build/Intermediates.noindex/GeneratedModuleMaps-iphonesimulator/HeapModule.modulemap\ -fmodule-map-file\=/Users/omidchaghaneh/Projects_3/element-x-ios/build/Build/Intermediates.noindex/GeneratedModuleMaps-iphonesimulator/HashTreeCollections.modulemap\ -fmodule-map-file\=/Users/omidchaghaneh/Projects_3/element-x-ios/build/Build/Intermediates.noindex/GeneratedModuleMaps-iphonesimulator/DequeModule.modulemap\ -fmodule-map-file\=/Users/omidchaghaneh/Projects_3/element-x-ios/build/Build/Intermediates.noindex/GeneratedModuleMaps-iphonesimulator/BitCollections.modulemap\ -fmodule-map-file\=/Users/omidchaghaneh/Projects_3/element-x-ios/build/Build/Intermediates.noindex/GeneratedModuleMaps-iphonesimulator/InternalCollectionsUtilities.modulemap\ -fmodule-map-file\=/Users/omidchaghaneh/Projects_3/element-x-ios/build/Build/Intermediates.noindex/GeneratedModuleMaps-iphonesimulator/Collections.modulemap\ -fmodule-map-file\=/Users/omidchaghaneh/Projects_3/element-x-ios/build/Build/Intermediates.noindex/GeneratedModuleMaps-iphonesimulator/DeviceKit.modulemap\ -fmodule-map-file\=/Users/omidchaghaneh/Projects_3/element-x-ios/build/Build/Intermediates.noindex/GeneratedModuleMaps-iphonesimulator/EmbeddedElementCall.modulemap\ -fmodule-map-file\=/Users/omidchaghaneh/Projects_3/element-x-ios/build/Build/Intermediates.noindex/GeneratedModuleMaps-iphonesimulator/KeychainAccess.modulemap\ -fmodule-map-file\=/Users/omidchaghaneh/Projects_3/element-x-ios/build/Build/Intermediates.noindex/GeneratedModuleMaps-iphonesimulator/Kingfisher.modulemap\ -fmodule-map-file\=/Users/omidchaghaneh/Projects_3/element-x-ios/build/Build/Intermediates.noindex/GeneratedModuleMaps-iphonesimulator/KZFileWatchers.modulemap\ -fmodule-map-file\=/Users/omidchaghaneh/Projects_3/element-x-ios/build/Build/Intermediates.noindex/GeneratedModuleMaps-iphonesimulator/LoremSwiftum.modulemap\ -fmodule-map-file\=/Users/omidchaghaneh/Projects_3/element-x-ios/build/Build/Intermediates.noindex/GeneratedModuleMaps-iphonesimulator/LRUCache.modulemap\ -fmodule-map-file\=/Users/omidchaghaneh/Projects_3/element-x-ios/build/Build/Intermediates.noindex/GeneratedModuleMaps-iphonesimulator/Mutex.modulemap\ -fmodule-map-file\=/Users/omidchaghaneh/Projects_3/element-x-ios/build/Build/Intermediates.noindex/GeneratedModuleMaps-iphonesimulator/phlibwebp.modulemap\ -fmodule-map-file\=/Users/omidchaghaneh/Projects_3/element-x-ios/build/Build/Intermediates.noindex/GeneratedModuleMaps-iphonesimulator/PostHog.modulemap\ -fmodule-map-file\=/Users/omidchaghaneh/Projects_3/element-x-ios/build/Build/Intermediates.noindex/GeneratedModuleMaps-iphonesimulator/SwiftState.modulemap\ -fmodule-map-file\=/Users/omidchaghaneh/Projects_3/element-x-ios/build/Build/Intermediates.noindex/GeneratedModuleMaps-iphonesimulator/GZIP.modulemap\ -fmodule-map-file\=/Users/omidchaghaneh/Projects_3/element-x-ios/build/Build/Intermediates.noindex/GeneratedModuleMaps-iphonesimulator/SentryInternal.modulemap\ -fmodule-map-file\=/Users/omidchaghaneh/Projects_3/element-x-ios/build/Build/Intermediates.noindex/GeneratedModuleMaps-iphonesimulator/SentrySwiftUI.modulemap\ -fmodule-map-file\=/Users/omidchaghaneh/Projects_3/element-x-ios/build/Build/Intermediates.noindex/GeneratedModuleMaps-iphonesimulator/Version.modulemap\ -fmodule-map-file\=/Users/omidchaghaneh/Projects_3/element-x-ios/build/Build/Intermediates.noindex/GeneratedModuleMaps-iphonesimulator/Emojibase.modulemap\ -fmodule-map-file\=/Users/omidchaghaneh/Projects_3/element-x-ios/build/Build/Intermediates.noindex/GeneratedModuleMaps-iphonesimulator/DTFoundation.modulemap\ -fmodule-map-file\=/Users/omidchaghaneh/Projects_3/element-x-ios/build/Build/Intermediates.noindex/GeneratedModuleMaps-iphonesimulator/DTCoreText.modulemap\ -fmodule-map-file\=/Users/omidchaghaneh/Projects_3/element-x-ios/build/Build/Intermediates.noindex/GeneratedModuleMaps-iphonesimulator/HTMLParser.modulemap\ -fmodule-map-file\=/Users/omidchaghaneh/Projects_3/element-x-ios/build/Build/Intermediates.noindex/GeneratedModuleMaps-iphonesimulator/DTCoreTextExtended.modulemap\ -fmodule-map-file\=/Users/omidchaghaneh/Projects_3/element-x-ios/build/Build/Intermediates.noindex/GeneratedModuleMaps-iphonesimulator/WysiwygComposer.modulemap\ -fmodule-map-file\=/Users/omidchaghaneh/Projects_3/element-x-ios/build/Build/Intermediates.noindex/GeneratedModuleMaps-iphonesimulator/SwiftOGG.modulemap\ -fmodule-map-file\=/Users/omidchaghaneh/Projects_3/element-x-ios/build/Build/Intermediates.noindex/GeneratedModuleMaps-iphonesimulator/SwiftSoup.modulemap\ -fmodule-map-file\=/Users/omidchaghaneh/Projects_3/element-x-ios/build/Build/Intermediates.noindex/GeneratedModuleMaps-iphonesimulator/DSWaveformImage.modulemap\ -fmodule-map-file\=/Users/omidchaghaneh/Projects_3/element-x-ios/build/Build/Intermediates.noindex/GeneratedModuleMaps-iphonesimulator/DSWaveformImageViews.modulemap\ 
    export OTHER_LDFLAGS\=-Wl,-no_warn_duplicate_libraries\ -Wl,-no_warn_duplicate_libraries\ -Wl,-no_warn_duplicate_libraries\ -Wl,-no_warn_duplicate_libraries\ -Wl,-no_warn_duplicate_libraries\ -Wl,-no_warn_duplicate_libraries\ -Wl,-no_warn_duplicate_libraries\ -Wl,-no_warn_duplicate_libraries\ -Wl,-no_warn_duplicate_libraries\ -Wl,-no_warn_duplicate_libraries\ -Wl,-no_warn_duplicate_libraries\ -Wl,-no_warn_duplicate_libraries\ -Wl,-no_warn_duplicate_libraries\ -Wl,-no_warn_duplicate_libraries\ -Wl,-no_warn_duplicate_libraries\ -Wl,-no_warn_duplicate_libraries\ -Wl,-no_warn_duplicate_libraries\ -Wl,-no_warn_duplicate_libraries\ -Wl,-no_warn_duplicate_libraries\ -Wl,-no_warn_duplicate_libraries\ -Wl,-no_warn_duplicate_libraries\ -Wl,-no_warn_duplicate_libraries\ -Wl,-no_warn_duplicate_libraries\ -Wl,-no_warn_duplicate_libraries\ -Wl,-no_warn_duplicate_libraries\ -Wl,-no_warn_duplicate_libraries\ -Wl,-no_warn_duplicate_libraries\ -Wl,-no_warn_duplicate_libraries\ -Wl,-no_warn_duplicate_libraries\ -Wl,-no_warn_duplicate_libraries\ -Wl,-no_warn_duplicate_libraries\ -Wl,-no_warn_duplicate_libraries\ -Wl,-no_warn_duplicate_libraries\ -Wl,-no_warn_duplicate_libraries\ -Wl,-no_warn_duplicate_libraries\ -Wl,-no_warn_duplicate_libraries\ -Wl,-no_warn_duplicate_libraries\ -Wl,-no_warn_duplicate_libraries\ -Wl,-no_warn_duplicate_libraries\ -Wl,-no_warn_duplicate_libraries\ -Wl,-no_warn_duplicate_libraries\ -Wl,-no_warn_duplicate_libraries\ -Wl,-no_warn_duplicate_libraries\ \ -framework\ Sentry
    export OTHER_SWIFT_FLAGS\=-Xcc\ -fmodule-map-file\=/Users/omidchaghaneh/Projects_3/element-x-ios/build/Build/Intermediates.noindex/GeneratedModuleMaps-iphonesimulator/phlibwebp.modulemap\ -Xcc\ -fmodule-map-file\=/Users/omidchaghaneh/Projects_3/element-x-ios/build/Build/Intermediates.noindex/GeneratedModuleMaps-iphonesimulator/GZIP.modulemap\ -Xcc\ -fmodule-map-file\=/Users/omidchaghaneh/Projects_3/element-x-ios/build/Build/Intermediates.noindex/GeneratedModuleMaps-iphonesimulator/SentryInternal.modulemap\ -Xcc\ -fmodule-map-file\=/Users/omidchaghaneh/Projects_3/element-x-ios/build/Build/Intermediates.noindex/GeneratedModuleMaps-iphonesimulator/DTFoundation.modulemap\ -Xcc\ -fmodule-map-file\=/Users/omidchaghaneh/Projects_3/element-x-ios/build/Build/Intermediates.noindex/GeneratedModuleMaps-iphonesimulator/DTCoreText.modulemap\ -Xcc\ -fmodule-map-file\=/Users/omidchaghaneh/Projects_3/element-x-ios/build/Build/Intermediates.noindex/GeneratedModuleMaps-iphonesimulator/DTCoreTextExtended.modulemap\ -DIS_MAIN_APP
    export PACKAGE_TYPE\=com.apple.package-type.wrapper.application
    export PASCAL_STRINGS\=YES
    export PATH\=/Applications/Xcode.app/Contents/SharedFrameworks/SwiftBuild.framework/Versions/A/PlugIns/SWBBuildService.bundle/Contents/PlugIns/SWBUniversalPlatformPlugin.bundle/Contents/Frameworks/SWBUniversalPlatform.framework/Resources:/var/run/com.apple.security.cryptexd/mnt/com.apple.MobileAsset.MetalToolchain-v17.1.324.0.PXE1tX/Metal.xctoolchain/usr/bin:/var/run/com.apple.security.cryptexd/mnt/com.apple.MobileAsset.MetalToolchain-v17.1.324.0.PXE1tX/Metal.xctoolchain/usr/local/bin:/var/run/com.apple.security.cryptexd/mnt/com.apple.MobileAsset.MetalToolchain-v17.1.324.0.PXE1tX/Metal.xctoolchain/usr/libexec:/Applications/Xcode.app/Contents/Developer/Toolchains/XcodeDefault.xctoolchain/usr/bin:/Applications/Xcode.app/Contents/Developer/Toolchains/XcodeDefault.xctoolchain/usr/local/bin:/Applications/Xcode.app/Contents/Developer/Toolchains/XcodeDefault.xctoolchain/usr/libexec:/Applications/Xcode.app/Contents/Developer/Platforms/iPhoneSimulator.platform/usr/bin:/Applications/Xcode.app/Contents/Developer/Platforms/iPhoneSimulator.platform/usr/local/bin:/Applications/Xcode.app/Contents/Developer/Platforms/iPhoneSimulator.platform/Developer/usr/bin:/Applications/Xcode.app/Contents/Developer/Platforms/iPhoneSimulator.platform/Developer/usr/local/bin:/Applications/Xcode.app/Contents/Developer/usr/bin:/Applications/Xcode.app/Contents/Developer/usr/local/bin:/opt/homebrew/opt/openjdk@17/bin:/opt/homebrew/bin:/opt/homebrew/sbin:/Library/Frameworks/Python.framework/Versions/3.13/bin:/usr/local/bin:/System/Cryptexes/App/usr/bin:/usr/bin:/bin:/usr/sbin:/sbin:/var/run/com.apple.security.cryptexd/codex.system/bootstrap/usr/local/bin:/var/run/com.apple.security.cryptexd/codex.system/bootstrap/usr/bin:/var/run/com.apple.security.cryptexd/codex.system/bootstrap/usr/appleinternal/bin:/Library/Apple/usr/bin:/Users/omidchaghaneh/.cargo/bin
    export PATH_PREFIXES_EXCLUDED_FROM_HEADER_DEPENDENCIES\=/usr/include\ /usr/local/include\ /System/Library/Frameworks\ /System/Library/PrivateFrameworks\ /Applications/Xcode.app/Contents/Developer/Headers\ /Applications/Xcode.app/Contents/Developer/SDKs\ /Applications/Xcode.app/Contents/Developer/Platforms
    export PBDEVELOPMENTPLIST_PATH\=Lingugram.app/pbdevelopment.plist
    export PER_ARCH_MODULE_FILE_DIR\=/Users/omidchaghaneh/Projects_3/element-x-ios/build/Build/Intermediates.noindex/Lingugram.build/Debug-iphonesimulator/Lingugram.build/Objects-normal/undefined_arch
    export PER_ARCH_OBJECT_FILE_DIR\=/Users/omidchaghaneh/Projects_3/element-x-ios/build/Build/Intermediates.noindex/Lingugram.build/Debug-iphonesimulator/Lingugram.build/Objects-normal/undefined_arch
    export PER_VARIANT_OBJECT_FILE_DIR\=/Users/omidchaghaneh/Projects_3/element-x-ios/build/Build/Intermediates.noindex/Lingugram.build/Debug-iphonesimulator/Lingugram.build/Objects-normal
    export PILLS_UT_TYPE_IDENTIFIER\=io.element.elementx.pills
    export PKGINFO_FILE_PATH\=/Users/omidchaghaneh/Projects_3/element-x-ios/build/Build/Intermediates.noindex/Lingugram.build/Debug-iphonesimulator/Lingugram.build/PkgInfo
    export PKGINFO_PATH\=Lingugram.app/PkgInfo
    export PLATFORM_DEVELOPER_APPLICATIONS_DIR\=/Applications/Xcode.app/Contents/Developer/Platforms/iPhoneSimulator.platform/Developer/Applications
    export PLATFORM_DEVELOPER_BIN_DIR\=/Applications/Xcode.app/Contents/Developer/Platforms/iPhoneSimulator.platform/Developer/usr/bin
    export PLATFORM_DEVELOPER_LIBRARY_DIR\=/Applications/Xcode.app/Contents/Developer/Platforms/iPhoneSimulator.platform/Developer/Library
    export PLATFORM_DEVELOPER_SDK_DIR\=/Applications/Xcode.app/Contents/Developer/Platforms/iPhoneSimulator.platform/Developer/SDKs
    export PLATFORM_DEVELOPER_TOOLS_DIR\=/Applications/Xcode.app/Contents/Developer/Platforms/iPhoneSimulator.platform/Developer/Tools
    export PLATFORM_DEVELOPER_USR_DIR\=/Applications/Xcode.app/Contents/Developer/Platforms/iPhoneSimulator.platform/Developer/usr
    export PLATFORM_DIR\=/Applications/Xcode.app/Contents/Developer/Platforms/iPhoneSimulator.platform
    export PLATFORM_DISPLAY_NAME\=iOS\ Simulator
    export PLATFORM_FAMILY_NAME\=iOS
    export PLATFORM_NAME\=iphonesimulator
    export PLATFORM_PREFERRED_ARCH\=x86_64
    export PLATFORM_PRODUCT_BUILD_VERSION\=23A339
    export PLATFORM_REQUIRES_SWIFT_AUTOLINK_EXTRACT\=NO
    export PLATFORM_REQUIRES_SWIFT_MODULEWRAP\=NO
    export PLIST_FILE_OUTPUT_FORMAT\=binary
    export PLUGINS_FOLDER_PATH\=Lingugram.app/PlugIns
    export PRECOMPS_INCLUDE_HEADERS_FROM_BUILT_PRODUCTS_DIR\=YES
    export PRECOMP_DESTINATION_DIR\=/Users/omidchaghaneh/Projects_3/element-x-ios/build/Build/Intermediates.noindex/Lingugram.build/Debug-iphonesimulator/Lingugram.build/PrefixHeaders
    export PRIVATE_HEADERS_FOLDER_PATH\=Lingugram.app/PrivateHeaders
    export PROCESSED_INFOPLIST_PATH\=/Users/omidchaghaneh/Projects_3/element-x-ios/build/Build/Intermediates.noindex/Lingugram.build/Debug-iphonesimulator/Lingugram.build/Objects-normal/undefined_arch/Processed-Info.plist
    export PRODUCTION_APP_NAME\=Element
    export PRODUCT_BUNDLE_IDENTIFIER\=io.element.elementx
    export PRODUCT_BUNDLE_PACKAGE_TYPE\=APPL
    export PRODUCT_MODULE_NAME\=Lingugram
    export PRODUCT_NAME\=Lingugram
    export PRODUCT_SETTINGS_PATH\=/Users/omidchaghaneh/Projects_3/element-x-ios/Lingugram/SupportingFiles/Info.plist
    export PRODUCT_TYPE\=com.apple.product-type.application
    export PROFILING_CODE\=NO
    export PROJECT\=Lingugram
    export PROJECT_DERIVED_FILE_DIR\=/Users/omidchaghaneh/Projects_3/element-x-ios/build/Build/Intermediates.noindex/Lingugram.build/DerivedSources
    export PROJECT_DIR\=/Users/omidchaghaneh/Projects_3/element-x-ios
    export PROJECT_FILE_PATH\=/Users/omidchaghaneh/Projects_3/element-x-ios/Lingugram.xcodeproj
    export PROJECT_GUID\=7c77e73fb99db34166dc0fb522858b59
    export PROJECT_NAME\=Lingugram
    export PROJECT_TEMP_DIR\=/Users/omidchaghaneh/Projects_3/element-x-ios/build/Build/Intermediates.noindex/Lingugram.build
    export PROJECT_TEMP_ROOT\=/Users/omidchaghaneh/Projects_3/element-x-ios/build/Build/Intermediates.noindex
    export PROVISIONING_PROFILE_REQUIRED\=NO
    export PROVISIONING_PROFILE_REQUIRED_YES_YES\=YES
    export PROVISIONING_PROFILE_SUPPORTED\=YES
    export PUBLIC_HEADERS_FOLDER_PATH\=Lingugram.app/Headers
    export RECOMMENDED_IPHONEOS_DEPLOYMENT_TARGET\=15.0
    export RECURSIVE_SEARCH_PATHS_FOLLOW_SYMLINKS\=YES
    export REMOVE_CVS_FROM_RESOURCES\=YES
    export REMOVE_GIT_FROM_RESOURCES\=YES
    export REMOVE_HEADERS_FROM_EMBEDDED_BUNDLES\=YES
    export REMOVE_HG_FROM_RESOURCES\=YES
    export REMOVE_STATIC_EXECUTABLES_FROM_EMBEDDED_BUNDLES\=YES
    export REMOVE_SVN_FROM_RESOURCES\=YES
    export RESCHEDULE_INDEPENDENT_HEADERS_PHASES\=YES
    export REZ_COLLECTOR_DIR\=/Users/omidchaghaneh/Projects_3/element-x-ios/build/Build/Intermediates.noindex/Lingugram.build/Debug-iphonesimulator/Lingugram.build/ResourceManagerResources
    export REZ_OBJECTS_DIR\=/Users/omidchaghaneh/Projects_3/element-x-ios/build/Build/Intermediates.noindex/Lingugram.build/Debug-iphonesimulator/Lingugram.build/ResourceManagerResources/Objects
    export REZ_SEARCH_PATHS\=/Users/omidchaghaneh/Projects_3/element-x-ios/build/Build/Products/Debug-iphonesimulator\ 
    export RUNTIME_EXCEPTION_ALLOW_DYLD_ENVIRONMENT_VARIABLES\=NO
    export RUNTIME_EXCEPTION_ALLOW_JIT\=NO
    export RUNTIME_EXCEPTION_ALLOW_UNSIGNED_EXECUTABLE_MEMORY\=NO
    export RUNTIME_EXCEPTION_DEBUGGING_TOOL\=NO
    export RUNTIME_EXCEPTION_DISABLE_EXECUTABLE_PAGE_PROTECTION\=NO
    export RUNTIME_EXCEPTION_DISABLE_LIBRARY_VALIDATION\=NO
    export SCAN_ALL_SOURCE_FILES_FOR_INCLUDES\=NO
    export SCRIPTS_FOLDER_PATH\=Lingugram.app/Scripts
    export SCRIPT_INPUT_FILE_COUNT\=0
    export SCRIPT_INPUT_FILE_LIST_COUNT\=0
    export SCRIPT_OUTPUT_FILE_COUNT\=0
    export SCRIPT_OUTPUT_FILE_LIST_COUNT\=0
    export SDKROOT\=/Applications/Xcode.app/Contents/Developer/Platforms/iPhoneSimulator.platform/Developer/SDKs/iPhoneSimulator26.0.sdk
    export SDK_DIR\=/Applications/Xcode.app/Contents/Developer/Platforms/iPhoneSimulator.platform/Developer/SDKs/iPhoneSimulator26.0.sdk
    export SDK_DIR_iphonesimulator\=/Applications/Xcode.app/Contents/Developer/Platforms/iPhoneSimulator.platform/Developer/SDKs/iPhoneSimulator26.0.sdk
    export SDK_DIR_iphonesimulator26_0\=/Applications/Xcode.app/Contents/Developer/Platforms/iPhoneSimulator.platform/Developer/SDKs/iPhoneSimulator26.0.sdk
    export SDK_NAME\=iphonesimulator26.0
    export SDK_NAMES\=iphonesimulator26.0
    export SDK_PRODUCT_BUILD_VERSION\=23A339
    export SDK_STAT_CACHE_DIR\=/Users/omidchaghaneh/Projects_3/element-x-ios/build
    export SDK_STAT_CACHE_ENABLE\=YES
    export SDK_STAT_CACHE_PATH\=/Users/omidchaghaneh/Projects_3/element-x-ios/build/SDKStatCaches.noindex/iphonesimulator26.0-23A339-3885c01c3e6b6a337905948deab2002e26257891a6c027eb51374368541b8346.sdkstatcache
    export SDK_VERSION\=26.0
    export SDK_VERSION_ACTUAL\=260000
    export SDK_VERSION_MAJOR\=260000
    export SDK_VERSION_MINOR\=260000
    export SED\=/usr/bin/sed
    export SEPARATE_STRIP\=NO
    export SEPARATE_SYMBOL_EDIT\=NO
    export SET_DIR_MODE_OWNER_GROUP\=YES
    export SET_FILE_MODE_OWNER_GROUP\=NO
    export SHALLOW_BUNDLE\=YES
    export SHALLOW_BUNDLE_TRIPLE\=ios-simulator
    export SHALLOW_BUNDLE_ios_macabi\=NO
    export SHALLOW_BUNDLE_macos\=NO
    export SHARED_DERIVED_FILE_DIR\=/Users/omidchaghaneh/Projects_3/element-x-ios/build/Build/Products/Debug-iphonesimulator/DerivedSources
    export SHARED_FRAMEWORKS_FOLDER_PATH\=Lingugram.app/SharedFrameworks
    export SHARED_PRECOMPS_DIR\=/Users/omidchaghaneh/Projects_3/element-x-ios/build/Build/Intermediates.noindex/PrecompiledHeaders
    export SHARED_SUPPORT_FOLDER_PATH\=Lingugram.app/SharedSupport
    export SKIP_INSTALL\=NO
    export SOURCE_ROOT\=/Users/omidchaghaneh/Projects_3/element-x-ios
    export SRCROOT\=/Users/omidchaghaneh/Projects_3/element-x-ios
    export STRINGSDATA_DIR\=/Users/omidchaghaneh/Projects_3/element-x-ios/build/Build/Intermediates.noindex/Lingugram.build/Debug-iphonesimulator/Lingugram.build/Objects-normal/undefined_arch
    export STRINGSDATA_ROOT\=/Users/omidchaghaneh/Projects_3/element-x-ios/build/Build/Intermediates.noindex/Lingugram.build/Debug-iphonesimulator/Lingugram.build
    export STRINGS_FILE_INFOPLIST_RENAME\=YES
    export STRINGS_FILE_OUTPUT_ENCODING\=binary
    export STRING_CATALOG_GENERATE_SYMBOLS\=NO
    export STRIP_BITCODE_FROM_COPIED_FILES\=NO
    export STRIP_INSTALLED_PRODUCT\=NO
    export STRIP_STYLE\=all
    export STRIP_SWIFT_SYMBOLS\=YES
    export SUPPORTED_DEVICE_FAMILIES\=1,2
    export SUPPORTED_PLATFORMS\=iphoneos\ iphonesimulator
    export SUPPORTS_MACCATALYST\=NO
    export SUPPORTS_ON_DEMAND_RESOURCES\=YES
    export SUPPORTS_TEXT_BASED_API\=NO
    export SUPPRESS_WARNINGS\=NO
    export SWIFT_ACTIVE_COMPILATION_CONDITIONS\=DEBUG
    export SWIFT_EMIT_CONST_VALUE_PROTOCOLS\=AppIntent\ EntityQuery\ AppEntity\ TransientEntity\ AppEnum\ AppShortcutProviding\ AppShortcutsProvider\ AnyResolverProviding\ AppIntentsPackage\ DynamicOptionsProvider\ _IntentValueRepresentable\ _AssistantIntentsProvider\ _GenerativeFunctionExtractable\ IntentValueQuery\ Resolver\ AppExtension\ ExtensionPointDefining
    export SWIFT_EMIT_LOC_STRINGS\=NO
    export SWIFT_ENABLE_EXPLICIT_MODULES\=YES
    export SWIFT_OBJC_BRIDGING_HEADER\=Lingugram/SupportingFiles/Lingugram-Bridging-Header.h
    export SWIFT_OBJC_INTERFACE_HEADER_NAME\=GeneratedInterface-Swift.h
    export SWIFT_OPTIMIZATION_LEVEL\=-Onone
    export SWIFT_PLATFORM_TARGET_PREFIX\=ios
    export SWIFT_RESPONSE_FILE_PATH_normal_arm64\=/Users/omidchaghaneh/Projects_3/element-x-ios/build/Build/Intermediates.noindex/Lingugram.build/Debug-iphonesimulator/Lingugram.build/Objects-normal/arm64/Lingugram.SwiftFileList
    export SWIFT_VERSION\=5.0
    export SYMROOT\=/Users/omidchaghaneh/Projects_3/element-x-ios/build/Build/Products
    export SYSTEM_ADMIN_APPS_DIR\=/Applications/Utilities
    export SYSTEM_APPS_DIR\=/Applications
    export SYSTEM_CORE_SERVICES_DIR\=/System/Library/CoreServices
    export SYSTEM_DEMOS_DIR\=/Applications/Extras
    export SYSTEM_DEVELOPER_APPS_DIR\=/Applications/Xcode.app/Contents/Developer/Applications
    export SYSTEM_DEVELOPER_BIN_DIR\=/Applications/Xcode.app/Contents/Developer/usr/bin
    export SYSTEM_DEVELOPER_DEMOS_DIR\=/Applications/Xcode.app/Contents/Developer/Applications/Utilities/Built\ Examples
    export SYSTEM_DEVELOPER_DIR\=/Applications/Xcode.app/Contents/Developer
    export SYSTEM_DEVELOPER_DOC_DIR\=/Applications/Xcode.app/Contents/Developer/ADC\ Reference\ Library
    export SYSTEM_DEVELOPER_GRAPHICS_TOOLS_DIR\=/Applications/Xcode.app/Contents/Developer/Applications/Graphics\ Tools
    export SYSTEM_DEVELOPER_JAVA_TOOLS_DIR\=/Applications/Xcode.app/Contents/Developer/Applications/Java\ Tools
    export SYSTEM_DEVELOPER_PERFORMANCE_TOOLS_DIR\=/Applications/Xcode.app/Contents/Developer/Applications/Performance\ Tools
    export SYSTEM_DEVELOPER_RELEASENOTES_DIR\=/Applications/Xcode.app/Contents/Developer/ADC\ Reference\ Library/releasenotes
    export SYSTEM_DEVELOPER_TOOLS\=/Applications/Xcode.app/Contents/Developer/Tools
    export SYSTEM_DEVELOPER_TOOLS_DOC_DIR\=/Applications/Xcode.app/Contents/Developer/ADC\ Reference\ Library/documentation/DeveloperTools
    export SYSTEM_DEVELOPER_TOOLS_RELEASENOTES_DIR\=/Applications/Xcode.app/Contents/Developer/ADC\ Reference\ Library/releasenotes/DeveloperTools
    export SYSTEM_DEVELOPER_USR_DIR\=/Applications/Xcode.app/Contents/Developer/usr
    export SYSTEM_DEVELOPER_UTILITIES_DIR\=/Applications/Xcode.app/Contents/Developer/Applications/Utilities
    export SYSTEM_DEXT_INSTALL_PATH\=/System/Library/DriverExtensions
    export SYSTEM_DOCUMENTATION_DIR\=/Library/Documentation
    export SYSTEM_EXTENSIONS_FOLDER_PATH\=Lingugram.app/SystemExtensions
    export SYSTEM_EXTENSIONS_FOLDER_PATH_SHALLOW_BUNDLE_NO\=Lingugram.app/Library/SystemExtensions
    export SYSTEM_EXTENSIONS_FOLDER_PATH_SHALLOW_BUNDLE_YES\=Lingugram.app/SystemExtensions
    export SYSTEM_KEXT_INSTALL_PATH\=/System/Library/Extensions
    export SYSTEM_LIBRARY_DIR\=/System/Library
    export TAPI_DEMANGLE\=YES
    export TAPI_ENABLE_PROJECT_HEADERS\=NO
    export TAPI_LANGUAGE\=objective-c
    export TAPI_LANGUAGE_STANDARD\=compiler-default
    export TAPI_USE_SRCROOT\=YES
    export TAPI_VERIFY_MODE\=Pedantic
    export TARGETED_DEVICE_FAMILY\=1,2
    export TARGETNAME\=Lingugram
    export TARGET_BUILD_DIR\=/Users/omidchaghaneh/Projects_3/element-x-ios/build/Build/Products/Debug-iphonesimulator
    export TARGET_DEVICE_IDENTIFIER\=39C8A1E5-50DD-4918-966E-121FFA1A40D1
    export TARGET_DEVICE_MODEL\=iPhone18,1
    export TARGET_DEVICE_OS_VERSION\=26.0.1
    export TARGET_DEVICE_PLATFORM_NAME\=iphonesimulator
    export TARGET_NAME\=Lingugram
    export TARGET_TEMP_DIR\=/Users/omidchaghaneh/Projects_3/element-x-ios/build/Build/Intermediates.noindex/Lingugram.build/Debug-iphonesimulator/Lingugram.build
    export TEMP_DIR\=/Users/omidchaghaneh/Projects_3/element-x-ios/build/Build/Intermediates.noindex/Lingugram.build/Debug-iphonesimulator/Lingugram.build
    export TEMP_FILES_DIR\=/Users/omidchaghaneh/Projects_3/element-x-ios/build/Build/Intermediates.noindex/Lingugram.build/Debug-iphonesimulator/Lingugram.build
    export TEMP_FILE_DIR\=/Users/omidchaghaneh/Projects_3/element-x-ios/build/Build/Intermediates.noindex/Lingugram.build/Debug-iphonesimulator/Lingugram.build
    export TEMP_ROOT\=/Users/omidchaghaneh/Projects_3/element-x-ios/build/Build/Intermediates.noindex
    export TEMP_SANDBOX_DIR\=/Users/omidchaghaneh/Projects_3/element-x-ios/build/Build/Intermediates.noindex/TemporaryTaskSandboxes
    export TEST_FRAMEWORK_SEARCH_PATHS\=\ /Applications/Xcode.app/Contents/Developer/Platforms/iPhoneSimulator.platform/Developer/Library/Frameworks\ /Applications/Xcode.app/Contents/Developer/Platforms/iPhoneSimulator.platform/Developer/SDKs/iPhoneSimulator26.0.sdk/Developer/Library/Frameworks
    export TEST_LIBRARY_SEARCH_PATHS\=\ /Applications/Xcode.app/Contents/Developer/Platforms/iPhoneSimulator.platform/Developer/usr/lib
    export TOOLCHAINS\=com.apple.dt.toolchain.Metal.32023\ com.apple.dt.toolchain.XcodeDefault
    export TOOLCHAIN_DIR\=/var/run/com.apple.security.cryptexd/mnt/com.apple.MobileAsset.MetalToolchain-v17.1.324.0.PXE1tX/Metal.xctoolchain
    export TOOLCHAIN_VERSION\=32023
    export TREAT_MISSING_BASELINES_AS_TEST_FAILURES\=NO
    export TREAT_MISSING_SCRIPT_PHASE_OUTPUTS_AS_ERRORS\=NO
    export UID\=501
    export UNINSTALLED_PRODUCTS_DIR\=/Users/omidchaghaneh/Projects_3/element-x-ios/build/Build/Intermediates.noindex/UninstalledProducts
    export UNLOCALIZED_RESOURCES_FOLDER_PATH\=Lingugram.app
    export UNLOCALIZED_RESOURCES_FOLDER_PATH_SHALLOW_BUNDLE_NO\=Lingugram.app/Resources
    export UNLOCALIZED_RESOURCES_FOLDER_PATH_SHALLOW_BUNDLE_YES\=Lingugram.app
    export UNSTRIPPED_PRODUCT\=NO
    export USER\=omidchaghaneh
    export USER_APPS_DIR\=/Users/omidchaghaneh/Applications
    export USER_LIBRARY_DIR\=/Users/omidchaghaneh/Library
    export USE_DYNAMIC_NO_PIC\=YES
    export USE_HEADERMAP\=YES
    export USE_HEADER_SYMLINKS\=NO
    export VALIDATE_DEVELOPMENT_ASSET_PATHS\=YES_ERROR
    export VALIDATE_PRODUCT\=NO
    export VALID_ARCHS\=arm64\ x86_64
    export VERBOSE_PBXCP\=NO
    export VERSIONPLIST_PATH\=Lingugram.app/version.plist
    export VERSION_INFO_BUILDER\=omidchaghaneh
    export VERSION_INFO_FILE\=Lingugram_vers.c
    export VERSION_INFO_STRING\=\"@\(\#\)PROGRAM:Lingugram\ \ PROJECT:Lingugram-1\"
    export WORKSPACE_DIR\=/Users/omidchaghaneh/Projects_3/element-x-ios/Lingugram.xcodeproj
    export WRAPPER_EXTENSION\=app
    export WRAPPER_NAME\=Lingugram.app
    export WRAPPER_SUFFIX\=.app
    export WRAP_ASSET_PACKS_IN_SEPARATE_DIRECTORIES\=NO
    export XCODE_APP_SUPPORT_DIR\=/Applications/Xcode.app/Contents/Developer/Library/Xcode
    export XCODE_PRODUCT_BUILD_VERSION\=17A400
    export XCODE_VERSION_ACTUAL\=2601
    export XCODE_VERSION_MAJOR\=2600
    export XCODE_VERSION_MINOR\=2600
    export XPCSERVICES_FOLDER_PATH\=Lingugram.app/XPCServices
    export YACC\=yacc
    export _DISCOVER_COMMAND_LINE_LINKER_INPUTS\=YES
    export _DISCOVER_COMMAND_LINE_LINKER_INPUTS_INCLUDE_WL\=YES
    export _LD_MULTIARCH\=YES
    export _WRAPPER_CONTENTS_DIR_SHALLOW_BUNDLE_NO\=/Contents
    export _WRAPPER_PARENT_PATH_SHALLOW_BUNDLE_NO\=/..
    export _WRAPPER_RESOURCES_DIR_SHALLOW_BUNDLE_NO\=/Resources
    export __DIAGNOSE_DEPRECATED_ARCHS\=YES
    export __IS_NOT_MACOS\=YES
    export __IS_NOT_MACOS_macosx\=NO
    export __IS_NOT_SIMULATOR\=NO
    export __IS_NOT_SIMULATOR_simulator\=NO
    export arch\=undefined_arch
    export variant\=normal
    /bin/sh -c /Users/omidchaghaneh/Projects_3/element-x-ios/build/Build/Intermediates.noindex/Lingugram.build/Debug-iphonesimulator/Lingugram.build/Script-B763D6966A30CF746F541C98.sh
Using configuration file at 'Tools/Sourcery/AutoMockableConfig.yml'
Scanning sources...
Found 2469 types in 999 files, 0 changed from last run.
Loading templates...
Loaded 1 templates.
Generating code...
Finished.
Processing time 0.82 seconds

PhaseScriptExecution 🧙\ Sourcery\ -\ Generate\ preview\ tests /Users/omidchaghaneh/Projects_3/element-x-ios/build/Build/Intermediates.noindex/Lingugram.build/Debug-iphonesimulator/Lingugram.build/Script-7F2B6A39235C5AD06E2E4EC7.sh (in target 'Lingugram' from project 'Lingugram')
    cd /Users/omidchaghaneh/Projects_3/element-x-ios
    export ACTION\=build
    export AD_HOC_CODE_SIGNING_ALLOWED\=YES
    export AGGREGATE_TRACKED_DOMAINS\=YES
    export ALLOW_BUILD_REQUEST_OVERRIDES\=NO
    export ALLOW_TARGET_PLATFORM_SPECIALIZATION\=NO
    export ALTERNATE_GROUP\=staff
    export ALTERNATE_MODE\=u+w,go-w,a+rX
    export ALTERNATE_OWNER\=omidchaghaneh
    export ALTERNATIVE_DISTRIBUTION_WEB\=NO
    export ALWAYS_EMBED_SWIFT_STANDARD_LIBRARIES\=NO
    export ALWAYS_SEARCH_USER_PATHS\=NO
    export ALWAYS_USE_SEPARATE_HEADERMAPS\=NO
    export APPLICATION_EXTENSION_API_ONLY\=NO
    export APPLY_RULES_IN_COPY_FILES\=NO
    export APPLY_RULES_IN_COPY_HEADERS\=NO
    export APP_DISPLAY_NAME\=Lingugram
    export APP_GROUP_IDENTIFIER\=group.io.element
    export APP_NAME\=Lingugram
    export APP_SHORTCUTS_ENABLE_FLEXIBLE_MATCHING\=YES
    export ARCHS\=arm64
    export ARCHS_STANDARD\=arm64\ x86_64
    export ARCHS_STANDARD_32_64_BIT\=arm64\ x86_64
    export ARCHS_STANDARD_64_BIT\=arm64\ x86_64
    export ARCHS_STANDARD_INCLUDING_64_BIT\=arm64\ x86_64
    export ARCHS_UNIVERSAL_IPHONE_OS\=arm64\ x86_64
    export ASSETCATALOG_COMPILER_APPICON_NAME\=AppIcon
    export ASSETCATALOG_COMPILER_GLOBAL_ACCENT_COLOR_NAME\=colors/accent-color
    export ASSETCATALOG_FILTER_FOR_DEVICE_MODEL\=iPhone18,1
    export ASSETCATALOG_FILTER_FOR_DEVICE_OS_VERSION\=26.0.1
    export ASSETCATALOG_FILTER_FOR_THINNING_DEVICE_CONFIGURATION\=iPhone18,1
    export AUTOMATICALLY_MERGE_DEPENDENCIES\=NO
    export AUTOMATION_APPLE_EVENTS\=NO
    export AVAILABLE_PLATFORMS\=android\ appletvos\ appletvsimulator\ driverkit\ iphoneos\ iphonesimulator\ macosx\ qnx\ watchos\ watchsimulator\ webassembly\ xros\ xrsimulator
    export BASE_BUNDLE_IDENTIFIER\=io.element.elementx
    export BUILD_ACTIVE_RESOURCES_ONLY\=YES
    export BUILD_COMPONENTS\=headers\ build
    export BUILD_DIR\=/Users/omidchaghaneh/Projects_3/element-x-ios/build/Build/Products
    export BUILD_LIBRARY_FOR_DISTRIBUTION\=NO
    export BUILD_ROOT\=/Users/omidchaghaneh/Projects_3/element-x-ios/build/Build/Products
    export BUILD_STYLE\=
    export BUILD_VARIANTS\=normal
    export BUILT_PRODUCTS_DIR\=/Users/omidchaghaneh/Projects_3/element-x-ios/build/Build/Products/Debug-iphonesimulator
    export BUNDLE_CONTENTS_FOLDER_PATH_deep\=Contents/
    export BUNDLE_EXECUTABLE_FOLDER_NAME_deep\=MacOS
    export BUNDLE_EXTENSIONS_FOLDER_PATH\=Extensions
    export BUNDLE_FORMAT\=shallow
    export BUNDLE_FRAMEWORKS_FOLDER_PATH\=Frameworks
    export BUNDLE_PLUGINS_FOLDER_PATH\=PlugIns
    export BUNDLE_PRIVATE_HEADERS_FOLDER_PATH\=PrivateHeaders
    export BUNDLE_PUBLIC_HEADERS_FOLDER_PATH\=Headers
    export CACHE_ROOT\=/var/folders/ww/90lm2s3s09n2l75wqwqbgf_c0000gn/C/com.apple.DeveloperTools/26.0.1-17A400/Xcode
    export CCHROOT\=/var/folders/ww/90lm2s3s09n2l75wqwqbgf_c0000gn/C/com.apple.DeveloperTools/26.0.1-17A400/Xcode
    export CHMOD\=/bin/chmod
    export CHOWN\=/usr/sbin/chown
    export CLANG_ANALYZER_LOCALIZABILITY_NONLOCALIZED\=YES
    export CLANG_ANALYZER_NONNULL\=YES
    export CLANG_ANALYZER_NUMBER_OBJECT_CONVERSION\=YES_AGGRESSIVE
    export CLANG_CACHE_FINE_GRAINED_OUTPUTS\=YES
    export CLANG_COVERAGE_MAPPING\=YES
    export CLANG_CXX_LANGUAGE_STANDARD\=gnu++14
    export CLANG_CXX_LIBRARY\=libc++
    export CLANG_ENABLE_EXPLICIT_MODULES\=YES
    export CLANG_ENABLE_MODULES\=YES
    export CLANG_ENABLE_OBJC_ARC\=YES
    export CLANG_ENABLE_OBJC_WEAK\=YES
    export CLANG_MODULES_BUILD_SESSION_FILE\=/Users/omidchaghaneh/Projects_3/element-x-ios/build/ModuleCache.noindex/Session.modulevalidation
    export CLANG_PROFILE_DATA_DIRECTORY\=/Users/omidchaghaneh/Projects_3/element-x-ios/build/Build/ProfileData
    export CLANG_WARN_BLOCK_CAPTURE_AUTORELEASING\=YES
    export CLANG_WARN_BOOL_CONVERSION\=YES
    export CLANG_WARN_COMMA\=YES
    export CLANG_WARN_CONSTANT_CONVERSION\=YES
    export CLANG_WARN_DEPRECATED_OBJC_IMPLEMENTATIONS\=YES
    export CLANG_WARN_DIRECT_OBJC_ISA_USAGE\=YES_ERROR
    export CLANG_WARN_DOCUMENTATION_COMMENTS\=YES
    export CLANG_WARN_EMPTY_BODY\=YES
    export CLANG_WARN_ENUM_CONVERSION\=YES
    export CLANG_WARN_INFINITE_RECURSION\=YES
    export CLANG_WARN_INT_CONVERSION\=YES
    export CLANG_WARN_NON_LITERAL_NULL_CONVERSION\=YES
    export CLANG_WARN_OBJC_IMPLICIT_RETAIN_SELF\=YES
    export CLANG_WARN_OBJC_LITERAL_CONVERSION\=YES
    export CLANG_WARN_OBJC_ROOT_CLASS\=YES_ERROR
    export CLANG_WARN_QUOTED_INCLUDE_IN_FRAMEWORK_HEADER\=YES
    export CLANG_WARN_RANGE_LOOP_ANALYSIS\=YES
    export CLANG_WARN_STRICT_PROTOTYPES\=YES
    export CLANG_WARN_SUSPICIOUS_MOVE\=YES
    export CLANG_WARN_UNGUARDED_AVAILABILITY\=YES_AGGRESSIVE
    export CLANG_WARN_UNREACHABLE_CODE\=YES
    export CLANG_WARN__DUPLICATE_METHOD_MATCH\=YES
    export CLASS_FILE_DIR\=/Users/omidchaghaneh/Projects_3/element-x-ios/build/Build/Intermediates.noindex/Lingugram.build/Debug-iphonesimulator/Lingugram.build/JavaClasses
    export CLEAN_PRECOMPS\=YES
    export CLONE_HEADERS\=NO
    export CODESIGNING_FOLDER_PATH\=/Users/omidchaghaneh/Projects_3/element-x-ios/build/Build/Products/Debug-iphonesimulator/Lingugram.app
    export CODE_SIGNING_ALLOWED\=NO
    export CODE_SIGNING_REQUIRED\=NO
    export CODE_SIGN_CONTEXT_CLASS\=XCiPhoneSimulatorCodeSignContext
    export CODE_SIGN_ENTITLEMENTS\=Lingugram/SupportingFiles/Lingugram.entitlements
    export CODE_SIGN_INJECT_BASE_ENTITLEMENTS\=YES
    export COLOR_DIAGNOSTICS\=NO
    export COMBINE_HIDPI_IMAGES\=NO
    export COMPILATION_CACHE_CAS_PATH\=/Users/omidchaghaneh/Projects_3/element-x-ios/build/CompilationCache.noindex
    export COMPILATION_CACHE_KEEP_CAS_DIRECTORY\=YES
    export COMPILER_INDEX_STORE_ENABLE\=Default
    export COMPOSITE_SDK_DIRS\=/Users/omidchaghaneh/Projects_3/element-x-ios/build/Build/Intermediates.noindex/CompositeSDKs
    export COMPRESS_PNG_FILES\=YES
    export CONFIGURATION\=Debug
    export CONFIGURATION_BUILD_DIR\=/Users/omidchaghaneh/Projects_3/element-x-ios/build/Build/Products/Debug-iphonesimulator
    export CONFIGURATION_TEMP_DIR\=/Users/omidchaghaneh/Projects_3/element-x-ios/build/Build/Intermediates.noindex/Lingugram.build/Debug-iphonesimulator
    export CONTENTS_FOLDER_PATH\=Lingugram.app
    export CONTENTS_FOLDER_PATH_SHALLOW_BUNDLE_NO\=Lingugram.app/Contents
    export CONTENTS_FOLDER_PATH_SHALLOW_BUNDLE_YES\=Lingugram.app
    export COPYING_PRESERVES_HFS_DATA\=NO
    export COPY_HEADERS_RUN_UNIFDEF\=NO
    export COPY_PHASE_STRIP\=NO
    export CORRESPONDING_DEVICE_PLATFORM_DIR\=/Applications/Xcode.app/Contents/Developer/Platforms/iPhoneOS.platform
    export CORRESPONDING_DEVICE_PLATFORM_NAME\=iphoneos
    export CORRESPONDING_DEVICE_SDK_DIR\=/Applications/Xcode.app/Contents/Developer/Platforms/iPhoneOS.platform/Developer/SDKs/iPhoneOS26.0.sdk
    export CORRESPONDING_DEVICE_SDK_NAME\=iphoneos26.0
    export CP\=/bin/cp
    export CREATE_INFOPLIST_SECTION_IN_BINARY\=NO
    export CURRENT_ARCH\=undefined_arch
    export CURRENT_PROJECT_VERSION\=1
    export CURRENT_VARIANT\=normal
    export DEAD_CODE_STRIPPING\=YES
    export DEBUGGING_SYMBOLS\=YES
    export DEBUG_INFORMATION_FORMAT\=dwarf
    export DEBUG_INFORMATION_VERSION\=compiler-default
    export DEFAULT_COMPILER\=com.apple.compilers.llvm.clang.1_0
    export DEFAULT_DEXT_INSTALL_PATH\=/System/Library/DriverExtensions
    export DEFAULT_KEXT_INSTALL_PATH\=/System/Library/Extensions
    export DEFINES_MODULE\=NO
    export DEPLOYMENT_LOCATION\=NO
    export DEPLOYMENT_POSTPROCESSING\=NO
    export DEPLOYMENT_TARGET_SETTING_NAME\=IPHONEOS_DEPLOYMENT_TARGET
    export DEPLOYMENT_TARGET_SUGGESTED_VALUES\=12.0\ 12.1\ 12.2\ 12.3\ 12.4\ 13.0\ 13.1\ 13.2\ 13.3\ 13.4\ 13.5\ 13.6\ 14.0\ 14.1\ 14.2\ 14.3\ 14.4\ 14.5\ 14.6\ 14.7\ 15.0\ 15.1\ 15.2\ 15.3\ 15.4\ 15.5\ 15.6\ 16.0\ 16.1\ 16.2\ 16.3\ 16.4\ 16.5\ 16.6\ 17.0\ 17.1\ 17.2\ 17.3\ 17.4\ 17.5\ 17.6\ 18.0\ 18.1\ 18.2\ 18.3\ 18.4\ 18.5\ 18.6\ 26.0
    export DERIVED_FILES_DIR\=/Users/omidchaghaneh/Projects_3/element-x-ios/build/Build/Intermediates.noindex/Lingugram.build/Debug-iphonesimulator/Lingugram.build/DerivedSources
    export DERIVED_FILE_DIR\=/Users/omidchaghaneh/Projects_3/element-x-ios/build/Build/Intermediates.noindex/Lingugram.build/Debug-iphonesimulator/Lingugram.build/DerivedSources
    export DERIVED_SOURCES_DIR\=/Users/omidchaghaneh/Projects_3/element-x-ios/build/Build/Intermediates.noindex/Lingugram.build/Debug-iphonesimulator/Lingugram.build/DerivedSources
    export DEVELOPER_APPLICATIONS_DIR\=/Applications/Xcode.app/Contents/Developer/Applications
    export DEVELOPER_BIN_DIR\=/Applications/Xcode.app/Contents/Developer/usr/bin
    export DEVELOPER_DIR\=/Applications/Xcode.app/Contents/Developer
    export DEVELOPER_FRAMEWORKS_DIR\=/Applications/Xcode.app/Contents/Developer/Library/Frameworks
    export DEVELOPER_FRAMEWORKS_DIR_QUOTED\=/Applications/Xcode.app/Contents/Developer/Library/Frameworks
    export DEVELOPER_LIBRARY_DIR\=/Applications/Xcode.app/Contents/Developer/Library
    export DEVELOPER_SDK_DIR\=/Applications/Xcode.app/Contents/Developer/Platforms/MacOSX.platform/Developer/SDKs
    export DEVELOPER_TOOLS_DIR\=/Applications/Xcode.app/Contents/Developer/Tools
    export DEVELOPER_USR_DIR\=/Applications/Xcode.app/Contents/Developer/usr
    export DEVELOPMENT_ASSET_PATHS\=DevelopmentAssets/Media
    export DEVELOPMENT_LANGUAGE\=en
    export DEVELOPMENT_TEAM\=7J4U792NQT
    export DIAGNOSE_MISSING_TARGET_DEPENDENCIES\=YES
    export DIFF\=/usr/bin/diff
    export DOCUMENTATION_FOLDER_PATH\=Lingugram.app/en.lproj/Documentation
    export DONT_GENERATE_INFOPLIST_FILE\=NO
    export DSTROOT\=/tmp/Lingugram.dst
    export DT_TOOLCHAIN_DIR\=/Applications/Xcode.app/Contents/Developer/Toolchains/XcodeDefault.xctoolchain
    export DWARF_DSYM_FILE_NAME\=Lingugram.app.dSYM
    export DWARF_DSYM_FILE_SHOULD_ACCOMPANY_PRODUCT\=NO
    export DWARF_DSYM_FOLDER_PATH\=/Users/omidchaghaneh/Projects_3/element-x-ios/build/Build/Products/Debug-iphonesimulator
    export DYNAMIC_LIBRARY_EXTENSION\=dylib
    export EAGER_COMPILATION_ALLOW_SCRIPTS\=NO
    export EAGER_LINKING\=NO
    export EFFECTIVE_PLATFORM_NAME\=-iphonesimulator
    export EMBEDDED_CONTENT_CONTAINS_SWIFT\=NO
    export EMBED_ASSET_PACKS_IN_PRODUCT_BUNDLE\=NO
    export EMBED_PACKAGE_RESOURCE_BUNDLE_NAMES\=\ DTCoreText_DTCoreText\ Emojibase_Emojibase\ PostHog_PostHog\ Kingfisher_Kingfisher\ EmbeddedElementCall_EmbeddedElementCall\ DeviceKit_DeviceKit\ CompoundDesignTokens_CompoundDesignTokens
    export ENABLE_APP_SANDBOX\=NO
    export ENABLE_BITCODE\=NO
    export ENABLE_CODE_COVERAGE\=YES
    export ENABLE_CPLUSPLUS_BOUNDS_SAFE_BUFFERS\=NO
    export ENABLE_C_BOUNDS_SAFETY\=NO
    export ENABLE_DEBUG_DYLIB\=YES
    export ENABLE_DEFAULT_HEADER_SEARCH_PATHS\=YES
    export ENABLE_DEFAULT_SEARCH_PATHS\=YES
    export ENABLE_ENHANCED_SECURITY\=NO
    export ENABLE_HARDENED_RUNTIME\=NO
    export ENABLE_HEADER_DEPENDENCIES\=YES
    export ENABLE_INCOMING_NETWORK_CONNECTIONS\=NO
    export ENABLE_ON_DEMAND_RESOURCES\=YES
    export ENABLE_OUTGOING_NETWORK_CONNECTIONS\=NO
    export ENABLE_POINTER_AUTHENTICATION\=NO
    export ENABLE_PREVIEWS\=NO
    export ENABLE_RESOURCE_ACCESS_AUDIO_INPUT\=NO
    export ENABLE_RESOURCE_ACCESS_BLUETOOTH\=NO
    export ENABLE_RESOURCE_ACCESS_CALENDARS\=NO
    export ENABLE_RESOURCE_ACCESS_CAMERA\=NO
    export ENABLE_RESOURCE_ACCESS_CONTACTS\=NO
    export ENABLE_RESOURCE_ACCESS_LOCATION\=NO
    export ENABLE_RESOURCE_ACCESS_PHOTO_LIBRARY\=NO
    export ENABLE_RESOURCE_ACCESS_PRINTING\=NO
    export ENABLE_RESOURCE_ACCESS_USB\=NO
    export ENABLE_SDK_IMPORTS\=NO
    export ENABLE_SECURITY_COMPILER_WARNINGS\=NO
    export ENABLE_STRICT_OBJC_MSGSEND\=YES
    export ENABLE_TESTABILITY\=YES
    export ENABLE_TESTING_SEARCH_PATHS\=NO
    export ENABLE_USER_SCRIPT_SANDBOXING\=NO
    export ENABLE_XOJIT_PREVIEWS\=YES
    export ENFORCE_VALID_ARCHS\=YES
    export ENTITLEMENTS_ALLOWED\=NO
    export ENTITLEMENTS_DESTINATION\=__entitlements
    export ENTITLEMENTS_REQUIRED\=NO
    export EXCLUDED_INSTALLSRC_SUBDIRECTORY_PATTERNS\=.DS_Store\ .svn\ .git\ .hg\ CVS
    export EXCLUDED_RECURSIVE_SEARCH_PATH_SUBDIRECTORIES\=\*.nib\ \*.lproj\ \*.framework\ \*.gch\ \*.xcode\*\ \*.xcassets\ \*.icon\ \(\*\)\ .DS_Store\ CVS\ .svn\ .git\ .hg\ \*.pbproj\ \*.pbxproj
    export EXECUTABLES_FOLDER_PATH\=Lingugram.app/Executables
    export EXECUTABLE_BLANK_INJECTION_DYLIB_PATH\=Lingugram.app/__preview.dylib
    export EXECUTABLE_DEBUG_DYLIB_INSTALL_NAME\=@rpath/Lingugram.debug.dylib
    export EXECUTABLE_DEBUG_DYLIB_PATH\=Lingugram.app/Lingugram.debug.dylib
    export EXECUTABLE_FOLDER_PATH\=Lingugram.app
    export EXECUTABLE_FOLDER_PATH_SHALLOW_BUNDLE_NO\=Lingugram.app/MacOS
    export EXECUTABLE_FOLDER_PATH_SHALLOW_BUNDLE_YES\=Lingugram.app
    export EXECUTABLE_NAME\=Lingugram
    export EXECUTABLE_PATH\=Lingugram.app/Lingugram
    export EXTENSIONS_FOLDER_PATH\=Lingugram.app/Extensions
    export FILE_LIST\=/Users/omidchaghaneh/Projects_3/element-x-ios/build/Build/Intermediates.noindex/Lingugram.build/Debug-iphonesimulator/Lingugram.build/Objects/LinkFileList
    export FIXED_FILES_DIR\=/Users/omidchaghaneh/Projects_3/element-x-ios/build/Build/Intermediates.noindex/Lingugram.build/Debug-iphonesimulator/Lingugram.build/FixedFiles
    export FRAMEWORKS_FOLDER_PATH\=Lingugram.app/Frameworks
    export FRAMEWORK_FLAG_PREFIX\=-framework
    export FRAMEWORK_SEARCH_PATHS\=/Users/omidchaghaneh/Projects_3/element-x-ios/build/Build/Products/Debug-iphonesimulator/PackageFrameworks\ /Users/omidchaghaneh/Projects_3/element-x-ios/build/Build/Products/Debug-iphonesimulator/PackageFrameworks\ /Users/omidchaghaneh/Projects_3/element-x-ios/build/Build/Products/Debug-iphonesimulator/PackageFrameworks\ /Users/omidchaghaneh/Projects_3/element-x-ios/build/Build/Products/Debug-iphonesimulator/PackageFrameworks\ /Users/omidchaghaneh/Projects_3/element-x-ios/build/Build/Products/Debug-iphonesimulator/PackageFrameworks\ /Users/omidchaghaneh/Projects_3/element-x-ios/build/Build/Products/Debug-iphonesimulator/PackageFrameworks\ /Users/omidchaghaneh/Projects_3/element-x-ios/build/Build/Products/Debug-iphonesimulator/PackageFrameworks\ /Users/omidchaghaneh/Projects_3/element-x-ios/build/Build/Products/Debug-iphonesimulator/PackageFrameworks\ /Users/omidchaghaneh/Projects_3/element-x-ios/build/Build/Products/Debug-iphonesimulator/PackageFrameworks\ /Users/omidchaghaneh/Projects_3/element-x-ios/build/Build/Products/Debug-iphonesimulator/PackageFrameworks\ /Users/omidchaghaneh/Projects_3/element-x-ios/build/Build/Products/Debug-iphonesimulator/PackageFrameworks\ /Users/omidchaghaneh/Projects_3/element-x-ios/build/Build/Products/Debug-iphonesimulator/PackageFrameworks\ /Users/omidchaghaneh/Projects_3/element-x-ios/build/Build/Products/Debug-iphonesimulator/PackageFrameworks\ /Users/omidchaghaneh/Projects_3/element-x-ios/build/Build/Products/Debug-iphonesimulator/PackageFrameworks\ /Users/omidchaghaneh/Projects_3/element-x-ios/build/Build/Products/Debug-iphonesimulator/PackageFrameworks\ /Users/omidchaghaneh/Projects_3/element-x-ios/build/Build/Products/Debug-iphonesimulator/PackageFrameworks\ /Users/omidchaghaneh/Projects_3/element-x-ios/build/Build/Products/Debug-iphonesimulator/PackageFrameworks\ /Users/omidchaghaneh/Projects_3/element-x-ios/build/Build/Products/Debug-iphonesimulator/PackageFrameworks\ /Users/omidchaghaneh/Projects_3/element-x-ios/build/Build/Products/Debug-iphonesimulator/PackageFrameworks\ /Users/omidchaghaneh/Projects_3/element-x-ios/build/Build/Products/Debug-iphonesimulator/PackageFrameworks\ /Users/omidchaghaneh/Projects_3/element-x-ios/build/Build/Products/Debug-iphonesimulator/PackageFrameworks\ /Users/omidchaghaneh/Projects_3/element-x-ios/build/Build/Products/Debug-iphonesimulator/PackageFrameworks\ /Users/omidchaghaneh/Projects_3/element-x-ios/build/Build/Products/Debug-iphonesimulator/PackageFrameworks\ /Users/omidchaghaneh/Projects_3/element-x-ios/build/Build/Products/Debug-iphonesimulator/PackageFrameworks\ /Users/omidchaghaneh/Projects_3/element-x-ios/build/Build/Products/Debug-iphonesimulator/PackageFrameworks\ /Users/omidchaghaneh/Projects_3/element-x-ios/build/Build/Products/Debug-iphonesimulator/PackageFrameworks\ /Users/omidchaghaneh/Projects_3/element-x-ios/build/Build/Products/Debug-iphonesimulator/PackageFrameworks\ /Users/omidchaghaneh/Projects_3/element-x-ios/build/Build/Products/Debug-iphonesimulator/PackageFrameworks\ /Users/omidchaghaneh/Projects_3/element-x-ios/build/Build/Products/Debug-iphonesimulator/PackageFrameworks\ /Users/omidchaghaneh/Projects_3/element-x-ios/build/Build/Products/Debug-iphonesimulator/PackageFrameworks\ /Users/omidchaghaneh/Projects_3/element-x-ios/build/Build/Products/Debug-iphonesimulator/PackageFrameworks\ /Users/omidchaghaneh/Projects_3/element-x-ios/build/Build/Products/Debug-iphonesimulator/PackageFrameworks\ /Users/omidchaghaneh/Projects_3/element-x-ios/build/Build/Products/Debug-iphonesimulator/PackageFrameworks\ /Users/omidchaghaneh/Projects_3/element-x-ios/build/Build/Products/Debug-iphonesimulator/PackageFrameworks\ /Users/omidchaghaneh/Projects_3/element-x-ios/build/Build/Products/Debug-iphonesimulator/PackageFrameworks\ /Users/omidchaghaneh/Projects_3/element-x-ios/build/Build/Products/Debug-iphonesimulator/PackageFrameworks\ /Users/omidchaghaneh/Projects_3/element-x-ios/build/Build/Products/Debug-iphonesimulator/PackageFrameworks\ /Users/omidchaghaneh/Projects_3/element-x-ios/build/Build/Products/Debug-iphonesimulator/PackageFrameworks\ /Users/omidchaghaneh/Projects_3/element-x-ios/build/Build/Products/Debug-iphonesimulator/PackageFrameworks\ /Users/omidchaghaneh/Projects_3/element-x-ios/build/Build/Products/Debug-iphonesimulator/PackageFrameworks\ /Users/omidchaghaneh/Projects_3/element-x-ios/build/Build/Products/Debug-iphonesimulator/PackageFrameworks\ /Users/omidchaghaneh/Projects_3/element-x-ios/build/Build/Products/Debug-iphonesimulator/PackageFrameworks\ /Users/omidchaghaneh/Projects_3/element-x-ios/build/Build/Products/Debug-iphonesimulator/PackageFrameworks\ /Users/omidchaghaneh/Projects_3/element-x-ios/build/Build/Products/Debug-iphonesimulator\ 
    export FRAMEWORK_VERSION\=A
    export FULL_PRODUCT_NAME\=Lingugram.app
    export FUSE_BUILD_PHASES\=YES
    export FUSE_BUILD_SCRIPT_PHASES\=NO
    export GCC3_VERSION\=3.3
    export GCC_C_LANGUAGE_STANDARD\=gnu11
    export GCC_DYNAMIC_NO_PIC\=NO
    export GCC_INLINES_ARE_PRIVATE_EXTERN\=YES
    export GCC_NO_COMMON_BLOCKS\=YES
    export GCC_OBJC_LEGACY_DISPATCH\=YES
    export GCC_OPTIMIZATION_LEVEL\=0
    export GCC_PFE_FILE_C_DIALECTS\=c\ objective-c\ c++\ objective-c++
    export GCC_PREPROCESSOR_DEFINITIONS\=\ DEBUG\=1
    export GCC_SYMBOLS_PRIVATE_EXTERN\=NO
    export GCC_TREAT_WARNINGS_AS_ERRORS\=NO
    export GCC_VERSION\=com.apple.compilers.llvm.clang.1_0
    export GCC_VERSION_IDENTIFIER\=com_apple_compilers_llvm_clang_1_0
    export GCC_WARN_64_TO_32_BIT_CONVERSION\=YES
    export GCC_WARN_ABOUT_RETURN_TYPE\=YES_ERROR
    export GCC_WARN_UNDECLARED_SELECTOR\=YES
    export GCC_WARN_UNINITIALIZED_AUTOS\=YES_AGGRESSIVE
    export GCC_WARN_UNUSED_FUNCTION\=YES
    export GCC_WARN_UNUSED_VARIABLE\=YES
    export GENERATED_MODULEMAP_DIR\=/Users/omidchaghaneh/Projects_3/element-x-ios/build/Build/Intermediates.noindex/GeneratedModuleMaps-iphonesimulator
    export GENERATE_INFOPLIST_FILE\=NO
    export GENERATE_INTERMEDIATE_TEXT_BASED_STUBS\=YES
    export GENERATE_PKGINFO_FILE\=YES
    export GENERATE_PRELINK_OBJECT_FILE\=NO
    export GENERATE_PROFILING_CODE\=NO
    export GENERATE_TEXT_BASED_STUBS\=NO
    export GID\=20
    export GROUP\=staff
    export HEADERMAP_INCLUDES_FLAT_ENTRIES_FOR_TARGET_BEING_BUILT\=YES
    export HEADERMAP_INCLUDES_FRAMEWORK_ENTRIES_FOR_ALL_PRODUCT_TYPES\=YES
    export HEADERMAP_INCLUDES_FRAMEWORK_ENTRIES_FOR_TARGETS_NOT_BEING_BUILT\=YES
    export HEADERMAP_INCLUDES_NONPUBLIC_NONPRIVATE_HEADERS\=YES
    export HEADERMAP_INCLUDES_PROJECT_HEADERS\=YES
    export HEADERMAP_USES_FRAMEWORK_PREFIX_ENTRIES\=YES
    export HEADERMAP_USES_VFS\=NO
    export HEADER_SEARCH_PATHS\=/Users/omidchaghaneh/Projects_3/element-x-ios/build/SourcePackages/checkouts/swift-numerics/Sources/_NumericsShims/include\ /Users/omidchaghaneh/Projects_3/element-x-ios/build/SourcePackages/checkouts/posthog-ios/vendor/libwebp/.\ /Users/omidchaghaneh/Projects_3/element-x-ios/build/SourcePackages/checkouts/GZIP/GZIP/Sources\ /Users/omidchaghaneh/Projects_3/element-x-ios/build/SourcePackages/checkouts/sentry-cocoa/Sources/SentrySwiftUI/SentryInternal\ /Users/omidchaghaneh/Projects_3/element-x-ios/build/SourcePackages/checkouts/DTFoundation/Core/include\ /Users/omidchaghaneh/Projects_3/element-x-ios/build/SourcePackages/checkouts/DTCoreText/Core/include\ /Users/omidchaghaneh/Projects_3/element-x-ios/build/SourcePackages/checkouts/matrix-rich-text-editor-swift/Sources/DTCoreTextExtended/include\ /Users/omidchaghaneh/Projects_3/element-x-ios/build/SourcePackages/checkouts/swift-ogg/Sources/SupportingFiles/Dependencies/Copustools/include\ /Users/omidchaghaneh/Projects_3/element-x-ios/build/Build/Products/Debug-iphonesimulator/include\ 
    export HOME\=/Users/omidchaghaneh
    export HOST_ARCH\=arm64
    export HOST_PLATFORM\=macosx
    export ICONV\=/usr/bin/iconv
    export IMPLICIT_DEPENDENCY_DOMAIN\=default
    export INFOPLIST_ENABLE_CFBUNDLEICONS_MERGE\=YES
    export INFOPLIST_EXPAND_BUILD_SETTINGS\=YES
    export INFOPLIST_FILE\=Lingugram/SupportingFiles/Info.plist
    export INFOPLIST_OUTPUT_FORMAT\=binary
    export INFOPLIST_PATH\=Lingugram.app/Info.plist
    export INFOPLIST_PREPROCESS\=NO
    export INFOSTRINGS_PATH\=Lingugram.app/en.lproj/InfoPlist.strings
    export INLINE_PRIVATE_FRAMEWORKS\=NO
    export INSTALLAPI_IGNORE_SKIP_INSTALL\=YES
    export INSTALLHDRS_COPY_PHASE\=NO
    export INSTALLHDRS_SCRIPT_PHASE\=NO
    export INSTALL_DIR\=/tmp/Lingugram.dst/Applications
    export INSTALL_GROUP\=staff
    export INSTALL_MODE_FLAG\=u+w,go-w,a+rX
    export INSTALL_OWNER\=omidchaghaneh
    export INSTALL_PATH\=/Applications
    export INSTALL_ROOT\=/tmp/Lingugram.dst
    export IPHONEOS_DEPLOYMENT_TARGET\=17.5
    export IS_UNOPTIMIZED_BUILD\=YES
    export JAVAC_DEFAULT_FLAGS\=-J-Xms64m\ -J-XX:NewSize\=4M\ -J-Dfile.encoding\=UTF8
    export JAVA_APP_STUB\=/System/Library/Frameworks/JavaVM.framework/Resources/MacOS/JavaApplicationStub
    export JAVA_ARCHIVE_CLASSES\=YES
    export JAVA_ARCHIVE_TYPE\=JAR
    export JAVA_COMPILER\=/usr/bin/javac
    export JAVA_FOLDER_PATH\=Lingugram.app/Java
    export JAVA_FRAMEWORK_RESOURCES_DIRS\=Resources
    export JAVA_JAR_FLAGS\=cv
    export JAVA_SOURCE_SUBDIR\=.
    export JAVA_USE_DEPENDENCIES\=YES
    export JAVA_ZIP_FLAGS\=-urg
    export JIKES_DEFAULT_FLAGS\=+E\ +OLDCSO
    export KEEP_PRIVATE_EXTERNS\=NO
    export KEYCHAIN_ACCESS_GROUP_IDENTIFIER\=7J4U792NQT.io.element.elementx
    export LD_DEPENDENCY_INFO_FILE\=/Users/omidchaghaneh/Projects_3/element-x-ios/build/Build/Intermediates.noindex/Lingugram.build/Debug-iphonesimulator/Lingugram.build/Objects-normal/undefined_arch/Lingugram_dependency_info.dat
    export LD_EXPORT_SYMBOLS\=YES
    export LD_GENERATE_MAP_FILE\=NO
    export LD_MAP_FILE_PATH\=/Users/omidchaghaneh/Projects_3/element-x-ios/build/Build/Intermediates.noindex/Lingugram.build/Debug-iphonesimulator/Lingugram.build/Lingugram-LinkMap-normal-undefined_arch.txt
    export LD_NO_PIE\=NO
    export LD_QUOTE_LINKER_ARGUMENTS_FOR_COMPILER_DRIVER\=YES
    export LD_RUNPATH_SEARCH_PATHS\=/Users/omidchaghaneh/Projects_3/element-x-ios/build/Build/Products/Debug-iphonesimulator/PackageFrameworks\ /Users/omidchaghaneh/Projects_3/element-x-ios/build/Build/Products/Debug-iphonesimulator/PackageFrameworks\ /Users/omidchaghaneh/Projects_3/element-x-ios/build/Build/Products/Debug-iphonesimulator/PackageFrameworks\ /Users/omidchaghaneh/Projects_3/element-x-ios/build/Build/Products/Debug-iphonesimulator/PackageFrameworks\ /Users/omidchaghaneh/Projects_3/element-x-ios/build/Build/Products/Debug-iphonesimulator/PackageFrameworks\ /Users/omidchaghaneh/Projects_3/element-x-ios/build/Build/Products/Debug-iphonesimulator/PackageFrameworks\ /Users/omidchaghaneh/Projects_3/element-x-ios/build/Build/Products/Debug-iphonesimulator/PackageFrameworks\ /Users/omidchaghaneh/Projects_3/element-x-ios/build/Build/Products/Debug-iphonesimulator/PackageFrameworks\ /Users/omidchaghaneh/Projects_3/element-x-ios/build/Build/Products/Debug-iphonesimulator/PackageFrameworks\ /Users/omidchaghaneh/Projects_3/element-x-ios/build/Build/Products/Debug-iphonesimulator/PackageFrameworks\ /Users/omidchaghaneh/Projects_3/element-x-ios/build/Build/Products/Debug-iphonesimulator/PackageFrameworks\ /Users/omidchaghaneh/Projects_3/element-x-ios/build/Build/Products/Debug-iphonesimulator/PackageFrameworks\ /Users/omidchaghaneh/Projects_3/element-x-ios/build/Build/Products/Debug-iphonesimulator/PackageFrameworks\ /Users/omidchaghaneh/Projects_3/element-x-ios/build/Build/Products/Debug-iphonesimulator/PackageFrameworks\ /Users/omidchaghaneh/Projects_3/element-x-ios/build/Build/Products/Debug-iphonesimulator/PackageFrameworks\ /Users/omidchaghaneh/Projects_3/element-x-ios/build/Build/Products/Debug-iphonesimulator/PackageFrameworks\ /Users/omidchaghaneh/Projects_3/element-x-ios/build/Build/Products/Debug-iphonesimulator/PackageFrameworks\ /Users/omidchaghaneh/Projects_3/element-x-ios/build/Build/Products/Debug-iphonesimulator/PackageFrameworks\ /Users/omidchaghaneh/Projects_3/element-x-ios/build/Build/Products/Debug-iphonesimulator/PackageFrameworks\ /Users/omidchaghaneh/Projects_3/element-x-ios/build/Build/Products/Debug-iphonesimulator/PackageFrameworks\ /Users/omidchaghaneh/Projects_3/element-x-ios/build/Build/Products/Debug-iphonesimulator/PackageFrameworks\ /Users/omidchaghaneh/Projects_3/element-x-ios/build/Build/Products/Debug-iphonesimulator/PackageFrameworks\ /Users/omidchaghaneh/Projects_3/element-x-ios/build/Build/Products/Debug-iphonesimulator/PackageFrameworks\ /Users/omidchaghaneh/Projects_3/element-x-ios/build/Build/Products/Debug-iphonesimulator/PackageFrameworks\ /Users/omidchaghaneh/Projects_3/element-x-ios/build/Build/Products/Debug-iphonesimulator/PackageFrameworks\ /Users/omidchaghaneh/Projects_3/element-x-ios/build/Build/Products/Debug-iphonesimulator/PackageFrameworks\ /Users/omidchaghaneh/Projects_3/element-x-ios/build/Build/Products/Debug-iphonesimulator/PackageFrameworks\ /Users/omidchaghaneh/Projects_3/element-x-ios/build/Build/Products/Debug-iphonesimulator/PackageFrameworks\ /Users/omidchaghaneh/Projects_3/element-x-ios/build/Build/Products/Debug-iphonesimulator/PackageFrameworks\ /Users/omidchaghaneh/Projects_3/element-x-ios/build/Build/Products/Debug-iphonesimulator/PackageFrameworks\ /Users/omidchaghaneh/Projects_3/element-x-ios/build/Build/Products/Debug-iphonesimulator/PackageFrameworks\ /Users/omidchaghaneh/Projects_3/element-x-ios/build/Build/Products/Debug-iphonesimulator/PackageFrameworks\ /Users/omidchaghaneh/Projects_3/element-x-ios/build/Build/Products/Debug-iphonesimulator/PackageFrameworks\ /Users/omidchaghaneh/Projects_3/element-x-ios/build/Build/Products/Debug-iphonesimulator/PackageFrameworks\ /Users/omidchaghaneh/Projects_3/element-x-ios/build/Build/Products/Debug-iphonesimulator/PackageFrameworks\ /Users/omidchaghaneh/Projects_3/element-x-ios/build/Build/Products/Debug-iphonesimulator/PackageFrameworks\ /Users/omidchaghaneh/Projects_3/element-x-ios/build/Build/Products/Debug-iphonesimulator/PackageFrameworks\ /Users/omidchaghaneh/Projects_3/element-x-ios/build/Build/Products/Debug-iphonesimulator/PackageFrameworks\ /Users/omidchaghaneh/Projects_3/element-x-ios/build/Build/Products/Debug-iphonesimulator/PackageFrameworks\ /Users/omidchaghaneh/Projects_3/element-x-ios/build/Build/Products/Debug-iphonesimulator/PackageFrameworks\ /Users/omidchaghaneh/Projects_3/element-x-ios/build/Build/Products/Debug-iphonesimulator/PackageFrameworks\ /Users/omidchaghaneh/Projects_3/element-x-ios/build/Build/Products/Debug-iphonesimulator/PackageFrameworks\ /Users/omidchaghaneh/Projects_3/element-x-ios/build/Build/Products/Debug-iphonesimulator/PackageFrameworks\ \ @executable_path/Frameworks
    export LD_RUNPATH_SEARCH_PATHS_YES\=@loader_path/../Frameworks
    export LD_SHARED_CACHE_ELIGIBLE\=Automatic
    export LD_WARN_DUPLICATE_LIBRARIES\=NO
    export LD_WARN_UNUSED_DYLIBS\=NO
    export LEGACY_DEVELOPER_DIR\=/Applications/Xcode.app/Contents/PlugIns/Xcode3Core.ideplugin/Contents/SharedSupport/Developer
    export LEX\=lex
    export LIBRARY_DEXT_INSTALL_PATH\=/Library/DriverExtensions
    export LIBRARY_FLAG_NOSPACE\=YES
    export LIBRARY_FLAG_PREFIX\=-l
    export LIBRARY_KEXT_INSTALL_PATH\=/Library/Extensions
    export LIBRARY_SEARCH_PATHS\=/Users/omidchaghaneh/Projects_3/element-x-ios/build/Build/Products/Debug-iphonesimulator\ 
    export LINKER_DISPLAYS_MANGLED_NAMES\=NO
    export LINK_FILE_LIST_normal_arm64\=/Users/omidchaghaneh/Projects_3/element-x-ios/build/Build/Intermediates.noindex/Lingugram.build/Debug-iphonesimulator/Lingugram.build/Objects-normal/arm64/Lingugram.LinkFileList
    export LINK_OBJC_RUNTIME\=YES
    export LINK_WITH_STANDARD_LIBRARIES\=YES
    export LLVM_TARGET_TRIPLE_OS_VERSION\=ios17.5
    export LLVM_TARGET_TRIPLE_SUFFIX\=-simulator
    export LLVM_TARGET_TRIPLE_VENDOR\=apple
    export LM_AUX_CONST_METADATA_LIST_PATH_normal_arm64\=/Users/omidchaghaneh/Projects_3/element-x-ios/build/Build/Intermediates.noindex/Lingugram.build/Debug-iphonesimulator/Lingugram.build/Objects-normal/arm64/Lingugram.SwiftConstValuesFileList
    export LOCALIZATION_EXPORT_SUPPORTED\=YES
    export LOCALIZATION_PREFERS_STRING_CATALOGS\=NO
    export LOCALIZED_RESOURCES_FOLDER_PATH\=Lingugram.app/en.lproj
    export LOCALIZED_STRING_MACRO_NAMES\=NSLocalizedString\ CFCopyLocalizedString
    export LOCALIZED_STRING_SWIFTUI_SUPPORT\=YES
    export LOCAL_ADMIN_APPS_DIR\=/Applications/Utilities
    export LOCAL_APPS_DIR\=/Applications
    export LOCAL_DEVELOPER_DIR\=/Library/Developer
    export LOCAL_LIBRARY_DIR\=/Library
    export LOCROOT\=/Users/omidchaghaneh/Projects_3/element-x-ios
    export LOCSYMROOT\=/Users/omidchaghaneh/Projects_3/element-x-ios
    export MACH_O_TYPE\=mh_execute
    export MAC_OS_X_PRODUCT_BUILD_VERSION\=25A362
    export MAC_OS_X_VERSION_ACTUAL\=260001
    export MAC_OS_X_VERSION_MAJOR\=260000
    export MAC_OS_X_VERSION_MINOR\=260000
    export MAKE_MERGEABLE\=NO
    export MARKETING_VERSION\=25.11.0
    export MERGEABLE_LIBRARY\=NO
    export MERGED_BINARY_TYPE\=none
    export MERGE_LINKED_LIBRARIES\=NO
    export METAL_LIBRARY_FILE_BASE\=default
    export METAL_LIBRARY_OUTPUT_DIR\=/Users/omidchaghaneh/Projects_3/element-x-ios/build/Build/Products/Debug-iphonesimulator/Lingugram.app
    export MODULES_FOLDER_PATH\=Lingugram.app/Modules
    export MODULE_CACHE_DIR\=/Users/omidchaghaneh/Projects_3/element-x-ios/build/ModuleCache.noindex
    export MTL_ENABLE_DEBUG_INFO\=INCLUDE_SOURCE
    export MTL_FAST_MATH\=YES
    export NATIVE_ARCH\=arm64
    export NATIVE_ARCH_32_BIT\=arm
    export NATIVE_ARCH_64_BIT\=arm64
    export NATIVE_ARCH_ACTUAL\=arm64
    export NO_COMMON\=YES
    export OBJC_ABI_VERSION\=2
    export OBJECT_FILE_DIR\=/Users/omidchaghaneh/Projects_3/element-x-ios/build/Build/Intermediates.noindex/Lingugram.build/Debug-iphonesimulator/Lingugram.build/Objects
    export OBJECT_FILE_DIR_normal\=/Users/omidchaghaneh/Projects_3/element-x-ios/build/Build/Intermediates.noindex/Lingugram.build/Debug-iphonesimulator/Lingugram.build/Objects-normal
    export OBJROOT\=/Users/omidchaghaneh/Projects_3/element-x-ios/build/Build/Intermediates.noindex
    export ONLY_ACTIVE_ARCH\=YES
    export OS\=MACOS
    export OSAC\=/usr/bin/osacompile
    export OTHER_CFLAGS\=-fmodule-map-file\=/Users/omidchaghaneh/Projects_3/element-x-ios/build/Build/Intermediates.noindex/GeneratedModuleMaps-iphonesimulator/MatrixRustSDK.modulemap\ -fmodule-map-file\=/Users/omidchaghaneh/Projects_3/element-x-ios/build/Build/Intermediates.noindex/GeneratedModuleMaps-iphonesimulator/CompoundDesignTokens.modulemap\ -fmodule-map-file\=/Users/omidchaghaneh/Projects_3/element-x-ios/build/Build/Intermediates.noindex/GeneratedModuleMaps-iphonesimulator/SwiftUIIntrospect.modulemap\ -fmodule-map-file\=/Users/omidchaghaneh/Projects_3/element-x-ios/build/Build/Intermediates.noindex/GeneratedModuleMaps-iphonesimulator/SFSafeSymbols.modulemap\ -fmodule-map-file\=/Users/omidchaghaneh/Projects_3/element-x-ios/build/Build/Intermediates.noindex/GeneratedModuleMaps-iphonesimulator/Compound.modulemap\ -fmodule-map-file\=/Users/omidchaghaneh/Projects_3/element-x-ios/build/Build/Intermediates.noindex/GeneratedModuleMaps-iphonesimulator/RealModule.modulemap\ -fmodule-map-file\=/Users/omidchaghaneh/Projects_3/element-x-ios/build/Build/Intermediates.noindex/GeneratedModuleMaps-iphonesimulator/Algorithms.modulemap\ -fmodule-map-file\=/Users/omidchaghaneh/Projects_3/element-x-ios/build/Build/Intermediates.noindex/GeneratedModuleMaps-iphonesimulator/AnalyticsEvents.modulemap\ -fmodule-map-file\=/Users/omidchaghaneh/Projects_3/element-x-ios/build/Build/Intermediates.noindex/GeneratedModuleMaps-iphonesimulator/_RopeModule.modulemap\ -fmodule-map-file\=/Users/omidchaghaneh/Projects_3/element-x-ios/build/Build/Intermediates.noindex/GeneratedModuleMaps-iphonesimulator/OrderedCollections.modulemap\ -fmodule-map-file\=/Users/omidchaghaneh/Projects_3/element-x-ios/build/Build/Intermediates.noindex/GeneratedModuleMaps-iphonesimulator/HeapModule.modulemap\ -fmodule-map-file\=/Users/omidchaghaneh/Projects_3/element-x-ios/build/Build/Intermediates.noindex/GeneratedModuleMaps-iphonesimulator/HashTreeCollections.modulemap\ -fmodule-map-file\=/Users/omidchaghaneh/Projects_3/element-x-ios/build/Build/Intermediates.noindex/GeneratedModuleMaps-iphonesimulator/DequeModule.modulemap\ -fmodule-map-file\=/Users/omidchaghaneh/Projects_3/element-x-ios/build/Build/Intermediates.noindex/GeneratedModuleMaps-iphonesimulator/BitCollections.modulemap\ -fmodule-map-file\=/Users/omidchaghaneh/Projects_3/element-x-ios/build/Build/Intermediates.noindex/GeneratedModuleMaps-iphonesimulator/InternalCollectionsUtilities.modulemap\ -fmodule-map-file\=/Users/omidchaghaneh/Projects_3/element-x-ios/build/Build/Intermediates.noindex/GeneratedModuleMaps-iphonesimulator/Collections.modulemap\ -fmodule-map-file\=/Users/omidchaghaneh/Projects_3/element-x-ios/build/Build/Intermediates.noindex/GeneratedModuleMaps-iphonesimulator/DeviceKit.modulemap\ -fmodule-map-file\=/Users/omidchaghaneh/Projects_3/element-x-ios/build/Build/Intermediates.noindex/GeneratedModuleMaps-iphonesimulator/EmbeddedElementCall.modulemap\ -fmodule-map-file\=/Users/omidchaghaneh/Projects_3/element-x-ios/build/Build/Intermediates.noindex/GeneratedModuleMaps-iphonesimulator/KeychainAccess.modulemap\ -fmodule-map-file\=/Users/omidchaghaneh/Projects_3/element-x-ios/build/Build/Intermediates.noindex/GeneratedModuleMaps-iphonesimulator/Kingfisher.modulemap\ -fmodule-map-file\=/Users/omidchaghaneh/Projects_3/element-x-ios/build/Build/Intermediates.noindex/GeneratedModuleMaps-iphonesimulator/KZFileWatchers.modulemap\ -fmodule-map-file\=/Users/omidchaghaneh/Projects_3/element-x-ios/build/Build/Intermediates.noindex/GeneratedModuleMaps-iphonesimulator/LoremSwiftum.modulemap\ -fmodule-map-file\=/Users/omidchaghaneh/Projects_3/element-x-ios/build/Build/Intermediates.noindex/GeneratedModuleMaps-iphonesimulator/LRUCache.modulemap\ -fmodule-map-file\=/Users/omidchaghaneh/Projects_3/element-x-ios/build/Build/Intermediates.noindex/GeneratedModuleMaps-iphonesimulator/Mutex.modulemap\ -fmodule-map-file\=/Users/omidchaghaneh/Projects_3/element-x-ios/build/Build/Intermediates.noindex/GeneratedModuleMaps-iphonesimulator/phlibwebp.modulemap\ -fmodule-map-file\=/Users/omidchaghaneh/Projects_3/element-x-ios/build/Build/Intermediates.noindex/GeneratedModuleMaps-iphonesimulator/PostHog.modulemap\ -fmodule-map-file\=/Users/omidchaghaneh/Projects_3/element-x-ios/build/Build/Intermediates.noindex/GeneratedModuleMaps-iphonesimulator/SwiftState.modulemap\ -fmodule-map-file\=/Users/omidchaghaneh/Projects_3/element-x-ios/build/Build/Intermediates.noindex/GeneratedModuleMaps-iphonesimulator/GZIP.modulemap\ -fmodule-map-file\=/Users/omidchaghaneh/Projects_3/element-x-ios/build/Build/Intermediates.noindex/GeneratedModuleMaps-iphonesimulator/SentryInternal.modulemap\ -fmodule-map-file\=/Users/omidchaghaneh/Projects_3/element-x-ios/build/Build/Intermediates.noindex/GeneratedModuleMaps-iphonesimulator/SentrySwiftUI.modulemap\ -fmodule-map-file\=/Users/omidchaghaneh/Projects_3/element-x-ios/build/Build/Intermediates.noindex/GeneratedModuleMaps-iphonesimulator/Version.modulemap\ -fmodule-map-file\=/Users/omidchaghaneh/Projects_3/element-x-ios/build/Build/Intermediates.noindex/GeneratedModuleMaps-iphonesimulator/Emojibase.modulemap\ -fmodule-map-file\=/Users/omidchaghaneh/Projects_3/element-x-ios/build/Build/Intermediates.noindex/GeneratedModuleMaps-iphonesimulator/DTFoundation.modulemap\ -fmodule-map-file\=/Users/omidchaghaneh/Projects_3/element-x-ios/build/Build/Intermediates.noindex/GeneratedModuleMaps-iphonesimulator/DTCoreText.modulemap\ -fmodule-map-file\=/Users/omidchaghaneh/Projects_3/element-x-ios/build/Build/Intermediates.noindex/GeneratedModuleMaps-iphonesimulator/HTMLParser.modulemap\ -fmodule-map-file\=/Users/omidchaghaneh/Projects_3/element-x-ios/build/Build/Intermediates.noindex/GeneratedModuleMaps-iphonesimulator/DTCoreTextExtended.modulemap\ -fmodule-map-file\=/Users/omidchaghaneh/Projects_3/element-x-ios/build/Build/Intermediates.noindex/GeneratedModuleMaps-iphonesimulator/WysiwygComposer.modulemap\ -fmodule-map-file\=/Users/omidchaghaneh/Projects_3/element-x-ios/build/Build/Intermediates.noindex/GeneratedModuleMaps-iphonesimulator/SwiftOGG.modulemap\ -fmodule-map-file\=/Users/omidchaghaneh/Projects_3/element-x-ios/build/Build/Intermediates.noindex/GeneratedModuleMaps-iphonesimulator/SwiftSoup.modulemap\ -fmodule-map-file\=/Users/omidchaghaneh/Projects_3/element-x-ios/build/Build/Intermediates.noindex/GeneratedModuleMaps-iphonesimulator/DSWaveformImage.modulemap\ -fmodule-map-file\=/Users/omidchaghaneh/Projects_3/element-x-ios/build/Build/Intermediates.noindex/GeneratedModuleMaps-iphonesimulator/DSWaveformImageViews.modulemap\ 
    export OTHER_CPLUSPLUSFLAGS\=-fmodule-map-file\=/Users/omidchaghaneh/Projects_3/element-x-ios/build/Build/Intermediates.noindex/GeneratedModuleMaps-iphonesimulator/MatrixRustSDK.modulemap\ -fmodule-map-file\=/Users/omidchaghaneh/Projects_3/element-x-ios/build/Build/Intermediates.noindex/GeneratedModuleMaps-iphonesimulator/CompoundDesignTokens.modulemap\ -fmodule-map-file\=/Users/omidchaghaneh/Projects_3/element-x-ios/build/Build/Intermediates.noindex/GeneratedModuleMaps-iphonesimulator/SwiftUIIntrospect.modulemap\ -fmodule-map-file\=/Users/omidchaghaneh/Projects_3/element-x-ios/build/Build/Intermediates.noindex/GeneratedModuleMaps-iphonesimulator/SFSafeSymbols.modulemap\ -fmodule-map-file\=/Users/omidchaghaneh/Projects_3/element-x-ios/build/Build/Intermediates.noindex/GeneratedModuleMaps-iphonesimulator/Compound.modulemap\ -fmodule-map-file\=/Users/omidchaghaneh/Projects_3/element-x-ios/build/Build/Intermediates.noindex/GeneratedModuleMaps-iphonesimulator/RealModule.modulemap\ -fmodule-map-file\=/Users/omidchaghaneh/Projects_3/element-x-ios/build/Build/Intermediates.noindex/GeneratedModuleMaps-iphonesimulator/Algorithms.modulemap\ -fmodule-map-file\=/Users/omidchaghaneh/Projects_3/element-x-ios/build/Build/Intermediates.noindex/GeneratedModuleMaps-iphonesimulator/AnalyticsEvents.modulemap\ -fmodule-map-file\=/Users/omidchaghaneh/Projects_3/element-x-ios/build/Build/Intermediates.noindex/GeneratedModuleMaps-iphonesimulator/_RopeModule.modulemap\ -fmodule-map-file\=/Users/omidchaghaneh/Projects_3/element-x-ios/build/Build/Intermediates.noindex/GeneratedModuleMaps-iphonesimulator/OrderedCollections.modulemap\ -fmodule-map-file\=/Users/omidchaghaneh/Projects_3/element-x-ios/build/Build/Intermediates.noindex/GeneratedModuleMaps-iphonesimulator/HeapModule.modulemap\ -fmodule-map-file\=/Users/omidchaghaneh/Projects_3/element-x-ios/build/Build/Intermediates.noindex/GeneratedModuleMaps-iphonesimulator/HashTreeCollections.modulemap\ -fmodule-map-file\=/Users/omidchaghaneh/Projects_3/element-x-ios/build/Build/Intermediates.noindex/GeneratedModuleMaps-iphonesimulator/DequeModule.modulemap\ -fmodule-map-file\=/Users/omidchaghaneh/Projects_3/element-x-ios/build/Build/Intermediates.noindex/GeneratedModuleMaps-iphonesimulator/BitCollections.modulemap\ -fmodule-map-file\=/Users/omidchaghaneh/Projects_3/element-x-ios/build/Build/Intermediates.noindex/GeneratedModuleMaps-iphonesimulator/InternalCollectionsUtilities.modulemap\ -fmodule-map-file\=/Users/omidchaghaneh/Projects_3/element-x-ios/build/Build/Intermediates.noindex/GeneratedModuleMaps-iphonesimulator/Collections.modulemap\ -fmodule-map-file\=/Users/omidchaghaneh/Projects_3/element-x-ios/build/Build/Intermediates.noindex/GeneratedModuleMaps-iphonesimulator/DeviceKit.modulemap\ -fmodule-map-file\=/Users/omidchaghaneh/Projects_3/element-x-ios/build/Build/Intermediates.noindex/GeneratedModuleMaps-iphonesimulator/EmbeddedElementCall.modulemap\ -fmodule-map-file\=/Users/omidchaghaneh/Projects_3/element-x-ios/build/Build/Intermediates.noindex/GeneratedModuleMaps-iphonesimulator/KeychainAccess.modulemap\ -fmodule-map-file\=/Users/omidchaghaneh/Projects_3/element-x-ios/build/Build/Intermediates.noindex/GeneratedModuleMaps-iphonesimulator/Kingfisher.modulemap\ -fmodule-map-file\=/Users/omidchaghaneh/Projects_3/element-x-ios/build/Build/Intermediates.noindex/GeneratedModuleMaps-iphonesimulator/KZFileWatchers.modulemap\ -fmodule-map-file\=/Users/omidchaghaneh/Projects_3/element-x-ios/build/Build/Intermediates.noindex/GeneratedModuleMaps-iphonesimulator/LoremSwiftum.modulemap\ -fmodule-map-file\=/Users/omidchaghaneh/Projects_3/element-x-ios/build/Build/Intermediates.noindex/GeneratedModuleMaps-iphonesimulator/LRUCache.modulemap\ -fmodule-map-file\=/Users/omidchaghaneh/Projects_3/element-x-ios/build/Build/Intermediates.noindex/GeneratedModuleMaps-iphonesimulator/Mutex.modulemap\ -fmodule-map-file\=/Users/omidchaghaneh/Projects_3/element-x-ios/build/Build/Intermediates.noindex/GeneratedModuleMaps-iphonesimulator/phlibwebp.modulemap\ -fmodule-map-file\=/Users/omidchaghaneh/Projects_3/element-x-ios/build/Build/Intermediates.noindex/GeneratedModuleMaps-iphonesimulator/PostHog.modulemap\ -fmodule-map-file\=/Users/omidchaghaneh/Projects_3/element-x-ios/build/Build/Intermediates.noindex/GeneratedModuleMaps-iphonesimulator/SwiftState.modulemap\ -fmodule-map-file\=/Users/omidchaghaneh/Projects_3/element-x-ios/build/Build/Intermediates.noindex/GeneratedModuleMaps-iphonesimulator/GZIP.modulemap\ -fmodule-map-file\=/Users/omidchaghaneh/Projects_3/element-x-ios/build/Build/Intermediates.noindex/GeneratedModuleMaps-iphonesimulator/SentryInternal.modulemap\ -fmodule-map-file\=/Users/omidchaghaneh/Projects_3/element-x-ios/build/Build/Intermediates.noindex/GeneratedModuleMaps-iphonesimulator/SentrySwiftUI.modulemap\ -fmodule-map-file\=/Users/omidchaghaneh/Projects_3/element-x-ios/build/Build/Intermediates.noindex/GeneratedModuleMaps-iphonesimulator/Version.modulemap\ -fmodule-map-file\=/Users/omidchaghaneh/Projects_3/element-x-ios/build/Build/Intermediates.noindex/GeneratedModuleMaps-iphonesimulator/Emojibase.modulemap\ -fmodule-map-file\=/Users/omidchaghaneh/Projects_3/element-x-ios/build/Build/Intermediates.noindex/GeneratedModuleMaps-iphonesimulator/DTFoundation.modulemap\ -fmodule-map-file\=/Users/omidchaghaneh/Projects_3/element-x-ios/build/Build/Intermediates.noindex/GeneratedModuleMaps-iphonesimulator/DTCoreText.modulemap\ -fmodule-map-file\=/Users/omidchaghaneh/Projects_3/element-x-ios/build/Build/Intermediates.noindex/GeneratedModuleMaps-iphonesimulator/HTMLParser.modulemap\ -fmodule-map-file\=/Users/omidchaghaneh/Projects_3/element-x-ios/build/Build/Intermediates.noindex/GeneratedModuleMaps-iphonesimulator/DTCoreTextExtended.modulemap\ -fmodule-map-file\=/Users/omidchaghaneh/Projects_3/element-x-ios/build/Build/Intermediates.noindex/GeneratedModuleMaps-iphonesimulator/WysiwygComposer.modulemap\ -fmodule-map-file\=/Users/omidchaghaneh/Projects_3/element-x-ios/build/Build/Intermediates.noindex/GeneratedModuleMaps-iphonesimulator/SwiftOGG.modulemap\ -fmodule-map-file\=/Users/omidchaghaneh/Projects_3/element-x-ios/build/Build/Intermediates.noindex/GeneratedModuleMaps-iphonesimulator/SwiftSoup.modulemap\ -fmodule-map-file\=/Users/omidchaghaneh/Projects_3/element-x-ios/build/Build/Intermediates.noindex/GeneratedModuleMaps-iphonesimulator/DSWaveformImage.modulemap\ -fmodule-map-file\=/Users/omidchaghaneh/Projects_3/element-x-ios/build/Build/Intermediates.noindex/GeneratedModuleMaps-iphonesimulator/DSWaveformImageViews.modulemap\ 
    export OTHER_LDFLAGS\=-Wl,-no_warn_duplicate_libraries\ -Wl,-no_warn_duplicate_libraries\ -Wl,-no_warn_duplicate_libraries\ -Wl,-no_warn_duplicate_libraries\ -Wl,-no_warn_duplicate_libraries\ -Wl,-no_warn_duplicate_libraries\ -Wl,-no_warn_duplicate_libraries\ -Wl,-no_warn_duplicate_libraries\ -Wl,-no_warn_duplicate_libraries\ -Wl,-no_warn_duplicate_libraries\ -Wl,-no_warn_duplicate_libraries\ -Wl,-no_warn_duplicate_libraries\ -Wl,-no_warn_duplicate_libraries\ -Wl,-no_warn_duplicate_libraries\ -Wl,-no_warn_duplicate_libraries\ -Wl,-no_warn_duplicate_libraries\ -Wl,-no_warn_duplicate_libraries\ -Wl,-no_warn_duplicate_libraries\ -Wl,-no_warn_duplicate_libraries\ -Wl,-no_warn_duplicate_libraries\ -Wl,-no_warn_duplicate_libraries\ -Wl,-no_warn_duplicate_libraries\ -Wl,-no_warn_duplicate_libraries\ -Wl,-no_warn_duplicate_libraries\ -Wl,-no_warn_duplicate_libraries\ -Wl,-no_warn_duplicate_libraries\ -Wl,-no_warn_duplicate_libraries\ -Wl,-no_warn_duplicate_libraries\ -Wl,-no_warn_duplicate_libraries\ -Wl,-no_warn_duplicate_libraries\ -Wl,-no_warn_duplicate_libraries\ -Wl,-no_warn_duplicate_libraries\ -Wl,-no_warn_duplicate_libraries\ -Wl,-no_warn_duplicate_libraries\ -Wl,-no_warn_duplicate_libraries\ -Wl,-no_warn_duplicate_libraries\ -Wl,-no_warn_duplicate_libraries\ -Wl,-no_warn_duplicate_libraries\ -Wl,-no_warn_duplicate_libraries\ -Wl,-no_warn_duplicate_libraries\ -Wl,-no_warn_duplicate_libraries\ -Wl,-no_warn_duplicate_libraries\ -Wl,-no_warn_duplicate_libraries\ \ -framework\ Sentry
    export OTHER_SWIFT_FLAGS\=-Xcc\ -fmodule-map-file\=/Users/omidchaghaneh/Projects_3/element-x-ios/build/Build/Intermediates.noindex/GeneratedModuleMaps-iphonesimulator/phlibwebp.modulemap\ -Xcc\ -fmodule-map-file\=/Users/omidchaghaneh/Projects_3/element-x-ios/build/Build/Intermediates.noindex/GeneratedModuleMaps-iphonesimulator/GZIP.modulemap\ -Xcc\ -fmodule-map-file\=/Users/omidchaghaneh/Projects_3/element-x-ios/build/Build/Intermediates.noindex/GeneratedModuleMaps-iphonesimulator/SentryInternal.modulemap\ -Xcc\ -fmodule-map-file\=/Users/omidchaghaneh/Projects_3/element-x-ios/build/Build/Intermediates.noindex/GeneratedModuleMaps-iphonesimulator/DTFoundation.modulemap\ -Xcc\ -fmodule-map-file\=/Users/omidchaghaneh/Projects_3/element-x-ios/build/Build/Intermediates.noindex/GeneratedModuleMaps-iphonesimulator/DTCoreText.modulemap\ -Xcc\ -fmodule-map-file\=/Users/omidchaghaneh/Projects_3/element-x-ios/build/Build/Intermediates.noindex/GeneratedModuleMaps-iphonesimulator/DTCoreTextExtended.modulemap\ -DIS_MAIN_APP
    export PACKAGE_TYPE\=com.apple.package-type.wrapper.application
    export PASCAL_STRINGS\=YES
    export PATH\=/Applications/Xcode.app/Contents/SharedFrameworks/SwiftBuild.framework/Versions/A/PlugIns/SWBBuildService.bundle/Contents/PlugIns/SWBUniversalPlatformPlugin.bundle/Contents/Frameworks/SWBUniversalPlatform.framework/Resources:/var/run/com.apple.security.cryptexd/mnt/com.apple.MobileAsset.MetalToolchain-v17.1.324.0.PXE1tX/Metal.xctoolchain/usr/bin:/var/run/com.apple.security.cryptexd/mnt/com.apple.MobileAsset.MetalToolchain-v17.1.324.0.PXE1tX/Metal.xctoolchain/usr/local/bin:/var/run/com.apple.security.cryptexd/mnt/com.apple.MobileAsset.MetalToolchain-v17.1.324.0.PXE1tX/Metal.xctoolchain/usr/libexec:/Applications/Xcode.app/Contents/Developer/Toolchains/XcodeDefault.xctoolchain/usr/bin:/Applications/Xcode.app/Contents/Developer/Toolchains/XcodeDefault.xctoolchain/usr/local/bin:/Applications/Xcode.app/Contents/Developer/Toolchains/XcodeDefault.xctoolchain/usr/libexec:/Applications/Xcode.app/Contents/Developer/Platforms/iPhoneSimulator.platform/usr/bin:/Applications/Xcode.app/Contents/Developer/Platforms/iPhoneSimulator.platform/usr/local/bin:/Applications/Xcode.app/Contents/Developer/Platforms/iPhoneSimulator.platform/Developer/usr/bin:/Applications/Xcode.app/Contents/Developer/Platforms/iPhoneSimulator.platform/Developer/usr/local/bin:/Applications/Xcode.app/Contents/Developer/usr/bin:/Applications/Xcode.app/Contents/Developer/usr/local/bin:/opt/homebrew/opt/openjdk@17/bin:/opt/homebrew/bin:/opt/homebrew/sbin:/Library/Frameworks/Python.framework/Versions/3.13/bin:/usr/local/bin:/System/Cryptexes/App/usr/bin:/usr/bin:/bin:/usr/sbin:/sbin:/var/run/com.apple.security.cryptexd/codex.system/bootstrap/usr/local/bin:/var/run/com.apple.security.cryptexd/codex.system/bootstrap/usr/bin:/var/run/com.apple.security.cryptexd/codex.system/bootstrap/usr/appleinternal/bin:/Library/Apple/usr/bin:/Users/omidchaghaneh/.cargo/bin
    export PATH_PREFIXES_EXCLUDED_FROM_HEADER_DEPENDENCIES\=/usr/include\ /usr/local/include\ /System/Library/Frameworks\ /System/Library/PrivateFrameworks\ /Applications/Xcode.app/Contents/Developer/Headers\ /Applications/Xcode.app/Contents/Developer/SDKs\ /Applications/Xcode.app/Contents/Developer/Platforms
    export PBDEVELOPMENTPLIST_PATH\=Lingugram.app/pbdevelopment.plist
    export PER_ARCH_MODULE_FILE_DIR\=/Users/omidchaghaneh/Projects_3/element-x-ios/build/Build/Intermediates.noindex/Lingugram.build/Debug-iphonesimulator/Lingugram.build/Objects-normal/undefined_arch
    export PER_ARCH_OBJECT_FILE_DIR\=/Users/omidchaghaneh/Projects_3/element-x-ios/build/Build/Intermediates.noindex/Lingugram.build/Debug-iphonesimulator/Lingugram.build/Objects-normal/undefined_arch
    export PER_VARIANT_OBJECT_FILE_DIR\=/Users/omidchaghaneh/Projects_3/element-x-ios/build/Build/Intermediates.noindex/Lingugram.build/Debug-iphonesimulator/Lingugram.build/Objects-normal
    export PILLS_UT_TYPE_IDENTIFIER\=io.element.elementx.pills
    export PKGINFO_FILE_PATH\=/Users/omidchaghaneh/Projects_3/element-x-ios/build/Build/Intermediates.noindex/Lingugram.build/Debug-iphonesimulator/Lingugram.build/PkgInfo
    export PKGINFO_PATH\=Lingugram.app/PkgInfo
    export PLATFORM_DEVELOPER_APPLICATIONS_DIR\=/Applications/Xcode.app/Contents/Developer/Platforms/iPhoneSimulator.platform/Developer/Applications
    export PLATFORM_DEVELOPER_BIN_DIR\=/Applications/Xcode.app/Contents/Developer/Platforms/iPhoneSimulator.platform/Developer/usr/bin
    export PLATFORM_DEVELOPER_LIBRARY_DIR\=/Applications/Xcode.app/Contents/Developer/Platforms/iPhoneSimulator.platform/Developer/Library
    export PLATFORM_DEVELOPER_SDK_DIR\=/Applications/Xcode.app/Contents/Developer/Platforms/iPhoneSimulator.platform/Developer/SDKs
    export PLATFORM_DEVELOPER_TOOLS_DIR\=/Applications/Xcode.app/Contents/Developer/Platforms/iPhoneSimulator.platform/Developer/Tools
    export PLATFORM_DEVELOPER_USR_DIR\=/Applications/Xcode.app/Contents/Developer/Platforms/iPhoneSimulator.platform/Developer/usr
    export PLATFORM_DIR\=/Applications/Xcode.app/Contents/Developer/Platforms/iPhoneSimulator.platform
    export PLATFORM_DISPLAY_NAME\=iOS\ Simulator
    export PLATFORM_FAMILY_NAME\=iOS
    export PLATFORM_NAME\=iphonesimulator
    export PLATFORM_PREFERRED_ARCH\=x86_64
    export PLATFORM_PRODUCT_BUILD_VERSION\=23A339
    export PLATFORM_REQUIRES_SWIFT_AUTOLINK_EXTRACT\=NO
    export PLATFORM_REQUIRES_SWIFT_MODULEWRAP\=NO
    export PLIST_FILE_OUTPUT_FORMAT\=binary
    export PLUGINS_FOLDER_PATH\=Lingugram.app/PlugIns
    export PRECOMPS_INCLUDE_HEADERS_FROM_BUILT_PRODUCTS_DIR\=YES
    export PRECOMP_DESTINATION_DIR\=/Users/omidchaghaneh/Projects_3/element-x-ios/build/Build/Intermediates.noindex/Lingugram.build/Debug-iphonesimulator/Lingugram.build/PrefixHeaders
    export PRIVATE_HEADERS_FOLDER_PATH\=Lingugram.app/PrivateHeaders
    export PROCESSED_INFOPLIST_PATH\=/Users/omidchaghaneh/Projects_3/element-x-ios/build/Build/Intermediates.noindex/Lingugram.build/Debug-iphonesimulator/Lingugram.build/Objects-normal/undefined_arch/Processed-Info.plist
    export PRODUCTION_APP_NAME\=Element
    export PRODUCT_BUNDLE_IDENTIFIER\=io.element.elementx
    export PRODUCT_BUNDLE_PACKAGE_TYPE\=APPL
    export PRODUCT_MODULE_NAME\=Lingugram
    export PRODUCT_NAME\=Lingugram
    export PRODUCT_SETTINGS_PATH\=/Users/omidchaghaneh/Projects_3/element-x-ios/Lingugram/SupportingFiles/Info.plist
    export PRODUCT_TYPE\=com.apple.product-type.application
    export PROFILING_CODE\=NO
    export PROJECT\=Lingugram
    export PROJECT_DERIVED_FILE_DIR\=/Users/omidchaghaneh/Projects_3/element-x-ios/build/Build/Intermediates.noindex/Lingugram.build/DerivedSources
    export PROJECT_DIR\=/Users/omidchaghaneh/Projects_3/element-x-ios
    export PROJECT_FILE_PATH\=/Users/omidchaghaneh/Projects_3/element-x-ios/Lingugram.xcodeproj
    export PROJECT_GUID\=7c77e73fb99db34166dc0fb522858b59
    export PROJECT_NAME\=Lingugram
    export PROJECT_TEMP_DIR\=/Users/omidchaghaneh/Projects_3/element-x-ios/build/Build/Intermediates.noindex/Lingugram.build
    export PROJECT_TEMP_ROOT\=/Users/omidchaghaneh/Projects_3/element-x-ios/build/Build/Intermediates.noindex
    export PROVISIONING_PROFILE_REQUIRED\=NO
    export PROVISIONING_PROFILE_REQUIRED_YES_YES\=YES
    export PROVISIONING_PROFILE_SUPPORTED\=YES
    export PUBLIC_HEADERS_FOLDER_PATH\=Lingugram.app/Headers
    export RECOMMENDED_IPHONEOS_DEPLOYMENT_TARGET\=15.0
    export RECURSIVE_SEARCH_PATHS_FOLLOW_SYMLINKS\=YES
    export REMOVE_CVS_FROM_RESOURCES\=YES
    export REMOVE_GIT_FROM_RESOURCES\=YES
    export REMOVE_HEADERS_FROM_EMBEDDED_BUNDLES\=YES
    export REMOVE_HG_FROM_RESOURCES\=YES
    export REMOVE_STATIC_EXECUTABLES_FROM_EMBEDDED_BUNDLES\=YES
    export REMOVE_SVN_FROM_RESOURCES\=YES
    export RESCHEDULE_INDEPENDENT_HEADERS_PHASES\=YES
    export REZ_COLLECTOR_DIR\=/Users/omidchaghaneh/Projects_3/element-x-ios/build/Build/Intermediates.noindex/Lingugram.build/Debug-iphonesimulator/Lingugram.build/ResourceManagerResources
    export REZ_OBJECTS_DIR\=/Users/omidchaghaneh/Projects_3/element-x-ios/build/Build/Intermediates.noindex/Lingugram.build/Debug-iphonesimulator/Lingugram.build/ResourceManagerResources/Objects
    export REZ_SEARCH_PATHS\=/Users/omidchaghaneh/Projects_3/element-x-ios/build/Build/Products/Debug-iphonesimulator\ 
    export RUNTIME_EXCEPTION_ALLOW_DYLD_ENVIRONMENT_VARIABLES\=NO
    export RUNTIME_EXCEPTION_ALLOW_JIT\=NO
    export RUNTIME_EXCEPTION_ALLOW_UNSIGNED_EXECUTABLE_MEMORY\=NO
    export RUNTIME_EXCEPTION_DEBUGGING_TOOL\=NO
    export RUNTIME_EXCEPTION_DISABLE_EXECUTABLE_PAGE_PROTECTION\=NO
    export RUNTIME_EXCEPTION_DISABLE_LIBRARY_VALIDATION\=NO
    export SCAN_ALL_SOURCE_FILES_FOR_INCLUDES\=NO
    export SCRIPTS_FOLDER_PATH\=Lingugram.app/Scripts
    export SCRIPT_INPUT_FILE_COUNT\=0
    export SCRIPT_INPUT_FILE_LIST_COUNT\=0
    export SCRIPT_OUTPUT_FILE_COUNT\=0
    export SCRIPT_OUTPUT_FILE_LIST_COUNT\=0
    export SDKROOT\=/Applications/Xcode.app/Contents/Developer/Platforms/iPhoneSimulator.platform/Developer/SDKs/iPhoneSimulator26.0.sdk
    export SDK_DIR\=/Applications/Xcode.app/Contents/Developer/Platforms/iPhoneSimulator.platform/Developer/SDKs/iPhoneSimulator26.0.sdk
    export SDK_DIR_iphonesimulator\=/Applications/Xcode.app/Contents/Developer/Platforms/iPhoneSimulator.platform/Developer/SDKs/iPhoneSimulator26.0.sdk
    export SDK_DIR_iphonesimulator26_0\=/Applications/Xcode.app/Contents/Developer/Platforms/iPhoneSimulator.platform/Developer/SDKs/iPhoneSimulator26.0.sdk
    export SDK_NAME\=iphonesimulator26.0
    export SDK_NAMES\=iphonesimulator26.0
    export SDK_PRODUCT_BUILD_VERSION\=23A339
    export SDK_STAT_CACHE_DIR\=/Users/omidchaghaneh/Projects_3/element-x-ios/build
    export SDK_STAT_CACHE_ENABLE\=YES
    export SDK_STAT_CACHE_PATH\=/Users/omidchaghaneh/Projects_3/element-x-ios/build/SDKStatCaches.noindex/iphonesimulator26.0-23A339-3885c01c3e6b6a337905948deab2002e26257891a6c027eb51374368541b8346.sdkstatcache
    export SDK_VERSION\=26.0
    export SDK_VERSION_ACTUAL\=260000
    export SDK_VERSION_MAJOR\=260000
    export SDK_VERSION_MINOR\=260000
    export SED\=/usr/bin/sed
    export SEPARATE_STRIP\=NO
    export SEPARATE_SYMBOL_EDIT\=NO
    export SET_DIR_MODE_OWNER_GROUP\=YES
    export SET_FILE_MODE_OWNER_GROUP\=NO
    export SHALLOW_BUNDLE\=YES
    export SHALLOW_BUNDLE_TRIPLE\=ios-simulator
    export SHALLOW_BUNDLE_ios_macabi\=NO
    export SHALLOW_BUNDLE_macos\=NO
    export SHARED_DERIVED_FILE_DIR\=/Users/omidchaghaneh/Projects_3/element-x-ios/build/Build/Products/Debug-iphonesimulator/DerivedSources
    export SHARED_FRAMEWORKS_FOLDER_PATH\=Lingugram.app/SharedFrameworks
    export SHARED_PRECOMPS_DIR\=/Users/omidchaghaneh/Projects_3/element-x-ios/build/Build/Intermediates.noindex/PrecompiledHeaders
    export SHARED_SUPPORT_FOLDER_PATH\=Lingugram.app/SharedSupport
    export SKIP_INSTALL\=NO
    export SOURCE_ROOT\=/Users/omidchaghaneh/Projects_3/element-x-ios
    export SRCROOT\=/Users/omidchaghaneh/Projects_3/element-x-ios
    export STRINGSDATA_DIR\=/Users/omidchaghaneh/Projects_3/element-x-ios/build/Build/Intermediates.noindex/Lingugram.build/Debug-iphonesimulator/Lingugram.build/Objects-normal/undefined_arch
    export STRINGSDATA_ROOT\=/Users/omidchaghaneh/Projects_3/element-x-ios/build/Build/Intermediates.noindex/Lingugram.build/Debug-iphonesimulator/Lingugram.build
    export STRINGS_FILE_INFOPLIST_RENAME\=YES
    export STRINGS_FILE_OUTPUT_ENCODING\=binary
    export STRING_CATALOG_GENERATE_SYMBOLS\=NO
    export STRIP_BITCODE_FROM_COPIED_FILES\=NO
    export STRIP_INSTALLED_PRODUCT\=NO
    export STRIP_STYLE\=all
    export STRIP_SWIFT_SYMBOLS\=YES
    export SUPPORTED_DEVICE_FAMILIES\=1,2
    export SUPPORTED_PLATFORMS\=iphoneos\ iphonesimulator
    export SUPPORTS_MACCATALYST\=NO
    export SUPPORTS_ON_DEMAND_RESOURCES\=YES
    export SUPPORTS_TEXT_BASED_API\=NO
    export SUPPRESS_WARNINGS\=NO
    export SWIFT_ACTIVE_COMPILATION_CONDITIONS\=DEBUG
    export SWIFT_EMIT_CONST_VALUE_PROTOCOLS\=AppIntent\ EntityQuery\ AppEntity\ TransientEntity\ AppEnum\ AppShortcutProviding\ AppShortcutsProvider\ AnyResolverProviding\ AppIntentsPackage\ DynamicOptionsProvider\ _IntentValueRepresentable\ _AssistantIntentsProvider\ _GenerativeFunctionExtractable\ IntentValueQuery\ Resolver\ AppExtension\ ExtensionPointDefining
    export SWIFT_EMIT_LOC_STRINGS\=NO
    export SWIFT_ENABLE_EXPLICIT_MODULES\=YES
    export SWIFT_OBJC_BRIDGING_HEADER\=Lingugram/SupportingFiles/Lingugram-Bridging-Header.h
    export SWIFT_OBJC_INTERFACE_HEADER_NAME\=GeneratedInterface-Swift.h
    export SWIFT_OPTIMIZATION_LEVEL\=-Onone
    export SWIFT_PLATFORM_TARGET_PREFIX\=ios
    export SWIFT_RESPONSE_FILE_PATH_normal_arm64\=/Users/omidchaghaneh/Projects_3/element-x-ios/build/Build/Intermediates.noindex/Lingugram.build/Debug-iphonesimulator/Lingugram.build/Objects-normal/arm64/Lingugram.SwiftFileList
    export SWIFT_VERSION\=5.0
    export SYMROOT\=/Users/omidchaghaneh/Projects_3/element-x-ios/build/Build/Products
    export SYSTEM_ADMIN_APPS_DIR\=/Applications/Utilities
    export SYSTEM_APPS_DIR\=/Applications
    export SYSTEM_CORE_SERVICES_DIR\=/System/Library/CoreServices
    export SYSTEM_DEMOS_DIR\=/Applications/Extras
    export SYSTEM_DEVELOPER_APPS_DIR\=/Applications/Xcode.app/Contents/Developer/Applications
    export SYSTEM_DEVELOPER_BIN_DIR\=/Applications/Xcode.app/Contents/Developer/usr/bin
    export SYSTEM_DEVELOPER_DEMOS_DIR\=/Applications/Xcode.app/Contents/Developer/Applications/Utilities/Built\ Examples
    export SYSTEM_DEVELOPER_DIR\=/Applications/Xcode.app/Contents/Developer
    export SYSTEM_DEVELOPER_DOC_DIR\=/Applications/Xcode.app/Contents/Developer/ADC\ Reference\ Library
    export SYSTEM_DEVELOPER_GRAPHICS_TOOLS_DIR\=/Applications/Xcode.app/Contents/Developer/Applications/Graphics\ Tools
    export SYSTEM_DEVELOPER_JAVA_TOOLS_DIR\=/Applications/Xcode.app/Contents/Developer/Applications/Java\ Tools
    export SYSTEM_DEVELOPER_PERFORMANCE_TOOLS_DIR\=/Applications/Xcode.app/Contents/Developer/Applications/Performance\ Tools
    export SYSTEM_DEVELOPER_RELEASENOTES_DIR\=/Applications/Xcode.app/Contents/Developer/ADC\ Reference\ Library/releasenotes
    export SYSTEM_DEVELOPER_TOOLS\=/Applications/Xcode.app/Contents/Developer/Tools
    export SYSTEM_DEVELOPER_TOOLS_DOC_DIR\=/Applications/Xcode.app/Contents/Developer/ADC\ Reference\ Library/documentation/DeveloperTools
    export SYSTEM_DEVELOPER_TOOLS_RELEASENOTES_DIR\=/Applications/Xcode.app/Contents/Developer/ADC\ Reference\ Library/releasenotes/DeveloperTools
    export SYSTEM_DEVELOPER_USR_DIR\=/Applications/Xcode.app/Contents/Developer/usr
    export SYSTEM_DEVELOPER_UTILITIES_DIR\=/Applications/Xcode.app/Contents/Developer/Applications/Utilities
    export SYSTEM_DEXT_INSTALL_PATH\=/System/Library/DriverExtensions
    export SYSTEM_DOCUMENTATION_DIR\=/Library/Documentation
    export SYSTEM_EXTENSIONS_FOLDER_PATH\=Lingugram.app/SystemExtensions
    export SYSTEM_EXTENSIONS_FOLDER_PATH_SHALLOW_BUNDLE_NO\=Lingugram.app/Library/SystemExtensions
    export SYSTEM_EXTENSIONS_FOLDER_PATH_SHALLOW_BUNDLE_YES\=Lingugram.app/SystemExtensions
    export SYSTEM_KEXT_INSTALL_PATH\=/System/Library/Extensions
    export SYSTEM_LIBRARY_DIR\=/System/Library
    export TAPI_DEMANGLE\=YES
    export TAPI_ENABLE_PROJECT_HEADERS\=NO
    export TAPI_LANGUAGE\=objective-c
    export TAPI_LANGUAGE_STANDARD\=compiler-default
    export TAPI_USE_SRCROOT\=YES
    export TAPI_VERIFY_MODE\=Pedantic
    export TARGETED_DEVICE_FAMILY\=1,2
    export TARGETNAME\=Lingugram
    export TARGET_BUILD_DIR\=/Users/omidchaghaneh/Projects_3/element-x-ios/build/Build/Products/Debug-iphonesimulator
    export TARGET_DEVICE_IDENTIFIER\=39C8A1E5-50DD-4918-966E-121FFA1A40D1
    export TARGET_DEVICE_MODEL\=iPhone18,1
    export TARGET_DEVICE_OS_VERSION\=26.0.1
    export TARGET_DEVICE_PLATFORM_NAME\=iphonesimulator
    export TARGET_NAME\=Lingugram
    export TARGET_TEMP_DIR\=/Users/omidchaghaneh/Projects_3/element-x-ios/build/Build/Intermediates.noindex/Lingugram.build/Debug-iphonesimulator/Lingugram.build
    export TEMP_DIR\=/Users/omidchaghaneh/Projects_3/element-x-ios/build/Build/Intermediates.noindex/Lingugram.build/Debug-iphonesimulator/Lingugram.build
    export TEMP_FILES_DIR\=/Users/omidchaghaneh/Projects_3/element-x-ios/build/Build/Intermediates.noindex/Lingugram.build/Debug-iphonesimulator/Lingugram.build
    export TEMP_FILE_DIR\=/Users/omidchaghaneh/Projects_3/element-x-ios/build/Build/Intermediates.noindex/Lingugram.build/Debug-iphonesimulator/Lingugram.build
    export TEMP_ROOT\=/Users/omidchaghaneh/Projects_3/element-x-ios/build/Build/Intermediates.noindex
    export TEMP_SANDBOX_DIR\=/Users/omidchaghaneh/Projects_3/element-x-ios/build/Build/Intermediates.noindex/TemporaryTaskSandboxes
    export TEST_FRAMEWORK_SEARCH_PATHS\=\ /Applications/Xcode.app/Contents/Developer/Platforms/iPhoneSimulator.platform/Developer/Library/Frameworks\ /Applications/Xcode.app/Contents/Developer/Platforms/iPhoneSimulator.platform/Developer/SDKs/iPhoneSimulator26.0.sdk/Developer/Library/Frameworks
    export TEST_LIBRARY_SEARCH_PATHS\=\ /Applications/Xcode.app/Contents/Developer/Platforms/iPhoneSimulator.platform/Developer/usr/lib
    export TOOLCHAINS\=com.apple.dt.toolchain.Metal.32023\ com.apple.dt.toolchain.XcodeDefault
    export TOOLCHAIN_DIR\=/var/run/com.apple.security.cryptexd/mnt/com.apple.MobileAsset.MetalToolchain-v17.1.324.0.PXE1tX/Metal.xctoolchain
    export TOOLCHAIN_VERSION\=32023
    export TREAT_MISSING_BASELINES_AS_TEST_FAILURES\=NO
    export TREAT_MISSING_SCRIPT_PHASE_OUTPUTS_AS_ERRORS\=NO
    export UID\=501
    export UNINSTALLED_PRODUCTS_DIR\=/Users/omidchaghaneh/Projects_3/element-x-ios/build/Build/Intermediates.noindex/UninstalledProducts
    export UNLOCALIZED_RESOURCES_FOLDER_PATH\=Lingugram.app
    export UNLOCALIZED_RESOURCES_FOLDER_PATH_SHALLOW_BUNDLE_NO\=Lingugram.app/Resources
    export UNLOCALIZED_RESOURCES_FOLDER_PATH_SHALLOW_BUNDLE_YES\=Lingugram.app
    export UNSTRIPPED_PRODUCT\=NO
    export USER\=omidchaghaneh
    export USER_APPS_DIR\=/Users/omidchaghaneh/Applications
    export USER_LIBRARY_DIR\=/Users/omidchaghaneh/Library
    export USE_DYNAMIC_NO_PIC\=YES
    export USE_HEADERMAP\=YES
    export USE_HEADER_SYMLINKS\=NO
    export VALIDATE_DEVELOPMENT_ASSET_PATHS\=YES_ERROR
    export VALIDATE_PRODUCT\=NO
    export VALID_ARCHS\=arm64\ x86_64
    export VERBOSE_PBXCP\=NO
    export VERSIONPLIST_PATH\=Lingugram.app/version.plist
    export VERSION_INFO_BUILDER\=omidchaghaneh
    export VERSION_INFO_FILE\=Lingugram_vers.c
    export VERSION_INFO_STRING\=\"@\(\#\)PROGRAM:Lingugram\ \ PROJECT:Lingugram-1\"
    export WORKSPACE_DIR\=/Users/omidchaghaneh/Projects_3/element-x-ios/Lingugram.xcodeproj
    export WRAPPER_EXTENSION\=app
    export WRAPPER_NAME\=Lingugram.app
    export WRAPPER_SUFFIX\=.app
    export WRAP_ASSET_PACKS_IN_SEPARATE_DIRECTORIES\=NO
    export XCODE_APP_SUPPORT_DIR\=/Applications/Xcode.app/Contents/Developer/Library/Xcode
    export XCODE_PRODUCT_BUILD_VERSION\=17A400
    export XCODE_VERSION_ACTUAL\=2601
    export XCODE_VERSION_MAJOR\=2600
    export XCODE_VERSION_MINOR\=2600
    export XPCSERVICES_FOLDER_PATH\=Lingugram.app/XPCServices
    export YACC\=yacc
    export _DISCOVER_COMMAND_LINE_LINKER_INPUTS\=YES
    export _DISCOVER_COMMAND_LINE_LINKER_INPUTS_INCLUDE_WL\=YES
    export _LD_MULTIARCH\=YES
    export _WRAPPER_CONTENTS_DIR_SHALLOW_BUNDLE_NO\=/Contents
    export _WRAPPER_PARENT_PATH_SHALLOW_BUNDLE_NO\=/..
    export _WRAPPER_RESOURCES_DIR_SHALLOW_BUNDLE_NO\=/Resources
    export __DIAGNOSE_DEPRECATED_ARCHS\=YES
    export __IS_NOT_MACOS\=YES
    export __IS_NOT_MACOS_macosx\=NO
    export __IS_NOT_SIMULATOR\=NO
    export __IS_NOT_SIMULATOR_simulator\=NO
    export arch\=undefined_arch
    export variant\=normal
    /bin/sh -c /Users/omidchaghaneh/Projects_3/element-x-ios/build/Build/Intermediates.noindex/Lingugram.build/Debug-iphonesimulator/Lingugram.build/Script-7F2B6A39235C5AD06E2E4EC7.sh
Using configuration file at 'Tools/Sourcery/PreviewTestsConfig.yml'
Scanning sources...
Found 2482 types in 1003 files, 0 changed from last run.
Loading templates...
Loaded 1 templates.
Generating code...
Finished.
Processing time 0.39 seconds

PhaseScriptExecution 🧙\ Sourcery\ -\ Generate\ Accessibility\ Tests /Users/omidchaghaneh/Projects_3/element-x-ios/build/Build/Intermediates.noindex/Lingugram.build/Debug-iphonesimulator/Lingugram.build/Script-27138957DB724DEC78DDCD66.sh (in target 'Lingugram' from project 'Lingugram')
    cd /Users/omidchaghaneh/Projects_3/element-x-ios
    export ACTION\=build
    export AD_HOC_CODE_SIGNING_ALLOWED\=YES
    export AGGREGATE_TRACKED_DOMAINS\=YES
    export ALLOW_BUILD_REQUEST_OVERRIDES\=NO
    export ALLOW_TARGET_PLATFORM_SPECIALIZATION\=NO
    export ALTERNATE_GROUP\=staff
    export ALTERNATE_MODE\=u+w,go-w,a+rX
    export ALTERNATE_OWNER\=omidchaghaneh
    export ALTERNATIVE_DISTRIBUTION_WEB\=NO
    export ALWAYS_EMBED_SWIFT_STANDARD_LIBRARIES\=NO
    export ALWAYS_SEARCH_USER_PATHS\=NO
    export ALWAYS_USE_SEPARATE_HEADERMAPS\=NO
    export APPLICATION_EXTENSION_API_ONLY\=NO
    export APPLY_RULES_IN_COPY_FILES\=NO
    export APPLY_RULES_IN_COPY_HEADERS\=NO
    export APP_DISPLAY_NAME\=Lingugram
    export APP_GROUP_IDENTIFIER\=group.io.element
    export APP_NAME\=Lingugram
    export APP_SHORTCUTS_ENABLE_FLEXIBLE_MATCHING\=YES
    export ARCHS\=arm64
    export ARCHS_STANDARD\=arm64\ x86_64
    export ARCHS_STANDARD_32_64_BIT\=arm64\ x86_64
    export ARCHS_STANDARD_64_BIT\=arm64\ x86_64
    export ARCHS_STANDARD_INCLUDING_64_BIT\=arm64\ x86_64
    export ARCHS_UNIVERSAL_IPHONE_OS\=arm64\ x86_64
    export ASSETCATALOG_COMPILER_APPICON_NAME\=AppIcon
    export ASSETCATALOG_COMPILER_GLOBAL_ACCENT_COLOR_NAME\=colors/accent-color
    export ASSETCATALOG_FILTER_FOR_DEVICE_MODEL\=iPhone18,1
    export ASSETCATALOG_FILTER_FOR_DEVICE_OS_VERSION\=26.0.1
    export ASSETCATALOG_FILTER_FOR_THINNING_DEVICE_CONFIGURATION\=iPhone18,1
    export AUTOMATICALLY_MERGE_DEPENDENCIES\=NO
    export AUTOMATION_APPLE_EVENTS\=NO
    export AVAILABLE_PLATFORMS\=android\ appletvos\ appletvsimulator\ driverkit\ iphoneos\ iphonesimulator\ macosx\ qnx\ watchos\ watchsimulator\ webassembly\ xros\ xrsimulator
    export BASE_BUNDLE_IDENTIFIER\=io.element.elementx
    export BUILD_ACTIVE_RESOURCES_ONLY\=YES
    export BUILD_COMPONENTS\=headers\ build
    export BUILD_DIR\=/Users/omidchaghaneh/Projects_3/element-x-ios/build/Build/Products
    export BUILD_LIBRARY_FOR_DISTRIBUTION\=NO
    export BUILD_ROOT\=/Users/omidchaghaneh/Projects_3/element-x-ios/build/Build/Products
    export BUILD_STYLE\=
    export BUILD_VARIANTS\=normal
    export BUILT_PRODUCTS_DIR\=/Users/omidchaghaneh/Projects_3/element-x-ios/build/Build/Products/Debug-iphonesimulator
    export BUNDLE_CONTENTS_FOLDER_PATH_deep\=Contents/
    export BUNDLE_EXECUTABLE_FOLDER_NAME_deep\=MacOS
    export BUNDLE_EXTENSIONS_FOLDER_PATH\=Extensions
    export BUNDLE_FORMAT\=shallow
    export BUNDLE_FRAMEWORKS_FOLDER_PATH\=Frameworks
    export BUNDLE_PLUGINS_FOLDER_PATH\=PlugIns
    export BUNDLE_PRIVATE_HEADERS_FOLDER_PATH\=PrivateHeaders
    export BUNDLE_PUBLIC_HEADERS_FOLDER_PATH\=Headers
    export CACHE_ROOT\=/var/folders/ww/90lm2s3s09n2l75wqwqbgf_c0000gn/C/com.apple.DeveloperTools/26.0.1-17A400/Xcode
    export CCHROOT\=/var/folders/ww/90lm2s3s09n2l75wqwqbgf_c0000gn/C/com.apple.DeveloperTools/26.0.1-17A400/Xcode
    export CHMOD\=/bin/chmod
    export CHOWN\=/usr/sbin/chown
    export CLANG_ANALYZER_LOCALIZABILITY_NONLOCALIZED\=YES
    export CLANG_ANALYZER_NONNULL\=YES
    export CLANG_ANALYZER_NUMBER_OBJECT_CONVERSION\=YES_AGGRESSIVE
    export CLANG_CACHE_FINE_GRAINED_OUTPUTS\=YES
    export CLANG_COVERAGE_MAPPING\=YES
    export CLANG_CXX_LANGUAGE_STANDARD\=gnu++14
    export CLANG_CXX_LIBRARY\=libc++
    export CLANG_ENABLE_EXPLICIT_MODULES\=YES
    export CLANG_ENABLE_MODULES\=YES
    export CLANG_ENABLE_OBJC_ARC\=YES
    export CLANG_ENABLE_OBJC_WEAK\=YES
    export CLANG_MODULES_BUILD_SESSION_FILE\=/Users/omidchaghaneh/Projects_3/element-x-ios/build/ModuleCache.noindex/Session.modulevalidation
    export CLANG_PROFILE_DATA_DIRECTORY\=/Users/omidchaghaneh/Projects_3/element-x-ios/build/Build/ProfileData
    export CLANG_WARN_BLOCK_CAPTURE_AUTORELEASING\=YES
    export CLANG_WARN_BOOL_CONVERSION\=YES
    export CLANG_WARN_COMMA\=YES
    export CLANG_WARN_CONSTANT_CONVERSION\=YES
    export CLANG_WARN_DEPRECATED_OBJC_IMPLEMENTATIONS\=YES
    export CLANG_WARN_DIRECT_OBJC_ISA_USAGE\=YES_ERROR
    export CLANG_WARN_DOCUMENTATION_COMMENTS\=YES
    export CLANG_WARN_EMPTY_BODY\=YES
    export CLANG_WARN_ENUM_CONVERSION\=YES
    export CLANG_WARN_INFINITE_RECURSION\=YES
    export CLANG_WARN_INT_CONVERSION\=YES
    export CLANG_WARN_NON_LITERAL_NULL_CONVERSION\=YES
    export CLANG_WARN_OBJC_IMPLICIT_RETAIN_SELF\=YES
    export CLANG_WARN_OBJC_LITERAL_CONVERSION\=YES
    export CLANG_WARN_OBJC_ROOT_CLASS\=YES_ERROR
    export CLANG_WARN_QUOTED_INCLUDE_IN_FRAMEWORK_HEADER\=YES
    export CLANG_WARN_RANGE_LOOP_ANALYSIS\=YES
    export CLANG_WARN_STRICT_PROTOTYPES\=YES
    export CLANG_WARN_SUSPICIOUS_MOVE\=YES
    export CLANG_WARN_UNGUARDED_AVAILABILITY\=YES_AGGRESSIVE
    export CLANG_WARN_UNREACHABLE_CODE\=YES
    export CLANG_WARN__DUPLICATE_METHOD_MATCH\=YES
    export CLASS_FILE_DIR\=/Users/omidchaghaneh/Projects_3/element-x-ios/build/Build/Intermediates.noindex/Lingugram.build/Debug-iphonesimulator/Lingugram.build/JavaClasses
    export CLEAN_PRECOMPS\=YES
    export CLONE_HEADERS\=NO
    export CODESIGNING_FOLDER_PATH\=/Users/omidchaghaneh/Projects_3/element-x-ios/build/Build/Products/Debug-iphonesimulator/Lingugram.app
    export CODE_SIGNING_ALLOWED\=NO
    export CODE_SIGNING_REQUIRED\=NO
    export CODE_SIGN_CONTEXT_CLASS\=XCiPhoneSimulatorCodeSignContext
    export CODE_SIGN_ENTITLEMENTS\=Lingugram/SupportingFiles/Lingugram.entitlements
    export CODE_SIGN_INJECT_BASE_ENTITLEMENTS\=YES
    export COLOR_DIAGNOSTICS\=NO
    export COMBINE_HIDPI_IMAGES\=NO
    export COMPILATION_CACHE_CAS_PATH\=/Users/omidchaghaneh/Projects_3/element-x-ios/build/CompilationCache.noindex
    export COMPILATION_CACHE_KEEP_CAS_DIRECTORY\=YES
    export COMPILER_INDEX_STORE_ENABLE\=Default
    export COMPOSITE_SDK_DIRS\=/Users/omidchaghaneh/Projects_3/element-x-ios/build/Build/Intermediates.noindex/CompositeSDKs
    export COMPRESS_PNG_FILES\=YES
    export CONFIGURATION\=Debug
    export CONFIGURATION_BUILD_DIR\=/Users/omidchaghaneh/Projects_3/element-x-ios/build/Build/Products/Debug-iphonesimulator
    export CONFIGURATION_TEMP_DIR\=/Users/omidchaghaneh/Projects_3/element-x-ios/build/Build/Intermediates.noindex/Lingugram.build/Debug-iphonesimulator
    export CONTENTS_FOLDER_PATH\=Lingugram.app
    export CONTENTS_FOLDER_PATH_SHALLOW_BUNDLE_NO\=Lingugram.app/Contents
    export CONTENTS_FOLDER_PATH_SHALLOW_BUNDLE_YES\=Lingugram.app
    export COPYING_PRESERVES_HFS_DATA\=NO
    export COPY_HEADERS_RUN_UNIFDEF\=NO
    export COPY_PHASE_STRIP\=NO
    export CORRESPONDING_DEVICE_PLATFORM_DIR\=/Applications/Xcode.app/Contents/Developer/Platforms/iPhoneOS.platform
    export CORRESPONDING_DEVICE_PLATFORM_NAME\=iphoneos
    export CORRESPONDING_DEVICE_SDK_DIR\=/Applications/Xcode.app/Contents/Developer/Platforms/iPhoneOS.platform/Developer/SDKs/iPhoneOS26.0.sdk
    export CORRESPONDING_DEVICE_SDK_NAME\=iphoneos26.0
    export CP\=/bin/cp
    export CREATE_INFOPLIST_SECTION_IN_BINARY\=NO
    export CURRENT_ARCH\=undefined_arch
    export CURRENT_PROJECT_VERSION\=1
    export CURRENT_VARIANT\=normal
    export DEAD_CODE_STRIPPING\=YES
    export DEBUGGING_SYMBOLS\=YES
    export DEBUG_INFORMATION_FORMAT\=dwarf
    export DEBUG_INFORMATION_VERSION\=compiler-default
    export DEFAULT_COMPILER\=com.apple.compilers.llvm.clang.1_0
    export DEFAULT_DEXT_INSTALL_PATH\=/System/Library/DriverExtensions
    export DEFAULT_KEXT_INSTALL_PATH\=/System/Library/Extensions
    export DEFINES_MODULE\=NO
    export DEPLOYMENT_LOCATION\=NO
    export DEPLOYMENT_POSTPROCESSING\=NO
    export DEPLOYMENT_TARGET_SETTING_NAME\=IPHONEOS_DEPLOYMENT_TARGET
    export DEPLOYMENT_TARGET_SUGGESTED_VALUES\=12.0\ 12.1\ 12.2\ 12.3\ 12.4\ 13.0\ 13.1\ 13.2\ 13.3\ 13.4\ 13.5\ 13.6\ 14.0\ 14.1\ 14.2\ 14.3\ 14.4\ 14.5\ 14.6\ 14.7\ 15.0\ 15.1\ 15.2\ 15.3\ 15.4\ 15.5\ 15.6\ 16.0\ 16.1\ 16.2\ 16.3\ 16.4\ 16.5\ 16.6\ 17.0\ 17.1\ 17.2\ 17.3\ 17.4\ 17.5\ 17.6\ 18.0\ 18.1\ 18.2\ 18.3\ 18.4\ 18.5\ 18.6\ 26.0
    export DERIVED_FILES_DIR\=/Users/omidchaghaneh/Projects_3/element-x-ios/build/Build/Intermediates.noindex/Lingugram.build/Debug-iphonesimulator/Lingugram.build/DerivedSources
    export DERIVED_FILE_DIR\=/Users/omidchaghaneh/Projects_3/element-x-ios/build/Build/Intermediates.noindex/Lingugram.build/Debug-iphonesimulator/Lingugram.build/DerivedSources
    export DERIVED_SOURCES_DIR\=/Users/omidchaghaneh/Projects_3/element-x-ios/build/Build/Intermediates.noindex/Lingugram.build/Debug-iphonesimulator/Lingugram.build/DerivedSources
    export DEVELOPER_APPLICATIONS_DIR\=/Applications/Xcode.app/Contents/Developer/Applications
    export DEVELOPER_BIN_DIR\=/Applications/Xcode.app/Contents/Developer/usr/bin
    export DEVELOPER_DIR\=/Applications/Xcode.app/Contents/Developer
    export DEVELOPER_FRAMEWORKS_DIR\=/Applications/Xcode.app/Contents/Developer/Library/Frameworks
    export DEVELOPER_FRAMEWORKS_DIR_QUOTED\=/Applications/Xcode.app/Contents/Developer/Library/Frameworks
    export DEVELOPER_LIBRARY_DIR\=/Applications/Xcode.app/Contents/Developer/Library
    export DEVELOPER_SDK_DIR\=/Applications/Xcode.app/Contents/Developer/Platforms/MacOSX.platform/Developer/SDKs
    export DEVELOPER_TOOLS_DIR\=/Applications/Xcode.app/Contents/Developer/Tools
    export DEVELOPER_USR_DIR\=/Applications/Xcode.app/Contents/Developer/usr
    export DEVELOPMENT_ASSET_PATHS\=DevelopmentAssets/Media
    export DEVELOPMENT_LANGUAGE\=en
    export DEVELOPMENT_TEAM\=7J4U792NQT
    export DIAGNOSE_MISSING_TARGET_DEPENDENCIES\=YES
    export DIFF\=/usr/bin/diff
    export DOCUMENTATION_FOLDER_PATH\=Lingugram.app/en.lproj/Documentation
    export DONT_GENERATE_INFOPLIST_FILE\=NO
    export DSTROOT\=/tmp/Lingugram.dst
    export DT_TOOLCHAIN_DIR\=/Applications/Xcode.app/Contents/Developer/Toolchains/XcodeDefault.xctoolchain
    export DWARF_DSYM_FILE_NAME\=Lingugram.app.dSYM
    export DWARF_DSYM_FILE_SHOULD_ACCOMPANY_PRODUCT\=NO
    export DWARF_DSYM_FOLDER_PATH\=/Users/omidchaghaneh/Projects_3/element-x-ios/build/Build/Products/Debug-iphonesimulator
    export DYNAMIC_LIBRARY_EXTENSION\=dylib
    export EAGER_COMPILATION_ALLOW_SCRIPTS\=NO
    export EAGER_LINKING\=NO
    export EFFECTIVE_PLATFORM_NAME\=-iphonesimulator
    export EMBEDDED_CONTENT_CONTAINS_SWIFT\=NO
    export EMBED_ASSET_PACKS_IN_PRODUCT_BUNDLE\=NO
    export EMBED_PACKAGE_RESOURCE_BUNDLE_NAMES\=\ DTCoreText_DTCoreText\ Emojibase_Emojibase\ PostHog_PostHog\ Kingfisher_Kingfisher\ EmbeddedElementCall_EmbeddedElementCall\ DeviceKit_DeviceKit\ CompoundDesignTokens_CompoundDesignTokens
    export ENABLE_APP_SANDBOX\=NO
    export ENABLE_BITCODE\=NO
    export ENABLE_CODE_COVERAGE\=YES
    export ENABLE_CPLUSPLUS_BOUNDS_SAFE_BUFFERS\=NO
    export ENABLE_C_BOUNDS_SAFETY\=NO
    export ENABLE_DEBUG_DYLIB\=YES
    export ENABLE_DEFAULT_HEADER_SEARCH_PATHS\=YES
    export ENABLE_DEFAULT_SEARCH_PATHS\=YES
    export ENABLE_ENHANCED_SECURITY\=NO
    export ENABLE_HARDENED_RUNTIME\=NO
    export ENABLE_HEADER_DEPENDENCIES\=YES
    export ENABLE_INCOMING_NETWORK_CONNECTIONS\=NO
    export ENABLE_ON_DEMAND_RESOURCES\=YES
    export ENABLE_OUTGOING_NETWORK_CONNECTIONS\=NO
    export ENABLE_POINTER_AUTHENTICATION\=NO
    export ENABLE_PREVIEWS\=NO
    export ENABLE_RESOURCE_ACCESS_AUDIO_INPUT\=NO
    export ENABLE_RESOURCE_ACCESS_BLUETOOTH\=NO
    export ENABLE_RESOURCE_ACCESS_CALENDARS\=NO
    export ENABLE_RESOURCE_ACCESS_CAMERA\=NO
    export ENABLE_RESOURCE_ACCESS_CONTACTS\=NO
    export ENABLE_RESOURCE_ACCESS_LOCATION\=NO
    export ENABLE_RESOURCE_ACCESS_PHOTO_LIBRARY\=NO
    export ENABLE_RESOURCE_ACCESS_PRINTING\=NO
    export ENABLE_RESOURCE_ACCESS_USB\=NO
    export ENABLE_SDK_IMPORTS\=NO
    export ENABLE_SECURITY_COMPILER_WARNINGS\=NO
    export ENABLE_STRICT_OBJC_MSGSEND\=YES
    export ENABLE_TESTABILITY\=YES
    export ENABLE_TESTING_SEARCH_PATHS\=NO
    export ENABLE_USER_SCRIPT_SANDBOXING\=NO
    export ENABLE_XOJIT_PREVIEWS\=YES
    export ENFORCE_VALID_ARCHS\=YES
    export ENTITLEMENTS_ALLOWED\=NO
    export ENTITLEMENTS_DESTINATION\=__entitlements
    export ENTITLEMENTS_REQUIRED\=NO
    export EXCLUDED_INSTALLSRC_SUBDIRECTORY_PATTERNS\=.DS_Store\ .svn\ .git\ .hg\ CVS
    export EXCLUDED_RECURSIVE_SEARCH_PATH_SUBDIRECTORIES\=\*.nib\ \*.lproj\ \*.framework\ \*.gch\ \*.xcode\*\ \*.xcassets\ \*.icon\ \(\*\)\ .DS_Store\ CVS\ .svn\ .git\ .hg\ \*.pbproj\ \*.pbxproj
    export EXECUTABLES_FOLDER_PATH\=Lingugram.app/Executables
    export EXECUTABLE_BLANK_INJECTION_DYLIB_PATH\=Lingugram.app/__preview.dylib
    export EXECUTABLE_DEBUG_DYLIB_INSTALL_NAME\=@rpath/Lingugram.debug.dylib
    export EXECUTABLE_DEBUG_DYLIB_PATH\=Lingugram.app/Lingugram.debug.dylib
    export EXECUTABLE_FOLDER_PATH\=Lingugram.app
    export EXECUTABLE_FOLDER_PATH_SHALLOW_BUNDLE_NO\=Lingugram.app/MacOS
    export EXECUTABLE_FOLDER_PATH_SHALLOW_BUNDLE_YES\=Lingugram.app
    export EXECUTABLE_NAME\=Lingugram
    export EXECUTABLE_PATH\=Lingugram.app/Lingugram
    export EXTENSIONS_FOLDER_PATH\=Lingugram.app/Extensions
    export FILE_LIST\=/Users/omidchaghaneh/Projects_3/element-x-ios/build/Build/Intermediates.noindex/Lingugram.build/Debug-iphonesimulator/Lingugram.build/Objects/LinkFileList
    export FIXED_FILES_DIR\=/Users/omidchaghaneh/Projects_3/element-x-ios/build/Build/Intermediates.noindex/Lingugram.build/Debug-iphonesimulator/Lingugram.build/FixedFiles
    export FRAMEWORKS_FOLDER_PATH\=Lingugram.app/Frameworks
    export FRAMEWORK_FLAG_PREFIX\=-framework
    export FRAMEWORK_SEARCH_PATHS\=/Users/omidchaghaneh/Projects_3/element-x-ios/build/Build/Products/Debug-iphonesimulator/PackageFrameworks\ /Users/omidchaghaneh/Projects_3/element-x-ios/build/Build/Products/Debug-iphonesimulator/PackageFrameworks\ /Users/omidchaghaneh/Projects_3/element-x-ios/build/Build/Products/Debug-iphonesimulator/PackageFrameworks\ /Users/omidchaghaneh/Projects_3/element-x-ios/build/Build/Products/Debug-iphonesimulator/PackageFrameworks\ /Users/omidchaghaneh/Projects_3/element-x-ios/build/Build/Products/Debug-iphonesimulator/PackageFrameworks\ /Users/omidchaghaneh/Projects_3/element-x-ios/build/Build/Products/Debug-iphonesimulator/PackageFrameworks\ /Users/omidchaghaneh/Projects_3/element-x-ios/build/Build/Products/Debug-iphonesimulator/PackageFrameworks\ /Users/omidchaghaneh/Projects_3/element-x-ios/build/Build/Products/Debug-iphonesimulator/PackageFrameworks\ /Users/omidchaghaneh/Projects_3/element-x-ios/build/Build/Products/Debug-iphonesimulator/PackageFrameworks\ /Users/omidchaghaneh/Projects_3/element-x-ios/build/Build/Products/Debug-iphonesimulator/PackageFrameworks\ /Users/omidchaghaneh/Projects_3/element-x-ios/build/Build/Products/Debug-iphonesimulator/PackageFrameworks\ /Users/omidchaghaneh/Projects_3/element-x-ios/build/Build/Products/Debug-iphonesimulator/PackageFrameworks\ /Users/omidchaghaneh/Projects_3/element-x-ios/build/Build/Products/Debug-iphonesimulator/PackageFrameworks\ /Users/omidchaghaneh/Projects_3/element-x-ios/build/Build/Products/Debug-iphonesimulator/PackageFrameworks\ /Users/omidchaghaneh/Projects_3/element-x-ios/build/Build/Products/Debug-iphonesimulator/PackageFrameworks\ /Users/omidchaghaneh/Projects_3/element-x-ios/build/Build/Products/Debug-iphonesimulator/PackageFrameworks\ /Users/omidchaghaneh/Projects_3/element-x-ios/build/Build/Products/Debug-iphonesimulator/PackageFrameworks\ /Users/omidchaghaneh/Projects_3/element-x-ios/build/Build/Products/Debug-iphonesimulator/PackageFrameworks\ /Users/omidchaghaneh/Projects_3/element-x-ios/build/Build/Products/Debug-iphonesimulator/PackageFrameworks\ /Users/omidchaghaneh/Projects_3/element-x-ios/build/Build/Products/Debug-iphonesimulator/PackageFrameworks\ /Users/omidchaghaneh/Projects_3/element-x-ios/build/Build/Products/Debug-iphonesimulator/PackageFrameworks\ /Users/omidchaghaneh/Projects_3/element-x-ios/build/Build/Products/Debug-iphonesimulator/PackageFrameworks\ /Users/omidchaghaneh/Projects_3/element-x-ios/build/Build/Products/Debug-iphonesimulator/PackageFrameworks\ /Users/omidchaghaneh/Projects_3/element-x-ios/build/Build/Products/Debug-iphonesimulator/PackageFrameworks\ /Users/omidchaghaneh/Projects_3/element-x-ios/build/Build/Products/Debug-iphonesimulator/PackageFrameworks\ /Users/omidchaghaneh/Projects_3/element-x-ios/build/Build/Products/Debug-iphonesimulator/PackageFrameworks\ /Users/omidchaghaneh/Projects_3/element-x-ios/build/Build/Products/Debug-iphonesimulator/PackageFrameworks\ /Users/omidchaghaneh/Projects_3/element-x-ios/build/Build/Products/Debug-iphonesimulator/PackageFrameworks\ /Users/omidchaghaneh/Projects_3/element-x-ios/build/Build/Products/Debug-iphonesimulator/PackageFrameworks\ /Users/omidchaghaneh/Projects_3/element-x-ios/build/Build/Products/Debug-iphonesimulator/PackageFrameworks\ /Users/omidchaghaneh/Projects_3/element-x-ios/build/Build/Products/Debug-iphonesimulator/PackageFrameworks\ /Users/omidchaghaneh/Projects_3/element-x-ios/build/Build/Products/Debug-iphonesimulator/PackageFrameworks\ /Users/omidchaghaneh/Projects_3/element-x-ios/build/Build/Products/Debug-iphonesimulator/PackageFrameworks\ /Users/omidchaghaneh/Projects_3/element-x-ios/build/Build/Products/Debug-iphonesimulator/PackageFrameworks\ /Users/omidchaghaneh/Projects_3/element-x-ios/build/Build/Products/Debug-iphonesimulator/PackageFrameworks\ /Users/omidchaghaneh/Projects_3/element-x-ios/build/Build/Products/Debug-iphonesimulator/PackageFrameworks\ /Users/omidchaghaneh/Projects_3/element-x-ios/build/Build/Products/Debug-iphonesimulator/PackageFrameworks\ /Users/omidchaghaneh/Projects_3/element-x-ios/build/Build/Products/Debug-iphonesimulator/PackageFrameworks\ /Users/omidchaghaneh/Projects_3/element-x-ios/build/Build/Products/Debug-iphonesimulator/PackageFrameworks\ /Users/omidchaghaneh/Projects_3/element-x-ios/build/Build/Products/Debug-iphonesimulator/PackageFrameworks\ /Users/omidchaghaneh/Projects_3/element-x-ios/build/Build/Products/Debug-iphonesimulator/PackageFrameworks\ /Users/omidchaghaneh/Projects_3/element-x-ios/build/Build/Products/Debug-iphonesimulator/PackageFrameworks\ /Users/omidchaghaneh/Projects_3/element-x-ios/build/Build/Products/Debug-iphonesimulator/PackageFrameworks\ /Users/omidchaghaneh/Projects_3/element-x-ios/build/Build/Products/Debug-iphonesimulator\ 
    export FRAMEWORK_VERSION\=A
    export FULL_PRODUCT_NAME\=Lingugram.app
    export FUSE_BUILD_PHASES\=YES
    export FUSE_BUILD_SCRIPT_PHASES\=NO
    export GCC3_VERSION\=3.3
    export GCC_C_LANGUAGE_STANDARD\=gnu11
    export GCC_DYNAMIC_NO_PIC\=NO
    export GCC_INLINES_ARE_PRIVATE_EXTERN\=YES
    export GCC_NO_COMMON_BLOCKS\=YES
    export GCC_OBJC_LEGACY_DISPATCH\=YES
    export GCC_OPTIMIZATION_LEVEL\=0
    export GCC_PFE_FILE_C_DIALECTS\=c\ objective-c\ c++\ objective-c++
    export GCC_PREPROCESSOR_DEFINITIONS\=\ DEBUG\=1
    export GCC_SYMBOLS_PRIVATE_EXTERN\=NO
    export GCC_TREAT_WARNINGS_AS_ERRORS\=NO
    export GCC_VERSION\=com.apple.compilers.llvm.clang.1_0
    export GCC_VERSION_IDENTIFIER\=com_apple_compilers_llvm_clang_1_0
    export GCC_WARN_64_TO_32_BIT_CONVERSION\=YES
    export GCC_WARN_ABOUT_RETURN_TYPE\=YES_ERROR
    export GCC_WARN_UNDECLARED_SELECTOR\=YES
    export GCC_WARN_UNINITIALIZED_AUTOS\=YES_AGGRESSIVE
    export GCC_WARN_UNUSED_FUNCTION\=YES
    export GCC_WARN_UNUSED_VARIABLE\=YES
    export GENERATED_MODULEMAP_DIR\=/Users/omidchaghaneh/Projects_3/element-x-ios/build/Build/Intermediates.noindex/GeneratedModuleMaps-iphonesimulator
    export GENERATE_INFOPLIST_FILE\=NO
    export GENERATE_INTERMEDIATE_TEXT_BASED_STUBS\=YES
    export GENERATE_PKGINFO_FILE\=YES
    export GENERATE_PRELINK_OBJECT_FILE\=NO
    export GENERATE_PROFILING_CODE\=NO
    export GENERATE_TEXT_BASED_STUBS\=NO
    export GID\=20
    export GROUP\=staff
    export HEADERMAP_INCLUDES_FLAT_ENTRIES_FOR_TARGET_BEING_BUILT\=YES
    export HEADERMAP_INCLUDES_FRAMEWORK_ENTRIES_FOR_ALL_PRODUCT_TYPES\=YES
    export HEADERMAP_INCLUDES_FRAMEWORK_ENTRIES_FOR_TARGETS_NOT_BEING_BUILT\=YES
    export HEADERMAP_INCLUDES_NONPUBLIC_NONPRIVATE_HEADERS\=YES
    export HEADERMAP_INCLUDES_PROJECT_HEADERS\=YES
    export HEADERMAP_USES_FRAMEWORK_PREFIX_ENTRIES\=YES
    export HEADERMAP_USES_VFS\=NO
    export HEADER_SEARCH_PATHS\=/Users/omidchaghaneh/Projects_3/element-x-ios/build/SourcePackages/checkouts/swift-numerics/Sources/_NumericsShims/include\ /Users/omidchaghaneh/Projects_3/element-x-ios/build/SourcePackages/checkouts/posthog-ios/vendor/libwebp/.\ /Users/omidchaghaneh/Projects_3/element-x-ios/build/SourcePackages/checkouts/GZIP/GZIP/Sources\ /Users/omidchaghaneh/Projects_3/element-x-ios/build/SourcePackages/checkouts/sentry-cocoa/Sources/SentrySwiftUI/SentryInternal\ /Users/omidchaghaneh/Projects_3/element-x-ios/build/SourcePackages/checkouts/DTFoundation/Core/include\ /Users/omidchaghaneh/Projects_3/element-x-ios/build/SourcePackages/checkouts/DTCoreText/Core/include\ /Users/omidchaghaneh/Projects_3/element-x-ios/build/SourcePackages/checkouts/matrix-rich-text-editor-swift/Sources/DTCoreTextExtended/include\ /Users/omidchaghaneh/Projects_3/element-x-ios/build/SourcePackages/checkouts/swift-ogg/Sources/SupportingFiles/Dependencies/Copustools/include\ /Users/omidchaghaneh/Projects_3/element-x-ios/build/Build/Products/Debug-iphonesimulator/include\ 
    export HOME\=/Users/omidchaghaneh
    export HOST_ARCH\=arm64
    export HOST_PLATFORM\=macosx
    export ICONV\=/usr/bin/iconv
    export IMPLICIT_DEPENDENCY_DOMAIN\=default
    export INFOPLIST_ENABLE_CFBUNDLEICONS_MERGE\=YES
    export INFOPLIST_EXPAND_BUILD_SETTINGS\=YES
    export INFOPLIST_FILE\=Lingugram/SupportingFiles/Info.plist
    export INFOPLIST_OUTPUT_FORMAT\=binary
    export INFOPLIST_PATH\=Lingugram.app/Info.plist
    export INFOPLIST_PREPROCESS\=NO
    export INFOSTRINGS_PATH\=Lingugram.app/en.lproj/InfoPlist.strings
    export INLINE_PRIVATE_FRAMEWORKS\=NO
    export INSTALLAPI_IGNORE_SKIP_INSTALL\=YES
    export INSTALLHDRS_COPY_PHASE\=NO
    export INSTALLHDRS_SCRIPT_PHASE\=NO
    export INSTALL_DIR\=/tmp/Lingugram.dst/Applications
    export INSTALL_GROUP\=staff
    export INSTALL_MODE_FLAG\=u+w,go-w,a+rX
    export INSTALL_OWNER\=omidchaghaneh
    export INSTALL_PATH\=/Applications
    export INSTALL_ROOT\=/tmp/Lingugram.dst
    export IPHONEOS_DEPLOYMENT_TARGET\=17.5
    export IS_UNOPTIMIZED_BUILD\=YES
    export JAVAC_DEFAULT_FLAGS\=-J-Xms64m\ -J-XX:NewSize\=4M\ -J-Dfile.encoding\=UTF8
    export JAVA_APP_STUB\=/System/Library/Frameworks/JavaVM.framework/Resources/MacOS/JavaApplicationStub
    export JAVA_ARCHIVE_CLASSES\=YES
    export JAVA_ARCHIVE_TYPE\=JAR
    export JAVA_COMPILER\=/usr/bin/javac
    export JAVA_FOLDER_PATH\=Lingugram.app/Java
    export JAVA_FRAMEWORK_RESOURCES_DIRS\=Resources
    export JAVA_JAR_FLAGS\=cv
    export JAVA_SOURCE_SUBDIR\=.
    export JAVA_USE_DEPENDENCIES\=YES
    export JAVA_ZIP_FLAGS\=-urg
    export JIKES_DEFAULT_FLAGS\=+E\ +OLDCSO
    export KEEP_PRIVATE_EXTERNS\=NO
    export KEYCHAIN_ACCESS_GROUP_IDENTIFIER\=7J4U792NQT.io.element.elementx
    export LD_DEPENDENCY_INFO_FILE\=/Users/omidchaghaneh/Projects_3/element-x-ios/build/Build/Intermediates.noindex/Lingugram.build/Debug-iphonesimulator/Lingugram.build/Objects-normal/undefined_arch/Lingugram_dependency_info.dat
    export LD_EXPORT_SYMBOLS\=YES
    export LD_GENERATE_MAP_FILE\=NO
    export LD_MAP_FILE_PATH\=/Users/omidchaghaneh/Projects_3/element-x-ios/build/Build/Intermediates.noindex/Lingugram.build/Debug-iphonesimulator/Lingugram.build/Lingugram-LinkMap-normal-undefined_arch.txt
    export LD_NO_PIE\=NO
    export LD_QUOTE_LINKER_ARGUMENTS_FOR_COMPILER_DRIVER\=YES
    export LD_RUNPATH_SEARCH_PATHS\=/Users/omidchaghaneh/Projects_3/element-x-ios/build/Build/Products/Debug-iphonesimulator/PackageFrameworks\ /Users/omidchaghaneh/Projects_3/element-x-ios/build/Build/Products/Debug-iphonesimulator/PackageFrameworks\ /Users/omidchaghaneh/Projects_3/element-x-ios/build/Build/Products/Debug-iphonesimulator/PackageFrameworks\ /Users/omidchaghaneh/Projects_3/element-x-ios/build/Build/Products/Debug-iphonesimulator/PackageFrameworks\ /Users/omidchaghaneh/Projects_3/element-x-ios/build/Build/Products/Debug-iphonesimulator/PackageFrameworks\ /Users/omidchaghaneh/Projects_3/element-x-ios/build/Build/Products/Debug-iphonesimulator/PackageFrameworks\ /Users/omidchaghaneh/Projects_3/element-x-ios/build/Build/Products/Debug-iphonesimulator/PackageFrameworks\ /Users/omidchaghaneh/Projects_3/element-x-ios/build/Build/Products/Debug-iphonesimulator/PackageFrameworks\ /Users/omidchaghaneh/Projects_3/element-x-ios/build/Build/Products/Debug-iphonesimulator/PackageFrameworks\ /Users/omidchaghaneh/Projects_3/element-x-ios/build/Build/Products/Debug-iphonesimulator/PackageFrameworks\ /Users/omidchaghaneh/Projects_3/element-x-ios/build/Build/Products/Debug-iphonesimulator/PackageFrameworks\ /Users/omidchaghaneh/Projects_3/element-x-ios/build/Build/Products/Debug-iphonesimulator/PackageFrameworks\ /Users/omidchaghaneh/Projects_3/element-x-ios/build/Build/Products/Debug-iphonesimulator/PackageFrameworks\ /Users/omidchaghaneh/Projects_3/element-x-ios/build/Build/Products/Debug-iphonesimulator/PackageFrameworks\ /Users/omidchaghaneh/Projects_3/element-x-ios/build/Build/Products/Debug-iphonesimulator/PackageFrameworks\ /Users/omidchaghaneh/Projects_3/element-x-ios/build/Build/Products/Debug-iphonesimulator/PackageFrameworks\ /Users/omidchaghaneh/Projects_3/element-x-ios/build/Build/Products/Debug-iphonesimulator/PackageFrameworks\ /Users/omidchaghaneh/Projects_3/element-x-ios/build/Build/Products/Debug-iphonesimulator/PackageFrameworks\ /Users/omidchaghaneh/Projects_3/element-x-ios/build/Build/Products/Debug-iphonesimulator/PackageFrameworks\ /Users/omidchaghaneh/Projects_3/element-x-ios/build/Build/Products/Debug-iphonesimulator/PackageFrameworks\ /Users/omidchaghaneh/Projects_3/element-x-ios/build/Build/Products/Debug-iphonesimulator/PackageFrameworks\ /Users/omidchaghaneh/Projects_3/element-x-ios/build/Build/Products/Debug-iphonesimulator/PackageFrameworks\ /Users/omidchaghaneh/Projects_3/element-x-ios/build/Build/Products/Debug-iphonesimulator/PackageFrameworks\ /Users/omidchaghaneh/Projects_3/element-x-ios/build/Build/Products/Debug-iphonesimulator/PackageFrameworks\ /Users/omidchaghaneh/Projects_3/element-x-ios/build/Build/Products/Debug-iphonesimulator/PackageFrameworks\ /Users/omidchaghaneh/Projects_3/element-x-ios/build/Build/Products/Debug-iphonesimulator/PackageFrameworks\ /Users/omidchaghaneh/Projects_3/element-x-ios/build/Build/Products/Debug-iphonesimulator/PackageFrameworks\ /Users/omidchaghaneh/Projects_3/element-x-ios/build/Build/Products/Debug-iphonesimulator/PackageFrameworks\ /Users/omidchaghaneh/Projects_3/element-x-ios/build/Build/Products/Debug-iphonesimulator/PackageFrameworks\ /Users/omidchaghaneh/Projects_3/element-x-ios/build/Build/Products/Debug-iphonesimulator/PackageFrameworks\ /Users/omidchaghaneh/Projects_3/element-x-ios/build/Build/Products/Debug-iphonesimulator/PackageFrameworks\ /Users/omidchaghaneh/Projects_3/element-x-ios/build/Build/Products/Debug-iphonesimulator/PackageFrameworks\ /Users/omidchaghaneh/Projects_3/element-x-ios/build/Build/Products/Debug-iphonesimulator/PackageFrameworks\ /Users/omidchaghaneh/Projects_3/element-x-ios/build/Build/Products/Debug-iphonesimulator/PackageFrameworks\ /Users/omidchaghaneh/Projects_3/element-x-ios/build/Build/Products/Debug-iphonesimulator/PackageFrameworks\ /Users/omidchaghaneh/Projects_3/element-x-ios/build/Build/Products/Debug-iphonesimulator/PackageFrameworks\ /Users/omidchaghaneh/Projects_3/element-x-ios/build/Build/Products/Debug-iphonesimulator/PackageFrameworks\ /Users/omidchaghaneh/Projects_3/element-x-ios/build/Build/Products/Debug-iphonesimulator/PackageFrameworks\ /Users/omidchaghaneh/Projects_3/element-x-ios/build/Build/Products/Debug-iphonesimulator/PackageFrameworks\ /Users/omidchaghaneh/Projects_3/element-x-ios/build/Build/Products/Debug-iphonesimulator/PackageFrameworks\ /Users/omidchaghaneh/Projects_3/element-x-ios/build/Build/Products/Debug-iphonesimulator/PackageFrameworks\ /Users/omidchaghaneh/Projects_3/element-x-ios/build/Build/Products/Debug-iphonesimulator/PackageFrameworks\ /Users/omidchaghaneh/Projects_3/element-x-ios/build/Build/Products/Debug-iphonesimulator/PackageFrameworks\ \ @executable_path/Frameworks
    export LD_RUNPATH_SEARCH_PATHS_YES\=@loader_path/../Frameworks
    export LD_SHARED_CACHE_ELIGIBLE\=Automatic
    export LD_WARN_DUPLICATE_LIBRARIES\=NO
    export LD_WARN_UNUSED_DYLIBS\=NO
    export LEGACY_DEVELOPER_DIR\=/Applications/Xcode.app/Contents/PlugIns/Xcode3Core.ideplugin/Contents/SharedSupport/Developer
    export LEX\=lex
    export LIBRARY_DEXT_INSTALL_PATH\=/Library/DriverExtensions
    export LIBRARY_FLAG_NOSPACE\=YES
    export LIBRARY_FLAG_PREFIX\=-l
    export LIBRARY_KEXT_INSTALL_PATH\=/Library/Extensions
    export LIBRARY_SEARCH_PATHS\=/Users/omidchaghaneh/Projects_3/element-x-ios/build/Build/Products/Debug-iphonesimulator\ 
    export LINKER_DISPLAYS_MANGLED_NAMES\=NO
    export LINK_FILE_LIST_normal_arm64\=/Users/omidchaghaneh/Projects_3/element-x-ios/build/Build/Intermediates.noindex/Lingugram.build/Debug-iphonesimulator/Lingugram.build/Objects-normal/arm64/Lingugram.LinkFileList
    export LINK_OBJC_RUNTIME\=YES
    export LINK_WITH_STANDARD_LIBRARIES\=YES
    export LLVM_TARGET_TRIPLE_OS_VERSION\=ios17.5
    export LLVM_TARGET_TRIPLE_SUFFIX\=-simulator
    export LLVM_TARGET_TRIPLE_VENDOR\=apple
    export LM_AUX_CONST_METADATA_LIST_PATH_normal_arm64\=/Users/omidchaghaneh/Projects_3/element-x-ios/build/Build/Intermediates.noindex/Lingugram.build/Debug-iphonesimulator/Lingugram.build/Objects-normal/arm64/Lingugram.SwiftConstValuesFileList
    export LOCALIZATION_EXPORT_SUPPORTED\=YES
    export LOCALIZATION_PREFERS_STRING_CATALOGS\=NO
    export LOCALIZED_RESOURCES_FOLDER_PATH\=Lingugram.app/en.lproj
    export LOCALIZED_STRING_MACRO_NAMES\=NSLocalizedString\ CFCopyLocalizedString
    export LOCALIZED_STRING_SWIFTUI_SUPPORT\=YES
    export LOCAL_ADMIN_APPS_DIR\=/Applications/Utilities
    export LOCAL_APPS_DIR\=/Applications
    export LOCAL_DEVELOPER_DIR\=/Library/Developer
    export LOCAL_LIBRARY_DIR\=/Library
    export LOCROOT\=/Users/omidchaghaneh/Projects_3/element-x-ios
    export LOCSYMROOT\=/Users/omidchaghaneh/Projects_3/element-x-ios
    export MACH_O_TYPE\=mh_execute
    export MAC_OS_X_PRODUCT_BUILD_VERSION\=25A362
    export MAC_OS_X_VERSION_ACTUAL\=260001
    export MAC_OS_X_VERSION_MAJOR\=260000
    export MAC_OS_X_VERSION_MINOR\=260000
    export MAKE_MERGEABLE\=NO
    export MARKETING_VERSION\=25.11.0
    export MERGEABLE_LIBRARY\=NO
    export MERGED_BINARY_TYPE\=none
    export MERGE_LINKED_LIBRARIES\=NO
    export METAL_LIBRARY_FILE_BASE\=default
    export METAL_LIBRARY_OUTPUT_DIR\=/Users/omidchaghaneh/Projects_3/element-x-ios/build/Build/Products/Debug-iphonesimulator/Lingugram.app
    export MODULES_FOLDER_PATH\=Lingugram.app/Modules
    export MODULE_CACHE_DIR\=/Users/omidchaghaneh/Projects_3/element-x-ios/build/ModuleCache.noindex
    export MTL_ENABLE_DEBUG_INFO\=INCLUDE_SOURCE
    export MTL_FAST_MATH\=YES
    export NATIVE_ARCH\=arm64
    export NATIVE_ARCH_32_BIT\=arm
    export NATIVE_ARCH_64_BIT\=arm64
    export NATIVE_ARCH_ACTUAL\=arm64
    export NO_COMMON\=YES
    export OBJC_ABI_VERSION\=2
    export OBJECT_FILE_DIR\=/Users/omidchaghaneh/Projects_3/element-x-ios/build/Build/Intermediates.noindex/Lingugram.build/Debug-iphonesimulator/Lingugram.build/Objects
    export OBJECT_FILE_DIR_normal\=/Users/omidchaghaneh/Projects_3/element-x-ios/build/Build/Intermediates.noindex/Lingugram.build/Debug-iphonesimulator/Lingugram.build/Objects-normal
    export OBJROOT\=/Users/omidchaghaneh/Projects_3/element-x-ios/build/Build/Intermediates.noindex
    export ONLY_ACTIVE_ARCH\=YES
    export OS\=MACOS
    export OSAC\=/usr/bin/osacompile
    export OTHER_CFLAGS\=-fmodule-map-file\=/Users/omidchaghaneh/Projects_3/element-x-ios/build/Build/Intermediates.noindex/GeneratedModuleMaps-iphonesimulator/MatrixRustSDK.modulemap\ -fmodule-map-file\=/Users/omidchaghaneh/Projects_3/element-x-ios/build/Build/Intermediates.noindex/GeneratedModuleMaps-iphonesimulator/CompoundDesignTokens.modulemap\ -fmodule-map-file\=/Users/omidchaghaneh/Projects_3/element-x-ios/build/Build/Intermediates.noindex/GeneratedModuleMaps-iphonesimulator/SwiftUIIntrospect.modulemap\ -fmodule-map-file\=/Users/omidchaghaneh/Projects_3/element-x-ios/build/Build/Intermediates.noindex/GeneratedModuleMaps-iphonesimulator/SFSafeSymbols.modulemap\ -fmodule-map-file\=/Users/omidchaghaneh/Projects_3/element-x-ios/build/Build/Intermediates.noindex/GeneratedModuleMaps-iphonesimulator/Compound.modulemap\ -fmodule-map-file\=/Users/omidchaghaneh/Projects_3/element-x-ios/build/Build/Intermediates.noindex/GeneratedModuleMaps-iphonesimulator/RealModule.modulemap\ -fmodule-map-file\=/Users/omidchaghaneh/Projects_3/element-x-ios/build/Build/Intermediates.noindex/GeneratedModuleMaps-iphonesimulator/Algorithms.modulemap\ -fmodule-map-file\=/Users/omidchaghaneh/Projects_3/element-x-ios/build/Build/Intermediates.noindex/GeneratedModuleMaps-iphonesimulator/AnalyticsEvents.modulemap\ -fmodule-map-file\=/Users/omidchaghaneh/Projects_3/element-x-ios/build/Build/Intermediates.noindex/GeneratedModuleMaps-iphonesimulator/_RopeModule.modulemap\ -fmodule-map-file\=/Users/omidchaghaneh/Projects_3/element-x-ios/build/Build/Intermediates.noindex/GeneratedModuleMaps-iphonesimulator/OrderedCollections.modulemap\ -fmodule-map-file\=/Users/omidchaghaneh/Projects_3/element-x-ios/build/Build/Intermediates.noindex/GeneratedModuleMaps-iphonesimulator/HeapModule.modulemap\ -fmodule-map-file\=/Users/omidchaghaneh/Projects_3/element-x-ios/build/Build/Intermediates.noindex/GeneratedModuleMaps-iphonesimulator/HashTreeCollections.modulemap\ -fmodule-map-file\=/Users/omidchaghaneh/Projects_3/element-x-ios/build/Build/Intermediates.noindex/GeneratedModuleMaps-iphonesimulator/DequeModule.modulemap\ -fmodule-map-file\=/Users/omidchaghaneh/Projects_3/element-x-ios/build/Build/Intermediates.noindex/GeneratedModuleMaps-iphonesimulator/BitCollections.modulemap\ -fmodule-map-file\=/Users/omidchaghaneh/Projects_3/element-x-ios/build/Build/Intermediates.noindex/GeneratedModuleMaps-iphonesimulator/InternalCollectionsUtilities.modulemap\ -fmodule-map-file\=/Users/omidchaghaneh/Projects_3/element-x-ios/build/Build/Intermediates.noindex/GeneratedModuleMaps-iphonesimulator/Collections.modulemap\ -fmodule-map-file\=/Users/omidchaghaneh/Projects_3/element-x-ios/build/Build/Intermediates.noindex/GeneratedModuleMaps-iphonesimulator/DeviceKit.modulemap\ -fmodule-map-file\=/Users/omidchaghaneh/Projects_3/element-x-ios/build/Build/Intermediates.noindex/GeneratedModuleMaps-iphonesimulator/EmbeddedElementCall.modulemap\ -fmodule-map-file\=/Users/omidchaghaneh/Projects_3/element-x-ios/build/Build/Intermediates.noindex/GeneratedModuleMaps-iphonesimulator/KeychainAccess.modulemap\ -fmodule-map-file\=/Users/omidchaghaneh/Projects_3/element-x-ios/build/Build/Intermediates.noindex/GeneratedModuleMaps-iphonesimulator/Kingfisher.modulemap\ -fmodule-map-file\=/Users/omidchaghaneh/Projects_3/element-x-ios/build/Build/Intermediates.noindex/GeneratedModuleMaps-iphonesimulator/KZFileWatchers.modulemap\ -fmodule-map-file\=/Users/omidchaghaneh/Projects_3/element-x-ios/build/Build/Intermediates.noindex/GeneratedModuleMaps-iphonesimulator/LoremSwiftum.modulemap\ -fmodule-map-file\=/Users/omidchaghaneh/Projects_3/element-x-ios/build/Build/Intermediates.noindex/GeneratedModuleMaps-iphonesimulator/LRUCache.modulemap\ -fmodule-map-file\=/Users/omidchaghaneh/Projects_3/element-x-ios/build/Build/Intermediates.noindex/GeneratedModuleMaps-iphonesimulator/Mutex.modulemap\ -fmodule-map-file\=/Users/omidchaghaneh/Projects_3/element-x-ios/build/Build/Intermediates.noindex/GeneratedModuleMaps-iphonesimulator/phlibwebp.modulemap\ -fmodule-map-file\=/Users/omidchaghaneh/Projects_3/element-x-ios/build/Build/Intermediates.noindex/GeneratedModuleMaps-iphonesimulator/PostHog.modulemap\ -fmodule-map-file\=/Users/omidchaghaneh/Projects_3/element-x-ios/build/Build/Intermediates.noindex/GeneratedModuleMaps-iphonesimulator/SwiftState.modulemap\ -fmodule-map-file\=/Users/omidchaghaneh/Projects_3/element-x-ios/build/Build/Intermediates.noindex/GeneratedModuleMaps-iphonesimulator/GZIP.modulemap\ -fmodule-map-file\=/Users/omidchaghaneh/Projects_3/element-x-ios/build/Build/Intermediates.noindex/GeneratedModuleMaps-iphonesimulator/SentryInternal.modulemap\ -fmodule-map-file\=/Users/omidchaghaneh/Projects_3/element-x-ios/build/Build/Intermediates.noindex/GeneratedModuleMaps-iphonesimulator/SentrySwiftUI.modulemap\ -fmodule-map-file\=/Users/omidchaghaneh/Projects_3/element-x-ios/build/Build/Intermediates.noindex/GeneratedModuleMaps-iphonesimulator/Version.modulemap\ -fmodule-map-file\=/Users/omidchaghaneh/Projects_3/element-x-ios/build/Build/Intermediates.noindex/GeneratedModuleMaps-iphonesimulator/Emojibase.modulemap\ -fmodule-map-file\=/Users/omidchaghaneh/Projects_3/element-x-ios/build/Build/Intermediates.noindex/GeneratedModuleMaps-iphonesimulator/DTFoundation.modulemap\ -fmodule-map-file\=/Users/omidchaghaneh/Projects_3/element-x-ios/build/Build/Intermediates.noindex/GeneratedModuleMaps-iphonesimulator/DTCoreText.modulemap\ -fmodule-map-file\=/Users/omidchaghaneh/Projects_3/element-x-ios/build/Build/Intermediates.noindex/GeneratedModuleMaps-iphonesimulator/HTMLParser.modulemap\ -fmodule-map-file\=/Users/omidchaghaneh/Projects_3/element-x-ios/build/Build/Intermediates.noindex/GeneratedModuleMaps-iphonesimulator/DTCoreTextExtended.modulemap\ -fmodule-map-file\=/Users/omidchaghaneh/Projects_3/element-x-ios/build/Build/Intermediates.noindex/GeneratedModuleMaps-iphonesimulator/WysiwygComposer.modulemap\ -fmodule-map-file\=/Users/omidchaghaneh/Projects_3/element-x-ios/build/Build/Intermediates.noindex/GeneratedModuleMaps-iphonesimulator/SwiftOGG.modulemap\ -fmodule-map-file\=/Users/omidchaghaneh/Projects_3/element-x-ios/build/Build/Intermediates.noindex/GeneratedModuleMaps-iphonesimulator/SwiftSoup.modulemap\ -fmodule-map-file\=/Users/omidchaghaneh/Projects_3/element-x-ios/build/Build/Intermediates.noindex/GeneratedModuleMaps-iphonesimulator/DSWaveformImage.modulemap\ -fmodule-map-file\=/Users/omidchaghaneh/Projects_3/element-x-ios/build/Build/Intermediates.noindex/GeneratedModuleMaps-iphonesimulator/DSWaveformImageViews.modulemap\ 
    export OTHER_CPLUSPLUSFLAGS\=-fmodule-map-file\=/Users/omidchaghaneh/Projects_3/element-x-ios/build/Build/Intermediates.noindex/GeneratedModuleMaps-iphonesimulator/MatrixRustSDK.modulemap\ -fmodule-map-file\=/Users/omidchaghaneh/Projects_3/element-x-ios/build/Build/Intermediates.noindex/GeneratedModuleMaps-iphonesimulator/CompoundDesignTokens.modulemap\ -fmodule-map-file\=/Users/omidchaghaneh/Projects_3/element-x-ios/build/Build/Intermediates.noindex/GeneratedModuleMaps-iphonesimulator/SwiftUIIntrospect.modulemap\ -fmodule-map-file\=/Users/omidchaghaneh/Projects_3/element-x-ios/build/Build/Intermediates.noindex/GeneratedModuleMaps-iphonesimulator/SFSafeSymbols.modulemap\ -fmodule-map-file\=/Users/omidchaghaneh/Projects_3/element-x-ios/build/Build/Intermediates.noindex/GeneratedModuleMaps-iphonesimulator/Compound.modulemap\ -fmodule-map-file\=/Users/omidchaghaneh/Projects_3/element-x-ios/build/Build/Intermediates.noindex/GeneratedModuleMaps-iphonesimulator/RealModule.modulemap\ -fmodule-map-file\=/Users/omidchaghaneh/Projects_3/element-x-ios/build/Build/Intermediates.noindex/GeneratedModuleMaps-iphonesimulator/Algorithms.modulemap\ -fmodule-map-file\=/Users/omidchaghaneh/Projects_3/element-x-ios/build/Build/Intermediates.noindex/GeneratedModuleMaps-iphonesimulator/AnalyticsEvents.modulemap\ -fmodule-map-file\=/Users/omidchaghaneh/Projects_3/element-x-ios/build/Build/Intermediates.noindex/GeneratedModuleMaps-iphonesimulator/_RopeModule.modulemap\ -fmodule-map-file\=/Users/omidchaghaneh/Projects_3/element-x-ios/build/Build/Intermediates.noindex/GeneratedModuleMaps-iphonesimulator/OrderedCollections.modulemap\ -fmodule-map-file\=/Users/omidchaghaneh/Projects_3/element-x-ios/build/Build/Intermediates.noindex/GeneratedModuleMaps-iphonesimulator/HeapModule.modulemap\ -fmodule-map-file\=/Users/omidchaghaneh/Projects_3/element-x-ios/build/Build/Intermediates.noindex/GeneratedModuleMaps-iphonesimulator/HashTreeCollections.modulemap\ -fmodule-map-file\=/Users/omidchaghaneh/Projects_3/element-x-ios/build/Build/Intermediates.noindex/GeneratedModuleMaps-iphonesimulator/DequeModule.modulemap\ -fmodule-map-file\=/Users/omidchaghaneh/Projects_3/element-x-ios/build/Build/Intermediates.noindex/GeneratedModuleMaps-iphonesimulator/BitCollections.modulemap\ -fmodule-map-file\=/Users/omidchaghaneh/Projects_3/element-x-ios/build/Build/Intermediates.noindex/GeneratedModuleMaps-iphonesimulator/InternalCollectionsUtilities.modulemap\ -fmodule-map-file\=/Users/omidchaghaneh/Projects_3/element-x-ios/build/Build/Intermediates.noindex/GeneratedModuleMaps-iphonesimulator/Collections.modulemap\ -fmodule-map-file\=/Users/omidchaghaneh/Projects_3/element-x-ios/build/Build/Intermediates.noindex/GeneratedModuleMaps-iphonesimulator/DeviceKit.modulemap\ -fmodule-map-file\=/Users/omidchaghaneh/Projects_3/element-x-ios/build/Build/Intermediates.noindex/GeneratedModuleMaps-iphonesimulator/EmbeddedElementCall.modulemap\ -fmodule-map-file\=/Users/omidchaghaneh/Projects_3/element-x-ios/build/Build/Intermediates.noindex/GeneratedModuleMaps-iphonesimulator/KeychainAccess.modulemap\ -fmodule-map-file\=/Users/omidchaghaneh/Projects_3/element-x-ios/build/Build/Intermediates.noindex/GeneratedModuleMaps-iphonesimulator/Kingfisher.modulemap\ -fmodule-map-file\=/Users/omidchaghaneh/Projects_3/element-x-ios/build/Build/Intermediates.noindex/GeneratedModuleMaps-iphonesimulator/KZFileWatchers.modulemap\ -fmodule-map-file\=/Users/omidchaghaneh/Projects_3/element-x-ios/build/Build/Intermediates.noindex/GeneratedModuleMaps-iphonesimulator/LoremSwiftum.modulemap\ -fmodule-map-file\=/Users/omidchaghaneh/Projects_3/element-x-ios/build/Build/Intermediates.noindex/GeneratedModuleMaps-iphonesimulator/LRUCache.modulemap\ -fmodule-map-file\=/Users/omidchaghaneh/Projects_3/element-x-ios/build/Build/Intermediates.noindex/GeneratedModuleMaps-iphonesimulator/Mutex.modulemap\ -fmodule-map-file\=/Users/omidchaghaneh/Projects_3/element-x-ios/build/Build/Intermediates.noindex/GeneratedModuleMaps-iphonesimulator/phlibwebp.modulemap\ -fmodule-map-file\=/Users/omidchaghaneh/Projects_3/element-x-ios/build/Build/Intermediates.noindex/GeneratedModuleMaps-iphonesimulator/PostHog.modulemap\ -fmodule-map-file\=/Users/omidchaghaneh/Projects_3/element-x-ios/build/Build/Intermediates.noindex/GeneratedModuleMaps-iphonesimulator/SwiftState.modulemap\ -fmodule-map-file\=/Users/omidchaghaneh/Projects_3/element-x-ios/build/Build/Intermediates.noindex/GeneratedModuleMaps-iphonesimulator/GZIP.modulemap\ -fmodule-map-file\=/Users/omidchaghaneh/Projects_3/element-x-ios/build/Build/Intermediates.noindex/GeneratedModuleMaps-iphonesimulator/SentryInternal.modulemap\ -fmodule-map-file\=/Users/omidchaghaneh/Projects_3/element-x-ios/build/Build/Intermediates.noindex/GeneratedModuleMaps-iphonesimulator/SentrySwiftUI.modulemap\ -fmodule-map-file\=/Users/omidchaghaneh/Projects_3/element-x-ios/build/Build/Intermediates.noindex/GeneratedModuleMaps-iphonesimulator/Version.modulemap\ -fmodule-map-file\=/Users/omidchaghaneh/Projects_3/element-x-ios/build/Build/Intermediates.noindex/GeneratedModuleMaps-iphonesimulator/Emojibase.modulemap\ -fmodule-map-file\=/Users/omidchaghaneh/Projects_3/element-x-ios/build/Build/Intermediates.noindex/GeneratedModuleMaps-iphonesimulator/DTFoundation.modulemap\ -fmodule-map-file\=/Users/omidchaghaneh/Projects_3/element-x-ios/build/Build/Intermediates.noindex/GeneratedModuleMaps-iphonesimulator/DTCoreText.modulemap\ -fmodule-map-file\=/Users/omidchaghaneh/Projects_3/element-x-ios/build/Build/Intermediates.noindex/GeneratedModuleMaps-iphonesimulator/HTMLParser.modulemap\ -fmodule-map-file\=/Users/omidchaghaneh/Projects_3/element-x-ios/build/Build/Intermediates.noindex/GeneratedModuleMaps-iphonesimulator/DTCoreTextExtended.modulemap\ -fmodule-map-file\=/Users/omidchaghaneh/Projects_3/element-x-ios/build/Build/Intermediates.noindex/GeneratedModuleMaps-iphonesimulator/WysiwygComposer.modulemap\ -fmodule-map-file\=/Users/omidchaghaneh/Projects_3/element-x-ios/build/Build/Intermediates.noindex/GeneratedModuleMaps-iphonesimulator/SwiftOGG.modulemap\ -fmodule-map-file\=/Users/omidchaghaneh/Projects_3/element-x-ios/build/Build/Intermediates.noindex/GeneratedModuleMaps-iphonesimulator/SwiftSoup.modulemap\ -fmodule-map-file\=/Users/omidchaghaneh/Projects_3/element-x-ios/build/Build/Intermediates.noindex/GeneratedModuleMaps-iphonesimulator/DSWaveformImage.modulemap\ -fmodule-map-file\=/Users/omidchaghaneh/Projects_3/element-x-ios/build/Build/Intermediates.noindex/GeneratedModuleMaps-iphonesimulator/DSWaveformImageViews.modulemap\ 
    export OTHER_LDFLAGS\=-Wl,-no_warn_duplicate_libraries\ -Wl,-no_warn_duplicate_libraries\ -Wl,-no_warn_duplicate_libraries\ -Wl,-no_warn_duplicate_libraries\ -Wl,-no_warn_duplicate_libraries\ -Wl,-no_warn_duplicate_libraries\ -Wl,-no_warn_duplicate_libraries\ -Wl,-no_warn_duplicate_libraries\ -Wl,-no_warn_duplicate_libraries\ -Wl,-no_warn_duplicate_libraries\ -Wl,-no_warn_duplicate_libraries\ -Wl,-no_warn_duplicate_libraries\ -Wl,-no_warn_duplicate_libraries\ -Wl,-no_warn_duplicate_libraries\ -Wl,-no_warn_duplicate_libraries\ -Wl,-no_warn_duplicate_libraries\ -Wl,-no_warn_duplicate_libraries\ -Wl,-no_warn_duplicate_libraries\ -Wl,-no_warn_duplicate_libraries\ -Wl,-no_warn_duplicate_libraries\ -Wl,-no_warn_duplicate_libraries\ -Wl,-no_warn_duplicate_libraries\ -Wl,-no_warn_duplicate_libraries\ -Wl,-no_warn_duplicate_libraries\ -Wl,-no_warn_duplicate_libraries\ -Wl,-no_warn_duplicate_libraries\ -Wl,-no_warn_duplicate_libraries\ -Wl,-no_warn_duplicate_libraries\ -Wl,-no_warn_duplicate_libraries\ -Wl,-no_warn_duplicate_libraries\ -Wl,-no_warn_duplicate_libraries\ -Wl,-no_warn_duplicate_libraries\ -Wl,-no_warn_duplicate_libraries\ -Wl,-no_warn_duplicate_libraries\ -Wl,-no_warn_duplicate_libraries\ -Wl,-no_warn_duplicate_libraries\ -Wl,-no_warn_duplicate_libraries\ -Wl,-no_warn_duplicate_libraries\ -Wl,-no_warn_duplicate_libraries\ -Wl,-no_warn_duplicate_libraries\ -Wl,-no_warn_duplicate_libraries\ -Wl,-no_warn_duplicate_libraries\ -Wl,-no_warn_duplicate_libraries\ \ -framework\ Sentry
    export OTHER_SWIFT_FLAGS\=-Xcc\ -fmodule-map-file\=/Users/omidchaghaneh/Projects_3/element-x-ios/build/Build/Intermediates.noindex/GeneratedModuleMaps-iphonesimulator/phlibwebp.modulemap\ -Xcc\ -fmodule-map-file\=/Users/omidchaghaneh/Projects_3/element-x-ios/build/Build/Intermediates.noindex/GeneratedModuleMaps-iphonesimulator/GZIP.modulemap\ -Xcc\ -fmodule-map-file\=/Users/omidchaghaneh/Projects_3/element-x-ios/build/Build/Intermediates.noindex/GeneratedModuleMaps-iphonesimulator/SentryInternal.modulemap\ -Xcc\ -fmodule-map-file\=/Users/omidchaghaneh/Projects_3/element-x-ios/build/Build/Intermediates.noindex/GeneratedModuleMaps-iphonesimulator/DTFoundation.modulemap\ -Xcc\ -fmodule-map-file\=/Users/omidchaghaneh/Projects_3/element-x-ios/build/Build/Intermediates.noindex/GeneratedModuleMaps-iphonesimulator/DTCoreText.modulemap\ -Xcc\ -fmodule-map-file\=/Users/omidchaghaneh/Projects_3/element-x-ios/build/Build/Intermediates.noindex/GeneratedModuleMaps-iphonesimulator/DTCoreTextExtended.modulemap\ -DIS_MAIN_APP
    export PACKAGE_TYPE\=com.apple.package-type.wrapper.application
    export PASCAL_STRINGS\=YES
    export PATH\=/Applications/Xcode.app/Contents/SharedFrameworks/SwiftBuild.framework/Versions/A/PlugIns/SWBBuildService.bundle/Contents/PlugIns/SWBUniversalPlatformPlugin.bundle/Contents/Frameworks/SWBUniversalPlatform.framework/Resources:/var/run/com.apple.security.cryptexd/mnt/com.apple.MobileAsset.MetalToolchain-v17.1.324.0.PXE1tX/Metal.xctoolchain/usr/bin:/var/run/com.apple.security.cryptexd/mnt/com.apple.MobileAsset.MetalToolchain-v17.1.324.0.PXE1tX/Metal.xctoolchain/usr/local/bin:/var/run/com.apple.security.cryptexd/mnt/com.apple.MobileAsset.MetalToolchain-v17.1.324.0.PXE1tX/Metal.xctoolchain/usr/libexec:/Applications/Xcode.app/Contents/Developer/Toolchains/XcodeDefault.xctoolchain/usr/bin:/Applications/Xcode.app/Contents/Developer/Toolchains/XcodeDefault.xctoolchain/usr/local/bin:/Applications/Xcode.app/Contents/Developer/Toolchains/XcodeDefault.xctoolchain/usr/libexec:/Applications/Xcode.app/Contents/Developer/Platforms/iPhoneSimulator.platform/usr/bin:/Applications/Xcode.app/Contents/Developer/Platforms/iPhoneSimulator.platform/usr/local/bin:/Applications/Xcode.app/Contents/Developer/Platforms/iPhoneSimulator.platform/Developer/usr/bin:/Applications/Xcode.app/Contents/Developer/Platforms/iPhoneSimulator.platform/Developer/usr/local/bin:/Applications/Xcode.app/Contents/Developer/usr/bin:/Applications/Xcode.app/Contents/Developer/usr/local/bin:/opt/homebrew/opt/openjdk@17/bin:/opt/homebrew/bin:/opt/homebrew/sbin:/Library/Frameworks/Python.framework/Versions/3.13/bin:/usr/local/bin:/System/Cryptexes/App/usr/bin:/usr/bin:/bin:/usr/sbin:/sbin:/var/run/com.apple.security.cryptexd/codex.system/bootstrap/usr/local/bin:/var/run/com.apple.security.cryptexd/codex.system/bootstrap/usr/bin:/var/run/com.apple.security.cryptexd/codex.system/bootstrap/usr/appleinternal/bin:/Library/Apple/usr/bin:/Users/omidchaghaneh/.cargo/bin
    export PATH_PREFIXES_EXCLUDED_FROM_HEADER_DEPENDENCIES\=/usr/include\ /usr/local/include\ /System/Library/Frameworks\ /System/Library/PrivateFrameworks\ /Applications/Xcode.app/Contents/Developer/Headers\ /Applications/Xcode.app/Contents/Developer/SDKs\ /Applications/Xcode.app/Contents/Developer/Platforms
    export PBDEVELOPMENTPLIST_PATH\=Lingugram.app/pbdevelopment.plist
    export PER_ARCH_MODULE_FILE_DIR\=/Users/omidchaghaneh/Projects_3/element-x-ios/build/Build/Intermediates.noindex/Lingugram.build/Debug-iphonesimulator/Lingugram.build/Objects-normal/undefined_arch
    export PER_ARCH_OBJECT_FILE_DIR\=/Users/omidchaghaneh/Projects_3/element-x-ios/build/Build/Intermediates.noindex/Lingugram.build/Debug-iphonesimulator/Lingugram.build/Objects-normal/undefined_arch
    export PER_VARIANT_OBJECT_FILE_DIR\=/Users/omidchaghaneh/Projects_3/element-x-ios/build/Build/Intermediates.noindex/Lingugram.build/Debug-iphonesimulator/Lingugram.build/Objects-normal
    export PILLS_UT_TYPE_IDENTIFIER\=io.element.elementx.pills
    export PKGINFO_FILE_PATH\=/Users/omidchaghaneh/Projects_3/element-x-ios/build/Build/Intermediates.noindex/Lingugram.build/Debug-iphonesimulator/Lingugram.build/PkgInfo
    export PKGINFO_PATH\=Lingugram.app/PkgInfo
    export PLATFORM_DEVELOPER_APPLICATIONS_DIR\=/Applications/Xcode.app/Contents/Developer/Platforms/iPhoneSimulator.platform/Developer/Applications
    export PLATFORM_DEVELOPER_BIN_DIR\=/Applications/Xcode.app/Contents/Developer/Platforms/iPhoneSimulator.platform/Developer/usr/bin
    export PLATFORM_DEVELOPER_LIBRARY_DIR\=/Applications/Xcode.app/Contents/Developer/Platforms/iPhoneSimulator.platform/Developer/Library
    export PLATFORM_DEVELOPER_SDK_DIR\=/Applications/Xcode.app/Contents/Developer/Platforms/iPhoneSimulator.platform/Developer/SDKs
    export PLATFORM_DEVELOPER_TOOLS_DIR\=/Applications/Xcode.app/Contents/Developer/Platforms/iPhoneSimulator.platform/Developer/Tools
    export PLATFORM_DEVELOPER_USR_DIR\=/Applications/Xcode.app/Contents/Developer/Platforms/iPhoneSimulator.platform/Developer/usr
    export PLATFORM_DIR\=/Applications/Xcode.app/Contents/Developer/Platforms/iPhoneSimulator.platform
    export PLATFORM_DISPLAY_NAME\=iOS\ Simulator
    export PLATFORM_FAMILY_NAME\=iOS
    export PLATFORM_NAME\=iphonesimulator
    export PLATFORM_PREFERRED_ARCH\=x86_64
    export PLATFORM_PRODUCT_BUILD_VERSION\=23A339
    export PLATFORM_REQUIRES_SWIFT_AUTOLINK_EXTRACT\=NO
    export PLATFORM_REQUIRES_SWIFT_MODULEWRAP\=NO
    export PLIST_FILE_OUTPUT_FORMAT\=binary
    export PLUGINS_FOLDER_PATH\=Lingugram.app/PlugIns
    export PRECOMPS_INCLUDE_HEADERS_FROM_BUILT_PRODUCTS_DIR\=YES
    export PRECOMP_DESTINATION_DIR\=/Users/omidchaghaneh/Projects_3/element-x-ios/build/Build/Intermediates.noindex/Lingugram.build/Debug-iphonesimulator/Lingugram.build/PrefixHeaders
    export PRIVATE_HEADERS_FOLDER_PATH\=Lingugram.app/PrivateHeaders
    export PROCESSED_INFOPLIST_PATH\=/Users/omidchaghaneh/Projects_3/element-x-ios/build/Build/Intermediates.noindex/Lingugram.build/Debug-iphonesimulator/Lingugram.build/Objects-normal/undefined_arch/Processed-Info.plist
    export PRODUCTION_APP_NAME\=Element
    export PRODUCT_BUNDLE_IDENTIFIER\=io.element.elementx
    export PRODUCT_BUNDLE_PACKAGE_TYPE\=APPL
    export PRODUCT_MODULE_NAME\=Lingugram
    export PRODUCT_NAME\=Lingugram
    export PRODUCT_SETTINGS_PATH\=/Users/omidchaghaneh/Projects_3/element-x-ios/Lingugram/SupportingFiles/Info.plist
    export PRODUCT_TYPE\=com.apple.product-type.application
    export PROFILING_CODE\=NO
    export PROJECT\=Lingugram
    export PROJECT_DERIVED_FILE_DIR\=/Users/omidchaghaneh/Projects_3/element-x-ios/build/Build/Intermediates.noindex/Lingugram.build/DerivedSources
    export PROJECT_DIR\=/Users/omidchaghaneh/Projects_3/element-x-ios
    export PROJECT_FILE_PATH\=/Users/omidchaghaneh/Projects_3/element-x-ios/Lingugram.xcodeproj
    export PROJECT_GUID\=7c77e73fb99db34166dc0fb522858b59
    export PROJECT_NAME\=Lingugram
    export PROJECT_TEMP_DIR\=/Users/omidchaghaneh/Projects_3/element-x-ios/build/Build/Intermediates.noindex/Lingugram.build
    export PROJECT_TEMP_ROOT\=/Users/omidchaghaneh/Projects_3/element-x-ios/build/Build/Intermediates.noindex
    export PROVISIONING_PROFILE_REQUIRED\=NO
    export PROVISIONING_PROFILE_REQUIRED_YES_YES\=YES
    export PROVISIONING_PROFILE_SUPPORTED\=YES
    export PUBLIC_HEADERS_FOLDER_PATH\=Lingugram.app/Headers
    export RECOMMENDED_IPHONEOS_DEPLOYMENT_TARGET\=15.0
    export RECURSIVE_SEARCH_PATHS_FOLLOW_SYMLINKS\=YES
    export REMOVE_CVS_FROM_RESOURCES\=YES
    export REMOVE_GIT_FROM_RESOURCES\=YES
    export REMOVE_HEADERS_FROM_EMBEDDED_BUNDLES\=YES
    export REMOVE_HG_FROM_RESOURCES\=YES
    export REMOVE_STATIC_EXECUTABLES_FROM_EMBEDDED_BUNDLES\=YES
    export REMOVE_SVN_FROM_RESOURCES\=YES
    export RESCHEDULE_INDEPENDENT_HEADERS_PHASES\=YES
    export REZ_COLLECTOR_DIR\=/Users/omidchaghaneh/Projects_3/element-x-ios/build/Build/Intermediates.noindex/Lingugram.build/Debug-iphonesimulator/Lingugram.build/ResourceManagerResources
    export REZ_OBJECTS_DIR\=/Users/omidchaghaneh/Projects_3/element-x-ios/build/Build/Intermediates.noindex/Lingugram.build/Debug-iphonesimulator/Lingugram.build/ResourceManagerResources/Objects
    export REZ_SEARCH_PATHS\=/Users/omidchaghaneh/Projects_3/element-x-ios/build/Build/Products/Debug-iphonesimulator\ 
    export RUNTIME_EXCEPTION_ALLOW_DYLD_ENVIRONMENT_VARIABLES\=NO
    export RUNTIME_EXCEPTION_ALLOW_JIT\=NO
    export RUNTIME_EXCEPTION_ALLOW_UNSIGNED_EXECUTABLE_MEMORY\=NO
    export RUNTIME_EXCEPTION_DEBUGGING_TOOL\=NO
    export RUNTIME_EXCEPTION_DISABLE_EXECUTABLE_PAGE_PROTECTION\=NO
    export RUNTIME_EXCEPTION_DISABLE_LIBRARY_VALIDATION\=NO
    export SCAN_ALL_SOURCE_FILES_FOR_INCLUDES\=NO
    export SCRIPTS_FOLDER_PATH\=Lingugram.app/Scripts
    export SCRIPT_INPUT_FILE_COUNT\=0
    export SCRIPT_INPUT_FILE_LIST_COUNT\=0
    export SCRIPT_OUTPUT_FILE_COUNT\=0
    export SCRIPT_OUTPUT_FILE_LIST_COUNT\=0
    export SDKROOT\=/Applications/Xcode.app/Contents/Developer/Platforms/iPhoneSimulator.platform/Developer/SDKs/iPhoneSimulator26.0.sdk
    export SDK_DIR\=/Applications/Xcode.app/Contents/Developer/Platforms/iPhoneSimulator.platform/Developer/SDKs/iPhoneSimulator26.0.sdk
    export SDK_DIR_iphonesimulator\=/Applications/Xcode.app/Contents/Developer/Platforms/iPhoneSimulator.platform/Developer/SDKs/iPhoneSimulator26.0.sdk
    export SDK_DIR_iphonesimulator26_0\=/Applications/Xcode.app/Contents/Developer/Platforms/iPhoneSimulator.platform/Developer/SDKs/iPhoneSimulator26.0.sdk
    export SDK_NAME\=iphonesimulator26.0
    export SDK_NAMES\=iphonesimulator26.0
    export SDK_PRODUCT_BUILD_VERSION\=23A339
    export SDK_STAT_CACHE_DIR\=/Users/omidchaghaneh/Projects_3/element-x-ios/build
    export SDK_STAT_CACHE_ENABLE\=YES
    export SDK_STAT_CACHE_PATH\=/Users/omidchaghaneh/Projects_3/element-x-ios/build/SDKStatCaches.noindex/iphonesimulator26.0-23A339-3885c01c3e6b6a337905948deab2002e26257891a6c027eb51374368541b8346.sdkstatcache
    export SDK_VERSION\=26.0
    export SDK_VERSION_ACTUAL\=260000
    export SDK_VERSION_MAJOR\=260000
    export SDK_VERSION_MINOR\=260000
    export SED\=/usr/bin/sed
    export SEPARATE_STRIP\=NO
    export SEPARATE_SYMBOL_EDIT\=NO
    export SET_DIR_MODE_OWNER_GROUP\=YES
    export SET_FILE_MODE_OWNER_GROUP\=NO
    export SHALLOW_BUNDLE\=YES
    export SHALLOW_BUNDLE_TRIPLE\=ios-simulator
    export SHALLOW_BUNDLE_ios_macabi\=NO
    export SHALLOW_BUNDLE_macos\=NO
    export SHARED_DERIVED_FILE_DIR\=/Users/omidchaghaneh/Projects_3/element-x-ios/build/Build/Products/Debug-iphonesimulator/DerivedSources
    export SHARED_FRAMEWORKS_FOLDER_PATH\=Lingugram.app/SharedFrameworks
    export SHARED_PRECOMPS_DIR\=/Users/omidchaghaneh/Projects_3/element-x-ios/build/Build/Intermediates.noindex/PrecompiledHeaders
    export SHARED_SUPPORT_FOLDER_PATH\=Lingugram.app/SharedSupport
    export SKIP_INSTALL\=NO
    export SOURCE_ROOT\=/Users/omidchaghaneh/Projects_3/element-x-ios
    export SRCROOT\=/Users/omidchaghaneh/Projects_3/element-x-ios
    export STRINGSDATA_DIR\=/Users/omidchaghaneh/Projects_3/element-x-ios/build/Build/Intermediates.noindex/Lingugram.build/Debug-iphonesimulator/Lingugram.build/Objects-normal/undefined_arch
    export STRINGSDATA_ROOT\=/Users/omidchaghaneh/Projects_3/element-x-ios/build/Build/Intermediates.noindex/Lingugram.build/Debug-iphonesimulator/Lingugram.build
    export STRINGS_FILE_INFOPLIST_RENAME\=YES
    export STRINGS_FILE_OUTPUT_ENCODING\=binary
    export STRING_CATALOG_GENERATE_SYMBOLS\=NO
    export STRIP_BITCODE_FROM_COPIED_FILES\=NO
    export STRIP_INSTALLED_PRODUCT\=NO
    export STRIP_STYLE\=all
    export STRIP_SWIFT_SYMBOLS\=YES
    export SUPPORTED_DEVICE_FAMILIES\=1,2
    export SUPPORTED_PLATFORMS\=iphoneos\ iphonesimulator
    export SUPPORTS_MACCATALYST\=NO
    export SUPPORTS_ON_DEMAND_RESOURCES\=YES
    export SUPPORTS_TEXT_BASED_API\=NO
    export SUPPRESS_WARNINGS\=NO
    export SWIFT_ACTIVE_COMPILATION_CONDITIONS\=DEBUG
    export SWIFT_EMIT_CONST_VALUE_PROTOCOLS\=AppIntent\ EntityQuery\ AppEntity\ TransientEntity\ AppEnum\ AppShortcutProviding\ AppShortcutsProvider\ AnyResolverProviding\ AppIntentsPackage\ DynamicOptionsProvider\ _IntentValueRepresentable\ _AssistantIntentsProvider\ _GenerativeFunctionExtractable\ IntentValueQuery\ Resolver\ AppExtension\ ExtensionPointDefining
    export SWIFT_EMIT_LOC_STRINGS\=NO
    export SWIFT_ENABLE_EXPLICIT_MODULES\=YES
    export SWIFT_OBJC_BRIDGING_HEADER\=Lingugram/SupportingFiles/Lingugram-Bridging-Header.h
    export SWIFT_OBJC_INTERFACE_HEADER_NAME\=GeneratedInterface-Swift.h
    export SWIFT_OPTIMIZATION_LEVEL\=-Onone
    export SWIFT_PLATFORM_TARGET_PREFIX\=ios
    export SWIFT_RESPONSE_FILE_PATH_normal_arm64\=/Users/omidchaghaneh/Projects_3/element-x-ios/build/Build/Intermediates.noindex/Lingugram.build/Debug-iphonesimulator/Lingugram.build/Objects-normal/arm64/Lingugram.SwiftFileList
    export SWIFT_VERSION\=5.0
    export SYMROOT\=/Users/omidchaghaneh/Projects_3/element-x-ios/build/Build/Products
    export SYSTEM_ADMIN_APPS_DIR\=/Applications/Utilities
    export SYSTEM_APPS_DIR\=/Applications
    export SYSTEM_CORE_SERVICES_DIR\=/System/Library/CoreServices
    export SYSTEM_DEMOS_DIR\=/Applications/Extras
    export SYSTEM_DEVELOPER_APPS_DIR\=/Applications/Xcode.app/Contents/Developer/Applications
    export SYSTEM_DEVELOPER_BIN_DIR\=/Applications/Xcode.app/Contents/Developer/usr/bin
    export SYSTEM_DEVELOPER_DEMOS_DIR\=/Applications/Xcode.app/Contents/Developer/Applications/Utilities/Built\ Examples
    export SYSTEM_DEVELOPER_DIR\=/Applications/Xcode.app/Contents/Developer
    export SYSTEM_DEVELOPER_DOC_DIR\=/Applications/Xcode.app/Contents/Developer/ADC\ Reference\ Library
    export SYSTEM_DEVELOPER_GRAPHICS_TOOLS_DIR\=/Applications/Xcode.app/Contents/Developer/Applications/Graphics\ Tools
    export SYSTEM_DEVELOPER_JAVA_TOOLS_DIR\=/Applications/Xcode.app/Contents/Developer/Applications/Java\ Tools
    export SYSTEM_DEVELOPER_PERFORMANCE_TOOLS_DIR\=/Applications/Xcode.app/Contents/Developer/Applications/Performance\ Tools
    export SYSTEM_DEVELOPER_RELEASENOTES_DIR\=/Applications/Xcode.app/Contents/Developer/ADC\ Reference\ Library/releasenotes
    export SYSTEM_DEVELOPER_TOOLS\=/Applications/Xcode.app/Contents/Developer/Tools
    export SYSTEM_DEVELOPER_TOOLS_DOC_DIR\=/Applications/Xcode.app/Contents/Developer/ADC\ Reference\ Library/documentation/DeveloperTools
    export SYSTEM_DEVELOPER_TOOLS_RELEASENOTES_DIR\=/Applications/Xcode.app/Contents/Developer/ADC\ Reference\ Library/releasenotes/DeveloperTools
    export SYSTEM_DEVELOPER_USR_DIR\=/Applications/Xcode.app/Contents/Developer/usr
    export SYSTEM_DEVELOPER_UTILITIES_DIR\=/Applications/Xcode.app/Contents/Developer/Applications/Utilities
    export SYSTEM_DEXT_INSTALL_PATH\=/System/Library/DriverExtensions
    export SYSTEM_DOCUMENTATION_DIR\=/Library/Documentation
    export SYSTEM_EXTENSIONS_FOLDER_PATH\=Lingugram.app/SystemExtensions
    export SYSTEM_EXTENSIONS_FOLDER_PATH_SHALLOW_BUNDLE_NO\=Lingugram.app/Library/SystemExtensions
    export SYSTEM_EXTENSIONS_FOLDER_PATH_SHALLOW_BUNDLE_YES\=Lingugram.app/SystemExtensions
    export SYSTEM_KEXT_INSTALL_PATH\=/System/Library/Extensions
    export SYSTEM_LIBRARY_DIR\=/System/Library
    export TAPI_DEMANGLE\=YES
    export TAPI_ENABLE_PROJECT_HEADERS\=NO
    export TAPI_LANGUAGE\=objective-c
    export TAPI_LANGUAGE_STANDARD\=compiler-default
    export TAPI_USE_SRCROOT\=YES
    export TAPI_VERIFY_MODE\=Pedantic
    export TARGETED_DEVICE_FAMILY\=1,2
    export TARGETNAME\=Lingugram
    export TARGET_BUILD_DIR\=/Users/omidchaghaneh/Projects_3/element-x-ios/build/Build/Products/Debug-iphonesimulator
    export TARGET_DEVICE_IDENTIFIER\=39C8A1E5-50DD-4918-966E-121FFA1A40D1
    export TARGET_DEVICE_MODEL\=iPhone18,1
    export TARGET_DEVICE_OS_VERSION\=26.0.1
    export TARGET_DEVICE_PLATFORM_NAME\=iphonesimulator
    export TARGET_NAME\=Lingugram
    export TARGET_TEMP_DIR\=/Users/omidchaghaneh/Projects_3/element-x-ios/build/Build/Intermediates.noindex/Lingugram.build/Debug-iphonesimulator/Lingugram.build
    export TEMP_DIR\=/Users/omidchaghaneh/Projects_3/element-x-ios/build/Build/Intermediates.noindex/Lingugram.build/Debug-iphonesimulator/Lingugram.build
    export TEMP_FILES_DIR\=/Users/omidchaghaneh/Projects_3/element-x-ios/build/Build/Intermediates.noindex/Lingugram.build/Debug-iphonesimulator/Lingugram.build
    export TEMP_FILE_DIR\=/Users/omidchaghaneh/Projects_3/element-x-ios/build/Build/Intermediates.noindex/Lingugram.build/Debug-iphonesimulator/Lingugram.build
    export TEMP_ROOT\=/Users/omidchaghaneh/Projects_3/element-x-ios/build/Build/Intermediates.noindex
    export TEMP_SANDBOX_DIR\=/Users/omidchaghaneh/Projects_3/element-x-ios/build/Build/Intermediates.noindex/TemporaryTaskSandboxes
    export TEST_FRAMEWORK_SEARCH_PATHS\=\ /Applications/Xcode.app/Contents/Developer/Platforms/iPhoneSimulator.platform/Developer/Library/Frameworks\ /Applications/Xcode.app/Contents/Developer/Platforms/iPhoneSimulator.platform/Developer/SDKs/iPhoneSimulator26.0.sdk/Developer/Library/Frameworks
    export TEST_LIBRARY_SEARCH_PATHS\=\ /Applications/Xcode.app/Contents/Developer/Platforms/iPhoneSimulator.platform/Developer/usr/lib
    export TOOLCHAINS\=com.apple.dt.toolchain.Metal.32023\ com.apple.dt.toolchain.XcodeDefault
    export TOOLCHAIN_DIR\=/var/run/com.apple.security.cryptexd/mnt/com.apple.MobileAsset.MetalToolchain-v17.1.324.0.PXE1tX/Metal.xctoolchain
    export TOOLCHAIN_VERSION\=32023
    export TREAT_MISSING_BASELINES_AS_TEST_FAILURES\=NO
    export TREAT_MISSING_SCRIPT_PHASE_OUTPUTS_AS_ERRORS\=NO
    export UID\=501
    export UNINSTALLED_PRODUCTS_DIR\=/Users/omidchaghaneh/Projects_3/element-x-ios/build/Build/Intermediates.noindex/UninstalledProducts
    export UNLOCALIZED_RESOURCES_FOLDER_PATH\=Lingugram.app
    export UNLOCALIZED_RESOURCES_FOLDER_PATH_SHALLOW_BUNDLE_NO\=Lingugram.app/Resources
    export UNLOCALIZED_RESOURCES_FOLDER_PATH_SHALLOW_BUNDLE_YES\=Lingugram.app
    export UNSTRIPPED_PRODUCT\=NO
    export USER\=omidchaghaneh
    export USER_APPS_DIR\=/Users/omidchaghaneh/Applications
    export USER_LIBRARY_DIR\=/Users/omidchaghaneh/Library
    export USE_DYNAMIC_NO_PIC\=YES
    export USE_HEADERMAP\=YES
    export USE_HEADER_SYMLINKS\=NO
    export VALIDATE_DEVELOPMENT_ASSET_PATHS\=YES_ERROR
    export VALIDATE_PRODUCT\=NO
    export VALID_ARCHS\=arm64\ x86_64
    export VERBOSE_PBXCP\=NO
    export VERSIONPLIST_PATH\=Lingugram.app/version.plist
    export VERSION_INFO_BUILDER\=omidchaghaneh
    export VERSION_INFO_FILE\=Lingugram_vers.c
    export VERSION_INFO_STRING\=\"@\(\#\)PROGRAM:Lingugram\ \ PROJECT:Lingugram-1\"
    export WORKSPACE_DIR\=/Users/omidchaghaneh/Projects_3/element-x-ios/Lingugram.xcodeproj
    export WRAPPER_EXTENSION\=app
    export WRAPPER_NAME\=Lingugram.app
    export WRAPPER_SUFFIX\=.app
    export WRAP_ASSET_PACKS_IN_SEPARATE_DIRECTORIES\=NO
    export XCODE_APP_SUPPORT_DIR\=/Applications/Xcode.app/Contents/Developer/Library/Xcode
    export XCODE_PRODUCT_BUILD_VERSION\=17A400
    export XCODE_VERSION_ACTUAL\=2601
    export XCODE_VERSION_MAJOR\=2600
    export XCODE_VERSION_MINOR\=2600
    export XPCSERVICES_FOLDER_PATH\=Lingugram.app/XPCServices
    export YACC\=yacc
    export _DISCOVER_COMMAND_LINE_LINKER_INPUTS\=YES
    export _DISCOVER_COMMAND_LINE_LINKER_INPUTS_INCLUDE_WL\=YES
    export _LD_MULTIARCH\=YES
    export _WRAPPER_CONTENTS_DIR_SHALLOW_BUNDLE_NO\=/Contents
    export _WRAPPER_PARENT_PATH_SHALLOW_BUNDLE_NO\=/..
    export _WRAPPER_RESOURCES_DIR_SHALLOW_BUNDLE_NO\=/Resources
    export __DIAGNOSE_DEPRECATED_ARCHS\=YES
    export __IS_NOT_MACOS\=YES
    export __IS_NOT_MACOS_macosx\=NO
    export __IS_NOT_SIMULATOR\=NO
    export __IS_NOT_SIMULATOR_simulator\=NO
    export arch\=undefined_arch
    export variant\=normal
    /bin/sh -c /Users/omidchaghaneh/Projects_3/element-x-ios/build/Build/Intermediates.noindex/Lingugram.build/Debug-iphonesimulator/Lingugram.build/Script-27138957DB724DEC78DDCD66.sh
Using configuration file at 'Tools/Sourcery/TestablePreviewsDictionary.yml'
Scanning sources...
Found 2482 types in 1003 files, 0 changed from last run.
Loading templates...
Loaded 1 templates.
Generating code...
Finished.
Processing time 0.35 seconds
Using configuration file at 'Tools/Sourcery/AccessibilityTests.yml'
Scanning sources...
Found 2482 types in 1003 files, 0 changed from last run.
Loading templates...
Loaded 1 templates.
Generating code...
Finished.
Processing time 0.36 seconds

SwiftDriver Lingugram normal arm64 com.apple.xcode.tools.swift.compiler (in target 'Lingugram' from project 'Lingugram')
    cd /Users/omidchaghaneh/Projects_3/element-x-ios
    builtin-SwiftDriver -- /Applications/Xcode.app/Contents/Developer/Toolchains/XcodeDefault.xctoolchain/usr/bin/swiftc -module-name Lingugram -Onone -enforce-exclusivity\=checked @/Users/omidchaghaneh/Projects_3/element-x-ios/build/Build/Intermediates.noindex/Lingugram.build/Debug-iphonesimulator/Lingugram.build/Objects-normal/arm64/Lingugram.SwiftFileList -DDEBUG -Xcc -fmodule-map-file\=/Users/omidchaghaneh/Projects_3/element-x-ios/build/Build/Intermediates.noindex/GeneratedModuleMaps-iphonesimulator/phlibwebp.modulemap -Xcc -fmodule-map-file\=/Users/omidchaghaneh/Projects_3/element-x-ios/build/Build/Intermediates.noindex/GeneratedModuleMaps-iphonesimulator/GZIP.modulemap -Xcc -fmodule-map-file\=/Users/omidchaghaneh/Projects_3/element-x-ios/build/Build/Intermediates.noindex/GeneratedModuleMaps-iphonesimulator/SentryInternal.modulemap -Xcc -fmodule-map-file\=/Users/omidchaghaneh/Projects_3/element-x-ios/build/Build/Intermediates.noindex/GeneratedModuleMaps-iphonesimulator/DTFoundation.modulemap -Xcc -fmodule-map-file\=/Users/omidchaghaneh/Projects_3/element-x-ios/build/Build/Intermediates.noindex/GeneratedModuleMaps-iphonesimulator/DTCoreText.modulemap -Xcc -fmodule-map-file\=/Users/omidchaghaneh/Projects_3/element-x-ios/build/Build/Intermediates.noindex/GeneratedModuleMaps-iphonesimulator/DTCoreTextExtended.modulemap -DIS_MAIN_APP -enable-bare-slash-regex -enable-experimental-feature DebugDescriptionMacro -sdk /Applications/Xcode.app/Contents/Developer/Platforms/iPhoneSimulator.platform/Developer/SDKs/iPhoneSimulator26.0.sdk -target arm64-apple-ios17.5-simulator -g -module-cache-path /Users/omidchaghaneh/Projects_3/element-x-ios/build/ModuleCache.noindex -Xfrontend -serialize-debugging-options -profile-coverage-mapping -profile-generate -enable-testing -index-store-path /Users/omidchaghaneh/Projects_3/element-x-ios/build/Index.noindex/DataStore -Xcc -D_LIBCPP_HARDENING_MODE\=_LIBCPP_HARDENING_MODE_DEBUG -swift-version 5 -I /Users/omidchaghaneh/Projects_3/element-x-ios/build/Build/Products/Debug-iphonesimulator -F /Users/omidchaghaneh/Projects_3/element-x-ios/build/Build/Products/Debug-iphonesimulator/PackageFrameworks -F /Users/omidchaghaneh/Projects_3/element-x-ios/build/Build/Products/Debug-iphonesimulator/PackageFrameworks -F /Users/omidchaghaneh/Projects_3/element-x-ios/build/Build/Products/Debug-iphonesimulator/PackageFrameworks -F /Users/omidchaghaneh/Projects_3/element-x-ios/build/Build/Products/Debug-iphonesimulator/PackageFrameworks -F /Users/omidchaghaneh/Projects_3/element-x-ios/build/Build/Products/Debug-iphonesimulator/PackageFrameworks -F /Users/omidchaghaneh/Projects_3/element-x-ios/build/Build/Products/Debug-iphonesimulator/PackageFrameworks -F /Users/omidchaghaneh/Projects_3/element-x-ios/build/Build/Products/Debug-iphonesimulator/PackageFrameworks -F /Users/omidchaghaneh/Projects_3/element-x-ios/build/Build/Products/Debug-iphonesimulator/PackageFrameworks -F /Users/omidchaghaneh/Projects_3/element-x-ios/build/Build/Products/Debug-iphonesimulator/PackageFrameworks -F /Users/omidchaghaneh/Projects_3/element-x-ios/build/Build/Products/Debug-iphonesimulator/PackageFrameworks -F /Users/omidchaghaneh/Projects_3/element-x-ios/build/Build/Products/Debug-iphonesimulator/PackageFrameworks -F /Users/omidchaghaneh/Projects_3/element-x-ios/build/Build/Products/Debug-iphonesimulator/PackageFrameworks -F /Users/omidchaghaneh/Projects_3/element-x-ios/build/Build/Products/Debug-iphonesimulator/PackageFrameworks -F /Users/omidchaghaneh/Projects_3/element-x-ios/build/Build/Products/Debug-iphonesimulator/PackageFrameworks -F /Users/omidchaghaneh/Projects_3/element-x-ios/build/Build/Products/Debug-iphonesimulator/PackageFrameworks -F /Users/omidchaghaneh/Projects_3/element-x-ios/build/Build/Products/Debug-iphonesimulator/PackageFrameworks -F /Users/omidchaghaneh/Projects_3/element-x-ios/build/Build/Products/Debug-iphonesimulator/PackageFrameworks -F /Users/omidchaghaneh/Projects_3/element-x-ios/build/Build/Products/Debug-iphonesimulator/PackageFrameworks -F /Users/omidchaghaneh/Projects_3/element-x-ios/build/Build/Products/Debug-iphonesimulator/PackageFrameworks -F /Users/omidchaghaneh/Projects_3/element-x-ios/build/Build/Products/Debug-iphonesimulator/PackageFrameworks -F /Users/omidchaghaneh/Projects_3/element-x-ios/build/Build/Products/Debug-iphonesimulator/PackageFrameworks -F /Users/omidchaghaneh/Projects_3/element-x-ios/build/Build/Products/Debug-iphonesimulator/PackageFrameworks -F /Users/omidchaghaneh/Projects_3/element-x-ios/build/Build/Products/Debug-iphonesimulator/PackageFrameworks -F /Users/omidchaghaneh/Projects_3/element-x-ios/build/Build/Products/Debug-iphonesimulator/PackageFrameworks -F /Users/omidchaghaneh/Projects_3/element-x-ios/build/Build/Products/Debug-iphonesimulator/PackageFrameworks -F /Users/omidchaghaneh/Projects_3/element-x-ios/build/Build/Products/Debug-iphonesimulator/PackageFrameworks -F /Users/omidchaghaneh/Projects_3/element-x-ios/build/Build/Products/Debug-iphonesimulator/PackageFrameworks -F /Users/omidchaghaneh/Projects_3/element-x-ios/build/Build/Products/Debug-iphonesimulator/PackageFrameworks -F /Users/omidchaghaneh/Projects_3/element-x-ios/build/Build/Products/Debug-iphonesimulator/PackageFrameworks -F /Users/omidchaghaneh/Projects_3/element-x-ios/build/Build/Products/Debug-iphonesimulator/PackageFrameworks -F /Users/omidchaghaneh/Projects_3/element-x-ios/build/Build/Products/Debug-iphonesimulator/PackageFrameworks -F /Users/omidchaghaneh/Projects_3/element-x-ios/build/Build/Products/Debug-iphonesimulator/PackageFrameworks -F /Users/omidchaghaneh/Projects_3/element-x-ios/build/Build/Products/Debug-iphonesimulator/PackageFrameworks -F /Users/omidchaghaneh/Projects_3/element-x-ios/build/Build/Products/Debug-iphonesimulator/PackageFrameworks -F /Users/omidchaghaneh/Projects_3/element-x-ios/build/Build/Products/Debug-iphonesimulator/PackageFrameworks -F /Users/omidchaghaneh/Projects_3/element-x-ios/build/Build/Products/Debug-iphonesimulator/PackageFrameworks -F /Users/omidchaghaneh/Projects_3/element-x-ios/build/Build/Products/Debug-iphonesimulator/PackageFrameworks -F /Users/omidchaghaneh/Projects_3/element-x-ios/build/Build/Products/Debug-iphonesimulator/PackageFrameworks -F /Users/omidchaghaneh/Projects_3/element-x-ios/build/Build/Products/Debug-iphonesimulator/PackageFrameworks -F /Users/omidchaghaneh/Projects_3/element-x-ios/build/Build/Products/Debug-iphonesimulator/PackageFrameworks -F /Users/omidchaghaneh/Projects_3/element-x-ios/build/Build/Products/Debug-iphonesimulator/PackageFrameworks -F /Users/omidchaghaneh/Projects_3/element-x-ios/build/Build/Products/Debug-iphonesimulator/PackageFrameworks -F /Users/omidchaghaneh/Projects_3/element-x-ios/build/Build/Products/Debug-iphonesimulator/PackageFrameworks -F /Users/omidchaghaneh/Projects_3/element-x-ios/build/Build/Products/Debug-iphonesimulator -c -j10 -enable-batch-mode -incremental -Xcc -ivfsstatcache -Xcc /Users/omidchaghaneh/Projects_3/element-x-ios/build/SDKStatCaches.noindex/iphonesimulator26.0-23A339-3885c01c3e6b6a337905948deab2002e26257891a6c027eb51374368541b8346.sdkstatcache -output-file-map /Users/omidchaghaneh/Projects_3/element-x-ios/build/Build/Intermediates.noindex/Lingugram.build/Debug-iphonesimulator/Lingugram.build/Objects-normal/arm64/Lingugram-OutputFileMap.json -use-frontend-parseable-output -save-temps -no-color-diagnostics -explicit-module-build -module-cache-path /Users/omidchaghaneh/Projects_3/element-x-ios/build/Build/Intermediates.noindex/SwiftExplicitPrecompiledModules -clang-scanner-module-cache-path /Users/omidchaghaneh/Projects_3/element-x-ios/build/ModuleCache.noindex -sdk-module-cache-path /Users/omidchaghaneh/Projects_3/element-x-ios/build/ModuleCache.noindex -serialize-diagnostics -emit-dependencies -emit-module -emit-module-path /Users/omidchaghaneh/Projects_3/element-x-ios/build/Build/Intermediates.noindex/Lingugram.build/Debug-iphonesimulator/Lingugram.build/Objects-normal/arm64/Lingugram.swiftmodule -validate-clang-modules-once -clang-build-session-file /Users/omidchaghaneh/Projects_3/element-x-ios/build/ModuleCache.noindex/Session.modulevalidation -Xcc -I/Users/omidchaghaneh/Projects_3/element-x-ios/build/Build/Intermediates.noindex/Lingugram.build/Debug-iphonesimulator/Lingugram.build/swift-overrides.hmap -emit-const-values -Xfrontend -const-gather-protocols-file -Xfrontend /Users/omidchaghaneh/Projects_3/element-x-ios/build/Build/Intermediates.noindex/Lingugram.build/Debug-iphonesimulator/Lingugram.build/Objects-normal/arm64/Lingugram_const_extract_protocols.json -Xcc -iquote -Xcc /Users/omidchaghaneh/Projects_3/element-x-ios/build/Build/Intermediates.noindex/Lingugram.build/Debug-iphonesimulator/Lingugram.build/Lingugram-generated-files.hmap -Xcc -I/Users/omidchaghaneh/Projects_3/element-x-ios/build/Build/Intermediates.noindex/Lingugram.build/Debug-iphonesimulator/Lingugram.build/Lingugram-own-target-headers.hmap -Xcc -I/Users/omidchaghaneh/Projects_3/element-x-ios/build/Build/Intermediates.noindex/Lingugram.build/Debug-iphonesimulator/Lingugram.build/Lingugram-all-non-framework-target-headers.hmap -Xcc -ivfsoverlay -Xcc /Users/omidchaghaneh/Projects_3/element-x-ios/build/Build/Intermediates.noindex/Lingugram.build/Debug-iphonesimulator/Lingugram-7c77e73fb99db34166dc0fb522858b59-VFS-iphonesimulator/all-product-headers.yaml -Xcc -iquote -Xcc /Users/omidchaghaneh/Projects_3/element-x-ios/build/Build/Intermediates.noindex/Lingugram.build/Debug-iphonesimulator/Lingugram.build/Lingugram-project-headers.hmap -Xcc -I/Users/omidchaghaneh/Projects_3/element-x-ios/build/SourcePackages/checkouts/swift-numerics/Sources/_NumericsShims/include -Xcc -I/Users/omidchaghaneh/Projects_3/element-x-ios/build/SourcePackages/checkouts/posthog-ios/vendor/libwebp -Xcc -I/Users/omidchaghaneh/Projects_3/element-x-ios/build/SourcePackages/checkouts/GZIP/GZIP/Sources -Xcc -I/Users/omidchaghaneh/Projects_3/element-x-ios/build/SourcePackages/checkouts/sentry-cocoa/Sources/SentrySwiftUI/SentryInternal -Xcc -I/Users/omidchaghaneh/Projects_3/element-x-ios/build/SourcePackages/checkouts/DTFoundation/Core/include -Xcc -I/Users/omidchaghaneh/Projects_3/element-x-ios/build/SourcePackages/checkouts/DTCoreText/Core/include -Xcc -I/Users/omidchaghaneh/Projects_3/element-x-ios/build/SourcePackages/checkouts/matrix-rich-text-editor-swift/Sources/DTCoreTextExtended/include -Xcc -I/Users/omidchaghaneh/Projects_3/element-x-ios/build/SourcePackages/checkouts/swift-ogg/Sources/SupportingFiles/Dependencies/Copustools/include -Xcc -I/Users/omidchaghaneh/Projects_3/element-x-ios/build/Build/Products/Debug-iphonesimulator/include -Xcc -I/Users/omidchaghaneh/Projects_3/element-x-ios/build/Build/Intermediates.noindex/Lingugram.build/Debug-iphonesimulator/Lingugram.build/DerivedSources-normal/arm64 -Xcc -I/Users/omidchaghaneh/Projects_3/element-x-ios/build/Build/Intermediates.noindex/Lingugram.build/Debug-iphonesimulator/Lingugram.build/DerivedSources/arm64 -Xcc -I/Users/omidchaghaneh/Projects_3/element-x-ios/build/Build/Intermediates.noindex/Lingugram.build/Debug-iphonesimulator/Lingugram.build/DerivedSources -Xcc -DDEBUG\=1 -emit-objc-header -emit-objc-header-path /Users/omidchaghaneh/Projects_3/element-x-ios/build/Build/Intermediates.noindex/Lingugram.build/Debug-iphonesimulator/Lingugram.build/Objects-normal/arm64/GeneratedInterface-Swift.h -import-objc-header /Users/omidchaghaneh/Projects_3/element-x-ios/Lingugram/SupportingFiles/Lingugram-Bridging-Header.h -working-directory /Users/omidchaghaneh/Projects_3/element-x-ios -experimental-emit-module-separately -disable-cmo

SwiftGeneratePch normal arm64 Compiling\ bridging\ header (in target 'Lingugram' from project 'Lingugram')

SwiftDriverJobDiscovery normal arm64 Compiling bridging header (in target 'Lingugram' from project 'Lingugram')

SwiftEmitModule normal arm64 Emitting\ module\ for\ Lingugram (in target 'Lingugram' from project 'Lingugram')

EmitSwiftModule normal arm64 (in target 'Lingugram' from project 'Lingugram')
    cd /Users/omidchaghaneh/Projects_3/element-x-ios
    
/Users/omidchaghaneh/Projects_3/element-x-ios/Lingugram/Sources/Application/Settings/AppSettings.swift:223:40: error: cannot find type 'AuthenticationBackgroundTheme' in scope
    var authenticationBackgroundTheme: AuthenticationBackgroundTheme {
                                       ^~~~~~~~~~~~~~~~~~~~~~~~~~~~~
/Users/omidchaghaneh/Projects_3/element-x-ios/Lingugram/Sources/Screens/Settings/AppearanceSettingsScreen/View/AppearanceSettingsScreen.swift:48:19: error: cannot find type 'AuthenticationBackgroundTheme' in scope
private extension AuthenticationBackgroundTheme {
                  ^~~~~~~~~~~~~~~~~~~~~~~~~~~~~
/Users/omidchaghaneh/Projects_3/element-x-ios/Lingugram/Sources/Screens/Settings/AppearanceSettingsScreen/AppearanceSettingsScreenModels.swift:37:40: error: cannot find type 'AuthenticationBackgroundTheme' in scope
    var authenticationBackgroundTheme: AuthenticationBackgroundTheme { get set }
                                       ^~~~~~~~~~~~~~~~~~~~~~~~~~~~~
/Users/omidchaghaneh/Projects_3/element-x-ios/Lingugram/Sources/Screens/Authentication/StartScreen/View/AuthenticationStartScreen.swift:17:41: error: cannot find type 'AuthenticationBackgroundTheme' in scope
    @State private var backgroundTheme: AuthenticationBackgroundTheme = ServiceLocator.shared.settings.authenticationBackgroundTheme
                                        ^~~~~~~~~~~~~~~~~~~~~~~~~~~~~
/Users/omidchaghaneh/Projects_3/element-x-ios/Lingugram/Sources/Screens/Authentication/LoginScreen/View/LoginScreen.swift:14:41: error: cannot find type 'AuthenticationBackgroundTheme' in scope
    @State private var backgroundTheme: AuthenticationBackgroundTheme = ServiceLocator.shared.settings.authenticationBackgroundTheme
                                        ^~~~~~~~~~~~~~~~~~~~~~~~~~~~~

Failed frontend command:
/Applications/Xcode.app/Contents/Developer/Toolchains/XcodeDefault.xctoolchain/usr/bin/swift-frontend -frontend @/Users/omidchaghaneh/Projects_3/element-x-ios/build/Build/Intermediates.noindex/Lingugram.build/Debug-iphonesimulator/Lingugram.build/Objects-normal/arm64/arguments-32bc5f39242e44c2236c185c1b02af319c3e9a347f34a6302db927ac55306f03.resp
SwiftCompile normal arm64 Compiling\ LoginScreen.swift,\ ProfessionalButtonStyle.swift /Users/omidchaghaneh/Projects_3/element-x-ios/Lingugram/Sources/Screens/Authentication/LoginScreen/View/LoginScreen.swift /Users/omidchaghaneh/Projects_3/element-x-ios/Lingugram/Sources/Screens/Authentication/StartScreen/View/ProfessionalButtonStyle.swift (in target 'Lingugram' from project 'Lingugram')
SwiftCompile normal arm64 /Users/omidchaghaneh/Projects_3/element-x-ios/Lingugram/Sources/Screens/Authentication/LoginScreen/View/LoginScreen.swift (in target 'Lingugram' from project 'Lingugram')
    cd /Users/omidchaghaneh/Projects_3/element-x-ios
    

SwiftCompile normal arm64 /Users/omidchaghaneh/Projects_3/element-x-ios/Lingugram/Sources/Screens/Authentication/StartScreen/View/ProfessionalButtonStyle.swift (in target 'Lingugram' from project 'Lingugram')
    cd /Users/omidchaghaneh/Projects_3/element-x-ios
    

SwiftCompile normal arm64 Compiling\ RegistrationScreen.swift,\ RegistrationScreenCoordinator.swift /Users/omidchaghaneh/Projects_3/element-x-ios/Lingugram/Sources/Screens/Authentication/RegistrationScreen/View/RegistrationScreen.swift /Users/omidchaghaneh/Projects_3/element-x-ios/Lingugram/Sources/Screens/Authentication/RegistrationScreen/RegistrationScreenCoordinator.swift (in target 'Lingugram' from project 'Lingugram')

SwiftCompile normal arm64 /Users/omidchaghaneh/Projects_3/element-x-ios/Lingugram/Sources/Screens/Authentication/RegistrationScreen/View/RegistrationScreen.swift (in target 'Lingugram' from project 'Lingugram')
    cd /Users/omidchaghaneh/Projects_3/element-x-ios
    

SwiftCompile normal arm64 /Users/omidchaghaneh/Projects_3/element-x-ios/Lingugram/Sources/Screens/Authentication/RegistrationScreen/RegistrationScreenCoordinator.swift (in target 'Lingugram' from project 'Lingugram')
    cd /Users/omidchaghaneh/Projects_3/element-x-ios
    

SwiftCompile normal arm64 Compiling\ ProfessionalStartScreenBackground.swift,\ ProfessionalTextFieldStyle.swift /Users/omidchaghaneh/Projects_3/element-x-ios/Lingugram/Sources/Screens/Authentication/StartScreen/View/ProfessionalStartScreenBackground.swift /Users/omidchaghaneh/Projects_3/element-x-ios/Lingugram/Sources/Screens/Authentication/StartScreen/View/ProfessionalTextFieldStyle.swift (in target 'Lingugram' from project 'Lingugram')

SwiftCompile normal arm64 /Users/omidchaghaneh/Projects_3/element-x-ios/Lingugram/Sources/Screens/Authentication/StartScreen/View/ProfessionalStartScreenBackground.swift (in target 'Lingugram' from project 'Lingugram')
    cd /Users/omidchaghaneh/Projects_3/element-x-ios
    

SwiftCompile normal arm64 /Users/omidchaghaneh/Projects_3/element-x-ios/Lingugram/Sources/Screens/Authentication/StartScreen/View/ProfessionalTextFieldStyle.swift (in target 'Lingugram' from project 'Lingugram')
    cd /Users/omidchaghaneh/Projects_3/element-x-ios
    

SwiftCompile normal arm64 Compiling\ RegistrationScreenModels.swift,\ RegistrationScreenViewModel.swift /Users/omidchaghaneh/Projects_3/element-x-ios/Lingugram/Sources/Screens/Authentication/RegistrationScreen/RegistrationScreenModels.swift /Users/omidchaghaneh/Projects_3/element-x-ios/Lingugram/Sources/Screens/Authentication/RegistrationScreen/RegistrationScreenViewModel.swift (in target 'Lingugram' from project 'Lingugram')

SwiftCompile normal arm64 /Users/omidchaghaneh/Projects_3/element-x-ios/Lingugram/Sources/Screens/Authentication/RegistrationScreen/RegistrationScreenModels.swift (in target 'Lingugram' from project 'Lingugram')
    cd /Users/omidchaghaneh/Projects_3/element-x-ios
    

SwiftCompile normal arm64 /Users/omidchaghaneh/Projects_3/element-x-ios/Lingugram/Sources/Screens/Authentication/RegistrationScreen/RegistrationScreenViewModel.swift (in target 'Lingugram' from project 'Lingugram')
    cd /Users/omidchaghaneh/Projects_3/element-x-ios
    

SwiftCompile normal arm64 Compiling\ AuthenticationStartScreenBackgroundImage.swift,\ AuthenticationStartScreenViewModel.swift,\ GlassFrame.swift /Users/omidchaghaneh/Projects_3/element-x-ios/Lingugram/Sources/Screens/Authentication/StartScreen/View/AuthenticationStartScreenBackgroundImage.swift /Users/omidchaghaneh/Projects_3/element-x-ios/Lingugram/Sources/Screens/Authentication/StartScreen/AuthenticationStartScreenViewModel.swift /Users/omidchaghaneh/Projects_3/element-x-ios/Lingugram/Sources/Screens/Authentication/StartScreen/View/GlassFrame.swift (in target 'Lingugram' from project 'Lingugram')

SwiftCompile normal arm64 /Users/omidchaghaneh/Projects_3/element-x-ios/Lingugram/Sources/Screens/Authentication/StartScreen/View/AuthenticationStartScreenBackgroundImage.swift (in target 'Lingugram' from project 'Lingugram')
    cd /Users/omidchaghaneh/Projects_3/element-x-ios
    

SwiftCompile normal arm64 /Users/omidchaghaneh/Projects_3/element-x-ios/Lingugram/Sources/Screens/Authentication/StartScreen/AuthenticationStartScreenViewModel.swift (in target 'Lingugram' from project 'Lingugram')
    cd /Users/omidchaghaneh/Projects_3/element-x-ios
    

SwiftCompile normal arm64 /Users/omidchaghaneh/Projects_3/element-x-ios/Lingugram/Sources/Screens/Authentication/StartScreen/View/GlassFrame.swift (in target 'Lingugram' from project 'Lingugram')
    cd /Users/omidchaghaneh/Projects_3/element-x-ios
    

SwiftCompile normal arm64 Compiling\ HomeScreenContent.swift,\ KeychainController.swift,\ LanguageLearningBackground.swift /Users/omidchaghaneh/Projects_3/element-x-ios/Lingugram/Sources/Screens/HomeScreen/View/HomeScreenContent.swift /Users/omidchaghaneh/Projects_3/element-x-ios/Lingugram/Sources/Services/Keychain/KeychainController.swift /Users/omidchaghaneh/Projects_3/element-x-ios/Lingugram/Sources/Screens/Authentication/StartScreen/View/LanguageLearningBackground.swift (in target 'Lingugram' from project 'Lingugram')

SwiftCompile normal arm64 /Users/omidchaghaneh/Projects_3/element-x-ios/Lingugram/Sources/Screens/HomeScreen/View/HomeScreenContent.swift (in target 'Lingugram' from project 'Lingugram')
    cd /Users/omidchaghaneh/Projects_3/element-x-ios
    

SwiftCompile normal arm64 /Users/omidchaghaneh/Projects_3/element-x-ios/Lingugram/Sources/Services/Keychain/KeychainController.swift (in target 'Lingugram' from project 'Lingugram')
    cd /Users/omidchaghaneh/Projects_3/element-x-ios
    

SwiftCompile normal arm64 /Users/omidchaghaneh/Projects_3/element-x-ios/Lingugram/Sources/Screens/Authentication/StartScreen/View/LanguageLearningBackground.swift (in target 'Lingugram' from project 'Lingugram')
    cd /Users/omidchaghaneh/Projects_3/element-x-ios
    

SwiftCompile normal arm64 Compiling\ AppCoordinator.swift,\ AppDelegate.swift,\ AppMediator.swift /Users/omidchaghaneh/Projects_3/element-x-ios/Lingugram/Sources/Application/AppCoordinator.swift /Users/omidchaghaneh/Projects_3/element-x-ios/Lingugram/Sources/Application/AppDelegate.swift /Users/omidchaghaneh/Projects_3/element-x-ios/Lingugram/Sources/Application/AppMediator.swift (in target 'Lingugram' from project 'Lingugram')

SwiftCompile normal arm64 /Users/omidchaghaneh/Projects_3/element-x-ios/Lingugram/Sources/Application/AppCoordinator.swift (in target 'Lingugram' from project 'Lingugram')
    cd /Users/omidchaghaneh/Projects_3/element-x-ios
    

SwiftCompile normal arm64 /Users/omidchaghaneh/Projects_3/element-x-ios/Lingugram/Sources/Application/AppDelegate.swift (in target 'Lingugram' from project 'Lingugram')
    cd /Users/omidchaghaneh/Projects_3/element-x-ios
    

SwiftCompile normal arm64 /Users/omidchaghaneh/Projects_3/element-x-ios/Lingugram/Sources/Application/AppMediator.swift (in target 'Lingugram' from project 'Lingugram')
    cd /Users/omidchaghaneh/Projects_3/element-x-ios
    

SwiftCompile normal arm64 Compiling\ AuthenticationFlowCoordinator.swift,\ AuthenticationService.swift,\ AuthenticationStartScreen.swift /Users/omidchaghaneh/Projects_3/element-x-ios/Lingugram/Sources/FlowCoordinators/AuthenticationFlowCoordinator.swift /Users/omidchaghaneh/Projects_3/element-x-ios/Lingugram/Sources/Services/Authentication/AuthenticationService.swift /Users/omidchaghaneh/Projects_3/element-x-ios/Lingugram/Sources/Screens/Authentication/StartScreen/View/AuthenticationStartScreen.swift (in target 'Lingugram' from project 'Lingugram')
SwiftCompile normal arm64 /Users/omidchaghaneh/Projects_3/element-x-ios/Lingugram/Sources/FlowCoordinators/AuthenticationFlowCoordinator.swift (in target 'Lingugram' from project 'Lingugram')
    cd /Users/omidchaghaneh/Projects_3/element-x-ios
    

SwiftCompile normal arm64 /Users/omidchaghaneh/Projects_3/element-x-ios/Lingugram/Sources/Services/Authentication/AuthenticationService.swift (in target 'Lingugram' from project 'Lingugram')
    cd /Users/omidchaghaneh/Projects_3/element-x-ios
    

SwiftCompile normal arm64 /Users/omidchaghaneh/Projects_3/element-x-ios/Lingugram/Sources/Screens/Authentication/StartScreen/View/AuthenticationStartScreen.swift (in target 'Lingugram' from project 'Lingugram')
    cd /Users/omidchaghaneh/Projects_3/element-x-ios
    

SwiftCompile normal arm64 Compiling\ AppSettings.swift,\ AppearanceSettingsScreen.swift,\ AppearanceSettingsScreenModels.swift /Users/omidchaghaneh/Projects_3/element-x-ios/Lingugram/Sources/Application/Settings/AppSettings.swift /Users/omidchaghaneh/Projects_3/element-x-ios/Lingugram/Sources/Screens/Settings/AppearanceSettingsScreen/View/AppearanceSettingsScreen.swift /Users/omidchaghaneh/Projects_3/element-x-ios/Lingugram/Sources/Screens/Settings/AppearanceSettingsScreen/AppearanceSettingsScreenModels.swift (in target 'Lingugram' from project 'Lingugram')

SwiftCompile normal arm64 /Users/omidchaghaneh/Projects_3/element-x-ios/Lingugram/Sources/Application/Settings/AppSettings.swift (in target 'Lingugram' from project 'Lingugram')
    cd /Users/omidchaghaneh/Projects_3/element-x-ios
    

SwiftCompile normal arm64 /Users/omidchaghaneh/Projects_3/element-x-ios/Lingugram/Sources/Screens/Settings/AppearanceSettingsScreen/View/AppearanceSettingsScreen.swift (in target 'Lingugram' from project 'Lingugram')
    cd /Users/omidchaghaneh/Projects_3/element-x-ios
    

SwiftCompile normal arm64 /Users/omidchaghaneh/Projects_3/element-x-ios/Lingugram/Sources/Screens/Settings/AppearanceSettingsScreen/AppearanceSettingsScreenModels.swift (in target 'Lingugram' from project 'Lingugram')
    cd /Users/omidchaghaneh/Projects_3/element-x-ios
    

SwiftCompile normal arm64 Compiling\ RegistrationScreenViewModelProtocol.swift,\ UIView.swift /Users/omidchaghaneh/Projects_3/element-x-ios/Lingugram/Sources/Screens/Authentication/RegistrationScreen/RegistrationScreenViewModelProtocol.swift /Users/omidchaghaneh/Projects_3/element-x-ios/Lingugram/Sources/Other/Extensions/UIView.swift (in target 'Lingugram' from project 'Lingugram')

SwiftCompile normal arm64 /Users/omidchaghaneh/Projects_3/element-x-ios/Lingugram/Sources/Screens/Authentication/RegistrationScreen/RegistrationScreenViewModelProtocol.swift (in target 'Lingugram' from project 'Lingugram')
    cd /Users/omidchaghaneh/Projects_3/element-x-ios
    

SwiftCompile normal arm64 /Users/omidchaghaneh/Projects_3/element-x-ios/Lingugram/Sources/Other/Extensions/UIView.swift (in target 'Lingugram' from project 'Lingugram')
    cd /Users/omidchaghaneh/Projects_3/element-x-ios
    

SwiftDriverJobDiscovery normal arm64 Compiling RegistrationScreenModels.swift, RegistrationScreenViewModel.swift (in target 'Lingugram' from project 'Lingugram')

SwiftDriverJobDiscovery normal arm64 Compiling ProfessionalStartScreenBackground.swift, ProfessionalTextFieldStyle.swift (in target 'Lingugram' from project 'Lingugram')

SwiftCompile normal arm64 Compiling\ JoinRoomByAddressView.swift /Users/omidchaghaneh/Projects_3/element-x-ios/Lingugram/Sources/Screens/StartChatScreen/View/JoinRoomByAddressView.swift (in target 'Lingugram' from project 'Lingugram')

SwiftCompile normal arm64 /Users/omidchaghaneh/Projects_3/element-x-ios/Lingugram/Sources/Screens/StartChatScreen/View/JoinRoomByAddressView.swift (in target 'Lingugram' from project 'Lingugram')
    cd /Users/omidchaghaneh/Projects_3/element-x-ios
    

SwiftCompile normal arm64 Compiling\ ElementTextFieldStyle.swift /Users/omidchaghaneh/Projects_3/element-x-ios/Lingugram/Sources/Other/SwiftUI/Styles/ElementTextFieldStyle.swift (in target 'Lingugram' from project 'Lingugram')

SwiftCompile normal arm64 /Users/omidchaghaneh/Projects_3/element-x-ios/Lingugram/Sources/Other/SwiftUI/Styles/ElementTextFieldStyle.swift (in target 'Lingugram' from project 'Lingugram')
    cd /Users/omidchaghaneh/Projects_3/element-x-ios
    

SwiftDriverJobDiscovery normal arm64 Compiling RegistrationScreen.swift, RegistrationScreenCoordinator.swift (in target 'Lingugram' from project 'Lingugram')

SwiftCompile normal arm64 Compiling\ PINTextField.swift /Users/omidchaghaneh/Projects_3/element-x-ios/Lingugram/Sources/Screens/AppLock/AppLockSetupPINScreen/View/PINTextField.swift (in target 'Lingugram' from project 'Lingugram')

SwiftCompile normal arm64 /Users/omidchaghaneh/Projects_3/element-x-ios/Lingugram/Sources/Screens/AppLock/AppLockSetupPINScreen/View/PINTextField.swift (in target 'Lingugram' from project 'Lingugram')
    cd /Users/omidchaghaneh/Projects_3/element-x-ios
    

SwiftDriverJobDiscovery normal arm64 Compiling AuthenticationStartScreenBackgroundImage.swift, AuthenticationStartScreenViewModel.swift, GlassFrame.swift (in target 'Lingugram' from project 'Lingugram')

SwiftCompile normal arm64 Compiling\ ServerSelectionScreen.swift /Users/omidchaghaneh/Projects_3/element-x-ios/Lingugram/Sources/Screens/Authentication/ServerSelectionScreen/View/ServerSelectionScreen.swift (in target 'Lingugram' from project 'Lingugram')

SwiftCompile normal arm64 /Users/omidchaghaneh/Projects_3/element-x-ios/Lingugram/Sources/Screens/Authentication/ServerSelectionScreen/View/ServerSelectionScreen.swift (in target 'Lingugram' from project 'Lingugram')
    cd /Users/omidchaghaneh/Projects_3/element-x-ios
    

SwiftDriverJobDiscovery normal arm64 Compiling RegistrationScreenViewModelProtocol.swift, UIView.swift (in target 'Lingugram' from project 'Lingugram')

SwiftCompile normal arm64 Compiling\ SoftLogoutScreen.swift /Users/omidchaghaneh/Projects_3/element-x-ios/Lingugram/Sources/Screens/Authentication/SoftLogoutScreen/View/SoftLogoutScreen.swift (in target 'Lingugram' from project 'Lingugram')

SwiftCompile normal arm64 /Users/omidchaghaneh/Projects_3/element-x-ios/Lingugram/Sources/Screens/Authentication/SoftLogoutScreen/View/SoftLogoutScreen.swift (in target 'Lingugram' from project 'Lingugram')
    cd /Users/omidchaghaneh/Projects_3/element-x-ios
    

SwiftDriverJobDiscovery normal arm64 Compiling JoinRoomByAddressView.swift (in target 'Lingugram' from project 'Lingugram')

SwiftDriverJobDiscovery normal arm64 Compiling ElementTextFieldStyle.swift (in target 'Lingugram' from project 'Lingugram')

SwiftDriverJobDiscovery normal arm64 Compiling AppCoordinator.swift, AppDelegate.swift, AppMediator.swift (in target 'Lingugram' from project 'Lingugram')

SwiftDriverJobDiscovery normal arm64 Compiling PINTextField.swift (in target 'Lingugram' from project 'Lingugram')

SwiftDriverJobDiscovery normal arm64 Compiling ServerSelectionScreen.swift (in target 'Lingugram' from project 'Lingugram')

SwiftDriverJobDiscovery normal arm64 Compiling SoftLogoutScreen.swift (in target 'Lingugram' from project 'Lingugram')

SwiftDriverJobDiscovery normal arm64 Compiling HomeScreenContent.swift, KeychainController.swift, LanguageLearningBackground.swift (in target 'Lingugram' from project 'Lingugram')

SwiftCompile normal arm64 Compiling\ ServerConfirmationScreen.swift /Users/omidchaghaneh/Projects_3/element-x-ios/Lingugram/Sources/Screens/Authentication/ServerConfirmationScreen/View/ServerConfirmationScreen.swift (in target 'Lingugram' from project 'Lingugram')

SwiftCompile normal arm64 /Users/omidchaghaneh/Projects_3/element-x-ios/Lingugram/Sources/Screens/Authentication/ServerConfirmationScreen/View/ServerConfirmationScreen.swift (in target 'Lingugram' from project 'Lingugram')
    cd /Users/omidchaghaneh/Projects_3/element-x-ios
    

SwiftDriverJobDiscovery normal arm64 Compiling ServerConfirmationScreen.swift (in target 'Lingugram' from project 'Lingugram')

note: Run script build phase 'Wait for SwiftGen Outputs' will be run during every build because the option to run the script phase "Based on dependency analysis" is unchecked. (in target 'NSE' from project 'Lingugram')
** BUILD FAILED **


The following build commands failed:
	EmitSwiftModule normal arm64 (in target 'Lingugram' from project 'Lingugram')
	SwiftEmitModule normal arm64 Emitting\ module\ for\ Lingugram (in target 'Lingugram' from project 'Lingugram')
	Building project Lingugram with scheme Lingugram
(3 failures)
Found unhandled resource at /Users/omidchaghaneh/Projects_3/element-x-ios/build/SourcePackages/checkouts/element-call-swift/Sources/dist
